Archive member included to satisfy reference by file (symbol)

/opt/st/stm32cubeide_1.13.2/plugins/com.st.stm32cube.ide.mcu.externaltools.gnu-tools-for-stm32.11.3.rel1.linux64_1.1.1.202309131626/tools/bin/../lib/gcc/arm-none-eabi/11.3.1/../../../../arm-none-eabi/lib/thumb/v7e-m+fp/softfp/libc_nano.a(libc_a-atoi.o)
                              ./peripherals/fs.o (atoi)
/opt/st/stm32cubeide_1.13.2/plugins/com.st.stm32cube.ide.mcu.externaltools.gnu-tools-for-stm32.11.3.rel1.linux64_1.1.1.202309131626/tools/bin/../lib/gcc/arm-none-eabi/11.3.1/../../../../arm-none-eabi/lib/thumb/v7e-m+fp/softfp/libc_nano.a(libc_a-exit.o)
                              /opt/st/stm32cubeide_1.13.2/plugins/com.st.stm32cube.ide.mcu.externaltools.gnu-tools-for-stm32.11.3.rel1.linux64_1.1.1.202309131626/tools/bin/../lib/gcc/arm-none-eabi/11.3.1/../../../../arm-none-eabi/lib/thumb/v7e-m+fp/softfp/crt0.o (exit)
/opt/st/stm32cubeide_1.13.2/plugins/com.st.stm32cube.ide.mcu.externaltools.gnu-tools-for-stm32.11.3.rel1.linux64_1.1.1.202309131626/tools/bin/../lib/gcc/arm-none-eabi/11.3.1/../../../../arm-none-eabi/lib/thumb/v7e-m+fp/softfp/libc_nano.a(libc_a-strtol.o)
                              /opt/st/stm32cubeide_1.13.2/plugins/com.st.stm32cube.ide.mcu.externaltools.gnu-tools-for-stm32.11.3.rel1.linux64_1.1.1.202309131626/tools/bin/../lib/gcc/arm-none-eabi/11.3.1/../../../../arm-none-eabi/lib/thumb/v7e-m+fp/softfp/libc_nano.a(libc_a-atoi.o) (_strtol_r)
/opt/st/stm32cubeide_1.13.2/plugins/com.st.stm32cube.ide.mcu.externaltools.gnu-tools-for-stm32.11.3.rel1.linux64_1.1.1.202309131626/tools/bin/../lib/gcc/arm-none-eabi/11.3.1/../../../../arm-none-eabi/lib/thumb/v7e-m+fp/softfp/libc_nano.a(libc_a-ctype_.o)
                              ./peripherals/fpu.o (_ctype_)
/opt/st/stm32cubeide_1.13.2/plugins/com.st.stm32cube.ide.mcu.externaltools.gnu-tools-for-stm32.11.3.rel1.linux64_1.1.1.202309131626/tools/bin/../lib/gcc/arm-none-eabi/11.3.1/../../../../arm-none-eabi/lib/thumb/v7e-m+fp/softfp/libc_nano.a(libc_a-findfp.o)
                              ./Middlewares/Third_Party/FreeRTOS/Source/tasks.o (__sf)
/opt/st/stm32cubeide_1.13.2/plugins/com.st.stm32cube.ide.mcu.externaltools.gnu-tools-for-stm32.11.3.rel1.linux64_1.1.1.202309131626/tools/bin/../lib/gcc/arm-none-eabi/11.3.1/../../../../arm-none-eabi/lib/thumb/v7e-m+fp/softfp/libc_nano.a(libc_a-fwalk.o)
                              /opt/st/stm32cubeide_1.13.2/plugins/com.st.stm32cube.ide.mcu.externaltools.gnu-tools-for-stm32.11.3.rel1.linux64_1.1.1.202309131626/tools/bin/../lib/gcc/arm-none-eabi/11.3.1/../../../../arm-none-eabi/lib/thumb/v7e-m+fp/softfp/libc_nano.a(libc_a-findfp.o) (_fwalk_sglue)
/opt/st/stm32cubeide_1.13.2/plugins/com.st.stm32cube.ide.mcu.externaltools.gnu-tools-for-stm32.11.3.rel1.linux64_1.1.1.202309131626/tools/bin/../lib/gcc/arm-none-eabi/11.3.1/../../../../arm-none-eabi/lib/thumb/v7e-m+fp/softfp/libc_nano.a(libc_a-printf.o)
                              ./Middlewares/ST/STM32_WPAN/utilities/dbg_trace.o (printf)
/opt/st/stm32cubeide_1.13.2/plugins/com.st.stm32cube.ide.mcu.externaltools.gnu-tools-for-stm32.11.3.rel1.linux64_1.1.1.202309131626/tools/bin/../lib/gcc/arm-none-eabi/11.3.1/../../../../arm-none-eabi/lib/thumb/v7e-m+fp/softfp/libc_nano.a(libc_a-puts.o)
                              ./Core/Src/main.o (puts)
/opt/st/stm32cubeide_1.13.2/plugins/com.st.stm32cube.ide.mcu.externaltools.gnu-tools-for-stm32.11.3.rel1.linux64_1.1.1.202309131626/tools/bin/../lib/gcc/arm-none-eabi/11.3.1/../../../../arm-none-eabi/lib/thumb/v7e-m+fp/softfp/libc_nano.a(libc_a-snprintf.o)
                              ./peripherals/clock.o (snprintf)
/opt/st/stm32cubeide_1.13.2/plugins/com.st.stm32cube.ide.mcu.externaltools.gnu-tools-for-stm32.11.3.rel1.linux64_1.1.1.202309131626/tools/bin/../lib/gcc/arm-none-eabi/11.3.1/../../../../arm-none-eabi/lib/thumb/v7e-m+fp/softfp/libc_nano.a(libc_a-sprintf.o)
                              ./peripherals/fs.o (sprintf)
/opt/st/stm32cubeide_1.13.2/plugins/com.st.stm32cube.ide.mcu.externaltools.gnu-tools-for-stm32.11.3.rel1.linux64_1.1.1.202309131626/tools/bin/../lib/gcc/arm-none-eabi/11.3.1/../../../../arm-none-eabi/lib/thumb/v7e-m+fp/softfp/libc_nano.a(libc_a-sscanf.o)
                              ./vi/vi.o (sscanf)
/opt/st/stm32cubeide_1.13.2/plugins/com.st.stm32cube.ide.mcu.externaltools.gnu-tools-for-stm32.11.3.rel1.linux64_1.1.1.202309131626/tools/bin/../lib/gcc/arm-none-eabi/11.3.1/../../../../arm-none-eabi/lib/thumb/v7e-m+fp/softfp/libc_nano.a(libc_a-stdio.o)
                              /opt/st/stm32cubeide_1.13.2/plugins/com.st.stm32cube.ide.mcu.externaltools.gnu-tools-for-stm32.11.3.rel1.linux64_1.1.1.202309131626/tools/bin/../lib/gcc/arm-none-eabi/11.3.1/../../../../arm-none-eabi/lib/thumb/v7e-m+fp/softfp/libc_nano.a(libc_a-findfp.o) (__sread)
[...]
Memory Configuration

Name             Origin             Length             Attributes
FLASH            0x0000000008000000 0x0000000000060000 xr
FLASH_FORTH      0x0000000008060000 0x0000000000060000 xr
FLASH_BLESTACK   0x00000000080c0000 0x0000000000040000 xr
RAM_FORTH        0x0000000020000000 0x0000000000010000 xrw
RAM1             0x0000000020010000 0x0000000000020000 xrw
RAM_SHARED       0x0000000020030000 0x0000000000002800 xrw
RAM_SHARED_B     0x0000000020038000 0x0000000000003c00 xrw
*default*        0x0000000000000000 0xffffffffffffffff

Linker script and memory map

LOAD /opt/st/stm32cubeide_1.13.2/plugins/com.st.stm32cube.ide.mcu.externaltools.gnu-tools-for-stm32.11.3.rel1.linux64_1.1.1.202309131626/tools/bin/../lib/gcc/arm-none-eabi/11.3.1/thumb/v7e-m+fp/softfp/crti.o
LOAD /opt/st/stm32cubeide_1.13.2/plugins/com.st.stm32cube.ide.mcu.externaltools.gnu-tools-for-stm32.11.3.rel1.linux64_1.1.1.202309131626/tools/bin/../lib/gcc/arm-none-eabi/11.3.1/thumb/v7e-m+fp/softfp/crtbegin.o
LOAD /opt/st/stm32cubeide_1.13.2/plugins/com.st.stm32cube.ide.mcu.externaltools.gnu-tools-for-stm32.11.3.rel1.linux64_1.1.1.202309131626/tools/bin/../lib/gcc/arm-none-eabi/11.3.1/../../../../arm-none-eabi/lib/thumb/v7e-m+fp/softfp/crt0.o
LOAD ./Core/Src/adc.o
LOAD ./Core/Src/aes.o
LOAD ./Core/Src/app_debug.o
LOAD ./Core/Src/app_entry.o
LOAD ./Core/Src/app_freertos.o
LOAD ./Core/Src/crc.o
LOAD ./Core/Src/dma.o
LOAD ./Core/Src/freertos_port.o
LOAD ./Core/Src/gpio.o
LOAD ./Core/Src/hw_timerserver.o
LOAD ./Core/Src/i2c.o
LOAD ./Core/Src/ipcc.o
LOAD ./Core/Src/main.o
LOAD ./Core/Src/memorymap.o
LOAD ./Core/Src/pka.o
LOAD ./Core/Src/quadspi.o
LOAD ./Core/Src/rf.o
LOAD ./Core/Src/rng.o
LOAD ./Core/Src/rtc.o
LOAD ./Core/Src/spi.o
LOAD ./Core/Src/stm32_lpm_if.o
LOAD ./Core/Src/stm32wbxx_hal_msp.o
LOAD ./Core/Src/stm32wbxx_hal_timebase_tim.o
LOAD ./Core/Src/stm32wbxx_it.o
LOAD ./Core/Src/syscalls.o
LOAD ./Core/Src/sysmem.o
LOAD ./Core/Src/system_stm32wbxx.o
LOAD ./Core/Src/tim.o
LOAD ./Core/Src/tiny_lpm.o
LOAD ./Core/Src/usart.o
LOAD ./Core/Src/usb.o
LOAD ./Core/Src/wwdg.o
LOAD ./Core/Startup/startup_stm32wb55rgvx.o
LOAD ./Drivers/STM32WBxx_HAL_Driver/Src/stm32wbxx_hal.o
LOAD ./Drivers/STM32WBxx_HAL_Driver/Src/stm32wbxx_hal_adc.o
LOAD ./Drivers/STM32WBxx_HAL_Driver/Src/stm32wbxx_hal_adc_ex.o
LOAD ./Drivers/STM32WBxx_HAL_Driver/Src/stm32wbxx_hal_cortex.o
LOAD ./Drivers/STM32WBxx_HAL_Driver/Src/stm32wbxx_hal_crc.o
LOAD ./Drivers/STM32WBxx_HAL_Driver/Src/stm32wbxx_hal_crc_ex.o
LOAD ./Drivers/STM32WBxx_HAL_Driver/Src/stm32wbxx_hal_cryp.o
LOAD ./Drivers/STM32WBxx_HAL_Driver/Src/stm32wbxx_hal_cryp_ex.o
LOAD ./Drivers/STM32WBxx_HAL_Driver/Src/stm32wbxx_hal_dma.o
LOAD ./Drivers/STM32WBxx_HAL_Driver/Src/stm32wbxx_hal_dma_ex.o
LOAD ./Drivers/STM32WBxx_HAL_Driver/Src/stm32wbxx_hal_exti.o
LOAD ./Drivers/STM32WBxx_HAL_Driver/Src/stm32wbxx_hal_flash.o
LOAD ./Drivers/STM32WBxx_HAL_Driver/Src/stm32wbxx_hal_flash_ex.o
LOAD ./Drivers/STM32WBxx_HAL_Driver/Src/stm32wbxx_hal_gpio.o
LOAD ./Drivers/STM32WBxx_HAL_Driver/Src/stm32wbxx_hal_hsem.o
LOAD ./Drivers/STM32WBxx_HAL_Driver/Src/stm32wbxx_hal_i2c.o
LOAD ./Drivers/STM32WBxx_HAL_Driver/Src/stm32wbxx_hal_i2c_ex.o
LOAD ./Drivers/STM32WBxx_HAL_Driver/Src/stm32wbxx_hal_ipcc.o
LOAD ./Drivers/STM32WBxx_HAL_Driver/Src/stm32wbxx_hal_pcd.o
LOAD ./Drivers/STM32WBxx_HAL_Driver/Src/stm32wbxx_hal_pcd_ex.o
LOAD ./Drivers/STM32WBxx_HAL_Driver/Src/stm32wbxx_hal_pka.o
LOAD ./Drivers/STM32WBxx_HAL_Driver/Src/stm32wbxx_hal_pwr.o
LOAD ./Drivers/STM32WBxx_HAL_Driver/Src/stm32wbxx_hal_pwr_ex.o
LOAD ./Drivers/STM32WBxx_HAL_Driver/Src/stm32wbxx_hal_qspi.o
LOAD ./Drivers/STM32WBxx_HAL_Driver/Src/stm32wbxx_hal_rcc.o
LOAD ./Drivers/STM32WBxx_HAL_Driver/Src/stm32wbxx_hal_rcc_ex.o
LOAD ./Drivers/STM32WBxx_HAL_Driver/Src/stm32wbxx_hal_rng.o
LOAD ./Drivers/STM32WBxx_HAL_Driver/Src/stm32wbxx_hal_rtc.o
LOAD ./Drivers/STM32WBxx_HAL_Driver/Src/stm32wbxx_hal_rtc_ex.o
LOAD ./Drivers/STM32WBxx_HAL_Driver/Src/stm32wbxx_hal_spi.o
LOAD ./Drivers/STM32WBxx_HAL_Driver/Src/stm32wbxx_hal_spi_ex.o
LOAD ./Drivers/STM32WBxx_HAL_Driver/Src/stm32wbxx_hal_tim.o
LOAD ./Drivers/STM32WBxx_HAL_Driver/Src/stm32wbxx_hal_tim_ex.o
LOAD ./Drivers/STM32WBxx_HAL_Driver/Src/stm32wbxx_hal_uart.o
LOAD ./Drivers/STM32WBxx_HAL_Driver/Src/stm32wbxx_hal_uart_ex.o
LOAD ./Drivers/STM32WBxx_HAL_Driver/Src/stm32wbxx_hal_wwdg.o
LOAD ./Drivers/STM32WBxx_HAL_Driver/Src/stm32wbxx_ll_adc.o
LOAD ./Drivers/STM32WBxx_HAL_Driver/Src/stm32wbxx_ll_rcc.o
LOAD ./Drivers/STM32WBxx_HAL_Driver/Src/stm32wbxx_ll_usb.o
LOAD ./FATFS/App/app_fatfs.o
LOAD ./FATFS/Target/user_diskio.o
LOAD ./Forth/mecrisp.o
LOAD ./Middlewares/ST/STM32_WPAN/ble/core/auto/ble_gap_aci.o
LOAD ./Middlewares/ST/STM32_WPAN/ble/core/auto/ble_gatt_aci.o
LOAD ./Middlewares/ST/STM32_WPAN/ble/core/auto/ble_hal_aci.o
LOAD ./Middlewares/ST/STM32_WPAN/ble/core/auto/ble_hci_le.o
LOAD ./Middlewares/ST/STM32_WPAN/ble/core/auto/ble_l2cap_aci.o
LOAD ./Middlewares/ST/STM32_WPAN/ble/core/template/osal.o
LOAD ./Middlewares/ST/STM32_WPAN/ble/svc/Src/crs_stm.o
LOAD ./Middlewares/ST/STM32_WPAN/ble/svc/Src/dis.o
LOAD ./Middlewares/ST/STM32_WPAN/ble/svc/Src/hrs.o
LOAD ./Middlewares/ST/STM32_WPAN/ble/svc/Src/svc_ctl.o
LOAD ./Middlewares/ST/STM32_WPAN/interface/patterns/ble_thread/shci/shci.o
LOAD ./Middlewares/ST/STM32_WPAN/interface/patterns/ble_thread/tl/hci_tl.o
LOAD ./Middlewares/ST/STM32_WPAN/interface/patterns/ble_thread/tl/hci_tl_if.o
LOAD ./Middlewares/ST/STM32_WPAN/interface/patterns/ble_thread/tl/shci_tl.o
LOAD ./Middlewares/ST/STM32_WPAN/interface/patterns/ble_thread/tl/shci_tl_if.o
LOAD ./Middlewares/ST/STM32_WPAN/interface/patterns/ble_thread/tl/tl_mbox.o
LOAD ./Middlewares/ST/STM32_WPAN/utilities/dbg_trace.o
LOAD ./Middlewares/ST/STM32_WPAN/utilities/otp.o
LOAD ./Middlewares/ST/STM32_WPAN/utilities/stm_list.o
LOAD ./Middlewares/ST/STM32_WPAN/utilities/stm_queue.o
LOAD ./Middlewares/Third_Party/FatFs/src/diskio.o
LOAD ./Middlewares/Third_Party/FatFs/src/ff.o
LOAD ./Middlewares/Third_Party/FatFs/src/ff_gen_drv.o
LOAD ./Middlewares/Third_Party/FatFs/src/option/ccsbcs.o
LOAD ./Middlewares/Third_Party/FatFs/src/option/syscall.o
LOAD ./Middlewares/Third_Party/FreeRTOS/Source/CMSIS_RTOS_V2/cmsis_os2.o
LOAD ./Middlewares/Third_Party/FreeRTOS/Source/croutine.o
LOAD ./Middlewares/Third_Party/FreeRTOS/Source/event_groups.o
LOAD ./Middlewares/Third_Party/FreeRTOS/Source/list.o
LOAD ./Middlewares/Third_Party/FreeRTOS/Source/queue.o
LOAD ./Middlewares/Third_Party/FreeRTOS/Source/stream_buffer.o
LOAD ./Middlewares/Third_Party/FreeRTOS/Source/tasks.o
LOAD ./Middlewares/Third_Party/FreeRTOS/Source/timers.o
LOAD ./Middlewares/Third_Party/FreeRTOS/Source/portable/GCC/ARM_CM4F/port.o
LOAD ./Middlewares/Third_Party/FreeRTOS/Source/portable/MemMang/heap_4.o
LOAD ./STM32_WPAN/App/app_ble.o
LOAD ./STM32_WPAN/App/crs_app.o
LOAD ./STM32_WPAN/App/dis_app.o
LOAD ./STM32_WPAN/App/hrs_app.o
LOAD ./STM32_WPAN/Target/hw_ipcc.o
LOAD ./Utilities/lpm/tiny_lpm/stm32_lpm.o
LOAD ./peripherals/block.o
LOAD ./peripherals/bsp.o
LOAD ./peripherals/clock.o
LOAD ./peripherals/epd.o
LOAD ./peripherals/fd.o
LOAD ./peripherals/fd_spi.o
LOAD ./peripherals/flash.o
LOAD ./peripherals/font12x16.o
LOAD ./peripherals/font6x8.o
LOAD ./peripherals/font8x14.o
LOAD ./peripherals/font8x8.o
LOAD ./peripherals/fpu.o
LOAD ./peripherals/fs.o
LOAD ./peripherals/iic.o
LOAD ./peripherals/iic3.o
LOAD ./peripherals/mems.o
LOAD ./peripherals/mip.o
LOAD ./peripherals/myassert.o
LOAD ./peripherals/oled.o
LOAD ./peripherals/plex.o
LOAD ./peripherals/power.o
LOAD ./peripherals/rt_spi.o
LOAD ./peripherals/rtos.o
LOAD ./peripherals/sd.o
LOAD ./peripherals/sd_spi.o
LOAD ./peripherals/uart.o
LOAD ./peripherals/usb_cdc.o
LOAD ./peripherals/watchdog.o
LOAD ./tinyusb/bsp/board.o
LOAD ./tinyusb/bsp/family.o
LOAD ./tinyusb/class/cdc/cdc_device.o
LOAD ./tinyusb/class/hid/hid_device.o
LOAD ./tinyusb/class/msc/msc_device.o
LOAD ./tinyusb/common/tusb_fifo.o
LOAD ./tinyusb/device/usbd.o
LOAD ./tinyusb/device/usbd_control.o
LOAD ./tinyusb/msc_disk.o
LOAD ./tinyusb/tiny.o
LOAD ./tinyusb/tusb.o
LOAD ./tinyusb/usb_descriptors.o
LOAD ./tinyusb/portable/st/stm32_fsdev/dcd_stm32_fsdev.o
LOAD ./tinyusb/portable/st/typec/typec_stm32.o
LOAD ./tinyusb/typec/usbc.o
LOAD ./vi/vi.o
START GROUP
LOAD /opt/st/stm32cubeide_1.13.2/plugins/com.st.stm32cube.ide.mcu.externaltools.gnu-tools-for-stm32.11.3.rel1.linux64_1.1.1.202309131626/tools/bin/../lib/gcc/arm-none-eabi/11.3.1/../../../../arm-none-eabi/lib/thumb/v7e-m+fp/softfp/libc_nano.a
LOAD /opt/st/stm32cubeide_1.13.2/plugins/com.st.stm32cube.ide.mcu.externaltools.gnu-tools-for-stm32.11.3.rel1.linux64_1.1.1.202309131626/tools/bin/../lib/gcc/arm-none-eabi/11.3.1/../../../../arm-none-eabi/lib/thumb/v7e-m+fp/softfp/libm.a
END GROUP
START GROUP
LOAD /opt/st/stm32cubeide_1.13.2/plugins/com.st.stm32cube.ide.mcu.externaltools.gnu-tools-for-stm32.11.3.rel1.linux64_1.1.1.202309131626/tools/bin/../lib/gcc/arm-none-eabi/11.3.1/thumb/v7e-m+fp/softfp/libgcc.a
LOAD /opt/st/stm32cubeide_1.13.2/plugins/com.st.stm32cube.ide.mcu.externaltools.gnu-tools-for-stm32.11.3.rel1.linux64_1.1.1.202309131626/tools/bin/../lib/gcc/arm-none-eabi/11.3.1/../../../../arm-none-eabi/lib/thumb/v7e-m+fp/softfp/libc_nano.a
END GROUP
START GROUP
LOAD /opt/st/stm32cubeide_1.13.2/plugins/com.st.stm32cube.ide.mcu.externaltools.gnu-tools-for-stm32.11.3.rel1.linux64_1.1.1.202309131626/tools/bin/../lib/gcc/arm-none-eabi/11.3.1/thumb/v7e-m+fp/softfp/libgcc.a
LOAD /opt/st/stm32cubeide_1.13.2/plugins/com.st.stm32cube.ide.mcu.externaltools.gnu-tools-for-stm32.11.3.rel1.linux64_1.1.1.202309131626/tools/bin/../lib/gcc/arm-none-eabi/11.3.1/../../../../arm-none-eabi/lib/thumb/v7e-m+fp/softfp/libc_nano.a
LOAD /opt/st/stm32cubeide_1.13.2/plugins/com.st.stm32cube.ide.mcu.externaltools.gnu-tools-for-stm32.11.3.rel1.linux64_1.1.1.202309131626/tools/bin/../lib/gcc/arm-none-eabi/11.3.1/../../../../arm-none-eabi/lib/thumb/v7e-m+fp/softfp/libnosys.a
END GROUP
START GROUP
LOAD /opt/st/stm32cubeide_1.13.2/plugins/com.st.stm32cube.ide.mcu.externaltools.gnu-tools-for-stm32.11.3.rel1.linux64_1.1.1.202309131626/tools/bin/../lib/gcc/arm-none-eabi/11.3.1/thumb/v7e-m+fp/softfp/libgcc.a
LOAD /opt/st/stm32cubeide_1.13.2/plugins/com.st.stm32cube.ide.mcu.externaltools.gnu-tools-for-stm32.11.3.rel1.linux64_1.1.1.202309131626/tools/bin/../lib/gcc/arm-none-eabi/11.3.1/../../../../arm-none-eabi/lib/thumb/v7e-m+fp/softfp/libc_nano.a
LOAD /opt/st/stm32cubeide_1.13.2/plugins/com.st.stm32cube.ide.mcu.externaltools.gnu-tools-for-stm32.11.3.rel1.linux64_1.1.1.202309131626/tools/bin/../lib/gcc/arm-none-eabi/11.3.1/../../../../arm-none-eabi/lib/thumb/v7e-m+fp/softfp/libnosys.a
END GROUP
LOAD /opt/st/stm32cubeide_1.13.2/plugins/com.st.stm32cube.ide.mcu.externaltools.gnu-tools-for-stm32.11.3.rel1.linux64_1.1.1.202309131626/tools/bin/../lib/gcc/arm-none-eabi/11.3.1/thumb/v7e-m+fp/softfp/crtend.o
LOAD /opt/st/stm32cubeide_1.13.2/plugins/com.st.stm32cube.ide.mcu.externaltools.gnu-tools-for-stm32.11.3.rel1.linux64_1.1.1.202309131626/tools/bin/../lib/gcc/arm-none-eabi/11.3.1/thumb/v7e-m+fp/softfp/crtn.o
                0x0000000020030000                _estack = 0x20030000
                0x0000000000000400                _Min_Heap_Size = 0x400
                0x0000000000000400                _Min_Stack_Size = 0x400

.isr_vector     0x0000000008000000      0x13c
                0x0000000008000000                . = ALIGN (0x4)
 *(.isr_vector)
 .isr_vector    0x0000000008000000      0x13c ./Core/Startup/startup_stm32wb55rgvx.o
                0x0000000008000000                g_pfnVectors
                0x000000000800013c                . = ALIGN (0x4)

.text           0x0000000008000140    0x30b70
                0x0000000008000140                . = ALIGN (0x4)
 *(.text)
 .text          0x0000000008000140       0x40 /opt/st/stm32cubeide_1.13.2/plugins/com.st.stm32cube.ide.mcu.externaltools.gnu-tools-for-stm32.11.3.rel1.linux64_1.1.1.202309131626/tools/bin/../lib/gcc/arm-none-eabi/11.3.1/thumb/v7e-m+fp/softfp/crtbegin.o
 .text          0x0000000008000180     0x7e0c ./Forth/mecrisp.o
                0x00000000080024ac                uart_terminal
                0x00000000080024d4                cdc_terminal
                0x00000000080024fc                crs_terminal
                0x0000000008002560                TERMINAL_redirect
                0x00000000080025a0                TERMINAL_unredirect
                0x00000000080028de                TERMINAL_emit
                0x00000000080028f4                TERMINAL_key
                0x000000000800290c                TERMINAL_qemit
                0x0000000008002924                TERMINAL_qkey
                0x0000000008005316                rtos_osThreadGetId
                0x000000000800533c                rtos_osThreadGetState
                0x000000000800535e                rtos_osThreadGetName
                0x0000000008005384                rtos_osThreadSetPriority
                0x00000000080053ae                rtos_osThreadGetPriority
                0x00000000080053ce                rtos_osThreadYield
                0x00000000080053f2                rtos_osThreadSuspend
                0x0000000008005414                rtos_osThreadResume
                0x0000000008005434                rtos_osThreadExit
                0x0000000008005450                rtos_osThreadTerminate
                0x0000000008005478                rtos_osThreadGetStackSpace
                0x000000000800549c                rtos_osThreadGetCount
                0x00000000080054c2                rtos_osThreadEnumerate
                0x00000000080054ee                rtos_xPortGetFreeHeapSize
                0x0000000008005510                rtos_pvPortMalloc
                0x000000000800552c                rtos_vPortFree
                0x0000000008006244                BSP_neopixelDataTx
                0x000000000800627e                BSP_neopixelBufferTx
                0x000000000800684e                FS_catch_evaluate
                0x00000000080068b2                FS_evaluate
                0x00000000080068ce                FS_cr
                0x00000000080068de                FS_type
                0x00000000080068fa                FS_token
                0x000000000800691a                FS_accept
                0x0000000008007d54                Forth
 .text          0x0000000008007f8c       0x14 /opt/st/stm32cubeide_1.13.2/plugins/com.st.stm32cube.ide.mcu.externaltools.gnu-tools-for-stm32.11.3.rel1.linux64_1.1.1.202309131626/tools/bin/../lib/gcc/arm-none-eabi/11.3.1/../../../../arm-none-eabi/lib/thumb/v7e-m+fp/softfp/libc_nano.a(libc_a-strcmp.o)
                0x0000000008007f8c                strcmp
 .text          0x0000000008007fa0       0x10 /opt/st/stm32cubeide_1.13.2/plugins/com.st.stm32cube.ide.mcu.externaltools.gnu-tools-for-stm32.11.3.rel1.linux64_1.1.1.202309131626/tools/bin/../lib/gcc/arm-none-eabi/11.3.1/../../../../arm-none-eabi/lib/thumb/v7e-m+fp/softfp/libc_nano.a(libc_a-strlen.o)
                0x0000000008007fa0                strlen
 .text          0x0000000008007fb0       0xa0 /opt/st/stm32cubeide_1.13.2/plugins/com.st.stm32cube.ide.mcu.externaltools.gnu-tools-for-stm32.11.3.rel1.linux64_1.1.1.202309131626/tools/bin/../lib/gcc/arm-none-eabi/11.3.1/../../../../arm-none-eabi/lib/thumb/v7e-m+fp/softfp/libc_nano.a(libc_a-memchr.o)
                0x0000000008007fb0                memchr
 .text          0x0000000008008050       0xa0 /opt/st/stm32cubeide_1.13.2/plugins/com.st.stm32cube.ide.mcu.externaltools.gnu-tools-for-stm32.11.3.rel1.linux64_1.1.1.202309131626/tools/bin/../lib/gcc/arm-none-eabi/11.3.1/thumb/v7e-m+fp/softfp/libgcc.a(_aeabi_ldivmod.o)
                0x0000000008008050                __aeabi_ldivmod
 .text          0x00000000080080f0       0x30 /opt/st/stm32cubeide_1.13.2/plugins/com.st.stm32cube.ide.mcu.externaltools.gnu-tools-for-stm32.11.3.rel1.linux64_1.1.1.202309131626/tools/bin/../lib/gcc/arm-none-eabi/11.3.1/thumb/v7e-m+fp/softfp/libgcc.a(_aeabi_uldivmod.o)
                0x00000000080080f0                __aeabi_uldivmod
 .text          0x0000000008008120      0x2c8 /opt/st/stm32cubeide_1.13.2/plugins/com.st.stm32cube.ide.mcu.externaltools.gnu-tools-for-stm32.11.3.rel1.linux64_1.1.1.202309131626/tools/bin/../lib/gcc/arm-none-eabi/11.3.1/thumb/v7e-m+fp/softfp/libgcc.a(_udivmoddi4.o)
                0x0000000008008120                __udivmoddi4
 .text          0x00000000080083e8        0x4 /opt/st/stm32cubeide_1.13.2/plugins/com.st.stm32cube.ide.mcu.externaltools.gnu-tools-for-stm32.11.3.rel1.linux64_1.1.1.202309131626/tools/bin/../lib/gcc/arm-none-eabi/11.3.1/thumb/v7e-m+fp/softfp/libgcc.a(_dvmd_tls.o)
                0x00000000080083e8                __aeabi_ldiv0
                0x00000000080083e8                __aeabi_idiv0
 *(.text*)
 .text.MX_ADC1_Init
                0x00000000080083ec       0x84 ./Core/Src/adc.o
                0x00000000080083ec                MX_ADC1_Init
 .text.HAL_ADC_MspInit
                0x0000000008008470       0xbc ./Core/Src/adc.o
                0x0000000008008470                HAL_ADC_MspInit
 .text.MX_AES1_Init
                0x000000000800852c       0x34 ./Core/Src/aes.o
                0x000000000800852c                MX_AES1_Init
 .text.HAL_CRYP_MspInit
                0x0000000008008560       0x2c ./Core/Src/aes.o
                0x0000000008008560                HAL_CRYP_MspInit
 .text.APPD_Init
                0x000000000800858c      0x158 ./Core/Src/app_debug.o
                0x000000000800858c                APPD_Init
 .text.APPD_EnableCPU2
                0x00000000080086e4       0x34 ./Core/Src/app_debug.o
                0x00000000080086e4                APPD_EnableCPU2
 .text.APPE_SysUserEvtRx
                0x0000000008008718       0x74 ./Core/Src/app_entry.o
 .text.APPE_SysStatusNot
                0x000000000800878c       0x28 ./Core/Src/app_entry.o
 .text.ShciUserEvtProcess
                0x00000000080087b4       0x1a ./Core/Src/app_entry.o
 *fill*         0x00000000080087ce        0x2 
 .text.MX_APPE_Config
                0x00000000080087d0       0xc0 ./Core/Src/app_entry.o
                0x00000000080087d0                MX_APPE_Config
 .text.Init_Smps
                0x0000000008008890       0x54 ./Core/Src/app_entry.o
                0x0000000008008890                Init_Smps
 .text.Init_Exti
                0x00000000080088e4       0x14 ./Core/Src/app_entry.o
                0x00000000080088e4                Init_Exti
 .text.MX_APPE_Init
                0x00000000080088f8       0xe4 ./Core/Src/app_entry.o
                0x00000000080088f8                MX_APPE_Init
 .text.shci_notify_asynch_evt
                0x00000000080089dc       0x14 ./Core/Src/app_entry.o
                0x00000000080089dc                shci_notify_asynch_evt
 .text.shci_cmd_resp_release
                0x00000000080089f0       0x10 ./Core/Src/app_entry.o
                0x00000000080089f0                shci_cmd_resp_release
 .text.shci_cmd_resp_wait
                0x0000000008008a00       0x14 ./Core/Src/app_entry.o
                0x0000000008008a00                shci_cmd_resp_wait
 .text.MainThread
                0x0000000008008a14       0x88 ./Core/Src/app_freertos.o
                0x0000000008008a14                MainThread
 .text.MX_FREERTOS_Init
                0x0000000008008a9c       0x54 ./Core/Src/app_freertos.o
                0x0000000008008a9c                MX_FREERTOS_Init
 .text.MX_CRC_Init
                0x0000000008008af0       0x2c ./Core/Src/crc.o
                0x0000000008008af0                MX_CRC_Init
 .text.HAL_CRC_MspInit
                0x0000000008008b1c       0x2c ./Core/Src/crc.o
                0x0000000008008b1c                HAL_CRC_MspInit
 .text.MX_DMA_Init
                0x0000000008008b48       0xd4 ./Core/Src/dma.o
                0x0000000008008b48                MX_DMA_Init
 .text.MX_GPIO_Init
                0x0000000008008c1c      0x21c ./Core/Src/gpio.o
                0x0000000008008c1c                MX_GPIO_Init
 .text.ReadRtcSsrValue
                0x0000000008008e38       0x24 ./Core/Src/hw_timerserver.o
 .text.UnlinkTimer
                0x0000000008008e5c       0xa0 ./Core/Src/hw_timerserver.o
 .text.ReturnTimeElapsed
                0x0000000008008efc       0x54 ./Core/Src/hw_timerserver.o
 .text.RescheduleTimerList
                0x0000000008008f50      0x13c ./Core/Src/hw_timerserver.o
 .text.HW_TS_Init
                0x000000000800908c      0x148 ./Core/Src/hw_timerserver.o
                0x000000000800908c                HW_TS_Init
 .text.HW_TS_Create
                0x00000000080091d4       0x70 ./Core/Src/hw_timerserver.o
                0x00000000080091d4                HW_TS_Create
 .text.HW_TS_Stop
                0x0000000008009244       0xc0 ./Core/Src/hw_timerserver.o
                0x0000000008009244                HW_TS_Stop
 .text.HW_TS_Start
                0x0000000008009304      0x1d8 ./Core/Src/hw_timerserver.o
                0x0000000008009304                HW_TS_Start
 .text.HW_TS_RTC_Int_AppNot
                0x00000000080094dc        0x6 ./Core/Src/hw_timerserver.o
                0x00000000080094dc                HW_TS_RTC_Int_AppNot
 *fill*         0x00000000080094e2        0x2 
 .text.HW_TS_RTC_Wakeup_Handler
                0x00000000080094e4       0xf0 ./Core/Src/hw_timerserver.o
                0x00000000080094e4                HW_TS_RTC_Wakeup_Handler
 .text.MX_I2C1_Init
                0x00000000080095d4       0x58 ./Core/Src/i2c.o
                0x00000000080095d4                MX_I2C1_Init
 .text.MX_I2C3_Init
                0x000000000800962c       0x58 ./Core/Src/i2c.o
                0x000000000800962c                MX_I2C3_Init
 .text.HAL_I2C_MspInit
                0x0000000008009684      0x248 ./Core/Src/i2c.o
                0x0000000008009684                HAL_I2C_MspInit
 .text.MX_IPCC_Init
                0x00000000080098cc       0x20 ./Core/Src/ipcc.o
                0x00000000080098cc                MX_IPCC_Init
 .text.HAL_IPCC_MspInit
                0x00000000080098ec       0x2c ./Core/Src/ipcc.o
                0x00000000080098ec                HAL_IPCC_MspInit
 .text.__NVIC_SystemReset
                0x0000000008009918       0x24 ./Core/Src/main.o
 .text.vApplicationStackOverflowHook
                0x000000000800993c       0x18 ./Core/Src/main.o
                0x000000000800993c                vApplicationStackOverflowHook
 .text.vApplicationMallocFailedHook
                0x0000000008009954       0x1c ./Core/Src/main.o
                0x0000000008009954                vApplicationMallocFailedHook
 .text.HAL_TIM_PeriodElapsedCallback
                0x0000000008009970       0x28 ./Core/Src/main.o
                0x0000000008009970                HAL_TIM_PeriodElapsedCallback
 .text.Error_Handler
                0x0000000008009998       0x10 ./Core/Src/main.o
                0x0000000008009998                Error_Handler
 .text.SystemClock_Config
                0x00000000080099a8       0xe4 ./Core/Src/main.o
                0x00000000080099a8                SystemClock_Config
 .text.PeriphCommonClock_Config
                0x0000000008009a8c       0x92 ./Core/Src/main.o
                0x0000000008009a8c                PeriphCommonClock_Config
 *fill*         0x0000000008009b1e        0x2 
 .text.main     0x0000000008009b20       0xf0 ./Core/Src/main.o
                0x0000000008009b20                main
 .text.MX_PKA_Init
                0x0000000008009c10       0x20 ./Core/Src/pka.o
                0x0000000008009c10                MX_PKA_Init
 .text.HAL_PKA_MspInit
                0x0000000008009c30       0x2c ./Core/Src/pka.o
                0x0000000008009c30                HAL_PKA_MspInit
 .text.MX_QUADSPI_Init
                0x0000000008009c5c       0x38 ./Core/Src/quadspi.o
                0x0000000008009c5c                MX_QUADSPI_Init
 .text.HAL_QSPI_MspInit
                0x0000000008009c94      0x100 ./Core/Src/quadspi.o
                0x0000000008009c94                HAL_QSPI_MspInit
 .text.MX_RF_Init
                0x0000000008009d94        0x2 ./Core/Src/rf.o
                0x0000000008009d94                MX_RF_Init
 *fill*         0x0000000008009d96        0x2 
 .text.MX_RNG_Init
                0x0000000008009d98       0x24 ./Core/Src/rng.o
                0x0000000008009d98                MX_RNG_Init
 .text.HAL_RNG_MspInit
                0x0000000008009dbc       0x54 ./Core/Src/rng.o
                0x0000000008009dbc                HAL_RNG_MspInit
 .text.MX_RTC_Init
                0x0000000008009e10       0xf8 ./Core/Src/rtc.o
                0x0000000008009e10                MX_RTC_Init
 .text.HAL_RTC_MspInit
                0x0000000008009f08       0x70 ./Core/Src/rtc.o
                0x0000000008009f08                HAL_RTC_MspInit
 .text.MX_SPI1_Init
                0x0000000008009f78       0x50 ./Core/Src/spi.o
                0x0000000008009f78                MX_SPI1_Init
 .text.MX_SPI2_Init
                0x0000000008009fc8       0x4c ./Core/Src/spi.o
                0x0000000008009fc8                MX_SPI2_Init
 .text.HAL_SPI_MspInit
                0x000000000800a014      0x21c ./Core/Src/spi.o
                0x000000000800a014                HAL_SPI_MspInit
 .text.HAL_MspInit
                0x000000000800a230       0x6c ./Core/Src/stm32wbxx_hal_msp.o
                0x000000000800a230                HAL_MspInit
 .text.HAL_InitTick
                0x000000000800a29c       0x78 ./Core/Src/stm32wbxx_hal_timebase_tim.o
                0x000000000800a29c                HAL_InitTick
 .text.__NVIC_SystemReset
                0x000000000800a314       0x24 ./Core/Src/stm32wbxx_it.o
 .text.NMI_Handler
                0x000000000800a338        0x2 ./Core/Src/stm32wbxx_it.o
                0x000000000800a338                NMI_Handler
 *fill*         0x000000000800a33a        0x2 
 .text.HardFault_Handler
                0x000000000800a33c       0x20 ./Core/Src/stm32wbxx_it.o
                0x000000000800a33c                HardFault_Handler
 .text.MemManage_Handler
                0x000000000800a35c       0x20 ./Core/Src/stm32wbxx_it.o
                0x000000000800a35c                MemManage_Handler
 .text.BusFault_Handler
                0x000000000800a37c       0x20 ./Core/Src/stm32wbxx_it.o
                0x000000000800a37c                BusFault_Handler
 .text.UsageFault_Handler
                0x000000000800a39c       0x20 ./Core/Src/stm32wbxx_it.o
                0x000000000800a39c                UsageFault_Handler
 .text.DebugMon_Handler
                0x000000000800a3bc        0x2 ./Core/Src/stm32wbxx_it.o
                0x000000000800a3bc                DebugMon_Handler
 *fill*         0x000000000800a3be        0x2 
 .text.WWDG_IRQHandler
                0x000000000800a3c0       0x10 ./Core/Src/stm32wbxx_it.o
                0x000000000800a3c0                WWDG_IRQHandler
 .text.FLASH_IRQHandler
                0x000000000800a3d0        0x8 ./Core/Src/stm32wbxx_it.o
                0x000000000800a3d0                FLASH_IRQHandler
 .text.EXTI0_IRQHandler
                0x000000000800a3d8        0xa ./Core/Src/stm32wbxx_it.o
                0x000000000800a3d8                EXTI0_IRQHandler
 .text.EXTI1_IRQHandler
                0x000000000800a3e2        0xa ./Core/Src/stm32wbxx_it.o
                0x000000000800a3e2                EXTI1_IRQHandler
 .text.EXTI2_IRQHandler
                0x000000000800a3ec        0xa ./Core/Src/stm32wbxx_it.o
                0x000000000800a3ec                EXTI2_IRQHandler
 .text.EXTI3_IRQHandler
                0x000000000800a3f6        0xa ./Core/Src/stm32wbxx_it.o
                0x000000000800a3f6                EXTI3_IRQHandler
 .text.EXTI4_IRQHandler
                0x000000000800a400        0xa ./Core/Src/stm32wbxx_it.o
                0x000000000800a400                EXTI4_IRQHandler
 *fill*         0x000000000800a40a        0x2 
 .text.DMA1_Channel1_IRQHandler
                0x000000000800a40c       0x10 ./Core/Src/stm32wbxx_it.o
                0x000000000800a40c                DMA1_Channel1_IRQHandler
 .text.DMA1_Channel2_IRQHandler
                0x000000000800a41c       0x10 ./Core/Src/stm32wbxx_it.o
                0x000000000800a41c                DMA1_Channel2_IRQHandler
 .text.DMA1_Channel3_IRQHandler
                0x000000000800a42c       0x10 ./Core/Src/stm32wbxx_it.o
                0x000000000800a42c                DMA1_Channel3_IRQHandler
 .text.DMA1_Channel4_IRQHandler
                0x000000000800a43c       0x10 ./Core/Src/stm32wbxx_it.o
                0x000000000800a43c                DMA1_Channel4_IRQHandler
 .text.DMA1_Channel5_IRQHandler
                0x000000000800a44c       0x10 ./Core/Src/stm32wbxx_it.o
                0x000000000800a44c                DMA1_Channel5_IRQHandler
 .text.DMA1_Channel6_IRQHandler
                0x000000000800a45c       0x10 ./Core/Src/stm32wbxx_it.o
                0x000000000800a45c                DMA1_Channel6_IRQHandler
 .text.DMA1_Channel7_IRQHandler
                0x000000000800a46c       0x10 ./Core/Src/stm32wbxx_it.o
                0x000000000800a46c                DMA1_Channel7_IRQHandler
 .text.ADC1_IRQHandler
                0x000000000800a47c       0x10 ./Core/Src/stm32wbxx_it.o
                0x000000000800a47c                ADC1_IRQHandler
 .text.EXTI9_5_IRQHandler
                0x000000000800a48c        0xa ./Core/Src/stm32wbxx_it.o
                0x000000000800a48c                EXTI9_5_IRQHandler
 *fill*         0x000000000800a496        0x2 
 .text.TIM1_TRG_COM_TIM17_IRQHandler
                0x000000000800a498       0x18 ./Core/Src/stm32wbxx_it.o
                0x000000000800a498                TIM1_TRG_COM_TIM17_IRQHandler
 .text.TIM2_IRQHandler
                0x000000000800a4b0       0x10 ./Core/Src/stm32wbxx_it.o
                0x000000000800a4b0                TIM2_IRQHandler
 .text.I2C1_EV_IRQHandler
                0x000000000800a4c0       0x10 ./Core/Src/stm32wbxx_it.o
                0x000000000800a4c0                I2C1_EV_IRQHandler
 .text.I2C1_ER_IRQHandler
                0x000000000800a4d0       0x10 ./Core/Src/stm32wbxx_it.o
                0x000000000800a4d0                I2C1_ER_IRQHandler
 .text.I2C3_EV_IRQHandler
                0x000000000800a4e0       0x10 ./Core/Src/stm32wbxx_it.o
                0x000000000800a4e0                I2C3_EV_IRQHandler
 .text.I2C3_ER_IRQHandler
                0x000000000800a4f0       0x10 ./Core/Src/stm32wbxx_it.o
                0x000000000800a4f0                I2C3_ER_IRQHandler
 .text.SPI1_IRQHandler
                0x000000000800a500       0x10 ./Core/Src/stm32wbxx_it.o
                0x000000000800a500                SPI1_IRQHandler
 .text.SPI2_IRQHandler
                0x000000000800a510       0x10 ./Core/Src/stm32wbxx_it.o
                0x000000000800a510                SPI2_IRQHandler
 .text.USART1_IRQHandler
                0x000000000800a520       0x10 ./Core/Src/stm32wbxx_it.o
                0x000000000800a520                USART1_IRQHandler
 .text.EXTI15_10_IRQHandler
                0x000000000800a530       0x14 ./Core/Src/stm32wbxx_it.o
                0x000000000800a530                EXTI15_10_IRQHandler
 .text.RTC_Alarm_IRQHandler
                0x000000000800a544       0x10 ./Core/Src/stm32wbxx_it.o
                0x000000000800a544                RTC_Alarm_IRQHandler
 .text.IPCC_C1_RX_IRQHandler
                0x000000000800a554        0x8 ./Core/Src/stm32wbxx_it.o
                0x000000000800a554                IPCC_C1_RX_IRQHandler
 .text.IPCC_C1_TX_IRQHandler
                0x000000000800a55c        0x8 ./Core/Src/stm32wbxx_it.o
                0x000000000800a55c                IPCC_C1_TX_IRQHandler
 .text.HSEM_IRQHandler
                0x000000000800a564        0x8 ./Core/Src/stm32wbxx_it.o
                0x000000000800a564                HSEM_IRQHandler
 .text.QUADSPI_IRQHandler
                0x000000000800a56c       0x10 ./Core/Src/stm32wbxx_it.o
                0x000000000800a56c                QUADSPI_IRQHandler
 .text.DMA2_Channel1_IRQHandler
                0x000000000800a57c       0x10 ./Core/Src/stm32wbxx_it.o
                0x000000000800a57c                DMA2_Channel1_IRQHandler
 .text.DMA2_Channel2_IRQHandler
                0x000000000800a58c       0x10 ./Core/Src/stm32wbxx_it.o
                0x000000000800a58c                DMA2_Channel2_IRQHandler
 .text.RTC_WKUP_IRQHandler
                0x000000000800a59c        0x8 ./Core/Src/stm32wbxx_it.o
                0x000000000800a59c                RTC_WKUP_IRQHandler
 .text._read    0x000000000800a5a4       0x1a ./Core/Src/syscalls.o
                0x000000000800a5a4                _read
 .text._write   0x000000000800a5be       0x1a ./Core/Src/syscalls.o
                0x000000000800a5be                _write
 .text._close   0x000000000800a5d8        0x6 ./Core/Src/syscalls.o
                0x000000000800a5d8                _close
 .text._fstat   0x000000000800a5de        0xa ./Core/Src/syscalls.o
                0x000000000800a5de                _fstat
 .text._isatty  0x000000000800a5e8        0x4 ./Core/Src/syscalls.o
                0x000000000800a5e8                _isatty
 .text._lseek   0x000000000800a5ec        0x4 ./Core/Src/syscalls.o
                0x000000000800a5ec                _lseek
 .text._sbrk    0x000000000800a5f0       0x3c ./Core/Src/sysmem.o
                0x000000000800a5f0                _sbrk
 .text.SystemInit
                0x000000000800a62c       0x64 ./Core/Src/system_stm32wbxx.o
                0x000000000800a62c                SystemInit
 .text.MX_TIM2_Init
                0x000000000800a690       0x78 ./Core/Src/tim.o
                0x000000000800a690                MX_TIM2_Init
 .text.HAL_TIM_PWM_MspInit
                0x000000000800a708       0x40 ./Core/Src/tim.o
                0x000000000800a708                HAL_TIM_PWM_MspInit
 .text.HAL_TIM_IC_MspInit
                0x000000000800a748       0x74 ./Core/Src/tim.o
                0x000000000800a748                HAL_TIM_IC_MspInit
 .text.HAL_TIM_Base_MspInit
                0x000000000800a7bc       0x2c ./Core/Src/tim.o
                0x000000000800a7bc                HAL_TIM_Base_MspInit
 .text.HAL_TIM_MspPostInit
                0x000000000800a7e8       0xa4 ./Core/Src/tim.o
                0x000000000800a7e8                HAL_TIM_MspPostInit
 .text.MX_TIM1_Init
                0x000000000800a88c       0xe0 ./Core/Src/tim.o
                0x000000000800a88c                MX_TIM1_Init
 .text.MX_TIM16_Init
                0x000000000800a96c       0xac ./Core/Src/tim.o
                0x000000000800a96c                MX_TIM16_Init
 .text.MX_USART1_UART_Init
                0x000000000800aa18       0x68 ./Core/Src/usart.o
                0x000000000800aa18                MX_USART1_UART_Init
 .text.HAL_UART_MspInit
                0x000000000800aa80       0xac ./Core/Src/usart.o
                0x000000000800aa80                HAL_UART_MspInit
 .text.MX_WWDG_Init
                0x000000000800ab2c       0x30 ./Core/Src/wwdg.o
                0x000000000800ab2c                MX_WWDG_Init
 .text.HAL_WWDG_MspInit
                0x000000000800ab5c       0x40 ./Core/Src/wwdg.o
                0x000000000800ab5c                HAL_WWDG_MspInit
 .text.data_initializers
                0x000000000800ab9c       0x18 ./Core/Startup/startup_stm32wb55rgvx.o
 .text.Reset_Handler
                0x000000000800abb4       0x54 ./Core/Startup/startup_stm32wb55rgvx.o
                0x000000000800abb4                Reset_Handler
 .text.Default_Handler
                0x000000000800ac08        0x2 ./Core/Startup/startup_stm32wb55rgvx.o
                0x000000000800ac08                TIM1_CC_IRQHandler
                0x000000000800ac08                TSC_IRQHandler
                0x000000000800ac08                LPTIM2_IRQHandler
                0x000000000800ac08                FPU_IRQHandler
                0x000000000800ac08                TIM1_UP_TIM16_IRQHandler
                0x000000000800ac08                AES1_IRQHandler
                0x000000000800ac08                PWR_SOTF_BLEACT_802ACT_RFPHASE_IRQHandler
                0x000000000800ac08                PKA_IRQHandler
                0x000000000800ac08                LCD_IRQHandler
                0x000000000800ac08                DMAMUX1_OVR_IRQHandler
                0x000000000800ac08                DMA2_Channel4_IRQHandler
                0x000000000800ac08                RCC_IRQHandler
                0x000000000800ac08                Default_Handler
                0x000000000800ac08                DMA2_Channel7_IRQHandler
                0x000000000800ac08                C2SEV_PWR_C2H_IRQHandler
                0x000000000800ac08                AES2_IRQHandler
                0x000000000800ac08                PVD_PVM_IRQHandler
                0x000000000800ac08                DMA2_Channel5_IRQHandler
                0x000000000800ac08                CRS_IRQHandler
                0x000000000800ac08                RNG_IRQHandler
                0x000000000800ac08                TAMP_STAMP_LSECSS_IRQHandler
                0x000000000800ac08                COMP_IRQHandler
                0x000000000800ac08                LPUART1_IRQHandler
                0x000000000800ac08                DMA2_Channel6_IRQHandler
                0x000000000800ac08                TIM1_BRK_IRQHandler
                0x000000000800ac08                LPTIM1_IRQHandler
                0x000000000800ac08                SAI1_IRQHandler
                0x000000000800ac08                DMA2_Channel3_IRQHandler
 *fill*         0x000000000800ac0a        0x2 
 .text.HAL_Init
                0x000000000800ac0c       0x2c ./Drivers/STM32WBxx_HAL_Driver/Src/stm32wbxx_hal.o
                0x000000000800ac0c                HAL_Init
 .text.HAL_IncTick
                0x000000000800ac38       0x18 ./Drivers/STM32WBxx_HAL_Driver/Src/stm32wbxx_hal.o
                0x000000000800ac38                HAL_IncTick
 .text.HAL_GetTick
                0x000000000800ac50        0xc ./Drivers/STM32WBxx_HAL_Driver/Src/stm32wbxx_hal.o
                0x000000000800ac50                HAL_GetTick
 .text.HAL_GetTickPrio
                0x000000000800ac5c        0xc ./Drivers/STM32WBxx_HAL_Driver/Src/stm32wbxx_hal.o
                0x000000000800ac5c                HAL_GetTickPrio
 .text.HAL_GetUIDw0
                0x000000000800ac68        0xc ./Drivers/STM32WBxx_HAL_Driver/Src/stm32wbxx_hal.o
                0x000000000800ac68                HAL_GetUIDw0
 .text.HAL_GetUIDw1
                0x000000000800ac74        0xc ./Drivers/STM32WBxx_HAL_Driver/Src/stm32wbxx_hal.o
                0x000000000800ac74                HAL_GetUIDw1
 .text.HAL_GetUIDw2
                0x000000000800ac80        0xc ./Drivers/STM32WBxx_HAL_Driver/Src/stm32wbxx_hal.o
                0x000000000800ac80                HAL_GetUIDw2
 .text.HAL_DBGMCU_EnableDBGSleepMode
                0x000000000800ac8c       0x10 ./Drivers/STM32WBxx_HAL_Driver/Src/stm32wbxx_hal.o
                0x000000000800ac8c                HAL_DBGMCU_EnableDBGSleepMode
 .text.HAL_DBGMCU_EnableDBGStopMode
                0x000000000800ac9c       0x10 ./Drivers/STM32WBxx_HAL_Driver/Src/stm32wbxx_hal.o
                0x000000000800ac9c                HAL_DBGMCU_EnableDBGStopMode
 .text.HAL_ADC_Init
                0x000000000800acac      0x1d0 ./Drivers/STM32WBxx_HAL_Driver/Src/stm32wbxx_hal_adc.o
                0x000000000800acac                HAL_ADC_Init
 .text.HAL_ADC_GetValue
                0x000000000800ae7c        0x6 ./Drivers/STM32WBxx_HAL_Driver/Src/stm32wbxx_hal_adc.o
                0x000000000800ae7c                HAL_ADC_GetValue
 .text.HAL_ADC_LevelOutOfWindowCallback
                0x000000000800ae82        0x2 ./Drivers/STM32WBxx_HAL_Driver/Src/stm32wbxx_hal_adc.o
                0x000000000800ae82                HAL_ADC_LevelOutOfWindowCallback
 .text.HAL_ADC_IRQHandler
                0x000000000800ae84      0x226 ./Drivers/STM32WBxx_HAL_Driver/Src/stm32wbxx_hal_adc.o
                0x000000000800ae84                HAL_ADC_IRQHandler
 *fill*         0x000000000800b0aa        0x2 
 .text.HAL_ADC_ConfigChannel
                0x000000000800b0ac      0x474 ./Drivers/STM32WBxx_HAL_Driver/Src/stm32wbxx_hal_adc.o
                0x000000000800b0ac                HAL_ADC_ConfigChannel
 .text.ADC_ConversionStop
                0x000000000800b520      0x120 ./Drivers/STM32WBxx_HAL_Driver/Src/stm32wbxx_hal_adc.o
                0x000000000800b520                ADC_ConversionStop
 .text.ADC_Enable
                0x000000000800b640       0xd0 ./Drivers/STM32WBxx_HAL_Driver/Src/stm32wbxx_hal_adc.o
                0x000000000800b640                ADC_Enable
 .text.HAL_ADC_Start_IT
                0x000000000800b710       0xa2 ./Drivers/STM32WBxx_HAL_Driver/Src/stm32wbxx_hal_adc.o
                0x000000000800b710                HAL_ADC_Start_IT
 .text.ADC_Disable
                0x000000000800b7b2       0x9e ./Drivers/STM32WBxx_HAL_Driver/Src/stm32wbxx_hal_adc.o
                0x000000000800b7b2                ADC_Disable
 .text.HAL_ADC_Stop
                0x000000000800b850       0x42 ./Drivers/STM32WBxx_HAL_Driver/Src/stm32wbxx_hal_adc.o
                0x000000000800b850                HAL_ADC_Stop
 *fill*         0x000000000800b892        0x2 
 .text.HAL_ADCEx_Calibration_Start
                0x000000000800b894       0x9c ./Drivers/STM32WBxx_HAL_Driver/Src/stm32wbxx_hal_adc_ex.o
                0x000000000800b894                HAL_ADCEx_Calibration_Start
 .text.HAL_ADCEx_Calibration_GetValue
                0x000000000800b930       0x16 ./Drivers/STM32WBxx_HAL_Driver/Src/stm32wbxx_hal_adc_ex.o
                0x000000000800b930                HAL_ADCEx_Calibration_GetValue
 .text.HAL_ADCEx_InjectedConvCpltCallback
                0x000000000800b946        0x2 ./Drivers/STM32WBxx_HAL_Driver/Src/stm32wbxx_hal_adc_ex.o
                0x000000000800b946                HAL_ADCEx_InjectedConvCpltCallback
 .text.HAL_ADCEx_InjectedQueueOverflowCallback
                0x000000000800b948        0x2 ./Drivers/STM32WBxx_HAL_Driver/Src/stm32wbxx_hal_adc_ex.o
                0x000000000800b948                HAL_ADCEx_InjectedQueueOverflowCallback
 .text.HAL_ADCEx_LevelOutOfWindow2Callback
                0x000000000800b94a        0x2 ./Drivers/STM32WBxx_HAL_Driver/Src/stm32wbxx_hal_adc_ex.o
                0x000000000800b94a                HAL_ADCEx_LevelOutOfWindow2Callback
 .text.HAL_ADCEx_LevelOutOfWindow3Callback
                0x000000000800b94c        0x2 ./Drivers/STM32WBxx_HAL_Driver/Src/stm32wbxx_hal_adc_ex.o
                0x000000000800b94c                HAL_ADCEx_LevelOutOfWindow3Callback
 .text.HAL_ADCEx_EndOfSamplingCallback
                0x000000000800b94e        0x2 ./Drivers/STM32WBxx_HAL_Driver/Src/stm32wbxx_hal_adc_ex.o
                0x000000000800b94e                HAL_ADCEx_EndOfSamplingCallback
 .text.HAL_NVIC_SetPriorityGrouping
                0x000000000800b950       0x24 ./Drivers/STM32WBxx_HAL_Driver/Src/stm32wbxx_hal_cortex.o
                0x000000000800b950                HAL_NVIC_SetPriorityGrouping
 .text.HAL_NVIC_SetPriority
                0x000000000800b974       0x6c ./Drivers/STM32WBxx_HAL_Driver/Src/stm32wbxx_hal_cortex.o
                0x000000000800b974                HAL_NVIC_SetPriority
 .text.HAL_NVIC_EnableIRQ
                0x000000000800b9e0       0x1c ./Drivers/STM32WBxx_HAL_Driver/Src/stm32wbxx_hal_cortex.o
                0x000000000800b9e0                HAL_NVIC_EnableIRQ
 .text.HAL_NVIC_DisableIRQ
                0x000000000800b9fc       0x24 ./Drivers/STM32WBxx_HAL_Driver/Src/stm32wbxx_hal_cortex.o
                0x000000000800b9fc                HAL_NVIC_DisableIRQ
 .text.HAL_NVIC_SystemReset
                0x000000000800ba20       0x24 ./Drivers/STM32WBxx_HAL_Driver/Src/stm32wbxx_hal_cortex.o
                0x000000000800ba20                HAL_NVIC_SystemReset
 .text.HAL_NVIC_SetPendingIRQ
                0x000000000800ba44       0x1c ./Drivers/STM32WBxx_HAL_Driver/Src/stm32wbxx_hal_cortex.o
                0x000000000800ba44                HAL_NVIC_SetPendingIRQ
 .text.HAL_NVIC_ClearPendingIRQ
                0x000000000800ba60       0x1c ./Drivers/STM32WBxx_HAL_Driver/Src/stm32wbxx_hal_cortex.o
                0x000000000800ba60                HAL_NVIC_ClearPendingIRQ
 .text.HAL_CRC_Init
                0x000000000800ba7c       0x80 ./Drivers/STM32WBxx_HAL_Driver/Src/stm32wbxx_hal_crc.o
                0x000000000800ba7c                HAL_CRC_Init
 .text.HAL_CRCEx_Polynomial_Set
                0x000000000800bafc       0x94 ./Drivers/STM32WBxx_HAL_Driver/Src/stm32wbxx_hal_crc_ex.o
                0x000000000800bafc                HAL_CRCEx_Polynomial_Set
 .text.HAL_CRYP_Init
                0x000000000800bb90       0x44 ./Drivers/STM32WBxx_HAL_Driver/Src/stm32wbxx_hal_cryp.o
                0x000000000800bb90                HAL_CRYP_Init
 .text.DMA_SetConfig
                0x000000000800bbd4       0x42 ./Drivers/STM32WBxx_HAL_Driver/Src/stm32wbxx_hal_dma.o
 *fill*         0x000000000800bc16        0x2 
 .text.DMA_CalcDMAMUXChannelBaseAndMask
                0x000000000800bc18       0x50 ./Drivers/STM32WBxx_HAL_Driver/Src/stm32wbxx_hal_dma.o
 .text.HAL_DMA_Init
                0x000000000800bc68       0xf0 ./Drivers/STM32WBxx_HAL_Driver/Src/stm32wbxx_hal_dma.o
                0x000000000800bc68                HAL_DMA_Init
 .text.HAL_DMA_Start_IT
                0x000000000800bd58       0x94 ./Drivers/STM32WBxx_HAL_Driver/Src/stm32wbxx_hal_dma.o
                0x000000000800bd58                HAL_DMA_Start_IT
 .text.HAL_DMA_Abort
                0x000000000800bdec       0x74 ./Drivers/STM32WBxx_HAL_Driver/Src/stm32wbxx_hal_dma.o
                0x000000000800bdec                HAL_DMA_Abort
 .text.HAL_DMA_Abort_IT
                0x000000000800be60       0x72 ./Drivers/STM32WBxx_HAL_Driver/Src/stm32wbxx_hal_dma.o
                0x000000000800be60                HAL_DMA_Abort_IT
 .text.HAL_DMA_IRQHandler
                0x000000000800bed2       0xc4 ./Drivers/STM32WBxx_HAL_Driver/Src/stm32wbxx_hal_dma.o
                0x000000000800bed2                HAL_DMA_IRQHandler
 .text.HAL_DMA_GetState
                0x000000000800bf96        0x6 ./Drivers/STM32WBxx_HAL_Driver/Src/stm32wbxx_hal_dma.o
                0x000000000800bf96                HAL_DMA_GetState
 .text.HAL_FLASH_EndOfOperationCallback
                0x000000000800bf9c        0x2 ./Drivers/STM32WBxx_HAL_Driver/Src/stm32wbxx_hal_flash.o
                0x000000000800bf9c                HAL_FLASH_EndOfOperationCallback
 .text.HAL_FLASH_OperationErrorCallback
                0x000000000800bf9e        0x2 ./Drivers/STM32WBxx_HAL_Driver/Src/stm32wbxx_hal_flash.o
                0x000000000800bf9e                HAL_FLASH_OperationErrorCallback
 .text.HAL_FLASH_IRQHandler
                0x000000000800bfa0       0xb8 ./Drivers/STM32WBxx_HAL_Driver/Src/stm32wbxx_hal_flash.o
                0x000000000800bfa0                HAL_FLASH_IRQHandler
 .text.HAL_FLASH_Unlock
                0x000000000800c058       0x28 ./Drivers/STM32WBxx_HAL_Driver/Src/stm32wbxx_hal_flash.o
                0x000000000800c058                HAL_FLASH_Unlock
 .text.HAL_FLASH_Lock
                0x000000000800c080       0x18 ./Drivers/STM32WBxx_HAL_Driver/Src/stm32wbxx_hal_flash.o
                0x000000000800c080                HAL_FLASH_Lock
 .text.FLASH_WaitForLastOperation
                0x000000000800c098       0x7c ./Drivers/STM32WBxx_HAL_Driver/Src/stm32wbxx_hal_flash.o
                0x000000000800c098                FLASH_WaitForLastOperation
 .text.HAL_FLASH_Program
                0x000000000800c114       0x6c ./Drivers/STM32WBxx_HAL_Driver/Src/stm32wbxx_hal_flash.o
                0x000000000800c114                HAL_FLASH_Program
 .text.HAL_FLASHEx_IsOperationSuspended
                0x000000000800c180       0x10 ./Drivers/STM32WBxx_HAL_Driver/Src/stm32wbxx_hal_flash_ex.o
                0x000000000800c180                HAL_FLASHEx_IsOperationSuspended
 .text.FLASH_PageErase
                0x000000000800c190       0x1c ./Drivers/STM32WBxx_HAL_Driver/Src/stm32wbxx_hal_flash_ex.o
                0x000000000800c190                FLASH_PageErase
 .text.HAL_FLASHEx_Erase
                0x000000000800c1ac       0xe0 ./Drivers/STM32WBxx_HAL_Driver/Src/stm32wbxx_hal_flash_ex.o
                0x000000000800c1ac                HAL_FLASHEx_Erase
 .text.HAL_GPIO_Init
                0x000000000800c28c      0x1a4 ./Drivers/STM32WBxx_HAL_Driver/Src/stm32wbxx_hal_gpio.o
                0x000000000800c28c                HAL_GPIO_Init
 .text.HAL_GPIO_ReadPin
                0x000000000800c430        0xc ./Drivers/STM32WBxx_HAL_Driver/Src/stm32wbxx_hal_gpio.o
                0x000000000800c430                HAL_GPIO_ReadPin
 .text.HAL_GPIO_WritePin
                0x000000000800c43c        0xa ./Drivers/STM32WBxx_HAL_Driver/Src/stm32wbxx_hal_gpio.o
                0x000000000800c43c                HAL_GPIO_WritePin
 *fill*         0x000000000800c446        0x2 
 .text.HAL_GPIO_EXTI_IRQHandler
                0x000000000800c448       0x1c ./Drivers/STM32WBxx_HAL_Driver/Src/stm32wbxx_hal_gpio.o
                0x000000000800c448                HAL_GPIO_EXTI_IRQHandler
 .text.HAL_HSEM_FastTake
                0x000000000800c464       0x1c ./Drivers/STM32WBxx_HAL_Driver/Src/stm32wbxx_hal_hsem.o
                0x000000000800c464                HAL_HSEM_FastTake
 .text.HAL_HSEM_IsSemTaken
                0x000000000800c480       0x10 ./Drivers/STM32WBxx_HAL_Driver/Src/stm32wbxx_hal_hsem.o
                0x000000000800c480                HAL_HSEM_IsSemTaken
 .text.HAL_HSEM_Release
                0x000000000800c490       0x10 ./Drivers/STM32WBxx_HAL_Driver/Src/stm32wbxx_hal_hsem.o
                0x000000000800c490                HAL_HSEM_Release
 .text.HAL_HSEM_FreeCallback
                0x000000000800c4a0        0x2 ./Drivers/STM32WBxx_HAL_Driver/Src/stm32wbxx_hal_hsem.o
                0x000000000800c4a0                HAL_HSEM_FreeCallback
 *fill*         0x000000000800c4a2        0x2 
 .text.HAL_HSEM_IRQHandler
                0x000000000800c4a4       0x1c ./Drivers/STM32WBxx_HAL_Driver/Src/stm32wbxx_hal_hsem.o
                0x000000000800c4a4                HAL_HSEM_IRQHandler
 .text.I2C_Flush_TXDR
                0x000000000800c4c0       0x22 ./Drivers/STM32WBxx_HAL_Driver/Src/stm32wbxx_hal_i2c.o
 .text.I2C_TransferConfig
                0x000000000800c4e2       0x3a ./Drivers/STM32WBxx_HAL_Driver/Src/stm32wbxx_hal_i2c.o
 .text.I2C_Enable_IRQ
                0x000000000800c51c       0x98 ./Drivers/STM32WBxx_HAL_Driver/Src/stm32wbxx_hal_i2c.o
 .text.I2C_Disable_IRQ
                0x000000000800c5b4       0x66 ./Drivers/STM32WBxx_HAL_Driver/Src/stm32wbxx_hal_i2c.o
 .text.I2C_ConvertOtherXferOptions
                0x000000000800c61a       0x1c ./Drivers/STM32WBxx_HAL_Driver/Src/stm32wbxx_hal_i2c.o
 .text.I2C_WaitOnFlagUntilTimeout
                0x000000000800c636       0x70 ./Drivers/STM32WBxx_HAL_Driver/Src/stm32wbxx_hal_i2c.o
 .text.HAL_I2C_Init
                0x000000000800c6a6       0xb8 ./Drivers/STM32WBxx_HAL_Driver/Src/stm32wbxx_hal_i2c.o
                0x000000000800c6a6                HAL_I2C_Init
 *fill*         0x000000000800c75e        0x2 
 .text.HAL_I2C_Master_Transmit_DMA
                0x000000000800c760      0x174 ./Drivers/STM32WBxx_HAL_Driver/Src/stm32wbxx_hal_i2c.o
                0x000000000800c760                HAL_I2C_Master_Transmit_DMA
 .text.HAL_I2C_Master_Receive_DMA
                0x000000000800c8d4      0x14c ./Drivers/STM32WBxx_HAL_Driver/Src/stm32wbxx_hal_i2c.o
                0x000000000800c8d4                HAL_I2C_Master_Receive_DMA
 .text.HAL_I2C_IsDeviceReady
                0x000000000800ca20      0x16a ./Drivers/STM32WBxx_HAL_Driver/Src/stm32wbxx_hal_i2c.o
                0x000000000800ca20                HAL_I2C_IsDeviceReady
 *fill*         0x000000000800cb8a        0x2 
 .text.HAL_I2C_Master_Seq_Transmit_DMA
                0x000000000800cb8c      0x1bc ./Drivers/STM32WBxx_HAL_Driver/Src/stm32wbxx_hal_i2c.o
                0x000000000800cb8c                HAL_I2C_Master_Seq_Transmit_DMA
 .text.HAL_I2C_Master_Seq_Receive_DMA
                0x000000000800cd48      0x174 ./Drivers/STM32WBxx_HAL_Driver/Src/stm32wbxx_hal_i2c.o
                0x000000000800cd48                HAL_I2C_Master_Seq_Receive_DMA
 .text.HAL_I2C_EV_IRQHandler
                0x000000000800cebc       0x10 ./Drivers/STM32WBxx_HAL_Driver/Src/stm32wbxx_hal_i2c.o
                0x000000000800cebc                HAL_I2C_EV_IRQHandler
 .text.I2C_ITMasterSeqCplt
                0x000000000800cecc       0x54 ./Drivers/STM32WBxx_HAL_Driver/Src/stm32wbxx_hal_i2c.o
 .text.HAL_I2C_SlaveTxCpltCallback
                0x000000000800cf20        0x2 ./Drivers/STM32WBxx_HAL_Driver/Src/stm32wbxx_hal_i2c.o
                0x000000000800cf20                HAL_I2C_SlaveTxCpltCallback
 .text.HAL_I2C_SlaveRxCpltCallback
                0x000000000800cf22        0x2 ./Drivers/STM32WBxx_HAL_Driver/Src/stm32wbxx_hal_i2c.o
                0x000000000800cf22                HAL_I2C_SlaveRxCpltCallback
 .text.I2C_ITSlaveSeqCplt
                0x000000000800cf24       0x82 ./Drivers/STM32WBxx_HAL_Driver/Src/stm32wbxx_hal_i2c.o
 .text.HAL_I2C_AddrCallback
                0x000000000800cfa6        0x2 ./Drivers/STM32WBxx_HAL_Driver/Src/stm32wbxx_hal_i2c.o
                0x000000000800cfa6                HAL_I2C_AddrCallback
 .text.I2C_ITAddrCplt
                0x000000000800cfa8       0x9e ./Drivers/STM32WBxx_HAL_Driver/Src/stm32wbxx_hal_i2c.o
 .text.HAL_I2C_ListenCpltCallback
                0x000000000800d046        0x2 ./Drivers/STM32WBxx_HAL_Driver/Src/stm32wbxx_hal_i2c.o
                0x000000000800d046                HAL_I2C_ListenCpltCallback
 .text.I2C_ITListenCplt
                0x000000000800d048       0x68 ./Drivers/STM32WBxx_HAL_Driver/Src/stm32wbxx_hal_i2c.o
 .text.HAL_I2C_MemTxCpltCallback
                0x000000000800d0b0        0x2 ./Drivers/STM32WBxx_HAL_Driver/Src/stm32wbxx_hal_i2c.o
                0x000000000800d0b0                HAL_I2C_MemTxCpltCallback
 .text.HAL_I2C_MemRxCpltCallback
                0x000000000800d0b2        0x2 ./Drivers/STM32WBxx_HAL_Driver/Src/stm32wbxx_hal_i2c.o
                0x000000000800d0b2                HAL_I2C_MemRxCpltCallback
 .text.I2C_TreatErrorCallback
                0x000000000800d0b4       0x2e ./Drivers/STM32WBxx_HAL_Driver/Src/stm32wbxx_hal_i2c.o
 *fill*         0x000000000800d0e2        0x2 
 .text.I2C_ITError
                0x000000000800d0e4      0x130 ./Drivers/STM32WBxx_HAL_Driver/Src/stm32wbxx_hal_i2c.o
 .text.I2C_ITSlaveCplt
                0x000000000800d214      0x168 ./Drivers/STM32WBxx_HAL_Driver/Src/stm32wbxx_hal_i2c.o
 .text.I2C_Slave_ISR_IT
                0x000000000800d37c      0x144 ./Drivers/STM32WBxx_HAL_Driver/Src/stm32wbxx_hal_i2c.o
 .text.I2C_ITMasterCplt
                0x000000000800d4c0      0x12e ./Drivers/STM32WBxx_HAL_Driver/Src/stm32wbxx_hal_i2c.o
 .text.I2C_Master_ISR_IT
                0x000000000800d5ee      0x190 ./Drivers/STM32WBxx_HAL_Driver/Src/stm32wbxx_hal_i2c.o
 *fill*         0x000000000800d77e        0x2 
 .text.I2C_Mem_ISR_DMA
                0x000000000800d780      0x194 ./Drivers/STM32WBxx_HAL_Driver/Src/stm32wbxx_hal_i2c.o
 .text.I2C_Slave_ISR_DMA
                0x000000000800d914      0x148 ./Drivers/STM32WBxx_HAL_Driver/Src/stm32wbxx_hal_i2c.o
 .text.I2C_Master_ISR_DMA
                0x000000000800da5c      0x136 ./Drivers/STM32WBxx_HAL_Driver/Src/stm32wbxx_hal_i2c.o
 .text.I2C_DMAError
                0x000000000800db92       0x16 ./Drivers/STM32WBxx_HAL_Driver/Src/stm32wbxx_hal_i2c.o
 .text.I2C_DMAMasterTransmitCplt
                0x000000000800dba8       0x56 ./Drivers/STM32WBxx_HAL_Driver/Src/stm32wbxx_hal_i2c.o
 .text.I2C_DMAMasterReceiveCplt
                0x000000000800dbfe       0x56 ./Drivers/STM32WBxx_HAL_Driver/Src/stm32wbxx_hal_i2c.o
 .text.HAL_I2C_ER_IRQHandler
                0x000000000800dc54       0x86 ./Drivers/STM32WBxx_HAL_Driver/Src/stm32wbxx_hal_i2c.o
                0x000000000800dc54                HAL_I2C_ER_IRQHandler
 .text.I2C_DMAAbort
                0x000000000800dcda       0x1a ./Drivers/STM32WBxx_HAL_Driver/Src/stm32wbxx_hal_i2c.o
 .text.HAL_I2CEx_ConfigAnalogFilter
                0x000000000800dcf4       0x5c ./Drivers/STM32WBxx_HAL_Driver/Src/stm32wbxx_hal_i2c_ex.o
                0x000000000800dcf4                HAL_I2CEx_ConfigAnalogFilter
 .text.HAL_I2CEx_ConfigDigitalFilter
                0x000000000800dd50       0x58 ./Drivers/STM32WBxx_HAL_Driver/Src/stm32wbxx_hal_i2c_ex.o
                0x000000000800dd50                HAL_I2CEx_ConfigDigitalFilter
 .text.HAL_IPCC_RxCallback
                0x000000000800dda8        0x2 ./Drivers/STM32WBxx_HAL_Driver/Src/stm32wbxx_hal_ipcc.o
                0x000000000800dda8                HAL_IPCC_RxCallback
 .text.HAL_IPCC_TxCallback
                0x000000000800ddaa        0x2 ./Drivers/STM32WBxx_HAL_Driver/Src/stm32wbxx_hal_ipcc.o
                0x000000000800ddaa                HAL_IPCC_TxCallback
 .text.IPCC_SetDefaultCallbacks
                0x000000000800ddac       0x1c ./Drivers/STM32WBxx_HAL_Driver/Src/stm32wbxx_hal_ipcc.o
                0x000000000800ddac                IPCC_SetDefaultCallbacks
 .text.HAL_IPCC_Init
                0x000000000800ddc8       0x44 ./Drivers/STM32WBxx_HAL_Driver/Src/stm32wbxx_hal_ipcc.o
                0x000000000800ddc8                HAL_IPCC_Init
 .text.HAL_PKA_Init
                0x000000000800de0c       0x30 ./Drivers/STM32WBxx_HAL_Driver/Src/stm32wbxx_hal_pka.o
                0x000000000800de0c                HAL_PKA_Init
 .text.HAL_PWR_EnableBkUpAccess
                0x000000000800de3c       0x10 ./Drivers/STM32WBxx_HAL_Driver/Src/stm32wbxx_hal_pwr.o
                0x000000000800de3c                HAL_PWR_EnableBkUpAccess
 .text.HAL_PWREx_GetVoltageRange
                0x000000000800de4c       0x10 ./Drivers/STM32WBxx_HAL_Driver/Src/stm32wbxx_hal_pwr_ex.o
                0x000000000800de4c                HAL_PWREx_GetVoltageRange
 .text.HAL_PWREx_EnableVddUSB
                0x000000000800de5c       0x10 ./Drivers/STM32WBxx_HAL_Driver/Src/stm32wbxx_hal_pwr_ex.o
                0x000000000800de5c                HAL_PWREx_EnableVddUSB
 .text.HAL_PWREx_EnableGPIOPullUp
                0x000000000800de6c       0x98 ./Drivers/STM32WBxx_HAL_Driver/Src/stm32wbxx_hal_pwr_ex.o
                0x000000000800de6c                HAL_PWREx_EnableGPIOPullUp
 .text.HAL_PWREx_EnablePullUpPullDownConfig
                0x000000000800df04       0x10 ./Drivers/STM32WBxx_HAL_Driver/Src/stm32wbxx_hal_pwr_ex.o
                0x000000000800df04                HAL_PWREx_EnablePullUpPullDownConfig
 .text.HAL_PWREx_EnableWakeUpPin
                0x000000000800df14       0x38 ./Drivers/STM32WBxx_HAL_Driver/Src/stm32wbxx_hal_pwr_ex.o
                0x000000000800df14                HAL_PWREx_EnableWakeUpPin
 .text.HAL_PWREx_ClearWakeupFlag
                0x000000000800df4c       0x1c ./Drivers/STM32WBxx_HAL_Driver/Src/stm32wbxx_hal_pwr_ex.o
                0x000000000800df4c                HAL_PWREx_ClearWakeupFlag
 .text.HAL_PWREx_EnterSHUTDOWNMode
                0x000000000800df68       0x2c ./Drivers/STM32WBxx_HAL_Driver/Src/stm32wbxx_hal_pwr_ex.o
                0x000000000800df68                HAL_PWREx_EnterSHUTDOWNMode
 .text.QSPI_DMARxCplt
                0x000000000800df94       0x12 ./Drivers/STM32WBxx_HAL_Driver/Src/stm32wbxx_hal_qspi.o
 .text.QSPI_DMATxCplt
                0x000000000800dfa6       0x12 ./Drivers/STM32WBxx_HAL_Driver/Src/stm32wbxx_hal_qspi.o
 .text.QSPI_Config
                0x000000000800dfb8      0x196 ./Drivers/STM32WBxx_HAL_Driver/Src/stm32wbxx_hal_qspi.o
 .text.QSPI_WaitFlagStateUntilTimeout
                0x000000000800e14e       0x56 ./Drivers/STM32WBxx_HAL_Driver/Src/stm32wbxx_hal_qspi.o
 .text.HAL_QSPI_Init
                0x000000000800e1a4       0xa4 ./Drivers/STM32WBxx_HAL_Driver/Src/stm32wbxx_hal_qspi.o
                0x000000000800e1a4                HAL_QSPI_Init
 .text.HAL_QSPI_Command_IT
                0x000000000800e248       0x92 ./Drivers/STM32WBxx_HAL_Driver/Src/stm32wbxx_hal_qspi.o
                0x000000000800e248                HAL_QSPI_Command_IT
 *fill*         0x000000000800e2da        0x2 
 .text.HAL_QSPI_Transmit_DMA
                0x000000000800e2dc      0x144 ./Drivers/STM32WBxx_HAL_Driver/Src/stm32wbxx_hal_qspi.o
                0x000000000800e2dc                HAL_QSPI_Transmit_DMA
 .text.HAL_QSPI_Receive_DMA
                0x000000000800e420      0x150 ./Drivers/STM32WBxx_HAL_Driver/Src/stm32wbxx_hal_qspi.o
                0x000000000800e420                HAL_QSPI_Receive_DMA
 .text.HAL_QSPI_AutoPolling_IT
                0x000000000800e570       0xae ./Drivers/STM32WBxx_HAL_Driver/Src/stm32wbxx_hal_qspi.o
                0x000000000800e570                HAL_QSPI_AutoPolling_IT
 .text.QSPI_DMAAbortCplt
                0x000000000800e61e       0x3c ./Drivers/STM32WBxx_HAL_Driver/Src/stm32wbxx_hal_qspi.o
 .text.HAL_QSPI_AbortCpltCallback
                0x000000000800e65a        0x2 ./Drivers/STM32WBxx_HAL_Driver/Src/stm32wbxx_hal_qspi.o
                0x000000000800e65a                HAL_QSPI_AbortCpltCallback
 .text.HAL_QSPI_RxHalfCpltCallback
                0x000000000800e65c        0x2 ./Drivers/STM32WBxx_HAL_Driver/Src/stm32wbxx_hal_qspi.o
                0x000000000800e65c                HAL_QSPI_RxHalfCpltCallback
 .text.QSPI_DMARxHalfCplt
                0x000000000800e65e        0xa ./Drivers/STM32WBxx_HAL_Driver/Src/stm32wbxx_hal_qspi.o
 .text.HAL_QSPI_TxHalfCpltCallback
                0x000000000800e668        0x2 ./Drivers/STM32WBxx_HAL_Driver/Src/stm32wbxx_hal_qspi.o
                0x000000000800e668                HAL_QSPI_TxHalfCpltCallback
 .text.QSPI_DMATxHalfCplt
                0x000000000800e66a        0xa ./Drivers/STM32WBxx_HAL_Driver/Src/stm32wbxx_hal_qspi.o
 .text.HAL_QSPI_FifoThresholdCallback
                0x000000000800e674        0x2 ./Drivers/STM32WBxx_HAL_Driver/Src/stm32wbxx_hal_qspi.o
                0x000000000800e674                HAL_QSPI_FifoThresholdCallback
 .text.HAL_QSPI_TimeOutCallback
                0x000000000800e676        0x2 ./Drivers/STM32WBxx_HAL_Driver/Src/stm32wbxx_hal_qspi.o
                0x000000000800e676                HAL_QSPI_TimeOutCallback
 .text.HAL_QSPI_IRQHandler
                0x000000000800e678      0x260 ./Drivers/STM32WBxx_HAL_Driver/Src/stm32wbxx_hal_qspi.o
                0x000000000800e678                HAL_QSPI_IRQHandler
 .text.HAL_QSPI_Abort_IT
                0x000000000800e8d8       0x88 ./Drivers/STM32WBxx_HAL_Driver/Src/stm32wbxx_hal_qspi.o
                0x000000000800e8d8                HAL_QSPI_Abort_IT
 .text.QSPI_DMAError
                0x000000000800e960       0x22 ./Drivers/STM32WBxx_HAL_Driver/Src/stm32wbxx_hal_qspi.o
 *fill*         0x000000000800e982        0x2 
 .text.RCC_SetFlashLatencyFromMSIRange
                0x000000000800e984       0xf8 ./Drivers/STM32WBxx_HAL_Driver/Src/stm32wbxx_hal_rcc.o
 .text.HAL_RCC_GetSysClockFreq
                0x000000000800ea7c       0xbc ./Drivers/STM32WBxx_HAL_Driver/Src/stm32wbxx_hal_rcc.o
                0x000000000800ea7c                HAL_RCC_GetSysClockFreq
 .text.HAL_RCC_GetHCLKFreq
                0x000000000800eb38       0x20 ./Drivers/STM32WBxx_HAL_Driver/Src/stm32wbxx_hal_rcc.o
                0x000000000800eb38                HAL_RCC_GetHCLKFreq
 .text.HAL_RCC_OscConfig
                0x000000000800eb58      0x708 ./Drivers/STM32WBxx_HAL_Driver/Src/stm32wbxx_hal_rcc.o
                0x000000000800eb58                HAL_RCC_OscConfig
 .text.HAL_RCC_ClockConfig
                0x000000000800f260      0x268 ./Drivers/STM32WBxx_HAL_Driver/Src/stm32wbxx_hal_rcc.o
                0x000000000800f260                HAL_RCC_ClockConfig
 .text.HAL_RCC_GetPCLK1Freq
                0x000000000800f4c8       0x24 ./Drivers/STM32WBxx_HAL_Driver/Src/stm32wbxx_hal_rcc.o
                0x000000000800f4c8                HAL_RCC_GetPCLK1Freq
 .text.HAL_RCC_GetPCLK2Freq
                0x000000000800f4ec       0x24 ./Drivers/STM32WBxx_HAL_Driver/Src/stm32wbxx_hal_rcc.o
                0x000000000800f4ec                HAL_RCC_GetPCLK2Freq
 .text.HAL_RCC_GetClockConfig
                0x000000000800f510       0x4c ./Drivers/STM32WBxx_HAL_Driver/Src/stm32wbxx_hal_rcc.o
                0x000000000800f510                HAL_RCC_GetClockConfig
 .text.HAL_RCCEx_PeriphCLKConfig
                0x000000000800f55c      0x45a ./Drivers/STM32WBxx_HAL_Driver/Src/stm32wbxx_hal_rcc_ex.o
                0x000000000800f55c                HAL_RCCEx_PeriphCLKConfig
 *fill*         0x000000000800f9b6        0x2 
 .text.HAL_RCCEx_CRSConfig
                0x000000000800f9b8       0x48 ./Drivers/STM32WBxx_HAL_Driver/Src/stm32wbxx_hal_rcc_ex.o
                0x000000000800f9b8                HAL_RCCEx_CRSConfig
 .text.HAL_RNG_Init
                0x000000000800fa00       0x3c ./Drivers/STM32WBxx_HAL_Driver/Src/stm32wbxx_hal_rng.o
                0x000000000800fa00                HAL_RNG_Init
 .text.HAL_RTC_AlarmIRQHandler
                0x000000000800fa3c       0x64 ./Drivers/STM32WBxx_HAL_Driver/Src/stm32wbxx_hal_rtc.o
                0x000000000800fa3c                HAL_RTC_AlarmIRQHandler
 .text.HAL_RTC_WaitForSynchro
                0x000000000800faa0       0x32 ./Drivers/STM32WBxx_HAL_Driver/Src/stm32wbxx_hal_rtc.o
                0x000000000800faa0                HAL_RTC_WaitForSynchro
 .text.RTC_EnterInitMode
                0x000000000800fad2       0x3c ./Drivers/STM32WBxx_HAL_Driver/Src/stm32wbxx_hal_rtc.o
                0x000000000800fad2                RTC_EnterInitMode
 *fill*         0x000000000800fb0e        0x2 
 .text.HAL_RTC_Init
                0x000000000800fb10       0xe4 ./Drivers/STM32WBxx_HAL_Driver/Src/stm32wbxx_hal_rtc.o
                0x000000000800fb10                HAL_RTC_Init
 .text.RTC_ByteToBcd2
                0x000000000800fbf4       0x1c ./Drivers/STM32WBxx_HAL_Driver/Src/stm32wbxx_hal_rtc.o
                0x000000000800fbf4                RTC_ByteToBcd2
 .text.HAL_RTC_SetTime
                0x000000000800fc10      0x116 ./Drivers/STM32WBxx_HAL_Driver/Src/stm32wbxx_hal_rtc.o
                0x000000000800fc10                HAL_RTC_SetTime
 .text.HAL_RTC_SetDate
                0x000000000800fd26       0xf0 ./Drivers/STM32WBxx_HAL_Driver/Src/stm32wbxx_hal_rtc.o
                0x000000000800fd26                HAL_RTC_SetDate
 *fill*         0x000000000800fe16        0x2 
 .text.HAL_RTC_SetAlarm_IT
                0x000000000800fe18      0x1b4 ./Drivers/STM32WBxx_HAL_Driver/Src/stm32wbxx_hal_rtc.o
                0x000000000800fe18                HAL_RTC_SetAlarm_IT
 .text.RTC_Bcd2ToByte
                0x000000000800ffcc       0x12 ./Drivers/STM32WBxx_HAL_Driver/Src/stm32wbxx_hal_rtc.o
                0x000000000800ffcc                RTC_Bcd2ToByte
 .text.HAL_RTC_GetTime
                0x000000000800ffde       0x50 ./Drivers/STM32WBxx_HAL_Driver/Src/stm32wbxx_hal_rtc.o
                0x000000000800ffde                HAL_RTC_GetTime
 .text.HAL_RTC_GetDate
                0x000000000801002e       0x3c ./Drivers/STM32WBxx_HAL_Driver/Src/stm32wbxx_hal_rtc.o
                0x000000000801002e                HAL_RTC_GetDate
 .text.HAL_RTCEx_BKUPWrite
                0x000000000801006a        0xa ./Drivers/STM32WBxx_HAL_Driver/Src/stm32wbxx_hal_rtc_ex.o
                0x000000000801006a                HAL_RTCEx_BKUPWrite
 .text.HAL_RTCEx_BKUPRead
                0x0000000008010074        0xa ./Drivers/STM32WBxx_HAL_Driver/Src/stm32wbxx_hal_rtc_ex.o
                0x0000000008010074                HAL_RTCEx_BKUPRead
 .text.HAL_RTCEx_AlarmBEventCallback
                0x000000000801007e        0x2 ./Drivers/STM32WBxx_HAL_Driver/Src/stm32wbxx_hal_rtc_ex.o
                0x000000000801007e                HAL_RTCEx_AlarmBEventCallback
 .text.SPI_WaitFlagStateUntilTimeout
                0x0000000008010080       0xd8 ./Drivers/STM32WBxx_HAL_Driver/Src/stm32wbxx_hal_spi.o
 .text.SPI_WaitFifoStateUntilTimeout
                0x0000000008010158       0xfc ./Drivers/STM32WBxx_HAL_Driver/Src/stm32wbxx_hal_spi.o
 .text.SPI_EndRxTxTransaction
                0x0000000008010254       0x62 ./Drivers/STM32WBxx_HAL_Driver/Src/stm32wbxx_hal_spi.o
 .text.SPI_EndRxTransaction
                0x00000000080102b6       0x82 ./Drivers/STM32WBxx_HAL_Driver/Src/stm32wbxx_hal_spi.o
 .text.HAL_SPI_Init
                0x0000000008010338       0xda ./Drivers/STM32WBxx_HAL_Driver/Src/stm32wbxx_hal_spi.o
                0x0000000008010338                HAL_SPI_Init
 *fill*         0x0000000008010412        0x2 
 .text.HAL_SPI_Transmit_DMA
                0x0000000008010414      0x130 ./Drivers/STM32WBxx_HAL_Driver/Src/stm32wbxx_hal_spi.o
                0x0000000008010414                HAL_SPI_Transmit_DMA
 .text.HAL_SPI_TransmitReceive_DMA
                0x0000000008010544      0x20c ./Drivers/STM32WBxx_HAL_Driver/Src/stm32wbxx_hal_spi.o
                0x0000000008010544                HAL_SPI_TransmitReceive_DMA
 .text.HAL_SPI_RxCpltCallback
                0x0000000008010750        0x2 ./Drivers/STM32WBxx_HAL_Driver/Src/stm32wbxx_hal_spi.o
                0x0000000008010750                HAL_SPI_RxCpltCallback
 .text.HAL_SPI_TxHalfCpltCallback
                0x0000000008010752        0x2 ./Drivers/STM32WBxx_HAL_Driver/Src/stm32wbxx_hal_spi.o
                0x0000000008010752                HAL_SPI_TxHalfCpltCallback
 .text.SPI_DMAHalfTransmitCplt
                0x0000000008010754        0xa ./Drivers/STM32WBxx_HAL_Driver/Src/stm32wbxx_hal_spi.o
 .text.HAL_SPI_RxHalfCpltCallback
                0x000000000801075e        0x2 ./Drivers/STM32WBxx_HAL_Driver/Src/stm32wbxx_hal_spi.o
                0x000000000801075e                HAL_SPI_RxHalfCpltCallback
 .text.SPI_DMAHalfReceiveCplt
                0x0000000008010760        0xa ./Drivers/STM32WBxx_HAL_Driver/Src/stm32wbxx_hal_spi.o
 .text.HAL_SPI_TxRxHalfCpltCallback
                0x000000000801076a        0x2 ./Drivers/STM32WBxx_HAL_Driver/Src/stm32wbxx_hal_spi.o
                0x000000000801076a                HAL_SPI_TxRxHalfCpltCallback
 .text.SPI_DMAHalfTransmitReceiveCplt
                0x000000000801076c        0xa ./Drivers/STM32WBxx_HAL_Driver/Src/stm32wbxx_hal_spi.o
 .text.SPI_DMAError
                0x0000000008010776       0x22 ./Drivers/STM32WBxx_HAL_Driver/Src/stm32wbxx_hal_spi.o
 .text.SPI_DMATransmitCplt
                0x0000000008010798       0x70 ./Drivers/STM32WBxx_HAL_Driver/Src/stm32wbxx_hal_spi.o
 .text.SPI_DMAReceiveCplt
                0x0000000008010808       0x70 ./Drivers/STM32WBxx_HAL_Driver/Src/stm32wbxx_hal_spi.o
 .text.SPI_DMATransmitReceiveCplt
                0x0000000008010878       0x5e ./Drivers/STM32WBxx_HAL_Driver/Src/stm32wbxx_hal_spi.o
 *fill*         0x00000000080108d6        0x2 
 .text.HAL_SPI_IRQHandler
                0x00000000080108d8      0x118 ./Drivers/STM32WBxx_HAL_Driver/Src/stm32wbxx_hal_spi.o
                0x00000000080108d8                HAL_SPI_IRQHandler
 .text.SPI_DMAAbortOnError
                0x00000000080109f0       0x12 ./Drivers/STM32WBxx_HAL_Driver/Src/stm32wbxx_hal_spi.o
 *fill*         0x0000000008010a02        0x2 
 .text.TIM_OC1_SetConfig
                0x0000000008010a04       0x84 ./Drivers/STM32WBxx_HAL_Driver/Src/stm32wbxx_hal_tim.o
 .text.TIM_OC3_SetConfig
                0x0000000008010a88       0x74 ./Drivers/STM32WBxx_HAL_Driver/Src/stm32wbxx_hal_tim.o
 .text.TIM_OC4_SetConfig
                0x0000000008010afc       0x5c ./Drivers/STM32WBxx_HAL_Driver/Src/stm32wbxx_hal_tim.o
 .text.TIM_OC5_SetConfig
                0x0000000008010b58       0x58 ./Drivers/STM32WBxx_HAL_Driver/Src/stm32wbxx_hal_tim.o
 .text.TIM_OC6_SetConfig
                0x0000000008010bb0       0x5c ./Drivers/STM32WBxx_HAL_Driver/Src/stm32wbxx_hal_tim.o
 .text.HAL_TIM_Base_Start_IT
                0x0000000008010c0c       0x64 ./Drivers/STM32WBxx_HAL_Driver/Src/stm32wbxx_hal_tim.o
                0x0000000008010c0c                HAL_TIM_Base_Start_IT
 .text.HAL_TIM_Base_Stop_IT
                0x0000000008010c70       0x32 ./Drivers/STM32WBxx_HAL_Driver/Src/stm32wbxx_hal_tim.o
                0x0000000008010c70                HAL_TIM_Base_Stop_IT
 .text.HAL_TIM_ReadCapturedValue
                0x0000000008010ca2       0x32 ./Drivers/STM32WBxx_HAL_Driver/Src/stm32wbxx_hal_tim.o
                0x0000000008010ca2                HAL_TIM_ReadCapturedValue
 .text.HAL_TIM_PWM_PulseFinishedCallback
                0x0000000008010cd4        0x2 ./Drivers/STM32WBxx_HAL_Driver/Src/stm32wbxx_hal_tim.o
                0x0000000008010cd4                HAL_TIM_PWM_PulseFinishedCallback
 .text.HAL_TIM_TriggerCallback
                0x0000000008010cd6        0x2 ./Drivers/STM32WBxx_HAL_Driver/Src/stm32wbxx_hal_tim.o
                0x0000000008010cd6                HAL_TIM_TriggerCallback
 .text.HAL_TIM_IRQHandler
                0x0000000008010cd8      0x180 ./Drivers/STM32WBxx_HAL_Driver/Src/stm32wbxx_hal_tim.o
                0x0000000008010cd8                HAL_TIM_IRQHandler
 .text.TIM_Base_SetConfig
                0x0000000008010e58       0xc0 ./Drivers/STM32WBxx_HAL_Driver/Src/stm32wbxx_hal_tim.o
                0x0000000008010e58                TIM_Base_SetConfig
 .text.HAL_TIM_Base_Init
                0x0000000008010f18       0x60 ./Drivers/STM32WBxx_HAL_Driver/Src/stm32wbxx_hal_tim.o
                0x0000000008010f18                HAL_TIM_Base_Init
 .text.HAL_TIM_PWM_Init
                0x0000000008010f78       0x60 ./Drivers/STM32WBxx_HAL_Driver/Src/stm32wbxx_hal_tim.o
                0x0000000008010f78                HAL_TIM_PWM_Init
 .text.HAL_TIM_IC_Init
                0x0000000008010fd8       0x60 ./Drivers/STM32WBxx_HAL_Driver/Src/stm32wbxx_hal_tim.o
                0x0000000008010fd8                HAL_TIM_IC_Init
 .text.TIM_OC2_SetConfig
                0x0000000008011038       0x74 ./Drivers/STM32WBxx_HAL_Driver/Src/stm32wbxx_hal_tim.o
                0x0000000008011038                TIM_OC2_SetConfig
 .text.HAL_TIM_OC_ConfigChannel
                0x00000000080110ac       0x7a ./Drivers/STM32WBxx_HAL_Driver/Src/stm32wbxx_hal_tim.o
                0x00000000080110ac                HAL_TIM_OC_ConfigChannel
 .text.HAL_TIM_PWM_ConfigChannel
                0x0000000008011126      0x13a ./Drivers/STM32WBxx_HAL_Driver/Src/stm32wbxx_hal_tim.o
                0x0000000008011126                HAL_TIM_PWM_ConfigChannel
 .text.TIM_TI1_SetConfig
                0x0000000008011260       0x48 ./Drivers/STM32WBxx_HAL_Driver/Src/stm32wbxx_hal_tim.o
                0x0000000008011260                TIM_TI1_SetConfig
 .text.HAL_TIM_IC_ConfigChannel
                0x00000000080112a8      0x144 ./Drivers/STM32WBxx_HAL_Driver/Src/stm32wbxx_hal_tim.o
                0x00000000080112a8                HAL_TIM_IC_ConfigChannel
 .text.TIM_CCxChannelCmd
                0x00000000080113ec       0x1e ./Drivers/STM32WBxx_HAL_Driver/Src/stm32wbxx_hal_tim.o
                0x00000000080113ec                TIM_CCxChannelCmd
 *fill*         0x000000000801140a        0x2 
 .text.HAL_TIM_OC_Start_IT
                0x000000000801140c      0x198 ./Drivers/STM32WBxx_HAL_Driver/Src/stm32wbxx_hal_tim.o
                0x000000000801140c                HAL_TIM_OC_Start_IT
 .text.HAL_TIM_OC_Stop_IT
                0x00000000080115a4      0x108 ./Drivers/STM32WBxx_HAL_Driver/Src/stm32wbxx_hal_tim.o
                0x00000000080115a4                HAL_TIM_OC_Stop_IT
 .text.HAL_TIM_PWM_Start
                0x00000000080116ac      0x164 ./Drivers/STM32WBxx_HAL_Driver/Src/stm32wbxx_hal_tim.o
                0x00000000080116ac                HAL_TIM_PWM_Start
 .text.HAL_TIM_IC_Start_IT
                0x0000000008011810      0x1ac ./Drivers/STM32WBxx_HAL_Driver/Src/stm32wbxx_hal_tim.o
                0x0000000008011810                HAL_TIM_IC_Start_IT
 .text.HAL_TIM_IC_Stop_IT
                0x00000000080119bc      0x16c ./Drivers/STM32WBxx_HAL_Driver/Src/stm32wbxx_hal_tim.o
                0x00000000080119bc                HAL_TIM_IC_Stop_IT
 .text.HAL_TIMEx_MasterConfigSynchronization
                0x0000000008011b28       0x68 ./Drivers/STM32WBxx_HAL_Driver/Src/stm32wbxx_hal_tim_ex.o
                0x0000000008011b28                HAL_TIMEx_MasterConfigSynchronization
 .text.HAL_TIMEx_ConfigBreakDeadTime
                0x0000000008011b90       0x98 ./Drivers/STM32WBxx_HAL_Driver/Src/stm32wbxx_hal_tim_ex.o
                0x0000000008011b90                HAL_TIMEx_ConfigBreakDeadTime
 .text.HAL_TIMEx_CommutCallback
                0x0000000008011c28        0x2 ./Drivers/STM32WBxx_HAL_Driver/Src/stm32wbxx_hal_tim_ex.o
                0x0000000008011c28                HAL_TIMEx_CommutCallback
 .text.HAL_TIMEx_BreakCallback
                0x0000000008011c2a        0x2 ./Drivers/STM32WBxx_HAL_Driver/Src/stm32wbxx_hal_tim_ex.o
                0x0000000008011c2a                HAL_TIMEx_BreakCallback
 .text.HAL_TIMEx_Break2Callback
                0x0000000008011c2c        0x2 ./Drivers/STM32WBxx_HAL_Driver/Src/stm32wbxx_hal_tim_ex.o
                0x0000000008011c2c                HAL_TIMEx_Break2Callback
 .text.UART_EndRxTransfer
                0x0000000008011c2e       0x56 ./Drivers/STM32WBxx_HAL_Driver/Src/stm32wbxx_hal_uart.o
 .text.UART_TxISR_8BIT
                0x0000000008011c84       0x54 ./Drivers/STM32WBxx_HAL_Driver/Src/stm32wbxx_hal_uart.o
 .text.UART_TxISR_16BIT
                0x0000000008011cd8       0x58 ./Drivers/STM32WBxx_HAL_Driver/Src/stm32wbxx_hal_uart.o
 .text.UART_TxISR_8BIT_FIFOEN
                0x0000000008011d30       0x74 ./Drivers/STM32WBxx_HAL_Driver/Src/stm32wbxx_hal_uart.o
 .text.UART_TxISR_16BIT_FIFOEN
                0x0000000008011da4       0x78 ./Drivers/STM32WBxx_HAL_Driver/Src/stm32wbxx_hal_uart.o
 .text.HAL_UART_Transmit_IT
                0x0000000008011e1c       0xb0 ./Drivers/STM32WBxx_HAL_Driver/Src/stm32wbxx_hal_uart.o
                0x0000000008011e1c                HAL_UART_Transmit_IT
 .text.UART_DMAAbortOnError
                0x0000000008011ecc       0x14 ./Drivers/STM32WBxx_HAL_Driver/Src/stm32wbxx_hal_uart.o
 .text.HAL_UARTEx_RxEventCallback
                0x0000000008011ee0        0x2 ./Drivers/STM32WBxx_HAL_Driver/Src/stm32wbxx_hal_uart.o
                0x0000000008011ee0                HAL_UARTEx_RxEventCallback
 *fill*         0x0000000008011ee2        0x2 
 .text.HAL_UART_IRQHandler
                0x0000000008011ee4      0x36c ./Drivers/STM32WBxx_HAL_Driver/Src/stm32wbxx_hal_uart.o
                0x0000000008011ee4                HAL_UART_IRQHandler
 .text.UART_RxISR_8BIT
                0x0000000008012250       0xd8 ./Drivers/STM32WBxx_HAL_Driver/Src/stm32wbxx_hal_uart.o
 .text.UART_RxISR_16BIT
                0x0000000008012328       0xd8 ./Drivers/STM32WBxx_HAL_Driver/Src/stm32wbxx_hal_uart.o
 .text.UART_RxISR_8BIT_FIFOEN
                0x0000000008012400      0x1dc ./Drivers/STM32WBxx_HAL_Driver/Src/stm32wbxx_hal_uart.o
 .text.UART_RxISR_16BIT_FIFOEN
                0x00000000080125dc      0x1dc ./Drivers/STM32WBxx_HAL_Driver/Src/stm32wbxx_hal_uart.o
 .text.UART_SetConfig
                0x00000000080127b8      0x23c ./Drivers/STM32WBxx_HAL_Driver/Src/stm32wbxx_hal_uart.o
                0x00000000080127b8                UART_SetConfig
 .text.UART_AdvFeatureConfig
                0x00000000080129f4       0xca ./Drivers/STM32WBxx_HAL_Driver/Src/stm32wbxx_hal_uart.o
                0x00000000080129f4                UART_AdvFeatureConfig
 .text.UART_WaitOnFlagUntilTimeout
                0x0000000008012abe       0x94 ./Drivers/STM32WBxx_HAL_Driver/Src/stm32wbxx_hal_uart.o
                0x0000000008012abe                UART_WaitOnFlagUntilTimeout
 .text.UART_CheckIdleState
                0x0000000008012b52       0xc0 ./Drivers/STM32WBxx_HAL_Driver/Src/stm32wbxx_hal_uart.o
                0x0000000008012b52                UART_CheckIdleState
 .text.HAL_UART_Init
                0x0000000008012c12       0x66 ./Drivers/STM32WBxx_HAL_Driver/Src/stm32wbxx_hal_uart.o
                0x0000000008012c12                HAL_UART_Init
 .text.UART_Start_Receive_IT
                0x0000000008012c78      0x12c ./Drivers/STM32WBxx_HAL_Driver/Src/stm32wbxx_hal_uart.o
                0x0000000008012c78                UART_Start_Receive_IT
 .text.HAL_UART_Receive_IT
                0x0000000008012da4       0x4c ./Drivers/STM32WBxx_HAL_Driver/Src/stm32wbxx_hal_uart.o
                0x0000000008012da4                HAL_UART_Receive_IT
 .text.UARTEx_SetNbDataToProcess
                0x0000000008012df0       0x4c ./Drivers/STM32WBxx_HAL_Driver/Src/stm32wbxx_hal_uart_ex.o
 .text.HAL_UARTEx_WakeupCallback
                0x0000000008012e3c        0x2 ./Drivers/STM32WBxx_HAL_Driver/Src/stm32wbxx_hal_uart_ex.o
                0x0000000008012e3c                HAL_UARTEx_WakeupCallback
 .text.HAL_UARTEx_TxFifoEmptyCallback
                0x0000000008012e3e        0x2 ./Drivers/STM32WBxx_HAL_Driver/Src/stm32wbxx_hal_uart_ex.o
                0x0000000008012e3e                HAL_UARTEx_TxFifoEmptyCallback
 .text.HAL_UARTEx_DisableFifoMode
                0x0000000008012e40       0x3e ./Drivers/STM32WBxx_HAL_Driver/Src/stm32wbxx_hal_uart_ex.o
                0x0000000008012e40                HAL_UARTEx_DisableFifoMode
 .text.HAL_UARTEx_SetTxFifoThreshold
                0x0000000008012e7e       0x4a ./Drivers/STM32WBxx_HAL_Driver/Src/stm32wbxx_hal_uart_ex.o
                0x0000000008012e7e                HAL_UARTEx_SetTxFifoThreshold
 .text.HAL_UARTEx_SetRxFifoThreshold
                0x0000000008012ec8       0x4a ./Drivers/STM32WBxx_HAL_Driver/Src/stm32wbxx_hal_uart_ex.o
                0x0000000008012ec8                HAL_UARTEx_SetRxFifoThreshold
 .text.HAL_WWDG_Init
                0x0000000008012f12       0x2a ./Drivers/STM32WBxx_HAL_Driver/Src/stm32wbxx_hal_wwdg.o
                0x0000000008012f12                HAL_WWDG_Init
 .text.HAL_WWDG_Refresh
                0x0000000008012f3c        0xa ./Drivers/STM32WBxx_HAL_Driver/Src/stm32wbxx_hal_wwdg.o
                0x0000000008012f3c                HAL_WWDG_Refresh
 .text.HAL_WWDG_IRQHandler
                0x0000000008012f46       0x22 ./Drivers/STM32WBxx_HAL_Driver/Src/stm32wbxx_hal_wwdg.o
                0x0000000008012f46                HAL_WWDG_IRQHandler
 .text.MX_FATFS_Init
                0x0000000008012f68       0x40 ./FATFS/App/app_fatfs.o
                0x0000000008012f68                MX_FATFS_Init
 .text.get_fattime
                0x0000000008012fa8       0x50 ./FATFS/App/app_fatfs.o
                0x0000000008012fa8                get_fattime
 .text.USER_FD_ioctl
                0x0000000008012ff8       0x3c ./FATFS/Target/user_diskio.o
                0x0000000008012ff8                USER_FD_ioctl
 .text.USER_SD_initialize
                0x0000000008013034       0x28 ./FATFS/Target/user_diskio.o
                0x0000000008013034                USER_SD_initialize
 .text.USER_SD_status
                0x000000000801305c       0x28 ./FATFS/Target/user_diskio.o
                0x000000000801305c                USER_SD_status
 .text.USER_SD_read
                0x0000000008013084       0x34 ./FATFS/Target/user_diskio.o
                0x0000000008013084                USER_SD_read
 .text.USER_SD_write
                0x00000000080130b8       0x30 ./FATFS/Target/user_diskio.o
                0x00000000080130b8                USER_SD_write
 .text.USER_SD_ioctl
                0x00000000080130e8       0x58 ./FATFS/Target/user_diskio.o
                0x00000000080130e8                USER_SD_ioctl
 .text.USER_FD_initialize
                0x0000000008013140       0x28 ./FATFS/Target/user_diskio.o
                0x0000000008013140                USER_FD_initialize
 .text.USER_FD_status
                0x0000000008013168       0x28 ./FATFS/Target/user_diskio.o
                0x0000000008013168                USER_FD_status
 .text.USER_FD_read
                0x0000000008013190       0x34 ./FATFS/Target/user_diskio.o
                0x0000000008013190                USER_FD_read
 .text.USER_FD_write
                0x00000000080131c4       0x30 ./FATFS/Target/user_diskio.o
                0x00000000080131c4                USER_FD_write
 .text.aci_gap_set_non_discoverable
                0x00000000080131f4       0x40 ./Middlewares/ST/STM32_WPAN/ble/core/auto/ble_gap_aci.o
                0x00000000080131f4                aci_gap_set_non_discoverable
 .text.aci_gap_set_discoverable
                0x0000000008013234       0xb4 ./Middlewares/ST/STM32_WPAN/ble/core/auto/ble_gap_aci.o
                0x0000000008013234                aci_gap_set_discoverable
 .text.aci_gap_set_io_capability
                0x00000000080132e8       0x4a ./Middlewares/ST/STM32_WPAN/ble/core/auto/ble_gap_aci.o
                0x00000000080132e8                aci_gap_set_io_capability
 .text.aci_gap_set_authentication_requirement
                0x0000000008013332       0x7e ./Middlewares/ST/STM32_WPAN/ble/core/auto/ble_gap_aci.o
                0x0000000008013332                aci_gap_set_authentication_requirement
 .text.aci_gap_init
                0x00000000080133b0       0x8a ./Middlewares/ST/STM32_WPAN/ble/core/auto/ble_gap_aci.o
                0x00000000080133b0                aci_gap_init
 .text.aci_gap_update_adv_data
                0x000000000801343a       0x58 ./Middlewares/ST/STM32_WPAN/ble/core/auto/ble_gap_aci.o
                0x000000000801343a                aci_gap_update_adv_data
 .text.aci_gap_configure_filter_accept_list
                0x0000000008013492       0x40 ./Middlewares/ST/STM32_WPAN/ble/core/auto/ble_gap_aci.o
                0x0000000008013492                aci_gap_configure_filter_accept_list
 .text.aci_gatt_init
                0x00000000080134d2       0x42 ./Middlewares/ST/STM32_WPAN/ble/core/auto/ble_gatt_aci.o
                0x00000000080134d2                aci_gatt_init
 .text.aci_gatt_add_service
                0x0000000008013514       0xb0 ./Middlewares/ST/STM32_WPAN/ble/core/auto/ble_gatt_aci.o
                0x0000000008013514                aci_gatt_add_service
 .text.aci_gatt_add_char
                0x00000000080135c4       0xd4 ./Middlewares/ST/STM32_WPAN/ble/core/auto/ble_gatt_aci.o
                0x00000000080135c4                aci_gatt_add_char
 .text.aci_gatt_update_char_value
                0x0000000008013698       0x68 ./Middlewares/ST/STM32_WPAN/ble/core/auto/ble_gatt_aci.o
                0x0000000008013698                aci_gatt_update_char_value
 .text.aci_gatt_write_resp
                0x0000000008013700       0x6e ./Middlewares/ST/STM32_WPAN/ble/core/auto/ble_gatt_aci.o
                0x0000000008013700                aci_gatt_write_resp
 .text.aci_hal_write_config_data
                0x000000000801376e       0x5e ./Middlewares/ST/STM32_WPAN/ble/core/auto/ble_hal_aci.o
                0x000000000801376e                aci_hal_write_config_data
 .text.aci_hal_set_tx_power_level
                0x00000000080137cc       0x50 ./Middlewares/ST/STM32_WPAN/ble/core/auto/ble_hal_aci.o
                0x00000000080137cc                aci_hal_set_tx_power_level
 .text.hci_reset
                0x000000000801381c       0x3e ./Middlewares/ST/STM32_WPAN/ble/core/auto/ble_hci_le.o
                0x000000000801381c                hci_reset
 .text.hci_le_read_phy
                0x000000000801385a       0x64 ./Middlewares/ST/STM32_WPAN/ble/core/auto/ble_hci_le.o
                0x000000000801385a                hci_le_read_phy
 .text.hci_le_set_default_phy
                0x00000000080138be       0x54 ./Middlewares/ST/STM32_WPAN/ble/core/auto/ble_hci_le.o
                0x00000000080138be                hci_le_set_default_phy
 .text.Osal_MemCpy
                0x0000000008013912        0x8 ./Middlewares/ST/STM32_WPAN/ble/core/template/osal.o
                0x0000000008013912                Osal_MemCpy
 .text.Osal_MemSet
                0x000000000801391a        0x8 ./Middlewares/ST/STM32_WPAN/ble/core/template/osal.o
                0x000000000801391a                Osal_MemSet
 *fill*         0x0000000008013922        0x2 
 .text.CRS_Event_Handler
                0x0000000008013924       0x7c ./Middlewares/ST/STM32_WPAN/ble/svc/Src/crs_stm.o
 .text.CRS_STM_Init
                0x00000000080139a0      0x198 ./Middlewares/ST/STM32_WPAN/ble/svc/Src/crs_stm.o
                0x00000000080139a0                CRS_STM_Init
 .text.CRS_STM_Update_Char
                0x0000000008013b38       0x38 ./Middlewares/ST/STM32_WPAN/ble/svc/Src/crs_stm.o
                0x0000000008013b38                CRS_STM_Update_Char
 .text.DIS_Init
                0x0000000008013b70      0x154 ./Middlewares/ST/STM32_WPAN/ble/svc/Src/dis.o
                0x0000000008013b70                DIS_Init
 .text.DIS_UpdateChar
                0x0000000008013cc4       0xb4 ./Middlewares/ST/STM32_WPAN/ble/svc/Src/dis.o
                0x0000000008013cc4                DIS_UpdateChar
 .text.HeartRate_Event_Handler
                0x0000000008013d78       0xbc ./Middlewares/ST/STM32_WPAN/ble/svc/Src/hrs.o
 .text.HRS_Init
                0x0000000008013e34       0xb8 ./Middlewares/ST/STM32_WPAN/ble/svc/Src/hrs.o
                0x0000000008013e34                HRS_Init
 .text.HRS_UpdateChar
                0x0000000008013eec       0xd4 ./Middlewares/ST/STM32_WPAN/ble/svc/Src/hrs.o
                0x0000000008013eec                HRS_UpdateChar
 .text.BAS_Init
                0x0000000008013fc0        0x2 ./Middlewares/ST/STM32_WPAN/ble/svc/Src/svc_ctl.o
                0x0000000008013fc0                BAS_Init
 .text.BLS_Init
                0x0000000008013fc2        0x2 ./Middlewares/ST/STM32_WPAN/ble/svc/Src/svc_ctl.o
                0x0000000008013fc2                BLS_Init
 .text.EDS_STM_Init
                0x0000000008013fc4        0x2 ./Middlewares/ST/STM32_WPAN/ble/svc/Src/svc_ctl.o
                0x0000000008013fc4                EDS_STM_Init
 .text.HIDS_Init
                0x0000000008013fc6        0x2 ./Middlewares/ST/STM32_WPAN/ble/svc/Src/svc_ctl.o
                0x0000000008013fc6                HIDS_Init
 .text.HTS_Init
                0x0000000008013fc8        0x2 ./Middlewares/ST/STM32_WPAN/ble/svc/Src/svc_ctl.o
                0x0000000008013fc8                HTS_Init
 .text.IAS_Init
                0x0000000008013fca        0x2 ./Middlewares/ST/STM32_WPAN/ble/svc/Src/svc_ctl.o
                0x0000000008013fca                IAS_Init
 .text.LLS_Init
                0x0000000008013fcc        0x2 ./Middlewares/ST/STM32_WPAN/ble/svc/Src/svc_ctl.o
                0x0000000008013fcc                LLS_Init
 .text.TPS_Init
                0x0000000008013fce        0x2 ./Middlewares/ST/STM32_WPAN/ble/svc/Src/svc_ctl.o
                0x0000000008013fce                TPS_Init
 .text.MOTENV_STM_Init
                0x0000000008013fd0        0x2 ./Middlewares/ST/STM32_WPAN/ble/svc/Src/svc_ctl.o
                0x0000000008013fd0                MOTENV_STM_Init
 .text.P2PS_STM_Init
                0x0000000008013fd2        0x2 ./Middlewares/ST/STM32_WPAN/ble/svc/Src/svc_ctl.o
                0x0000000008013fd2                P2PS_STM_Init
 .text.ZDD_STM_Init
                0x0000000008013fd4        0x2 ./Middlewares/ST/STM32_WPAN/ble/svc/Src/svc_ctl.o
                0x0000000008013fd4                ZDD_STM_Init
 .text.OTAS_STM_Init
                0x0000000008013fd6        0x2 ./Middlewares/ST/STM32_WPAN/ble/svc/Src/svc_ctl.o
                0x0000000008013fd6                OTAS_STM_Init
 .text.MESH_Init
                0x0000000008013fd8        0x2 ./Middlewares/ST/STM32_WPAN/ble/svc/Src/svc_ctl.o
                0x0000000008013fd8                MESH_Init
 .text.BVOPUS_STM_Init
                0x0000000008013fda        0x2 ./Middlewares/ST/STM32_WPAN/ble/svc/Src/svc_ctl.o
                0x0000000008013fda                BVOPUS_STM_Init
 .text.SVCCTL_InitCustomSvc
                0x0000000008013fdc        0x2 ./Middlewares/ST/STM32_WPAN/ble/svc/Src/svc_ctl.o
                0x0000000008013fdc                SVCCTL_InitCustomSvc
 .text.SVCCTL_SvcInit
                0x0000000008013fde       0x4c ./Middlewares/ST/STM32_WPAN/ble/svc/Src/svc_ctl.o
                0x0000000008013fde                SVCCTL_SvcInit
 *fill*         0x000000000801402a        0x2 
 .text.SVCCTL_Init
                0x000000000801402c       0x18 ./Middlewares/ST/STM32_WPAN/ble/svc/Src/svc_ctl.o
                0x000000000801402c                SVCCTL_Init
 .text.SVCCTL_RegisterSvcHandler
                0x0000000008014044       0x14 ./Middlewares/ST/STM32_WPAN/ble/svc/Src/svc_ctl.o
                0x0000000008014044                SVCCTL_RegisterSvcHandler
 .text.SVCCTL_UserEvtRx
                0x0000000008014058       0x50 ./Middlewares/ST/STM32_WPAN/ble/svc/Src/svc_ctl.o
                0x0000000008014058                SVCCTL_UserEvtRx
 .text.SHCI_C2_BLE_Init
                0x00000000080140a8       0x1e ./Middlewares/ST/STM32_WPAN/interface/patterns/ble_thread/shci/shci.o
                0x00000000080140a8                SHCI_C2_BLE_Init
 .text.SHCI_C2_DEBUG_Init
                0x00000000080140c6       0x1e ./Middlewares/ST/STM32_WPAN/interface/patterns/ble_thread/shci/shci.o
                0x00000000080140c6                SHCI_C2_DEBUG_Init
 .text.SHCI_C2_FLASH_EraseActivity
                0x00000000080140e4       0x20 ./Middlewares/ST/STM32_WPAN/interface/patterns/ble_thread/shci/shci.o
                0x00000000080140e4                SHCI_C2_FLASH_EraseActivity
 .text.SHCI_C2_SetFlashActivityControl
                0x0000000008014104       0x20 ./Middlewares/ST/STM32_WPAN/interface/patterns/ble_thread/shci/shci.o
                0x0000000008014104                SHCI_C2_SetFlashActivityControl
 .text.SHCI_C2_Config
                0x0000000008014124       0x1c ./Middlewares/ST/STM32_WPAN/interface/patterns/ble_thread/shci/shci.o
                0x0000000008014124                SHCI_C2_Config
 .text.SHCI_GetWirelessFwInfo
                0x0000000008014140       0x8c ./Middlewares/ST/STM32_WPAN/interface/patterns/ble_thread/shci/shci.o
                0x0000000008014140                SHCI_GetWirelessFwInfo
 .text.hci_init
                0x00000000080141cc       0x54 ./Middlewares/ST/STM32_WPAN/interface/patterns/ble_thread/tl/hci_tl.o
                0x00000000080141cc                hci_init
 .text.hci_user_evt_proc
                0x0000000008014220       0x78 ./Middlewares/ST/STM32_WPAN/interface/patterns/ble_thread/tl/hci_tl.o