Archive member included to satisfy reference by file (symbol)

/opt/st/stm32cubeide_1.5.0/plugins/com.st.stm32cube.ide.mcu.externaltools.gnu-tools-for-stm32.7-2018-q2-update.linux64_1.5.0.202011040924/tools/bin/../lib/gcc/arm-none-eabi/7.3.1/../../../../arm-none-eabi/lib/thumb/v7e-m/fpv4-sp/hard/libc_nano.a(lib_a-atoi.o)
                              Forth/Src/fs.o (atoi)
/opt/st/stm32cubeide_1.5.0/plugins/com.st.stm32cube.ide.mcu.externaltools.gnu-tools-for-stm32.7-2018-q2-update.linux64_1.5.0.202011040924/tools/bin/../lib/gcc/arm-none-eabi/7.3.1/../../../../arm-none-eabi/lib/thumb/v7e-m/fpv4-sp/hard/libc_nano.a(lib_a-errno.o)
                              Core/Src/syscalls.o (__errno)
/opt/st/stm32cubeide_1.5.0/plugins/com.st.stm32cube.ide.mcu.externaltools.gnu-tools-for-stm32.7-2018-q2-update.linux64_1.5.0.202011040924/tools/bin/../lib/gcc/arm-none-eabi/7.3.1/../../../../arm-none-eabi/lib/thumb/v7e-m/fpv4-sp/hard/libc_nano.a(lib_a-exit.o)
                              /opt/st/stm32cubeide_1.5.0/plugins/com.st.stm32cube.ide.mcu.externaltools.gnu-tools-for-stm32.7-2018-q2-update.linux64_1.5.0.202011040924/tools/bin/../lib/gcc/arm-none-eabi/7.3.1/../../../../arm-none-eabi/lib/thumb/v7e-m/fpv4-sp/hard/crt0.o (exit)
/opt/st/stm32cubeide_1.5.0/plugins/com.st.stm32cube.ide.mcu.externaltools.gnu-tools-for-stm32.7-2018-q2-update.linux64_1.5.0.202011040924/tools/bin/../lib/gcc/arm-none-eabi/7.3.1/../../../../arm-none-eabi/lib/thumb/v7e-m/fpv4-sp/hard/libc_nano.a(lib_a-gmtime_r.o)
                              Forth/Src/clock.o (gmtime_r)
/opt/st/stm32cubeide_1.5.0/plugins/com.st.stm32cube.ide.mcu.externaltools.gnu-tools-for-stm32.7-2018-q2-update.linux64_1.5.0.202011040924/tools/bin/../lib/gcc/arm-none-eabi/7.3.1/../../../../arm-none-eabi/lib/thumb/v7e-m/fpv4-sp/hard/libc_nano.a(lib_a-impure.o)
                              /opt/st/stm32cubeide_1.5.0/plugins/com.st.stm32cube.ide.mcu.externaltools.gnu-tools-for-stm32.7-2018-q2-update.linux64_1.5.0.202011040924/tools/bin/../lib/gcc/arm-none-eabi/7.3.1/../../../../arm-none-eabi/lib/thumb/v7e-m/fpv4-sp/hard/libc_nano.a(lib_a-exit.o) (_global_impure_ptr)
/opt/st/stm32cubeide_1.5.0/plugins/com.st.stm32cube.ide.mcu.externaltools.gnu-tools-for-stm32.7-2018-q2-update.linux64_1.5.0.202011040924/tools/bin/../lib/gcc/arm-none-eabi/7.3.1/../../../../arm-none-eabi/lib/thumb/v7e-m/fpv4-sp/hard/libc_nano.a(lib_a-init.o)
                              /opt/st/stm32cubeide_1.5.0/plugins/com.st.stm32cube.ide.mcu.externaltools.gnu-tools-for-stm32.7-2018-q2-update.linux64_1.5.0.202011040924/tools/bin/../lib/gcc/arm-none-eabi/7.3.1/../../../../arm-none-eabi/lib/thumb/v7e-m/fpv4-sp/hard/crt0.o (__libc_init_array)
/opt/st/stm32cubeide_1.5.0/plugins/com.st.stm32cube.ide.mcu.externaltools.gnu-tools-for-stm32.7-2018-q2-update.linux64_1.5.0.202011040924/tools/bin/../lib/gcc/arm-none-eabi/7.3.1/../../../../arm-none-eabi/lib/thumb/v7e-m/fpv4-sp/hard/libc_nano.a(lib_a-locale.o)
                              Forth/Src/fs.o (__locale_ctype_ptr)
/opt/st/stm32cubeide_1.5.0/plugins/com.st.stm32cube.ide.mcu.externaltools.gnu-tools-for-stm32.7-2018-q2-update.linux64_1.5.0.202011040924/tools/bin/../lib/gcc/arm-none-eabi/7.3.1/../../../../arm-none-eabi/lib/thumb/v7e-m/fpv4-sp/hard/libc_nano.a(lib_a-mbtowc_r.o)
                              /opt/st/stm32cubeide_1.5.0/plugins/com.st.stm32cube.ide.mcu.externaltools.gnu-tools-for-stm32.7-2018-q2-update.linux64_1.5.0.202011040924/tools/bin/../lib/gcc/arm-none-eabi/7.3.1/../../../../arm-none-eabi/lib/thumb/v7e-m/fpv4-sp/hard/libc_nano.a(lib_a-locale.o) (__ascii_mbtowc)
/opt/st/stm32cubeide_1.5.0/plugins/com.st.stm32cube.ide.mcu.externaltools.gnu-tools-for-stm32.7-2018-q2-update.linux64_1.5.0.202011040924/tools/bin/../lib/gcc/arm-none-eabi/7.3.1/../../../../arm-none-eabi/lib/thumb/v7e-m/fpv4-sp/hard/libc_nano.a(lib_a-memcmp.o)
                              Middlewares/ST/STM32_WPAN/ble/core/template/osal.o (memcmp)
/opt/st/stm32cubeide_1.5.0/plugins/com.st.stm32cube.ide.mcu.externaltools.gnu-tools-for-stm32.7-2018-q2-update.linux64_1.5.0.202011040924/tools/bin/../lib/gcc/arm-none-eabi/7.3.1/../../../../arm-none-eabi/lib/thumb/v7e-m/fpv4-sp/hard/libc_nano.a(lib_a-memcpy-stub.o)
                              Forth/Src/fd.o (memcpy)
/opt/st/stm32cubeide_1.5.0/plugins/com.st.stm32cube.ide.mcu.externaltools.gnu-tools-for-stm32.7-2018-q2-update.linux64_1.5.0.202011040924/tools/bin/../lib/gcc/arm-none-eabi/7.3.1/../../../../arm-none-eabi/lib/thumb/v7e-m/fpv4-sp/hard/libc_nano.a(lib_a-memmove.o)
                              Forth/Src/vi.o (memmove)
/opt/st/stm32cubeide_1.5.0/plugins/com.st.stm32cube.ide.mcu.externaltools.gnu-tools-for-stm32.7-2018-q2-update.linux64_1.5.0.202011040924/tools/bin/../lib/gcc/arm-none-eabi/7.3.1/../../../../arm-none-eabi/lib/thumb/v7e-m/fpv4-sp/hard/libc_nano.a(lib_a-memset.o)
[...]
Memory Configuration

Name             Origin             Length             Attributes
FLASH            0x0000000008000000 0x0000000000040000 xr
FLASH_FORTH      0x0000000008040000 0x0000000000020000 xr
FLASH_DRIVE      0x0000000008060000 0x0000000000060000 xr
FLASH_BLESTACK   0x00000000080c0000 0x0000000000040000 xr
RAM_FORTH        0x0000000020000000 0x0000000000010000 xrw
RAM1             0x0000000020010000 0x0000000000020000 xrw
RAM_SHARED       0x0000000020030000 0x0000000000002800 xrw
*default*        0x0000000000000000 0xffffffffffffffff

Linker script and memory map

LOAD /opt/st/stm32cubeide_1.5.0/plugins/com.st.stm32cube.ide.mcu.externaltools.gnu-tools-for-stm32.7-2018-q2-update.linux64_1.5.0.202011040924/tools/bin/../lib/gcc/arm-none-eabi/7.3.1/thumb/v7e-m/fpv4-sp/hard/crti.o
LOAD /opt/st/stm32cubeide_1.5.0/plugins/com.st.stm32cube.ide.mcu.externaltools.gnu-tools-for-stm32.7-2018-q2-update.linux64_1.5.0.202011040924/tools/bin/../lib/gcc/arm-none-eabi/7.3.1/thumb/v7e-m/fpv4-sp/hard/crtbegin.o
LOAD /opt/st/stm32cubeide_1.5.0/plugins/com.st.stm32cube.ide.mcu.externaltools.gnu-tools-for-stm32.7-2018-q2-update.linux64_1.5.0.202011040924/tools/bin/../lib/gcc/arm-none-eabi/7.3.1/../../../../arm-none-eabi/lib/thumb/v7e-m/fpv4-sp/hard/crt0.o
LOAD Core/Src/adc.o
LOAD Core/Src/app_debug.o
LOAD Core/Src/app_entry.o
LOAD Core/Src/app_freertos.o
LOAD Core/Src/dma.o
LOAD Core/Src/freertos_port.o
LOAD Core/Src/gpio.o
LOAD Core/Src/hw_timerserver.o
LOAD Core/Src/main.o
LOAD Core/Src/rf.o
LOAD Core/Src/rtc.o
LOAD Core/Src/spi.o
LOAD Core/Src/stm32_lpm_if.o
LOAD Core/Src/stm32wbxx_hal_msp.o
LOAD Core/Src/stm32wbxx_hal_timebase_tim.o
LOAD Core/Src/stm32wbxx_it.o
LOAD Core/Src/syscalls.o
LOAD Core/Src/sysmem.o
LOAD Core/Src/system_stm32wbxx.o
LOAD Core/Src/tim.o
LOAD Core/Src/tiny_lpm.o
LOAD Core/Src/usart.o
LOAD Core/Startup/startup_stm32wb55rgvx.o
LOAD Drivers/STM32WBxx_HAL_Driver/Src/stm32wbxx_hal.o
LOAD Drivers/STM32WBxx_HAL_Driver/Src/stm32wbxx_hal_adc.o
LOAD Drivers/STM32WBxx_HAL_Driver/Src/stm32wbxx_hal_adc_ex.o
LOAD Drivers/STM32WBxx_HAL_Driver/Src/stm32wbxx_hal_cortex.o
LOAD Drivers/STM32WBxx_HAL_Driver/Src/stm32wbxx_hal_dma.o
LOAD Drivers/STM32WBxx_HAL_Driver/Src/stm32wbxx_hal_dma_ex.o
LOAD Drivers/STM32WBxx_HAL_Driver/Src/stm32wbxx_hal_exti.o
LOAD Drivers/STM32WBxx_HAL_Driver/Src/stm32wbxx_hal_flash.o
LOAD Drivers/STM32WBxx_HAL_Driver/Src/stm32wbxx_hal_flash_ex.o
LOAD Drivers/STM32WBxx_HAL_Driver/Src/stm32wbxx_hal_gpio.o
LOAD Drivers/STM32WBxx_HAL_Driver/Src/stm32wbxx_hal_hsem.o
LOAD Drivers/STM32WBxx_HAL_Driver/Src/stm32wbxx_hal_pcd.o
LOAD Drivers/STM32WBxx_HAL_Driver/Src/stm32wbxx_hal_pcd_ex.o
LOAD Drivers/STM32WBxx_HAL_Driver/Src/stm32wbxx_hal_pwr.o
LOAD Drivers/STM32WBxx_HAL_Driver/Src/stm32wbxx_hal_pwr_ex.o
LOAD Drivers/STM32WBxx_HAL_Driver/Src/stm32wbxx_hal_rcc.o
LOAD Drivers/STM32WBxx_HAL_Driver/Src/stm32wbxx_hal_rcc_ex.o
LOAD Drivers/STM32WBxx_HAL_Driver/Src/stm32wbxx_hal_rtc.o
LOAD Drivers/STM32WBxx_HAL_Driver/Src/stm32wbxx_hal_rtc_ex.o
LOAD Drivers/STM32WBxx_HAL_Driver/Src/stm32wbxx_hal_spi.o
LOAD Drivers/STM32WBxx_HAL_Driver/Src/stm32wbxx_hal_spi_ex.o
LOAD Drivers/STM32WBxx_HAL_Driver/Src/stm32wbxx_hal_tim.o
LOAD Drivers/STM32WBxx_HAL_Driver/Src/stm32wbxx_hal_tim_ex.o
LOAD Drivers/STM32WBxx_HAL_Driver/Src/stm32wbxx_hal_uart.o
LOAD Drivers/STM32WBxx_HAL_Driver/Src/stm32wbxx_hal_uart_ex.o
LOAD Drivers/STM32WBxx_HAL_Driver/Src/stm32wbxx_ll_adc.o
LOAD Drivers/STM32WBxx_HAL_Driver/Src/stm32wbxx_ll_usb.o
LOAD FATFS/App/app_fatfs.o
LOAD FATFS/Target/user_diskio.o
LOAD Forth/Src/block.o
LOAD Forth/Src/bsp.o
LOAD Forth/Src/clock.o
LOAD Forth/Src/fd.o
LOAD Forth/Src/flash.o
LOAD Forth/Src/fs.o
LOAD Forth/Src/rtos.o
LOAD Forth/Src/sd.o
LOAD Forth/Src/sd_spi.o
LOAD Forth/Src/uart.o
LOAD Forth/Src/usb_cdc.o
LOAD Forth/Src/vi.o
LOAD Forth/cube/mecrisp.o
LOAD Middlewares/ST/STM32_USB_Device_Library/Class/CDC/Src/usbd_cdc.o
LOAD Middlewares/ST/STM32_USB_Device_Library/Core/Src/usbd_core.o
LOAD Middlewares/ST/STM32_USB_Device_Library/Core/Src/usbd_ctlreq.o
LOAD Middlewares/ST/STM32_USB_Device_Library/Core/Src/usbd_ioreq.o
LOAD Middlewares/ST/STM32_WPAN/ble/core/auto/ble_gap_aci.o
LOAD Middlewares/ST/STM32_WPAN/ble/core/auto/ble_gatt_aci.o
LOAD Middlewares/ST/STM32_WPAN/ble/core/auto/ble_hal_aci.o
LOAD Middlewares/ST/STM32_WPAN/ble/core/auto/ble_hci_le.o
LOAD Middlewares/ST/STM32_WPAN/ble/core/auto/ble_l2cap_aci.o
LOAD Middlewares/ST/STM32_WPAN/ble/core/template/osal.o
LOAD Middlewares/ST/STM32_WPAN/ble/svc/Src/crs_stm.o
LOAD Middlewares/ST/STM32_WPAN/ble/svc/Src/dis.o
LOAD Middlewares/ST/STM32_WPAN/ble/svc/Src/hrs.o
LOAD Middlewares/ST/STM32_WPAN/ble/svc/Src/svc_ctl.o
LOAD Middlewares/ST/STM32_WPAN/interface/patterns/ble_thread/shci/shci.o
LOAD Middlewares/ST/STM32_WPAN/interface/patterns/ble_thread/tl/hci_tl.o
LOAD Middlewares/ST/STM32_WPAN/interface/patterns/ble_thread/tl/hci_tl_if.o
LOAD Middlewares/ST/STM32_WPAN/interface/patterns/ble_thread/tl/shci_tl.o
LOAD Middlewares/ST/STM32_WPAN/interface/patterns/ble_thread/tl/shci_tl_if.o
LOAD Middlewares/ST/STM32_WPAN/interface/patterns/ble_thread/tl/tl_mbox.o
LOAD Middlewares/ST/STM32_WPAN/utilities/dbg_trace.o
LOAD Middlewares/ST/STM32_WPAN/utilities/otp.o
LOAD Middlewares/ST/STM32_WPAN/utilities/stm_list.o
LOAD Middlewares/ST/STM32_WPAN/utilities/stm_queue.o
LOAD Middlewares/Third_Party/FatFs/src/diskio.o
LOAD Middlewares/Third_Party/FatFs/src/ff.o
LOAD Middlewares/Third_Party/FatFs/src/ff_gen_drv.o
LOAD Middlewares/Third_Party/FatFs/src/option/ccsbcs.o
LOAD Middlewares/Third_Party/FatFs/src/option/syscall.o
LOAD Middlewares/Third_Party/FreeRTOS/Source/CMSIS_RTOS_V2/cmsis_os2.o
LOAD Middlewares/Third_Party/FreeRTOS/Source/croutine.o
LOAD Middlewares/Third_Party/FreeRTOS/Source/event_groups.o
LOAD Middlewares/Third_Party/FreeRTOS/Source/list.o
LOAD Middlewares/Third_Party/FreeRTOS/Source/queue.o
LOAD Middlewares/Third_Party/FreeRTOS/Source/stream_buffer.o
LOAD Middlewares/Third_Party/FreeRTOS/Source/tasks.o
LOAD Middlewares/Third_Party/FreeRTOS/Source/timers.o
LOAD Middlewares/Third_Party/FreeRTOS/Source/portable/GCC/ARM_CM4F/port.o
LOAD Middlewares/Third_Party/FreeRTOS/Source/portable/MemMang/heap_4.o
LOAD STM32_WPAN/App/app_ble.o
LOAD STM32_WPAN/App/crs_app.o
LOAD STM32_WPAN/App/dis_app.o
LOAD STM32_WPAN/App/hrs_app.o
LOAD STM32_WPAN/Target/hw_ipcc.o
LOAD USB_Device/App/usb_device.o
LOAD USB_Device/App/usbd_cdc_if.o
LOAD USB_Device/App/usbd_desc.o
LOAD USB_Device/Target/usbd_conf.o
LOAD Utilities/lpm/tiny_lpm/stm32_lpm.o
START GROUP
LOAD /opt/st/stm32cubeide_1.5.0/plugins/com.st.stm32cube.ide.mcu.externaltools.gnu-tools-for-stm32.7-2018-q2-update.linux64_1.5.0.202011040924/tools/bin/../lib/gcc/arm-none-eabi/7.3.1/../../../../arm-none-eabi/lib/thumb/v7e-m/fpv4-sp/hard/libc_nano.a
LOAD /opt/st/stm32cubeide_1.5.0/plugins/com.st.stm32cube.ide.mcu.externaltools.gnu-tools-for-stm32.7-2018-q2-update.linux64_1.5.0.202011040924/tools/bin/../lib/gcc/arm-none-eabi/7.3.1/../../../../arm-none-eabi/lib/thumb/v7e-m/fpv4-sp/hard/libm.a
END GROUP
START GROUP
LOAD /opt/st/stm32cubeide_1.5.0/plugins/com.st.stm32cube.ide.mcu.externaltools.gnu-tools-for-stm32.7-2018-q2-update.linux64_1.5.0.202011040924/tools/bin/../lib/gcc/arm-none-eabi/7.3.1/thumb/v7e-m/fpv4-sp/hard/libgcc.a
LOAD /opt/st/stm32cubeide_1.5.0/plugins/com.st.stm32cube.ide.mcu.externaltools.gnu-tools-for-stm32.7-2018-q2-update.linux64_1.5.0.202011040924/tools/bin/../lib/gcc/arm-none-eabi/7.3.1/../../../../arm-none-eabi/lib/thumb/v7e-m/fpv4-sp/hard/libc_nano.a
END GROUP
START GROUP
LOAD /opt/st/stm32cubeide_1.5.0/plugins/com.st.stm32cube.ide.mcu.externaltools.gnu-tools-for-stm32.7-2018-q2-update.linux64_1.5.0.202011040924/tools/bin/../lib/gcc/arm-none-eabi/7.3.1/thumb/v7e-m/fpv4-sp/hard/libgcc.a
LOAD /opt/st/stm32cubeide_1.5.0/plugins/com.st.stm32cube.ide.mcu.externaltools.gnu-tools-for-stm32.7-2018-q2-update.linux64_1.5.0.202011040924/tools/bin/../lib/gcc/arm-none-eabi/7.3.1/../../../../arm-none-eabi/lib/thumb/v7e-m/fpv4-sp/hard/libc_nano.a
LOAD /opt/st/stm32cubeide_1.5.0/plugins/com.st.stm32cube.ide.mcu.externaltools.gnu-tools-for-stm32.7-2018-q2-update.linux64_1.5.0.202011040924/tools/bin/../lib/gcc/arm-none-eabi/7.3.1/../../../../arm-none-eabi/lib/thumb/v7e-m/fpv4-sp/hard/libnosys.a
END GROUP
START GROUP
LOAD /opt/st/stm32cubeide_1.5.0/plugins/com.st.stm32cube.ide.mcu.externaltools.gnu-tools-for-stm32.7-2018-q2-update.linux64_1.5.0.202011040924/tools/bin/../lib/gcc/arm-none-eabi/7.3.1/thumb/v7e-m/fpv4-sp/hard/libgcc.a
LOAD /opt/st/stm32cubeide_1.5.0/plugins/com.st.stm32cube.ide.mcu.externaltools.gnu-tools-for-stm32.7-2018-q2-update.linux64_1.5.0.202011040924/tools/bin/../lib/gcc/arm-none-eabi/7.3.1/../../../../arm-none-eabi/lib/thumb/v7e-m/fpv4-sp/hard/libc_nano.a
LOAD /opt/st/stm32cubeide_1.5.0/plugins/com.st.stm32cube.ide.mcu.externaltools.gnu-tools-for-stm32.7-2018-q2-update.linux64_1.5.0.202011040924/tools/bin/../lib/gcc/arm-none-eabi/7.3.1/../../../../arm-none-eabi/lib/thumb/v7e-m/fpv4-sp/hard/libnosys.a
END GROUP
LOAD /opt/st/stm32cubeide_1.5.0/plugins/com.st.stm32cube.ide.mcu.externaltools.gnu-tools-for-stm32.7-2018-q2-update.linux64_1.5.0.202011040924/tools/bin/../lib/gcc/arm-none-eabi/7.3.1/thumb/v7e-m/fpv4-sp/hard/crtend.o
LOAD /opt/st/stm32cubeide_1.5.0/plugins/com.st.stm32cube.ide.mcu.externaltools.gnu-tools-for-stm32.7-2018-q2-update.linux64_1.5.0.202011040924/tools/bin/../lib/gcc/arm-none-eabi/7.3.1/thumb/v7e-m/fpv4-sp/hard/crtn.o
                0x0000000020030000                _estack = 0x20030000
                0x0000000000000400                _Min_Heap_Size = 0x400
                0x0000000000000400                _Min_Stack_Size = 0x400

.isr_vector     0x0000000008000000      0x13c
                0x0000000008000000                . = ALIGN (0x4)
 *(.isr_vector)
 .isr_vector    0x0000000008000000      0x13c Core/Startup/startup_stm32wb55rgvx.o
                0x0000000008000000                g_pfnVectors
                0x000000000800013c                . = ALIGN (0x4)

.text           0x0000000008000140    0x266fc
                0x0000000008000140                . = ALIGN (0x4)
 *(.text)
 .text          0x0000000008000140       0x40 /opt/st/stm32cubeide_1.5.0/plugins/com.st.stm32cube.ide.mcu.externaltools.gnu-tools-for-stm32.7-2018-q2-update.linux64_1.5.0.202011040924/tools/bin/../lib/gcc/arm-none-eabi/7.3.1/thumb/v7e-m/fpv4-sp/hard/crtbegin.o
 .text          0x0000000008000180     0x65c4 Forth/cube/mecrisp.o
                0x0000000008002454                uart_terminal
                0x0000000008002478                cdc_terminal
                0x000000000800249c                crs_terminal
                0x00000000080024c6                TERMINAL_redirect
                0x00000000080024fc                TERMINAL_unredirect
                0x000000000800270a                TERMINAL_emit
                0x0000000008002720                TERMINAL_key
                0x0000000008002738                TERMINAL_qemit
                0x0000000008002750                TERMINAL_qkey
                0x0000000008004de6                rtos_osThreadGetId
                0x0000000008004e0c                rtos_osThreadGetState
                0x0000000008004e2e                rtos_osThreadGetName
                0x0000000008004e54                rtos_osThreadSetPriority
                0x0000000008004e7e                rtos_osThreadGetPriority
                0x0000000008004e9e                rtos_osThreadYield
                0x0000000008004ec2                rtos_osThreadSuspend
                0x0000000008004ee4                rtos_osThreadResume
                0x0000000008004f04                rtos_osThreadExit
                0x0000000008004f24                rtos_osThreadTerminate
                0x0000000008004f4c                rtos_osThreadGetStackSpace
                0x0000000008004f70                rtos_osThreadGetCount
                0x0000000008004f96                rtos_osThreadEnumerate
                0x0000000008004fc2                rtos_xPortGetFreeHeapSize
                0x0000000008004fe4                rtos_pvPortMalloc
                0x0000000008005000                rtos_vPortFree
                0x0000000008005a0e                FS_catch_evaluate
                0x0000000008005a72                FS_evaluate
                0x0000000008005a8e                FS_cr
                0x0000000008005a9e                FS_type
                0x0000000008005aba                FS_token
                0x0000000008005ada                FS_accept
                0x0000000008006552                Forth
 .text          0x0000000008006744       0x14 /opt/st/stm32cubeide_1.5.0/plugins/com.st.stm32cube.ide.mcu.externaltools.gnu-tools-for-stm32.7-2018-q2-update.linux64_1.5.0.202011040924/tools/bin/../lib/gcc/arm-none-eabi/7.3.1/../../../../arm-none-eabi/lib/thumb/v7e-m/fpv4-sp/hard/libc_nano.a(lib_a-strcmp.o)
                0x0000000008006744                strcmp
 .text          0x0000000008006758       0x10 /opt/st/stm32cubeide_1.5.0/plugins/com.st.stm32cube.ide.mcu.externaltools.gnu-tools-for-stm32.7-2018-q2-update.linux64_1.5.0.202011040924/tools/bin/../lib/gcc/arm-none-eabi/7.3.1/../../../../arm-none-eabi/lib/thumb/v7e-m/fpv4-sp/hard/libc_nano.a(lib_a-strlen.o)
                0x0000000008006758                strlen
 *fill*         0x0000000008006768        0x8 
 .text          0x0000000008006770       0xa0 /opt/st/stm32cubeide_1.5.0/plugins/com.st.stm32cube.ide.mcu.externaltools.gnu-tools-for-stm32.7-2018-q2-update.linux64_1.5.0.202011040924/tools/bin/../lib/gcc/arm-none-eabi/7.3.1/../../../../arm-none-eabi/lib/thumb/v7e-m/fpv4-sp/hard/libc_nano.a(lib_a-memchr.o)
                0x0000000008006770                memchr
 .text          0x0000000008006810       0xa0 /opt/st/stm32cubeide_1.5.0/plugins/com.st.stm32cube.ide.mcu.externaltools.gnu-tools-for-stm32.7-2018-q2-update.linux64_1.5.0.202011040924/tools/bin/../lib/gcc/arm-none-eabi/7.3.1/thumb/v7e-m/fpv4-sp/hard/libgcc.a(_aeabi_ldivmod.o)
                0x0000000008006810                __aeabi_ldivmod
 .text          0x00000000080068b0       0x30 /opt/st/stm32cubeide_1.5.0/plugins/com.st.stm32cube.ide.mcu.externaltools.gnu-tools-for-stm32.7-2018-q2-update.linux64_1.5.0.202011040924/tools/bin/../lib/gcc/arm-none-eabi/7.3.1/thumb/v7e-m/fpv4-sp/hard/libgcc.a(_aeabi_uldivmod.o)
                0x00000000080068b0                __aeabi_uldivmod
 .text          0x00000000080068e0      0x2cc /opt/st/stm32cubeide_1.5.0/plugins/com.st.stm32cube.ide.mcu.externaltools.gnu-tools-for-stm32.7-2018-q2-update.linux64_1.5.0.202011040924/tools/bin/../lib/gcc/arm-none-eabi/7.3.1/thumb/v7e-m/fpv4-sp/hard/libgcc.a(_udivmoddi4.o)
                0x00000000080068e0                __udivmoddi4
 .text          0x0000000008006bac        0x4 /opt/st/stm32cubeide_1.5.0/plugins/com.st.stm32cube.ide.mcu.externaltools.gnu-tools-for-stm32.7-2018-q2-update.linux64_1.5.0.202011040924/tools/bin/../lib/gcc/arm-none-eabi/7.3.1/thumb/v7e-m/fpv4-sp/hard/libgcc.a(_dvmd_tls.o)
                0x0000000008006bac                __aeabi_ldiv0
                0x0000000008006bac                __aeabi_idiv0
 *(.text*)
 .text.MX_ADC1_Init
                0x0000000008006bb0       0x84 Core/Src/adc.o
                0x0000000008006bb0                MX_ADC1_Init
 .text.HAL_ADC_MspInit
                0x0000000008006c34       0x94 Core/Src/adc.o
                0x0000000008006c34                HAL_ADC_MspInit
 .text.APPD_Init
                0x0000000008006cc8      0x158 Core/Src/app_debug.o
                0x0000000008006cc8                APPD_Init
 .text.APPD_EnableCPU2
                0x0000000008006e20       0x2c Core/Src/app_debug.o
                0x0000000008006e20                APPD_EnableCPU2
 .text.APPE_SysUserEvtRx
                0x0000000008006e4c       0x14 Core/Src/app_entry.o
 .text.APPE_SysStatusNot
                0x0000000008006e60       0x28 Core/Src/app_entry.o
 .text.ShciUserEvtProcess
                0x0000000008006e88       0x1a Core/Src/app_entry.o
 *fill*         0x0000000008006ea2        0x2 
 .text.APPE_Init
                0x0000000008006ea4       0xbc Core/Src/app_entry.o
                0x0000000008006ea4                APPE_Init
 .text.shci_notify_asynch_evt
                0x0000000008006f60       0x14 Core/Src/app_entry.o
                0x0000000008006f60                shci_notify_asynch_evt
 .text.shci_cmd_resp_release
                0x0000000008006f74       0x10 Core/Src/app_entry.o
                0x0000000008006f74                shci_cmd_resp_release
 .text.shci_cmd_resp_wait
                0x0000000008006f84       0x14 Core/Src/app_entry.o
                0x0000000008006f84                shci_cmd_resp_wait
 .text.MainThread
                0x0000000008006f98       0x24 Core/Src/app_freertos.o
                0x0000000008006f98                MainThread
 .text.MX_FREERTOS_Init
                0x0000000008006fbc       0x50 Core/Src/app_freertos.o
                0x0000000008006fbc                MX_FREERTOS_Init
 .text.MX_DMA_Init
                0x000000000800700c       0x52 Core/Src/dma.o
                0x000000000800700c                MX_DMA_Init
 *fill*         0x000000000800705e        0x2 
 .text.MX_GPIO_Init
                0x0000000008007060      0x1d8 Core/Src/gpio.o
                0x0000000008007060                MX_GPIO_Init
 .text.ReadRtcSsrValue
                0x0000000008007238       0x28 Core/Src/hw_timerserver.o
 .text.UnlinkTimer
                0x0000000008007260       0x8c Core/Src/hw_timerserver.o
 .text.ReturnTimeElapsed
                0x00000000080072ec       0x5c Core/Src/hw_timerserver.o
 .text.RescheduleTimerList
                0x0000000008007348      0x13c Core/Src/hw_timerserver.o
 .text.HW_TS_Init
                0x0000000008007484      0x148 Core/Src/hw_timerserver.o
                0x0000000008007484                HW_TS_Init
 .text.HW_TS_Create
                0x00000000080075cc       0x60 Core/Src/hw_timerserver.o
                0x00000000080075cc                HW_TS_Create
 .text.HW_TS_Stop
                0x000000000800762c       0xbc Core/Src/hw_timerserver.o
                0x000000000800762c                HW_TS_Stop
 .text.HW_TS_Start
                0x00000000080076e8      0x1c8 Core/Src/hw_timerserver.o
                0x00000000080076e8                HW_TS_Start
 .text.HAL_TIM_PeriodElapsedCallback
                0x00000000080078b0       0x18 Core/Src/main.o
                0x00000000080078b0                HAL_TIM_PeriodElapsedCallback
 .text.Error_Handler
                0x00000000080078c8        0xa Core/Src/main.o
                0x00000000080078c8                Error_Handler
 *fill*         0x00000000080078d2        0x2 
 .text.SystemClock_Config
                0x00000000080078d4      0x138 Core/Src/main.o
                0x00000000080078d4                SystemClock_Config
 .text.main     0x0000000008007a0c       0x60 Core/Src/main.o
                0x0000000008007a0c                main
 .text.vApplicationStackOverflowHook
                0x0000000008007a6c        0x8 Core/Src/main.o
                0x0000000008007a6c                vApplicationStackOverflowHook
 .text.vApplicationMallocFailedHook
                0x0000000008007a74        0x8 Core/Src/main.o
                0x0000000008007a74                vApplicationMallocFailedHook
 .text.MX_RF_Init
                0x0000000008007a7c        0x2 Core/Src/rf.o
                0x0000000008007a7c                MX_RF_Init
 *fill*         0x0000000008007a7e        0x2 
 .text.MX_RTC_Init
                0x0000000008007a80       0xf8 Core/Src/rtc.o
                0x0000000008007a80                MX_RTC_Init
 .text.HAL_RTC_MspInit
                0x0000000008007b78       0x4c Core/Src/rtc.o
                0x0000000008007b78                HAL_RTC_MspInit
 .text.MX_SPI1_Init
                0x0000000008007bc4       0x50 Core/Src/spi.o
                0x0000000008007bc4                MX_SPI1_Init
 .text.HAL_SPI_MspInit
                0x0000000008007c14       0xf8 Core/Src/spi.o
                0x0000000008007c14                HAL_SPI_MspInit
 .text.HAL_MspInit
                0x0000000008007d0c       0x6c Core/Src/stm32wbxx_hal_msp.o
                0x0000000008007d0c                HAL_MspInit
 .text.HAL_InitTick
                0x0000000008007d78       0x78 Core/Src/stm32wbxx_hal_timebase_tim.o
                0x0000000008007d78                HAL_InitTick
 .text.NMI_Handler
                0x0000000008007df0        0x2 Core/Src/stm32wbxx_it.o
                0x0000000008007df0                NMI_Handler
 *fill*         0x0000000008007df2        0x2 
 .text.HardFault_Handler
                0x0000000008007df4       0x28 Core/Src/stm32wbxx_it.o
                0x0000000008007df4                HardFault_Handler
 .text.MemManage_Handler
                0x0000000008007e1c        0x2 Core/Src/stm32wbxx_it.o
                0x0000000008007e1c                MemManage_Handler
 .text.BusFault_Handler
                0x0000000008007e1e        0x2 Core/Src/stm32wbxx_it.o
                0x0000000008007e1e                BusFault_Handler
 .text.UsageFault_Handler
                0x0000000008007e20        0x2 Core/Src/stm32wbxx_it.o
                0x0000000008007e20                UsageFault_Handler
 .text.DebugMon_Handler
                0x0000000008007e22        0x2 Core/Src/stm32wbxx_it.o
                0x0000000008007e22                DebugMon_Handler
 .text.FLASH_IRQHandler
                0x0000000008007e24        0x8 Core/Src/stm32wbxx_it.o
                0x0000000008007e24                FLASH_IRQHandler
 .text.DMA1_Channel1_IRQHandler
                0x0000000008007e2c       0x10 Core/Src/stm32wbxx_it.o
                0x0000000008007e2c                DMA1_Channel1_IRQHandler
 .text.DMA1_Channel2_IRQHandler
                0x0000000008007e3c       0x10 Core/Src/stm32wbxx_it.o
                0x0000000008007e3c                DMA1_Channel2_IRQHandler
 .text.ADC1_IRQHandler
                0x0000000008007e4c       0x10 Core/Src/stm32wbxx_it.o
                0x0000000008007e4c                ADC1_IRQHandler
 .text.USB_LP_IRQHandler
                0x0000000008007e5c       0x10 Core/Src/stm32wbxx_it.o
                0x0000000008007e5c                USB_LP_IRQHandler
 .text.TIM1_TRG_COM_TIM17_IRQHandler
                0x0000000008007e6c       0x18 Core/Src/stm32wbxx_it.o
                0x0000000008007e6c                TIM1_TRG_COM_TIM17_IRQHandler
 .text.TIM2_IRQHandler
                0x0000000008007e84       0x10 Core/Src/stm32wbxx_it.o
                0x0000000008007e84                TIM2_IRQHandler
 .text.SPI1_IRQHandler
                0x0000000008007e94       0x10 Core/Src/stm32wbxx_it.o
                0x0000000008007e94                SPI1_IRQHandler
 .text.USART1_IRQHandler
                0x0000000008007ea4       0x10 Core/Src/stm32wbxx_it.o
                0x0000000008007ea4                USART1_IRQHandler
 .text.RTC_Alarm_IRQHandler
                0x0000000008007eb4       0x10 Core/Src/stm32wbxx_it.o
                0x0000000008007eb4                RTC_Alarm_IRQHandler
 .text.HSEM_IRQHandler
                0x0000000008007ec4        0x8 Core/Src/stm32wbxx_it.o
                0x0000000008007ec4                HSEM_IRQHandler
 .text.IPCC_C1_TX_IRQHandler
                0x0000000008007ecc        0x8 Core/Src/stm32wbxx_it.o
                0x0000000008007ecc                IPCC_C1_TX_IRQHandler
 .text.IPCC_C1_RX_IRQHandler
                0x0000000008007ed4        0x8 Core/Src/stm32wbxx_it.o
                0x0000000008007ed4                IPCC_C1_RX_IRQHandler
 .text._read    0x0000000008007edc       0x1a Core/Src/syscalls.o
                0x0000000008007edc                _read
 .text._write   0x0000000008007ef6       0x1a Core/Src/syscalls.o
                0x0000000008007ef6                _write
 .text._close   0x0000000008007f10        0x6 Core/Src/syscalls.o
                0x0000000008007f10                _close
 .text._fstat   0x0000000008007f16        0xa Core/Src/syscalls.o
                0x0000000008007f16                _fstat
 .text._isatty  0x0000000008007f20        0x4 Core/Src/syscalls.o
                0x0000000008007f20                _isatty
 .text._lseek   0x0000000008007f24        0x4 Core/Src/syscalls.o
                0x0000000008007f24                _lseek
 .text._sbrk    0x0000000008007f28       0x3c Core/Src/sysmem.o
                0x0000000008007f28                _sbrk
 .text.SystemInit
                0x0000000008007f64       0x64 Core/Src/system_stm32wbxx.o
                0x0000000008007f64                SystemInit
 .text.HAL_TIM_Base_MspInit
                0x0000000008007fc8       0x40 Core/Src/tim.o
                0x0000000008007fc8                HAL_TIM_Base_MspInit
 .text.HAL_TIM_OC_MspInit
                0x0000000008008008       0x6c Core/Src/tim.o
                0x0000000008008008                HAL_TIM_OC_MspInit
 .text.HAL_TIM_MspPostInit
                0x0000000008008074       0xb0 Core/Src/tim.o
                0x0000000008008074                HAL_TIM_MspPostInit
 .text.MX_TIM1_Init
                0x0000000008008124      0x128 Core/Src/tim.o
                0x0000000008008124                MX_TIM1_Init
 .text.MX_TIM2_Init
                0x000000000800824c       0xd8 Core/Src/tim.o
                0x000000000800824c                MX_TIM2_Init
 .text.MX_USART1_UART_Init
                0x0000000008008324       0x70 Core/Src/usart.o
                0x0000000008008324                MX_USART1_UART_Init
 .text.HAL_UART_MspInit
                0x0000000008008394       0x88 Core/Src/usart.o
                0x0000000008008394                HAL_UART_MspInit
 .text.data_initializers
                0x000000000800841c       0x18 Core/Startup/startup_stm32wb55rgvx.o
 .text.Reset_Handler
                0x0000000008008434       0x54 Core/Startup/startup_stm32wb55rgvx.o
                0x0000000008008434                Reset_Handler
 .text.Default_Handler
                0x0000000008008488        0x2 Core/Startup/startup_stm32wb55rgvx.o
                0x0000000008008488                EXTI2_IRQHandler
                0x0000000008008488                TIM1_CC_IRQHandler
                0x0000000008008488                TSC_IRQHandler
                0x0000000008008488                USB_HP_IRQHandler
                0x0000000008008488                EXTI3_IRQHandler
                0x0000000008008488                LPTIM2_IRQHandler
                0x0000000008008488                I2C3_ER_IRQHandler
                0x0000000008008488                EXTI0_IRQHandler
                0x0000000008008488                FPU_IRQHandler
                0x0000000008008488                TIM1_UP_TIM16_IRQHandler
                0x0000000008008488                AES1_IRQHandler
                0x0000000008008488                PWR_SOTF_BLEACT_802ACT_RFPHASE_IRQHandler
                0x0000000008008488                DMA2_Channel2_IRQHandler
                0x0000000008008488                DMA1_Channel4_IRQHandler
                0x0000000008008488                PKA_IRQHandler
                0x0000000008008488                DMA1_Channel7_IRQHandler
                0x0000000008008488                LCD_IRQHandler
                0x0000000008008488                DMA2_Channel1_IRQHandler
                0x0000000008008488                QUADSPI_IRQHandler
                0x0000000008008488                I2C1_EV_IRQHandler
                0x0000000008008488                DMAMUX1_OVR_IRQHandler
                0x0000000008008488                DMA1_Channel6_IRQHandler
                0x0000000008008488                DMA2_Channel4_IRQHandler
                0x0000000008008488                RCC_IRQHandler
                0x0000000008008488                Default_Handler
                0x0000000008008488                DMA2_Channel7_IRQHandler
                0x0000000008008488                EXTI15_10_IRQHandler
                0x0000000008008488                C2SEV_PWR_C2H_IRQHandler
                0x0000000008008488                AES2_IRQHandler
                0x0000000008008488                I2C3_EV_IRQHandler
                0x0000000008008488                EXTI9_5_IRQHandler
                0x0000000008008488                RTC_WKUP_IRQHandler
                0x0000000008008488                PVD_PVM_IRQHandler
                0x0000000008008488                SPI2_IRQHandler
                0x0000000008008488                DMA2_Channel5_IRQHandler
                0x0000000008008488                CRS_IRQHandler
                0x0000000008008488                DMA1_Channel5_IRQHandler
                0x0000000008008488                EXTI4_IRQHandler
                0x0000000008008488                RNG_IRQHandler
                0x0000000008008488                TAMP_STAMP_LSECSS_IRQHandler
                0x0000000008008488                DMA1_Channel3_IRQHandler
                0x0000000008008488                COMP_IRQHandler
                0x0000000008008488                WWDG_IRQHandler
                0x0000000008008488                LPUART1_IRQHandler
                0x0000000008008488                DMA2_Channel6_IRQHandler
                0x0000000008008488                TIM1_BRK_IRQHandler
                0x0000000008008488                EXTI1_IRQHandler
                0x0000000008008488                I2C1_ER_IRQHandler
                0x0000000008008488                LPTIM1_IRQHandler
                0x0000000008008488                SAI1_IRQHandler
                0x0000000008008488                DMA2_Channel3_IRQHandler
 *fill*         0x000000000800848a        0x2 
 .text.HAL_Init
                0x000000000800848c       0x2c Drivers/STM32WBxx_HAL_Driver/Src/stm32wbxx_hal.o
                0x000000000800848c                HAL_Init
 .text.HAL_IncTick
                0x00000000080084b8       0x18 Drivers/STM32WBxx_HAL_Driver/Src/stm32wbxx_hal.o
                0x00000000080084b8                HAL_IncTick
 .text.HAL_GetTick
                0x00000000080084d0        0xc Drivers/STM32WBxx_HAL_Driver/Src/stm32wbxx_hal.o
                0x00000000080084d0                HAL_GetTick
 .text.HAL_GetTickPrio
                0x00000000080084dc        0xc Drivers/STM32WBxx_HAL_Driver/Src/stm32wbxx_hal.o
                0x00000000080084dc                HAL_GetTickPrio
 .text.HAL_Delay
                0x00000000080084e8       0x28 Drivers/STM32WBxx_HAL_Driver/Src/stm32wbxx_hal.o
                0x00000000080084e8                HAL_Delay
 .text.HAL_DBGMCU_EnableDBGSleepMode
                0x0000000008008510       0x10 Drivers/STM32WBxx_HAL_Driver/Src/stm32wbxx_hal.o
                0x0000000008008510                HAL_DBGMCU_EnableDBGSleepMode
 .text.HAL_DBGMCU_EnableDBGStopMode
                0x0000000008008520       0x10 Drivers/STM32WBxx_HAL_Driver/Src/stm32wbxx_hal.o
                0x0000000008008520                HAL_DBGMCU_EnableDBGStopMode
 .text.HAL_ADC_Init
                0x0000000008008530      0x1d0 Drivers/STM32WBxx_HAL_Driver/Src/stm32wbxx_hal_adc.o
                0x0000000008008530                HAL_ADC_Init
 .text.HAL_ADC_GetValue
                0x0000000008008700        0x6 Drivers/STM32WBxx_HAL_Driver/Src/stm32wbxx_hal_adc.o
                0x0000000008008700                HAL_ADC_GetValue
 .text.HAL_ADC_LevelOutOfWindowCallback
                0x0000000008008706        0x2 Drivers/STM32WBxx_HAL_Driver/Src/stm32wbxx_hal_adc.o
                0x0000000008008706                HAL_ADC_LevelOutOfWindowCallback
 .text.HAL_ADC_IRQHandler
                0x0000000008008708      0x226 Drivers/STM32WBxx_HAL_Driver/Src/stm32wbxx_hal_adc.o
                0x0000000008008708                HAL_ADC_IRQHandler
 *fill*         0x000000000800892e        0x2 
 .text.HAL_ADC_ConfigChannel
                0x0000000008008930      0x3e0 Drivers/STM32WBxx_HAL_Driver/Src/stm32wbxx_hal_adc.o
                0x0000000008008930                HAL_ADC_ConfigChannel
 .text.ADC_ConversionStop
                0x0000000008008d10      0x10c Drivers/STM32WBxx_HAL_Driver/Src/stm32wbxx_hal_adc.o
                0x0000000008008d10                ADC_ConversionStop
 .text.ADC_Enable
                0x0000000008008e1c       0xd0 Drivers/STM32WBxx_HAL_Driver/Src/stm32wbxx_hal_adc.o
                0x0000000008008e1c                ADC_Enable
 .text.HAL_ADC_Start_IT
                0x0000000008008eec       0xa8 Drivers/STM32WBxx_HAL_Driver/Src/stm32wbxx_hal_adc.o
                0x0000000008008eec                HAL_ADC_Start_IT
 .text.ADC_Disable
                0x0000000008008f94       0x86 Drivers/STM32WBxx_HAL_Driver/Src/stm32wbxx_hal_adc.o
                0x0000000008008f94                ADC_Disable
 .text.HAL_ADC_Stop_IT
                0x000000000800901a       0x54 Drivers/STM32WBxx_HAL_Driver/Src/stm32wbxx_hal_adc.o
                0x000000000800901a                HAL_ADC_Stop_IT
 .text.HAL_ADCEx_InjectedConvCpltCallback
                0x000000000800906e        0x2 Drivers/STM32WBxx_HAL_Driver/Src/stm32wbxx_hal_adc_ex.o
                0x000000000800906e                HAL_ADCEx_InjectedConvCpltCallback
 .text.HAL_ADCEx_InjectedQueueOverflowCallback
                0x0000000008009070        0x2 Drivers/STM32WBxx_HAL_Driver/Src/stm32wbxx_hal_adc_ex.o
                0x0000000008009070                HAL_ADCEx_InjectedQueueOverflowCallback
 .text.HAL_ADCEx_LevelOutOfWindow2Callback
                0x0000000008009072        0x2 Drivers/STM32WBxx_HAL_Driver/Src/stm32wbxx_hal_adc_ex.o
                0x0000000008009072                HAL_ADCEx_LevelOutOfWindow2Callback
 .text.HAL_ADCEx_LevelOutOfWindow3Callback
                0x0000000008009074        0x2 Drivers/STM32WBxx_HAL_Driver/Src/stm32wbxx_hal_adc_ex.o
                0x0000000008009074                HAL_ADCEx_LevelOutOfWindow3Callback
 .text.HAL_ADCEx_EndOfSamplingCallback
                0x0000000008009076        0x2 Drivers/STM32WBxx_HAL_Driver/Src/stm32wbxx_hal_adc_ex.o
                0x0000000008009076                HAL_ADCEx_EndOfSamplingCallback
 .text.HAL_NVIC_SetPriorityGrouping
                0x0000000008009078       0x24 Drivers/STM32WBxx_HAL_Driver/Src/stm32wbxx_hal_cortex.o
                0x0000000008009078                HAL_NVIC_SetPriorityGrouping
 .text.HAL_NVIC_SetPriority
                0x000000000800909c       0x64 Drivers/STM32WBxx_HAL_Driver/Src/stm32wbxx_hal_cortex.o
                0x000000000800909c                HAL_NVIC_SetPriority
 .text.HAL_NVIC_EnableIRQ
                0x0000000008009100       0x1c Drivers/STM32WBxx_HAL_Driver/Src/stm32wbxx_hal_cortex.o
                0x0000000008009100                HAL_NVIC_EnableIRQ
 .text.HAL_NVIC_DisableIRQ
                0x000000000800911c       0x28 Drivers/STM32WBxx_HAL_Driver/Src/stm32wbxx_hal_cortex.o
                0x000000000800911c                HAL_NVIC_DisableIRQ
 .text.HAL_NVIC_SetPendingIRQ
                0x0000000008009144       0x20 Drivers/STM32WBxx_HAL_Driver/Src/stm32wbxx_hal_cortex.o
                0x0000000008009144                HAL_NVIC_SetPendingIRQ
 .text.HAL_NVIC_ClearPendingIRQ
                0x0000000008009164       0x20 Drivers/STM32WBxx_HAL_Driver/Src/stm32wbxx_hal_cortex.o
                0x0000000008009164                HAL_NVIC_ClearPendingIRQ
 .text.DMA_SetConfig
                0x0000000008009184       0x40 Drivers/STM32WBxx_HAL_Driver/Src/stm32wbxx_hal_dma.o
 .text.DMA_CalcDMAMUXChannelBaseAndMask
                0x00000000080091c4       0x54 Drivers/STM32WBxx_HAL_Driver/Src/stm32wbxx_hal_dma.o
 .text.HAL_DMA_Init
                0x0000000008009218       0xfc Drivers/STM32WBxx_HAL_Driver/Src/stm32wbxx_hal_dma.o
                0x0000000008009218                HAL_DMA_Init
 .text.HAL_DMA_Start_IT
                0x0000000008009314       0x94 Drivers/STM32WBxx_HAL_Driver/Src/stm32wbxx_hal_dma.o
                0x0000000008009314                HAL_DMA_Start_IT
 .text.HAL_DMA_Abort_IT
                0x00000000080093a8       0x72 Drivers/STM32WBxx_HAL_Driver/Src/stm32wbxx_hal_dma.o
                0x00000000080093a8                HAL_DMA_Abort_IT
 .text.HAL_DMA_IRQHandler
                0x000000000800941a       0xc4 Drivers/STM32WBxx_HAL_Driver/Src/stm32wbxx_hal_dma.o
                0x000000000800941a                HAL_DMA_IRQHandler
 .text.HAL_FLASH_EndOfOperationCallback
                0x00000000080094de        0x2 Drivers/STM32WBxx_HAL_Driver/Src/stm32wbxx_hal_flash.o
                0x00000000080094de                HAL_FLASH_EndOfOperationCallback
 .text.HAL_FLASH_OperationErrorCallback
                0x00000000080094e0        0x2 Drivers/STM32WBxx_HAL_Driver/Src/stm32wbxx_hal_flash.o
                0x00000000080094e0                HAL_FLASH_OperationErrorCallback
 *fill*         0x00000000080094e2        0x2 
 .text.HAL_FLASH_IRQHandler
                0x00000000080094e4       0xb8 Drivers/STM32WBxx_HAL_Driver/Src/stm32wbxx_hal_flash.o
                0x00000000080094e4                HAL_FLASH_IRQHandler
 .text.HAL_FLASH_Unlock
                0x000000000800959c       0x28 Drivers/STM32WBxx_HAL_Driver/Src/stm32wbxx_hal_flash.o
                0x000000000800959c                HAL_FLASH_Unlock
 .text.HAL_FLASH_Lock
                0x00000000080095c4       0x18 Drivers/STM32WBxx_HAL_Driver/Src/stm32wbxx_hal_flash.o
                0x00000000080095c4                HAL_FLASH_Lock
 .text.FLASH_WaitForLastOperation
                0x00000000080095dc       0x6c Drivers/STM32WBxx_HAL_Driver/Src/stm32wbxx_hal_flash.o
                0x00000000080095dc                FLASH_WaitForLastOperation
 .text.HAL_FLASH_Program
                0x0000000008009648       0x78 Drivers/STM32WBxx_HAL_Driver/Src/stm32wbxx_hal_flash.o
                0x0000000008009648                HAL_FLASH_Program
 .text.HAL_FLASHEx_IsOperationSuspended
                0x00000000080096c0       0x10 Drivers/STM32WBxx_HAL_Driver/Src/stm32wbxx_hal_flash_ex.o
                0x00000000080096c0                HAL_FLASHEx_IsOperationSuspended
 .text.FLASH_PageErase
                0x00000000080096d0       0x1c Drivers/STM32WBxx_HAL_Driver/Src/stm32wbxx_hal_flash_ex.o
                0x00000000080096d0                FLASH_PageErase
 .text.HAL_FLASHEx_Erase
                0x00000000080096ec       0xe0 Drivers/STM32WBxx_HAL_Driver/Src/stm32wbxx_hal_flash_ex.o
                0x00000000080096ec                HAL_FLASHEx_Erase
 .text.HAL_GPIO_Init
                0x00000000080097cc      0x19c Drivers/STM32WBxx_HAL_Driver/Src/stm32wbxx_hal_gpio.o
                0x00000000080097cc                HAL_GPIO_Init
 .text.HAL_GPIO_ReadPin
                0x0000000008009968        0xc Drivers/STM32WBxx_HAL_Driver/Src/stm32wbxx_hal_gpio.o
                0x0000000008009968                HAL_GPIO_ReadPin
 .text.HAL_GPIO_WritePin
                0x0000000008009974        0xa Drivers/STM32WBxx_HAL_Driver/Src/stm32wbxx_hal_gpio.o
                0x0000000008009974                HAL_GPIO_WritePin
 *fill*         0x000000000800997e        0x2 
 .text.HAL_HSEM_FastTake
                0x0000000008009980       0x1c Drivers/STM32WBxx_HAL_Driver/Src/stm32wbxx_hal_hsem.o
                0x0000000008009980                HAL_HSEM_FastTake
 .text.HAL_HSEM_IsSemTaken
                0x000000000800999c       0x10 Drivers/STM32WBxx_HAL_Driver/Src/stm32wbxx_hal_hsem.o
                0x000000000800999c                HAL_HSEM_IsSemTaken
 .text.HAL_HSEM_Release
                0x00000000080099ac       0x10 Drivers/STM32WBxx_HAL_Driver/Src/stm32wbxx_hal_hsem.o
                0x00000000080099ac                HAL_HSEM_Release
 .text.HAL_HSEM_FreeCallback
                0x00000000080099bc        0x2 Drivers/STM32WBxx_HAL_Driver/Src/stm32wbxx_hal_hsem.o
                0x00000000080099bc                HAL_HSEM_FreeCallback
 *fill*         0x00000000080099be        0x2 
 .text.HAL_HSEM_IRQHandler
                0x00000000080099c0       0x1c Drivers/STM32WBxx_HAL_Driver/Src/stm32wbxx_hal_hsem.o
                0x00000000080099c0                HAL_HSEM_IRQHandler
 .text.HAL_PCD_Init
                0x00000000080099dc       0xc2 Drivers/STM32WBxx_HAL_Driver/Src/stm32wbxx_hal_pcd.o
                0x00000000080099dc                HAL_PCD_Init
 .text.HAL_PCD_Start
                0x0000000008009a9e       0x2a Drivers/STM32WBxx_HAL_Driver/Src/stm32wbxx_hal_pcd.o
                0x0000000008009a9e                HAL_PCD_Start
 .text.HAL_PCD_SetAddress
                0x0000000008009ac8       0x28 Drivers/STM32WBxx_HAL_Driver/Src/stm32wbxx_hal_pcd.o
                0x0000000008009ac8                HAL_PCD_SetAddress
 .text.HAL_PCD_EP_Open
                0x0000000008009af0       0x6e Drivers/STM32WBxx_HAL_Driver/Src/stm32wbxx_hal_pcd.o
                0x0000000008009af0                HAL_PCD_EP_Open
 .text.HAL_PCD_EP_Close
                0x0000000008009b5e       0x5c Drivers/STM32WBxx_HAL_Driver/Src/stm32wbxx_hal_pcd.o
                0x0000000008009b5e                HAL_PCD_EP_Close
 .text.HAL_PCD_EP_Receive
                0x0000000008009bba       0x30 Drivers/STM32WBxx_HAL_Driver/Src/stm32wbxx_hal_pcd.o
                0x0000000008009bba                HAL_PCD_EP_Receive
 .text.HAL_PCD_EP_GetRxCount
                0x0000000008009bea        0xe Drivers/STM32WBxx_HAL_Driver/Src/stm32wbxx_hal_pcd.o
                0x0000000008009bea                HAL_PCD_EP_GetRxCount
 .text.HAL_PCD_EP_Transmit
                0x0000000008009bf8       0x2c Drivers/STM32WBxx_HAL_Driver/Src/stm32wbxx_hal_pcd.o
                0x0000000008009bf8                HAL_PCD_EP_Transmit
 .text.HAL_PCD_IRQHandler
                0x0000000008009c24      0x50a Drivers/STM32WBxx_HAL_Driver/Src/stm32wbxx_hal_pcd.o
                0x0000000008009c24                HAL_PCD_IRQHandler
 .text.HAL_PCD_EP_SetStall
                0x000000000800a12e       0x6e Drivers/STM32WBxx_HAL_Driver/Src/stm32wbxx_hal_pcd.o
                0x000000000800a12e                HAL_PCD_EP_SetStall
 .text.HAL_PCD_EP_ClrStall
                0x000000000800a19c       0x6e Drivers/STM32WBxx_HAL_Driver/Src/stm32wbxx_hal_pcd.o
                0x000000000800a19c                HAL_PCD_EP_ClrStall
 .text.HAL_PCDEx_PMAConfig
                0x000000000800a20a       0x30 Drivers/STM32WBxx_HAL_Driver/Src/stm32wbxx_hal_pcd_ex.o
                0x000000000800a20a                HAL_PCDEx_PMAConfig
 .text.HAL_PCDEx_ActivateLPM
                0x000000000800a23a       0x28 Drivers/STM32WBxx_HAL_Driver/Src/stm32wbxx_hal_pcd_ex.o
                0x000000000800a23a                HAL_PCDEx_ActivateLPM
 *fill*         0x000000000800a262        0x2 
 .text.HAL_PWR_EnableBkUpAccess
                0x000000000800a264       0x10 Drivers/STM32WBxx_HAL_Driver/Src/stm32wbxx_hal_pwr.o
                0x000000000800a264                HAL_PWR_EnableBkUpAccess
 .text.HAL_PWREx_GetVoltageRange
                0x000000000800a274       0x10 Drivers/STM32WBxx_HAL_Driver/Src/stm32wbxx_hal_pwr_ex.o
                0x000000000800a274                HAL_PWREx_GetVoltageRange
 .text.HAL_PWREx_EnableVddUSB
                0x000000000800a284       0x10 Drivers/STM32WBxx_HAL_Driver/Src/stm32wbxx_hal_pwr_ex.o
                0x000000000800a284                HAL_PWREx_EnableVddUSB
 .text.RCC_SetFlashLatencyFromMSIRange
                0x000000000800a294      0x10c Drivers/STM32WBxx_HAL_Driver/Src/stm32wbxx_hal_rcc.o
 .text.HAL_RCC_GetSysClockFreq
                0x000000000800a3a0       0xc0 Drivers/STM32WBxx_HAL_Driver/Src/stm32wbxx_hal_rcc.o
                0x000000000800a3a0                HAL_RCC_GetSysClockFreq
 .text.HAL_RCC_GetHCLKFreq
                0x000000000800a460       0x20 Drivers/STM32WBxx_HAL_Driver/Src/stm32wbxx_hal_rcc.o
                0x000000000800a460                HAL_RCC_GetHCLKFreq
 .text.HAL_RCC_OscConfig
                0x000000000800a480      0x724 Drivers/STM32WBxx_HAL_Driver/Src/stm32wbxx_hal_rcc.o
                0x000000000800a480                HAL_RCC_OscConfig
 .text.HAL_RCC_ClockConfig
                0x000000000800aba4      0x26c Drivers/STM32WBxx_HAL_Driver/Src/stm32wbxx_hal_rcc.o
                0x000000000800aba4                HAL_RCC_ClockConfig
 .text.HAL_RCC_GetPCLK1Freq
                0x000000000800ae10       0x24 Drivers/STM32WBxx_HAL_Driver/Src/stm32wbxx_hal_rcc.o
                0x000000000800ae10                HAL_RCC_GetPCLK1Freq
 .text.HAL_RCC_GetPCLK2Freq
                0x000000000800ae34       0x24 Drivers/STM32WBxx_HAL_Driver/Src/stm32wbxx_hal_rcc.o
                0x000000000800ae34                HAL_RCC_GetPCLK2Freq
 .text.HAL_RCC_GetClockConfig
                0x000000000800ae58       0x4c Drivers/STM32WBxx_HAL_Driver/Src/stm32wbxx_hal_rcc.o
                0x000000000800ae58                HAL_RCC_GetClockConfig
 .text.HAL_RCCEx_PeriphCLKConfig
                0x000000000800aea4      0x452 Drivers/STM32WBxx_HAL_Driver/Src/stm32wbxx_hal_rcc_ex.o
                0x000000000800aea4                HAL_RCCEx_PeriphCLKConfig
 *fill*         0x000000000800b2f6        0x2 
 .text.HAL_RCCEx_CRSConfig
                0x000000000800b2f8       0x48 Drivers/STM32WBxx_HAL_Driver/Src/stm32wbxx_hal_rcc_ex.o
                0x000000000800b2f8                HAL_RCCEx_CRSConfig
 .text.HAL_RTC_AlarmIRQHandler
                0x000000000800b340       0x64 Drivers/STM32WBxx_HAL_Driver/Src/stm32wbxx_hal_rtc.o
                0x000000000800b340                HAL_RTC_AlarmIRQHandler
 .text.HAL_RTC_WaitForSynchro
                0x000000000800b3a4       0x32 Drivers/STM32WBxx_HAL_Driver/Src/stm32wbxx_hal_rtc.o
                0x000000000800b3a4                HAL_RTC_WaitForSynchro
 .text.RTC_EnterInitMode
                0x000000000800b3d6       0x3c Drivers/STM32WBxx_HAL_Driver/Src/stm32wbxx_hal_rtc.o
                0x000000000800b3d6                RTC_EnterInitMode
 .text.HAL_RTC_Init
                0x000000000800b412       0xda Drivers/STM32WBxx_HAL_Driver/Src/stm32wbxx_hal_rtc.o
                0x000000000800b412                HAL_RTC_Init
 .text.RTC_ByteToBcd2
                0x000000000800b4ec       0x1c Drivers/STM32WBxx_HAL_Driver/Src/stm32wbxx_hal_rtc.o
                0x000000000800b4ec                RTC_ByteToBcd2
 .text.HAL_RTC_SetTime
                0x000000000800b508      0x116 Drivers/STM32WBxx_HAL_Driver/Src/stm32wbxx_hal_rtc.o
                0x000000000800b508                HAL_RTC_SetTime
 .text.HAL_RTC_SetDate
                0x000000000800b61e       0xf0 Drivers/STM32WBxx_HAL_Driver/Src/stm32wbxx_hal_rtc.o
                0x000000000800b61e                HAL_RTC_SetDate
 *fill*         0x000000000800b70e        0x2 
 .text.HAL_RTC_SetAlarm_IT
                0x000000000800b710      0x1b0 Drivers/STM32WBxx_HAL_Driver/Src/stm32wbxx_hal_rtc.o
                0x000000000800b710                HAL_RTC_SetAlarm_IT
 .text.RTC_Bcd2ToByte
                0x000000000800b8c0       0x12 Drivers/STM32WBxx_HAL_Driver/Src/stm32wbxx_hal_rtc.o
                0x000000000800b8c0                RTC_Bcd2ToByte
 .text.HAL_RTC_GetTime
                0x000000000800b8d2       0x54 Drivers/STM32WBxx_HAL_Driver/Src/stm32wbxx_hal_rtc.o
                0x000000000800b8d2                HAL_RTC_GetTime
 .text.HAL_RTC_GetDate
                0x000000000800b926       0x40 Drivers/STM32WBxx_HAL_Driver/Src/stm32wbxx_hal_rtc.o
                0x000000000800b926                HAL_RTC_GetDate
 .text.HAL_RTCEx_BKUPWrite
                0x000000000800b966        0xa Drivers/STM32WBxx_HAL_Driver/Src/stm32wbxx_hal_rtc_ex.o
                0x000000000800b966                HAL_RTCEx_BKUPWrite
 .text.HAL_RTCEx_BKUPRead
                0x000000000800b970        0xa Drivers/STM32WBxx_HAL_Driver/Src/stm32wbxx_hal_rtc_ex.o
                0x000000000800b970                HAL_RTCEx_BKUPRead
 .text.HAL_RTCEx_AlarmBEventCallback
                0x000000000800b97a        0x2 Drivers/STM32WBxx_HAL_Driver/Src/stm32wbxx_hal_rtc_ex.o
                0x000000000800b97a                HAL_RTCEx_AlarmBEventCallback
 .text.SPI_WaitFlagStateUntilTimeout
                0x000000000800b97c       0xd8 Drivers/STM32WBxx_HAL_Driver/Src/stm32wbxx_hal_spi.o
 .text.SPI_WaitFifoStateUntilTimeout
                0x000000000800ba54       0xe8 Drivers/STM32WBxx_HAL_Driver/Src/stm32wbxx_hal_spi.o
 .text.SPI_EndRxTxTransaction
                0x000000000800bb3c       0x66 Drivers/STM32WBxx_HAL_Driver/Src/stm32wbxx_hal_spi.o
 .text.SPI_EndRxTransaction
                0x000000000800bba2       0x88 Drivers/STM32WBxx_HAL_Driver/Src/stm32wbxx_hal_spi.o
 .text.HAL_SPI_Init
                0x000000000800bc2a       0xe8 Drivers/STM32WBxx_HAL_Driver/Src/stm32wbxx_hal_spi.o
                0x000000000800bc2a                HAL_SPI_Init
 *fill*         0x000000000800bd12        0x2 
 .text.HAL_SPI_TransmitReceive_DMA
                0x000000000800bd14      0x208 Drivers/STM32WBxx_HAL_Driver/Src/stm32wbxx_hal_spi.o
                0x000000000800bd14                HAL_SPI_TransmitReceive_DMA
 .text.HAL_SPI_RxCpltCallback
                0x000000000800bf1c        0x2 Drivers/STM32WBxx_HAL_Driver/Src/stm32wbxx_hal_spi.o
                0x000000000800bf1c                HAL_SPI_RxCpltCallback
 .text.HAL_SPI_RxHalfCpltCallback
                0x000000000800bf1e        0x2 Drivers/STM32WBxx_HAL_Driver/Src/stm32wbxx_hal_spi.o
                0x000000000800bf1e                HAL_SPI_RxHalfCpltCallback
 .text.SPI_DMAHalfReceiveCplt
                0x000000000800bf20        0xa Drivers/STM32WBxx_HAL_Driver/Src/stm32wbxx_hal_spi.o
 .text.HAL_SPI_TxRxHalfCpltCallback
                0x000000000800bf2a        0x2 Drivers/STM32WBxx_HAL_Driver/Src/stm32wbxx_hal_spi.o
                0x000000000800bf2a                HAL_SPI_TxRxHalfCpltCallback
 .text.SPI_DMAHalfTransmitReceiveCplt
                0x000000000800bf2c        0xa Drivers/STM32WBxx_HAL_Driver/Src/stm32wbxx_hal_spi.o
 .text.SPI_DMAError
                0x000000000800bf36       0x22 Drivers/STM32WBxx_HAL_Driver/Src/stm32wbxx_hal_spi.o
 .text.SPI_DMAReceiveCplt
                0x000000000800bf58       0x70 Drivers/STM32WBxx_HAL_Driver/Src/stm32wbxx_hal_spi.o
 .text.SPI_DMATransmitReceiveCplt
                0x000000000800bfc8       0x5e Drivers/STM32WBxx_HAL_Driver/Src/stm32wbxx_hal_spi.o
 *fill*         0x000000000800c026        0x2 
 .text.HAL_SPI_IRQHandler
                0x000000000800c028      0x12c Drivers/STM32WBxx_HAL_Driver/Src/stm32wbxx_hal_spi.o
                0x000000000800c028                HAL_SPI_IRQHandler
 .text.SPI_DMAAbortOnError
                0x000000000800c154       0x12 Drivers/STM32WBxx_HAL_Driver/Src/stm32wbxx_hal_spi.o
 *fill*         0x000000000800c166        0x2 
 .text.TIM_OC1_SetConfig
                0x000000000800c168       0x80 Drivers/STM32WBxx_HAL_Driver/Src/stm32wbxx_hal_tim.o
 .text.TIM_OC3_SetConfig
                0x000000000800c1e8       0x70 Drivers/STM32WBxx_HAL_Driver/Src/stm32wbxx_hal_tim.o
 .text.TIM_OC4_SetConfig
                0x000000000800c258       0x5c Drivers/STM32WBxx_HAL_Driver/Src/stm32wbxx_hal_tim.o
 .text.TIM_OC5_SetConfig
                0x000000000800c2b4       0x58 Drivers/STM32WBxx_HAL_Driver/Src/stm32wbxx_hal_tim.o
 .text.TIM_OC6_SetConfig
                0x000000000800c30c       0x5c Drivers/STM32WBxx_HAL_Driver/Src/stm32wbxx_hal_tim.o
 .text.HAL_TIM_Base_Start_IT
                0x000000000800c368       0x64 Drivers/STM32WBxx_HAL_Driver/Src/stm32wbxx_hal_tim.o
                0x000000000800c368                HAL_TIM_Base_Start_IT
 .text.HAL_TIM_PWM_MspInit
                0x000000000800c3cc        0x2 Drivers/STM32WBxx_HAL_Driver/Src/stm32wbxx_hal_tim.o
                0x000000000800c3cc                HAL_TIM_PWM_MspInit
 .text.HAL_TIM_IC_MspInit
                0x000000000800c3ce        0x2 Drivers/STM32WBxx_HAL_Driver/Src/stm32wbxx_hal_tim.o
                0x000000000800c3ce                HAL_TIM_IC_MspInit
 .text.HAL_TIM_OC_DelayElapsedCallback
                0x000000000800c3d0        0x2 Drivers/STM32WBxx_HAL_Driver/Src/stm32wbxx_hal_tim.o
                0x000000000800c3d0                HAL_TIM_OC_DelayElapsedCallback
 .text.HAL_TIM_IC_CaptureCallback
                0x000000000800c3d2        0x2 Drivers/STM32WBxx_HAL_Driver/Src/stm32wbxx_hal_tim.o
                0x000000000800c3d2                HAL_TIM_IC_CaptureCallback
 .text.HAL_TIM_PWM_PulseFinishedCallback
                0x000000000800c3d4        0x2 Drivers/STM32WBxx_HAL_Driver/Src/stm32wbxx_hal_tim.o
                0x000000000800c3d4                HAL_TIM_PWM_PulseFinishedCallback
 .text.HAL_TIM_TriggerCallback
                0x000000000800c3d6        0x2 Drivers/STM32WBxx_HAL_Driver/Src/stm32wbxx_hal_tim.o
                0x000000000800c3d6                HAL_TIM_TriggerCallback
 .text.HAL_TIM_IRQHandler
                0x000000000800c3d8      0x19a Drivers/STM32WBxx_HAL_Driver/Src/stm32wbxx_hal_tim.o
                0x000000000800c3d8                HAL_TIM_IRQHandler
 *fill*         0x000000000800c572        0x2 
 .text.TIM_Base_SetConfig
                0x000000000800c574       0xbc Drivers/STM32WBxx_HAL_Driver/Src/stm32wbxx_hal_tim.o
                0x000000000800c574                TIM_Base_SetConfig
 .text.HAL_TIM_Base_Init
                0x000000000800c630       0x5e Drivers/STM32WBxx_HAL_Driver/Src/stm32wbxx_hal_tim.o
                0x000000000800c630                HAL_TIM_Base_Init
 .text.HAL_TIM_OC_Init
                0x000000000800c68e       0x5e Drivers/STM32WBxx_HAL_Driver/Src/stm32wbxx_hal_tim.o
                0x000000000800c68e                HAL_TIM_OC_Init
 .text.HAL_TIM_PWM_Init
                0x000000000800c6ec       0x5e Drivers/STM32WBxx_HAL_Driver/Src/stm32wbxx_hal_tim.o
                0x000000000800c6ec                HAL_TIM_PWM_Init
 .text.HAL_TIM_IC_Init
                0x000000000800c74a       0x5e Drivers/STM32WBxx_HAL_Driver/Src/stm32wbxx_hal_tim.o
                0x000000000800c74a                HAL_TIM_IC_Init
 .text.TIM_OC2_SetConfig
                0x000000000800c7a8       0x74 Drivers/STM32WBxx_HAL_Driver/Src/stm32wbxx_hal_tim.o
                0x000000000800c7a8                TIM_OC2_SetConfig
 .text.HAL_TIM_OC_ConfigChannel
                0x000000000800c81c       0x6a Drivers/STM32WBxx_HAL_Driver/Src/stm32wbxx_hal_tim.o
                0x000000000800c81c                HAL_TIM_OC_ConfigChannel
 .text.HAL_TIM_PWM_ConfigChannel
                0x000000000800c886      0x128 Drivers/STM32WBxx_HAL_Driver/Src/stm32wbxx_hal_tim.o
                0x000000000800c886                HAL_TIM_PWM_ConfigChannel
 *fill*         0x000000000800c9ae        0x2 
 .text.TIM_TI1_SetConfig
                0x000000000800c9b0       0x48 Drivers/STM32WBxx_HAL_Driver/Src/stm32wbxx_hal_tim.o
                0x000000000800c9b0                TIM_TI1_SetConfig
 .text.HAL_TIM_IC_ConfigChannel
                0x000000000800c9f8      0x134 Drivers/STM32WBxx_HAL_Driver/Src/stm32wbxx_hal_tim.o
                0x000000000800c9f8                HAL_TIM_IC_ConfigChannel
 .text.TIM_ETR_SetConfig
                0x000000000800cb2c       0x18 Drivers/STM32WBxx_HAL_Driver/Src/stm32wbxx_hal_tim.o
                0x000000000800cb2c                TIM_ETR_SetConfig
 .text.HAL_TIM_ConfigClockSource
                0x000000000800cb44      0x158 Drivers/STM32WBxx_HAL_Driver/Src/stm32wbxx_hal_tim.o
                0x000000000800cb44                HAL_TIM_ConfigClockSource
 .text.TIM_CCxChannelCmd
                0x000000000800cc9c       0x20 Drivers/STM32WBxx_HAL_Driver/Src/stm32wbxx_hal_tim.o
                0x000000000800cc9c                TIM_CCxChannelCmd
 .text.HAL_TIM_PWM_Start
                0x000000000800ccbc      0x10c Drivers/STM32WBxx_HAL_Driver/Src/stm32wbxx_hal_tim.o
                0x000000000800ccbc                HAL_TIM_PWM_Start
 .text.HAL_TIMEx_MasterConfigSynchronization
                0x000000000800cdc8       0x68 Drivers/STM32WBxx_HAL_Driver/Src/stm32wbxx_hal_tim_ex.o
                0x000000000800cdc8                HAL_TIMEx_MasterConfigSynchronization
 .text.HAL_TIMEx_ConfigBreakDeadTime
                0x000000000800ce30       0x98 Drivers/STM32WBxx_HAL_Driver/Src/stm32wbxx_hal_tim_ex.o
                0x000000000800ce30                HAL_TIMEx_ConfigBreakDeadTime
 .text.HAL_TIMEx_CommutCallback
                0x000000000800cec8        0x2 Drivers/STM32WBxx_HAL_Driver/Src/stm32wbxx_hal_tim_ex.o
                0x000000000800cec8                HAL_TIMEx_CommutCallback
 .text.HAL_TIMEx_BreakCallback
                0x000000000800ceca        0x2 Drivers/STM32WBxx_HAL_Driver/Src/stm32wbxx_hal_tim_ex.o
                0x000000000800ceca                HAL_TIMEx_BreakCallback
 .text.HAL_TIMEx_Break2Callback
                0x000000000800cecc        0x2 Drivers/STM32WBxx_HAL_Driver/Src/stm32wbxx_hal_tim_ex.o
                0x000000000800cecc                HAL_TIMEx_Break2Callback
 .text.UART_EndRxTransfer
                0x000000000800cece       0x24 Drivers/STM32WBxx_HAL_Driver/Src/stm32wbxx_hal_uart.o
 .text.UART_TxISR_8BIT
                0x000000000800cef2       0x44 Drivers/STM32WBxx_HAL_Driver/Src/stm32wbxx_hal_uart.o
 .text.UART_TxISR_16BIT
                0x000000000800cf36       0x48 Drivers/STM32WBxx_HAL_Driver/Src/stm32wbxx_hal_uart.o
 .text.UART_TxISR_8BIT_FIFOEN
                0x000000000800cf7e       0x66 Drivers/STM32WBxx_HAL_Driver/Src/stm32wbxx_hal_uart.o
 .text.UART_TxISR_16BIT_FIFOEN
                0x000000000800cfe4       0x6a Drivers/STM32WBxx_HAL_Driver/Src/stm32wbxx_hal_uart.o
 *fill*         0x000000000800d04e        0x2 
 .text.HAL_UART_Transmit_IT
                0x000000000800d050       0xb8 Drivers/STM32WBxx_HAL_Driver/Src/stm32wbxx_hal_uart.o
                0x000000000800d050                HAL_UART_Transmit_IT
 .text.HAL_UART_Receive_IT
                0x000000000800d108      0x128 Drivers/STM32WBxx_HAL_Driver/Src/stm32wbxx_hal_uart.o
                0x000000000800d108                HAL_UART_Receive_IT
 .text.UART_RxISR_8BIT
                0x000000000800d230       0x64 Drivers/STM32WBxx_HAL_Driver/Src/stm32wbxx_hal_uart.o
 .text.UART_RxISR_16BIT
                0x000000000800d294       0x64 Drivers/STM32WBxx_HAL_Driver/Src/stm32wbxx_hal_uart.o
 .text.UART_RxISR_8BIT_FIFOEN
                0x000000000800d2f8       0xb8 Drivers/STM32WBxx_HAL_Driver/Src/stm32wbxx_hal_uart.o
 .text.UART_RxISR_16BIT_FIFOEN
                0x000000000800d3b0       0xb8 Drivers/STM32WBxx_HAL_Driver/Src/stm32wbxx_hal_uart.o
 .text.HAL_UART_IRQHandler
                0x000000000800d468      0x1fc Drivers/STM32WBxx_HAL_Driver/Src/stm32wbxx_hal_uart.o
                0x000000000800d468                HAL_UART_IRQHandler
 .text.UART_DMAAbortOnError
                0x000000000800d664       0x14 Drivers/STM32WBxx_HAL_Driver/Src/stm32wbxx_hal_uart.o
 .text.UART_SetConfig
                0x000000000800d678      0x284 Drivers/STM32WBxx_HAL_Driver/Src/stm32wbxx_hal_uart.o
                0x000000000800d678                UART_SetConfig
 .text.UART_AdvFeatureConfig
                0x000000000800d8fc       0xca Drivers/STM32WBxx_HAL_Driver/Src/stm32wbxx_hal_uart.o
                0x000000000800d8fc                UART_AdvFeatureConfig
 .text.UART_WaitOnFlagUntilTimeout
                0x000000000800d9c6       0xa6 Drivers/STM32WBxx_HAL_Driver/Src/stm32wbxx_hal_uart.o
                0x000000000800d9c6                UART_WaitOnFlagUntilTimeout
 .text.UART_CheckIdleState
                0x000000000800da6c       0x72 Drivers/STM32WBxx_HAL_Driver/Src/stm32wbxx_hal_uart.o
                0x000000000800da6c                UART_CheckIdleState
 .text.HAL_UART_Init
                0x000000000800dade       0x66 Drivers/STM32WBxx_HAL_Driver/Src/stm32wbxx_hal_uart.o
                0x000000000800dade                HAL_UART_Init
 .text.UARTEx_SetNbDataToProcess
                0x000000000800db44       0xa2 Drivers/STM32WBxx_HAL_Driver/Src/stm32wbxx_hal_uart_ex.o
 .text.HAL_UARTEx_WakeupCallback
                0x000000000800dbe6        0x2 Drivers/STM32WBxx_HAL_Driver/Src/stm32wbxx_hal_uart_ex.o
                0x000000000800dbe6                HAL_UARTEx_WakeupCallback
 .text.HAL_UARTEx_TxFifoEmptyCallback
                0x000000000800dbe8        0x2 Drivers/STM32WBxx_HAL_Driver/Src/stm32wbxx_hal_uart_ex.o
                0x000000000800dbe8                HAL_UARTEx_TxFifoEmptyCallback
 .text.HAL_UARTEx_EnableFifoMode
                0x000000000800dbea       0x48 Drivers/STM32WBxx_HAL_Driver/Src/stm32wbxx_hal_uart_ex.o
                0x000000000800dbea                HAL_UARTEx_EnableFifoMode
 .text.HAL_UARTEx_SetTxFifoThreshold
                0x000000000800dc32       0x4a Drivers/STM32WBxx_HAL_Driver/Src/stm32wbxx_hal_uart_ex.o
                0x000000000800dc32                HAL_UARTEx_SetTxFifoThreshold
 .text.HAL_UARTEx_SetRxFifoThreshold
                0x000000000800dc7c       0x4a Drivers/STM32WBxx_HAL_Driver/Src/stm32wbxx_hal_uart_ex.o
                0x000000000800dc7c                HAL_UARTEx_SetRxFifoThreshold
 .text.USB_EnableGlobalInt
                0x000000000800dcc6       0x14 Drivers/STM32WBxx_HAL_Driver/Src/stm32wbxx_ll_usb.o
                0x000000000800dcc6                USB_EnableGlobalInt
 .text.USB_DisableGlobalInt
                0x000000000800dcda       0x14 Drivers/STM32WBxx_HAL_Driver/Src/stm32wbxx_ll_usb.o
                0x000000000800dcda                USB_DisableGlobalInt
 .text.USB_DevInit
                0x000000000800dcee       0x38 Drivers/STM32WBxx_HAL_Driver/Src/stm32wbxx_ll_usb.o
                0x000000000800dcee                USB_DevInit
 .text.USB_ActivateEndpoint
                0x000000000800dd26      0x32e Drivers/STM32WBxx_HAL_Driver/Src/stm32wbxx_ll_usb.o
                0x000000000800dd26                USB_ActivateEndpoint
 .text.USB_DeactivateEndpoint
                0x000000000800e054      0x1d6 Drivers/STM32WBxx_HAL_Driver/Src/stm32wbxx_ll_usb.o
                0x000000000800e054                USB_DeactivateEndpoint
 .text.USB_EPSetStall
                0x000000000800e22a       0x4a Drivers/STM32WBxx_HAL_Driver/Src/stm32wbxx_ll_usb.o
                0x000000000800e22a                USB_EPSetStall
 .text.USB_EPClearStall
                0x000000000800e274       0xa2 Drivers/STM32WBxx_HAL_Driver/Src/stm32wbxx_ll_usb.o
                0x000000000800e274                USB_EPClearStall
 .text.USB_SetDevAddress
                0x000000000800e316        0xc Drivers/STM32WBxx_HAL_Driver/Src/stm32wbxx_ll_usb.o
                0x000000000800e316                USB_SetDevAddress
 .text.USB_DevConnect
                0x000000000800e322       0x10 Drivers/STM32WBxx_HAL_Driver/Src/stm32wbxx_ll_usb.o
                0x000000000800e322                USB_DevConnect
 .text.USB_ReadInterrupts
                0x000000000800e332        0x6 Drivers/STM32WBxx_HAL_Driver/Src/stm32wbxx_ll_usb.o
                0x000000000800e332                USB_ReadInterrupts
 .text.USB_EP0_OutStart
                0x000000000800e338        0x4 Drivers/STM32WBxx_HAL_Driver/Src/stm32wbxx_ll_usb.o
                0x000000000800e338                USB_EP0_OutStart
 .text.USB_WritePMA
                0x000000000800e33c       0x2e Drivers/STM32WBxx_HAL_Driver/Src/stm32wbxx_ll_usb.o
                0x000000000800e33c                USB_WritePMA
 .text.USB_EPStartXfer
                0x000000000800e36a      0x282 Drivers/STM32WBxx_HAL_Driver/Src/stm32wbxx_ll_usb.o
                0x000000000800e36a                USB_EPStartXfer
 .text.USB_ReadPMA
                0x000000000800e5ec       0x48 Drivers/STM32WBxx_HAL_Driver/Src/stm32wbxx_ll_usb.o
                0x000000000800e5ec                USB_ReadPMA
 .text.MX_FATFS_Init
                0x000000000800e634       0x40 FATFS/App/app_fatfs.o
                0x000000000800e634                MX_FATFS_Init
 .text.get_fattime
                0x000000000800e674       0x50 FATFS/App/app_fatfs.o
                0x000000000800e674                get_fattime
 .text.USER_FD_ioctl
                0x000000000800e6c4       0x44 FATFS/Target/user_diskio.o
                0x000000000800e6c4                USER_FD_ioctl
 .text.USER_SD_initialize
                0x000000000800e708       0x2c FATFS/Target/user_diskio.o
                0x000000000800e708                USER_SD_initialize
 .text.USER_SD_status
                0x000000000800e734       0x28 FATFS/Target/user_diskio.o
                0x000000000800e734                USER_SD_status
 .text.USER_SD_read
                0x000000000800e75c       0x14 FATFS/Target/user_diskio.o
                0x000000000800e75c                USER_SD_read
 .text.USER_SD_write
                0x000000000800e770       0x14 FATFS/Target/user_diskio.o
                0x000000000800e770                USER_SD_write
 .text.USER_SD_ioctl
                0x000000000800e784       0x5c FATFS/Target/user_diskio.o
                0x000000000800e784                USER_SD_ioctl
 .text.USER_FD_initialize
                0x000000000800e7e0       0x2c FATFS/Target/user_diskio.o
                0x000000000800e7e0                USER_FD_initialize
 .text.USER_FD_status
                0x000000000800e80c       0x28 FATFS/Target/user_diskio.o
                0x000000000800e80c                USER_FD_status
 .text.USER_FD_read
                0x000000000800e834       0x14 FATFS/Target/user_diskio.o
                0x000000000800e834                USER_FD_read
 .text.USER_FD_write
                0x000000000800e848       0x14 FATFS/Target/user_diskio.o
                0x000000000800e848                USER_FD_write
 .text.save_buffer
                0x000000000800e85c       0x60 Forth/Src/block.o
 .text.get_block
                0x000000000800e8bc       0x64 Forth/Src/block.o
 .text.BLOCK_emptyBuffers
                0x000000000800e920       0x40 Forth/Src/block.o
                0x000000000800e920                BLOCK_emptyBuffers
 .text.BLOCK_init
                0x000000000800e960       0x24 Forth/Src/block.o
                0x000000000800e960                BLOCK_init
 .text.BLOCK_update
                0x000000000800e984       0x64 Forth/Src/block.o
                0x000000000800e984                BLOCK_update
 .text.BLOCK_get
                0x000000000800e9e8      0x128 Forth/Src/block.o
                0x000000000800e9e8                BLOCK_get
 .text.BLOCK_assign
                0x000000000800eb10      0x140 Forth/Src/block.o
                0x000000000800eb10                BLOCK_assign
 .text.BLOCK_saveBuffers
                0x000000000800ec50       0x4c Forth/Src/block.o
                0x000000000800ec50                BLOCK_saveBuffers
 .text.BLOCK_flushBuffers
                0x000000000800ec9c        0xc Forth/Src/block.o
                0x000000000800ec9c                BLOCK_flushBuffers
 .text.BSP_init
                0x000000000800eca8       0xa4 Forth/Src/bsp.o
                0x000000000800eca8                BSP_init
 .text.BSP_setLED1
                0x000000000800ed4c       0x68 Forth/Src/bsp.o
                0x000000000800ed4c                BSP_setLED1
 .text.BSP_getLED1
                0x000000000800edb4       0x4c Forth/Src/bsp.o
                0x000000000800edb4                BSP_getLED1
 .text.BSP_setLED2
                0x000000000800ee00       0x3c Forth/Src/bsp.o
                0x000000000800ee00                BSP_setLED2
 .text.BSP_getLED2
                0x000000000800ee3c       0x34 Forth/Src/bsp.o
                0x000000000800ee3c                BSP_getLED2
 .text.BSP_setLED3
                0x000000000800ee70       0x3c Forth/Src/bsp.o
                0x000000000800ee70                BSP_setLED3
 .text.BSP_getLED3
                0x000000000800eeac       0x34 Forth/Src/bsp.o
                0x000000000800eeac                BSP_getLED3
 .text.BSP_getSwitch1
                0x000000000800eee0       0x4c Forth/Src/bsp.o
                0x000000000800eee0                BSP_getSwitch1
 .text.BSP_getSwitch2
                0x000000000800ef2c       0x48 Forth/Src/bsp.o
                0x000000000800ef2c                BSP_getSwitch2
 .text.BSP_getSwitch3
                0x000000000800ef74       0x48 Forth/Src/bsp.o
                0x000000000800ef74                BSP_getSwitch3
 .text.BSP_setDigitalPort
                0x000000000800efbc       0x3c Forth/Src/bsp.o
                0x000000000800efbc                BSP_setDigitalPort
 .text.BSP_getDigitalPort
                0x000000000800eff8       0x40 Forth/Src/bsp.o
                0x000000000800eff8                BSP_getDigitalPort
 .text.BSP_setDigitalPin
                0x000000000800f038       0x34 Forth/Src/bsp.o
                0x000000000800f038                BSP_setDigitalPin
 .text.BSP_getDigitalPin
                0x000000000800f06c       0x34 Forth/Src/bsp.o
                0x000000000800f06c                BSP_getDigitalPin
 .text.BSP_getAnalogPin
                0x000000000800f0a0       0x74 Forth/Src/bsp.o
                0x000000000800f0a0                BSP_getAnalogPin
 .text.BSP_setDigitalPinMode
                0x000000000800f114       0x60 Forth/Src/bsp.o
                0x000000000800f114                BSP_setDigitalPinMode
 .text.BSP_setPwmPin
                0x000000000800f174       0x48 Forth/Src/bsp.o
                0x000000000800f174                BSP_setPwmPin
 .text.BSP_setPwmPrescale
                0x000000000800f1bc       0x2c Forth/Src/bsp.o
                0x000000000800f1bc                BSP_setPwmPrescale
 .text.HAL_ADC_ConvCpltCallback
                0x000000000800f1e8       0x10 Forth/Src/bsp.o
                0x000000000800f1e8                HAL_ADC_ConvCpltCallback
 .text.HAL_ADC_ErrorCallback
                0x000000000800f1f8       0x14 Forth/Src/bsp.o
                0x000000000800f1f8                HAL_ADC_ErrorCallback
 .text.RTC_init
                0x000000000800f20c       0x48 Forth/Src/clock.o
                0x000000000800f20c                RTC_init
 .text.RTC_getTime
                0x000000000800f254       0x54 Forth/Src/clock.o
                0x000000000800f254                RTC_getTime
 .text.RTC_setTime
                0x000000000800f2a8       0x80 Forth/Src/clock.o
                0x000000000800f2a8                RTC_setTime
 .text.RTC_typeTime
                0x000000000800f328       0x6c Forth/Src/clock.o
                0x000000000800f328                RTC_typeTime
 .text.RTC_waitAlarmA
                0x000000000800f394       0x14 Forth/Src/clock.o
                0x000000000800f394                RTC_waitAlarmA
 .text.RTC_setAlarmA
                0x000000000800f3a8       0x7c Forth/Src/clock.o
                0x000000000800f3a8                RTC_setAlarmA
 .text.HAL_RTC_AlarmAEventCallback
                0x000000000800f424       0x10 Forth/Src/clock.o
                0x000000000800f424                HAL_RTC_AlarmAEventCallback
 .text.FD_init  0x000000000800f434       0x30 Forth/Src/fd.o
                0x000000000800f434                FD_init
 .text.FD_getSize
                0x000000000800f464       0x10 Forth/Src/fd.o
                0x000000000800f464                FD_getSize
 .text.FD_getBlocks
                0x000000000800f474        0xc Forth/Src/fd.o
                0x000000000800f474                FD_getBlocks
 .text.FD_ReadBlocks
                0x000000000800f480       0x30 Forth/Src/fd.o
                0x000000000800f480                FD_ReadBlocks
 .text.FD_WriteBlocks
                0x000000000800f4b0      0x1d8 Forth/Src/fd.o
                0x000000000800f4b0                FD_WriteBlocks
 .text.FLASH_init
                0x000000000800f688       0x2c Forth/Src/flash.o
                0x000000000800f688                FLASH_init
 .text.aquire_flash
                0x000000000800f6b4       0x50 Forth/Src/flash.o
                0x000000000800f6b4                aquire_flash
 .text.release_flash
                0x000000000800f704       0x3c Forth/Src/flash.o
                0x000000000800f704                release_flash
 .text.FLASH_programDouble
                0x000000000800f740       0x88 Forth/Src/flash.o
                0x000000000800f740                FLASH_programDouble
 .text.FLASH_erasePage
                0x000000000800f7c8       0x78 Forth/Src/flash.o
                0x000000000800f7c8                FLASH_erasePage
 .text.FS_init  0x000000000800f840       0x48 Forth/Src/fs.o
                0x000000000800f840                FS_init
 .text.FS_include
                0x000000000800f888       0xb0 Forth/Src/fs.o
                0x000000000800f888                FS_include
 .text.FS_coredump
                0x000000000800f938      0x128 Forth/Src/fs.o
                0x000000000800f938                FS_coredump
 .text.FS_cat   0x000000000800fa60      0x30c Forth/Src/fs.o
                0x000000000800fa60                FS_cat
 .text.FS_ls    0x000000000800fd6c      0x2c4 Forth/Src/fs.o
                0x000000000800fd6c                FS_ls
 .text.FS_cd    0x0000000008010030       0x8c Forth/Src/fs.o
                0x0000000008010030                FS_cd
 .text.FS_pwd   0x00000000080100bc       0x60 Forth/Src/fs.o
                0x00000000080100bc                FS_pwd
 .text.FS_mkdir
                0x000000000801011c       0xb0 Forth/Src/fs.o
                0x000000000801011c                FS_mkdir
 .text.FS_rm    0x00000000080101cc       0xb8 Forth/Src/fs.o
                0x00000000080101cc                FS_rm
 .text.FS_chmod
                0x0000000008010284      0x178 Forth/Src/fs.o
                0x0000000008010284                FS_chmod
 .text.FS_touch
                0x00000000080103fc      0x170 Forth/Src/fs.o
                0x00000000080103fc                FS_touch
 .text.FS_mv    0x000000000801056c      0x118 Forth/Src/fs.o
                0x000000000801056c                FS_mv
 .text.FS_cp    0x0000000008010684      0x20c Forth/Src/fs.o
                0x0000000008010684                FS_cp
 .text.FS_split
                0x0000000008010890      0x270 Forth/Src/fs.o
                0x0000000008010890                FS_split
 .text.count_words
                0x0000000008010b00       0x4c Forth/Src/fs.o
                0x0000000008010b00                count_words
 .text.FS_wc    0x0000000008010b4c      0x11c Forth/Src/fs.o
                0x0000000008010b4c                FS_wc
 .text.FS_df    0x0000000008010c68       0x7c Forth/Src/fs.o
                0x0000000008010c68                FS_df
 .text.FS_date  0x0000000008010ce4       0xcc Forth/Src/fs.o
                0x0000000008010ce4                FS_date
 .text.FS_mount
                0x0000000008010db0      0x1c4 Forth/Src/fs.o
                0x0000000008010db0                FS_mount
 .text.FS_umount
                0x0000000008010f74      0x1bc Forth/Src/fs.o
                0x0000000008010f74                FS_umount
 .text.FS_chdrv
                0x0000000008011130      0x198 Forth/Src/fs.o
                0x0000000008011130                FS_chdrv
 .text.FS_mkfs  0x00000000080112c8      0x198 Forth/Src/fs.o
                0x00000000080112c8                FS_mkfs
 .text.FS_FIL_size
                0x0000000008011460        0x6 Forth/Src/fs.o
                0x0000000008011460                FS_FIL_size
 .text.FS_FATFS_size
                0x0000000008011466        0x6 Forth/Src/fs.o
                0x0000000008011466                FS_FATFS_size
 .text.FS_DIR_size
                0x000000000801146c        0x4 Forth/Src/fs.o
                0x000000000801146c                FS_DIR_size
 .text.FS_FILINFO_size
                0x0000000008011470        0x6 Forth/Src/fs.o
                0x0000000008011470                FS_FILINFO_size
 .text.FS_FILINFO_fsize
                0x0000000008011476        0x4 Forth/Src/fs.o
                0x0000000008011476                FS_FILINFO_fsize
 .text.FS_FILINFO_fdate
                0x000000000801147a        0x4 Forth/Src/fs.o
                0x000000000801147a                FS_FILINFO_fdate
 .text.FS_FILINFO_ftime
                0x000000000801147e        0x4 Forth/Src/fs.o
                0x000000000801147e                FS_FILINFO_ftime
 .text.FS_FILINFO_fattrib
                0x0000000008011482        0x4 Forth/Src/fs.o
                0x0000000008011482                FS_FILINFO_fattrib
 .text.FS_FILINFO_fname
                0x0000000008011486        0x4 Forth/Src/fs.o
                0x0000000008011486                FS_FILINFO_fname
 .text.FS_FILINFO_altname
                0x000000000801148a        0x4 Forth/Src/fs.o
                0x000000000801148a                FS_FILINFO_altname
 .text.FS_f_eof
                0x000000000801148e        0xe Forth/Src/fs.o
                0x000000000801148e                FS_f_eof
 .text.FS_f_size
                0x000000000801149c        0x4 Forth/Src/fs.o
                0x000000000801149c                FS_f_size
 .text.FS_f_error
                0x00000000080114a0        0x4 Forth/Src/fs.o
                0x00000000080114a0                FS_f_error
 .text.RTOS_osThreadAttr_size
                0x00000000080114a4        0x4 Forth/Src/rtos.o
                0x00000000080114a4                RTOS_osThreadAttr_size
 .text.RTOS_osThreadAttr_name
                0x00000000080114a8        0x4 Forth/Src/rtos.o
                0x00000000080114a8                RTOS_osThreadAttr_name
 .text.RTOS_osThreadAttr_attr_bits
                0x00000000080114ac        0x4 Forth/Src/rtos.o
                0x00000000080114ac                RTOS_osThreadAttr_attr_bits
 .text.RTOS_osThreadAttr_cb_mem
                0x00000000080114b0        0x4 Forth/Src/rtos.o
                0x00000000080114b0                RTOS_osThreadAttr_cb_mem
 .text.RTOS_osThreadAttr_cb_size
                0x00000000080114b4        0x4 Forth/Src/rtos.o
                0x00000000080114b4                RTOS_osThreadAttr_cb_size
 .text.RTOS_osThreadAttr_stack_mem
                0x00000000080114b8        0x4 Forth/Src/rtos.o
                0x00000000080114b8                RTOS_osThreadAttr_stack_mem
 .text.RTOS_osThreadAttr_stack_size
                0x00000000080114bc        0x4 Forth/Src/rtos.o
                0x00000000080114bc                RTOS_osThreadAttr_stack_size
 .text.RTOS_osThreadAttr_priority
                0x00000000080114c0        0x4 Forth/Src/rtos.o
                0x00000000080114c0                RTOS_osThreadAttr_priority
 .text.RTOS_osThreadAttr_tz_module
                0x00000000080114c4        0x4 Forth/Src/rtos.o
                0x00000000080114c4                RTOS_osThreadAttr_tz_module
 .text.RTOS_osEventFlagsAttr_size
                0x00000000080114c8        0x4 Forth/Src/rtos.o
                0x00000000080114c8                RTOS_osEventFlagsAttr_size
 .text.RTOS_osMessageQueueAttr_size
                0x00000000080114cc        0x4 Forth/Src/rtos.o
                0x00000000080114cc                RTOS_osMessageQueueAttr_size
 .text.RTOS_osMutexAttr_size
                0x00000000080114d0        0x4 Forth/Src/rtos.o
                0x00000000080114d0                RTOS_osMutexAttr_size
 .text.RTOS_osSemaphoreAttr_size
                0x00000000080114d4        0x4 Forth/Src/rtos.o
                0x00000000080114d4                RTOS_osSemaphoreAttr_size
 .text.SD_IO_CSState
                0x00000000080114d8       0x50 Forth/Src/sd.o
 .text.SD_IO_WriteByte
                0x0000000008011528       0x20 Forth/Src/sd.o
 .text.SD_ReadData
                0x0000000008011548       0x1a Forth/Src/sd.o
 .text.SD_WaitData
                0x0000000008011562       0x2a Forth/Src/sd.o
 .text.SD_SendCmd
                0x000000000801158c       0xec Forth/Src/sd.o
 .text.SD_init  0x0000000008011678       0x28 Forth/Src/sd.o
                0x0000000008011678                SD_init
 .text.SD_getBlocks
                0x00000000080116a0        0xc Forth/Src/sd.o
                0x00000000080116a0                SD_getBlocks
 .text.SD_GetCardInfo
                0x00000000080116ac      0x3b0 Forth/Src/sd.o
                0x00000000080116ac                SD_GetCardInfo
 .text.SD_getSize
                0x0000000008011a5c      0x1d4 Forth/Src/sd.o
                0x0000000008011a5c                SD_getSize
 .text.SD_ReadBlocks
                0x0000000008011c30       0xe4 Forth/Src/sd.o
                0x0000000008011c30                SD_ReadBlocks
 .text.SD_WriteBlocks
                0x0000000008011d14      0x114 Forth/Src/sd.o
                0x0000000008011d14                SD_WriteBlocks
 .text.SDSPI_init
                0x0000000008011e28       0x38 Forth/Src/sd_spi.o
                0x0000000008011e28                SDSPI_init
 .text.SDSPI_WriteReadData
                0x0000000008011e60       0x60 Forth/Src/sd_spi.o
                0x0000000008011e60                SDSPI_WriteReadData
 .text.HAL_SPI_TxRxCpltCallback
                0x0000000008011ec0       0x10 Forth/Src/sd_spi.o
                0x0000000008011ec0                HAL_SPI_TxRxCpltCallback
 .text.HAL_SPI_ErrorCallback
                0x0000000008011ed0       0x1c Forth/Src/sd_spi.o
                0x0000000008011ed0                HAL_SPI_ErrorCallback
 .text.UART_RxThread
                0x0000000008011eec       0x94 Forth/Src/uart.o
 .text.UART_TxThread
                0x0000000008011f80       0x60 Forth/Src/uart.o
 .text.UART_init
                0x0000000008011fe0       0xa4 Forth/Src/uart.o
                0x0000000008011fe0                UART_init
 .text.UART_getc
                0x0000000008012084       0x30 Forth/Src/uart.o
                0x0000000008012084                UART_getc
 .text.UART_RxReady
                0x00000000080120b4       0x18 Forth/Src/uart.o
                0x00000000080120b4                UART_RxReady
 .text.UART_putc
                0x00000000080120cc       0x30 Forth/Src/uart.o
                0x00000000080120cc                UART_putc
 .text.UART_TxReady
                0x00000000080120fc       0x18 Forth/Src/uart.o
                0x00000000080120fc                UART_TxReady
 .text.UART_putkey
                0x0000000008012114       0x3c Forth/Src/uart.o
                0x0000000008012114                UART_putkey
 .text.UART_setBaudrate
                0x0000000008012150       0x34 Forth/Src/uart.o
                0x0000000008012150                UART_setBaudrate
 .text.UART_setWordLength
                0x0000000008012184       0x60 Forth/Src/uart.o
                0x0000000008012184                UART_setWordLength
 .text.UART_setParityBit
                0x00000000080121e4       0x5c Forth/Src/uart.o
                0x00000000080121e4                UART_setParityBit
 .text.UART_setStopBits
                0x0000000008012240       0x5c Forth/Src/uart.o
                0x0000000008012240                UART_setStopBits
 .text.HAL_UART_TxCpltCallback
                0x000000000801229c       0x14 Forth/Src/uart.o
                0x000000000801229c                HAL_UART_TxCpltCallback
 .text.HAL_UART_RxCpltCallback
                0x00000000080122b0       0x14 Forth/Src/uart.o
                0x00000000080122b0                HAL_UART_RxCpltCallback
 .text.HAL_UART_ErrorCallback
                0x00000000080122c4        0x8 Forth/Src/uart.o
                0x00000000080122c4                HAL_UART_ErrorCallback
 .text.HAL_UARTEx_RxFifoFullCallback
                0x00000000080122cc        0x8 Forth/Src/uart.o
                0x00000000080122cc                HAL_UARTEx_RxFifoFullCallback
 .text.cdc_thread
                0x00000000080122d4       0x70 Forth/Src/usb_cdc.o
 .text.CDC_init
                0x0000000008012344       0x80 Forth/Src/usb_cdc.o
                0x0000000008012344                CDC_init
 .text.CDC_getc
                0x00000000080123c4       0x30 Forth/Src/usb_cdc.o
                0x00000000080123c4                CDC_getc
 .text.CDC_RxReady
                0x00000000080123f4       0x18 Forth/Src/usb_cdc.o
                0x00000000080123f4                CDC_RxReady
 .text.CDC_putc
                0x000000000801240c       0x30 Forth/Src/usb_cdc.o
                0x000000000801240c                CDC_putc
 .text.CDC_TxReady
                0x000000000801243c       0x18 Forth/Src/usb_cdc.o
                0x000000000801243c                CDC_TxReady
 .text.CDC_putkey
                0x0000000008012454       0x3c Forth/Src/usb_cdc.o
                0x0000000008012454                CDC_putkey
 .text.VI_init  0x0000000008012490      0x178 Forth/Src/vi.o
                0x0000000008012490                VI_init
 .text.VI_edit  0x0000000008012608      0x38c Forth/Src/vi.o
                0x0000000008012608                VI_edit
 .text.edit_file
                0x0000000008012994      0x264 Forth/Src/vi.o
 .text.do_cmd   0x0000000008012bf8     0x1918 Forth/Src/vi.o
 .text.get_one_address
                0x0000000008014510      0x250 Forth/Src/vi.o
 .text.get_address
                0x0000000008014760       0xd4 Forth/Src/vi.o
 .text.colon    0x0000000008014834     0x1064 Forth/Src/vi.o
 .text.Hit_Return
                0x0000000008015898       0x3c Forth/Src/vi.o
 .text.sync_cursor
                0x00000000080158d4      0x1e8 Forth/Src/vi.o
 .text.begin_line
                0x0000000008015abc       0x38 Forth/Src/vi.o
 .text.end_line
                0x0000000008015af4       0x38 Forth/Src/vi.o
 .text.dollar_line
                0x0000000008015b2c       0x50 Forth/Src/vi.o
 .text.prev_line
                0x0000000008015b7c       0x40 Forth/Src/vi.o
 .text.next_line
                0x0000000008015bbc       0x38 Forth/Src/vi.o
 .text.end_screen
                0x0000000008015bf4       0x48 Forth/Src/vi.o
 .text.count_lines
                0x0000000008015c3c       0x68 Forth/Src/vi.o
 .text.find_line
                0x0000000008015ca4       0x34 Forth/Src/vi.o
 .text.dot_left
                0x0000000008015cd8       0x38 Forth/Src/vi.o
 .text.dot_right
                0x0000000008015d10       0x38 Forth/Src/vi.o
 .text.dot_begin
                0x0000000008015d48       0x1c Forth/Src/vi.o
 .text.dot_end  0x0000000008015d64       0x1c Forth/Src/vi.o
 .text.move_to_col
                0x0000000008015d80       0x8c Forth/Src/vi.o
 .text.dot_next
                0x0000000008015e0c       0x1c Forth/Src/vi.o
 .text.dot_prev
                0x0000000008015e28       0x1c Forth/Src/vi.o
 .text.dot_scroll
                0x0000000008015e44       0x84 Forth/Src/vi.o
 .text.dot_skip_over_ws
                0x0000000008015ec8       0x50 Forth/Src/vi.o
 .text.dot_delete
                0x0000000008015f18       0x1c Forth/Src/vi.o
 .text.bound_dot
                0x0000000008015f34       0x54 Forth/Src/vi.o
 .text.new_screen
                0x0000000008015f88       0x58 Forth/Src/vi.o
 .text.new_text
                0x0000000008015fe0       0x6c Forth/Src/vi.o
 .text.mycmp    0x000000000801604c       0x40 Forth/Src/vi.o
 .text.char_search
                0x000000000801608c       0xc4 Forth/Src/vi.o
 .text.char_insert
                0x0000000008016150      0x19c Forth/Src/vi.o
 .text.stupid_insert
                0x00000000080162ec       0x3c Forth/Src/vi.o
 .text.find_range
                0x0000000008016328      0x18c Forth/Src/vi.o
 .text.st_test  0x00000000080164b4      0x10a Forth/Src/vi.o
 *fill*         0x00000000080165be        0x2 
 .text.skip_thing
                0x00000000080165c0       0x80 Forth/Src/vi.o
 .text.find_pair
                0x0000000008016640       0xe0 Forth/Src/vi.o
 .text.showmatching
                0x0000000008016720       0x54 Forth/Src/vi.o
 .text.text_hole_make
                0x0000000008016774       0x7c Forth/Src/vi.o
 .text.text_hole_delete
                0x00000000080167f0       0xf0 Forth/Src/vi.o
 .text.yank_delete
                0x00000000080168e0       0x8c Forth/Src/vi.o
 .text.show_help
                0x000000000801696c       0x1c Forth/Src/vi.o
 .text.print_literal
                0x0000000008016988       0xf0 Forth/Src/vi.o
 .text.start_new_cmd_q
                0x0000000008016a78       0x88 Forth/Src/vi.o
 .text.end_cmd_q
                0x0000000008016b00       0x24 Forth/Src/vi.o
 .text.string_insert
                0x0000000008016b24       0x6c Forth/Src/vi.o
 .text.text_yank
                0x0000000008016b90       0x80 Forth/Src/vi.o
 .text.what_reg
                0x0000000008016c10       0x50 Forth/Src/vi.o
 .text.check_context
                0x0000000008016c60       0x94 Forth/Src/vi.o
 .text.swap_context
                0x0000000008016cf4       0x94 Forth/Src/vi.o
 .text.isblnk   0x0000000008016d88       0x28 Forth/Src/vi.o
 .text.mysleep  0x0000000008016db0       0x26 Forth/Src/vi.o
 *fill*         0x0000000008016dd6        0x2 
 .text.readit   0x0000000008016dd8      0x12c Forth/Src/vi.o
 .text.get_one_char
                0x0000000008016f04       0xa8 Forth/Src/vi.o
 .text.get_input_line
                0x0000000008016fac      0x12c Forth/Src/vi.o
 .text.file_size
                0x00000000080170d8       0x58 Forth/Src/vi.o
 .text.file_insert
                0x0000000008017130      0x2bc Forth/Src/vi.o
 .text.file_write
                0x00000000080173ec       0xc4 Forth/Src/vi.o
 .text.place_cursor
                0x00000000080174b0       0xe0 Forth/Src/vi.o
 .text.clear_to_eol
                0x0000000008017590       0x14 Forth/Src/vi.o
 .text.clear_to_eos
                0x00000000080175a4       0x14 Forth/Src/vi.o
 .text.standout_start
                0x00000000080175b8       0x14 Forth/Src/vi.o
 .text.standout_end
                0x00000000080175cc       0x14 Forth/Src/vi.o
 .text.flash    0x00000000080175e0       0x2a Forth/Src/vi.o
 *fill*         0x000000000801760a        0x2 
 .text.beep     0x000000000801760c       0x14 Forth/Src/vi.o
 .text.indicate_error
                0x0000000008017620       0x2c Forth/Src/vi.o
 .text.screen_erase
                0x000000000801764c       0x20 Forth/Src/vi.o
 .text.show_status_line
                0x000000000801766c       0xa4 Forth/Src/vi.o
 .text.psbs     0x0000000008017710       0x6c Forth/Src/vi.o
 .text.psb      0x000000000801777c       0x30 Forth/Src/vi.o
 .text.ni       0x00000000080177ac       0x34 Forth/Src/vi.o
 .text.edit_status
                0x00000000080177e0       0xd0 Forth/Src/vi.o
 .text.redraw   0x00000000080178b0       0x28 Forth/Src/vi.o
 .text.format_line
                0x00000000080178d8       0xec Forth/Src/vi.o
 .text.refresh  0x00000000080179c4      0x268 Forth/Src/vi.o
 .text.keypressed
                0x0000000008017c2c       0x38 Forth/Src/vi.o
 .text.key      0x0000000008017c64       0x30 Forth/Src/vi.o
 .text.emit     0x0000000008017c94       0x30 Forth/Src/vi.o
 .text.write_term
                0x0000000008017cc4       0x3a Forth/Src/vi.o
 .text.puts_term
                0x0000000008017cfe       0x3a Forth/Src/vi.o
 .text.last_char_is
                0x0000000008017d38       0x46 Forth/Src/vi.o
 .text.pvPortStrdup
                0x0000000008017d7e       0x2c Forth/Src/vi.o
 .text.USBD_CDC_EP0_RxReady
                0x0000000008017daa       0x2c Middlewares/ST/STM32_USB_Device_Library/Class/CDC/Src/usbd_cdc.o
 *fill*         0x0000000008017dd6        0x2 
 .text.USBD_CDC_GetFSCfgDesc
                0x0000000008017dd8        0xc Middlewares/ST/STM32_USB_Device_Library/Class/CDC/Src/usbd_cdc.o
 .text.USBD_CDC_GetHSCfgDesc
                0x0000000008017de4        0xc Middlewares/ST/STM32_USB_Device_Library/Class/CDC/Src/usbd_cdc.o
 .text.USBD_CDC_GetOtherSpeedCfgDesc
                0x0000000008017df0        0xc Middlewares/ST/STM32_USB_Device_Library/Class/CDC/Src/usbd_cdc.o
 .text.USBD_CDC_GetDeviceQualifierDescriptor
                0x0000000008017dfc        0xc Middlewares/ST/STM32_USB_Device_Library/Class/CDC/Src/usbd_cdc.o
                0x0000000008017dfc                USBD_CDC_GetDeviceQualifierDescriptor
 .text.USBD_CDC_DataOut
                0x0000000008017e08       0x2a Middlewares/ST/STM32_USB_Device_Library/Class/CDC/Src/usbd_cdc.o
 *fill*         0x0000000008017e32        0x2 
 .text.USBD_CDC_DataIn
                0x0000000008017e34       0x74 Middlewares/ST/STM32_USB_Device_Library/Class/CDC/Src/usbd_cdc.o
 .text.USBD_CDC_Setup
                0x0000000008017ea8       0xee Middlewares/ST/STM32_USB_Device_Library/Class/CDC/Src/usbd_cdc.o
 .text.USBD_CDC_DeInit
                0x0000000008017f96       0x48 Middlewares/ST/STM32_USB_Device_Library/Class/CDC/Src/usbd_cdc.o
 *fill*         0x0000000008017fde        0x2 
 .text.USBD_CDC_Init
                0x0000000008017fe0       0xd4 Middlewares/ST/STM32_USB_Device_Library/Class/CDC/Src/usbd_cdc.o
 .text.USBD_CDC_RegisterInterface
                0x00000000080180b4        0xe Middlewares/ST/STM32_USB_Device_Library/Class/CDC/Src/usbd_cdc.o
                0x00000000080180b4                USBD_CDC_RegisterInterface
 .text.USBD_CDC_SetTxBuffer
                0x00000000080180c2       0x10 Middlewares/ST/STM32_USB_Device_Library/Class/CDC/Src/usbd_cdc.o
                0x00000000080180c2                USBD_CDC_SetTxBuffer
 .text.USBD_CDC_SetRxBuffer
                0x00000000080180d2        0xc Middlewares/ST/STM32_USB_Device_Library/Class/CDC/Src/usbd_cdc.o
                0x00000000080180d2                USBD_CDC_SetRxBuffer
 *fill*         0x00000000080180de        0x2 
 .text.USBD_CDC_TransmitPacket
                0x00000000080180e0       0x48 Middlewares/ST/STM32_USB_Device_Library/Class/CDC/Src/usbd_cdc.o
                0x00000000080180e0                USBD_CDC_TransmitPacket
 .text.USBD_CDC_ReceivePacket
                0x0000000008018128       0x32 Middlewares/ST/STM32_USB_Device_Library/Class/CDC/Src/usbd_cdc.o
                0x0000000008018128                USBD_CDC_ReceivePacket
 *fill*         0x000000000801815a        0x2 
 .text.USBD_Init
                0x000000000801815c       0x48 Middlewares/ST/STM32_USB_Device_Library/Core/Src/usbd_core.o
                0x000000000801815c                USBD_Init
 .text.USBD_RegisterClass
                0x00000000080181a4       0x48 Middlewares/ST/STM32_USB_Device_Library/Core/Src/usbd_core.o
                0x00000000080181a4                USBD_RegisterClass
 .text.USBD_Start
                0x00000000080181ec        0x8 Middlewares/ST/STM32_USB_Device_Library/Core/Src/usbd_core.o
                0x00000000080181ec                USBD_Start
 .text.USBD_SetClassConfig
                0x00000000080181f4       0x12 Middlewares/ST/STM32_USB_Device_Library/Core/Src/usbd_core.o
                0x00000000080181f4                USBD_SetClassConfig
 .text.USBD_ClrClassConfig
                0x0000000008018206       0x10 Middlewares/ST/STM32_USB_Device_Library/Core/Src/usbd_core.o
                0x0000000008018206                USBD_ClrClassConfig
 .text.USBD_LL_SetupStage
                0x0000000008018216       0x58 Middlewares/ST/STM32_USB_Device_Library/Core/Src/usbd_core.o
                0x0000000008018216                USBD_LL_SetupStage
 .text.USBD_LL_DataOutStage