Archive member included to satisfy reference by file (symbol)

/opt/st/stm32cubeide_1.3.0/plugins/com.st.stm32cube.ide.mcu.externaltools.gnu-tools-for-stm32.7-2018-q2-update.linux64_1.0.0.201904181610/tools/bin/../lib/gcc/arm-none-eabi/7.3.1/../../../../arm-none-eabi/lib/thumb/v7e-m/fpv4-sp/hard/libc_nano.a(lib_a-errno.o)
                              Core/Src/syscalls.o (__errno)
/opt/st/stm32cubeide_1.3.0/plugins/com.st.stm32cube.ide.mcu.externaltools.gnu-tools-for-stm32.7-2018-q2-update.linux64_1.0.0.201904181610/tools/bin/../lib/gcc/arm-none-eabi/7.3.1/../../../../arm-none-eabi/lib/thumb/v7e-m/fpv4-sp/hard/libc_nano.a(lib_a-exit.o)
                              /opt/st/stm32cubeide_1.3.0/plugins/com.st.stm32cube.ide.mcu.externaltools.gnu-tools-for-stm32.7-2018-q2-update.linux64_1.0.0.201904181610/tools/bin/../lib/gcc/arm-none-eabi/7.3.1/../../../../arm-none-eabi/lib/thumb/v7e-m/fpv4-sp/hard/crt0.o (exit)
/opt/st/stm32cubeide_1.3.0/plugins/com.st.stm32cube.ide.mcu.externaltools.gnu-tools-for-stm32.7-2018-q2-update.linux64_1.0.0.201904181610/tools/bin/../lib/gcc/arm-none-eabi/7.3.1/../../../../arm-none-eabi/lib/thumb/v7e-m/fpv4-sp/hard/libc_nano.a(lib_a-gmtime_r.o)
                              Forth/Src/rtc.o (gmtime_r)
/opt/st/stm32cubeide_1.3.0/plugins/com.st.stm32cube.ide.mcu.externaltools.gnu-tools-for-stm32.7-2018-q2-update.linux64_1.0.0.201904181610/tools/bin/../lib/gcc/arm-none-eabi/7.3.1/../../../../arm-none-eabi/lib/thumb/v7e-m/fpv4-sp/hard/libc_nano.a(lib_a-impure.o)
                              /opt/st/stm32cubeide_1.3.0/plugins/com.st.stm32cube.ide.mcu.externaltools.gnu-tools-for-stm32.7-2018-q2-update.linux64_1.0.0.201904181610/tools/bin/../lib/gcc/arm-none-eabi/7.3.1/../../../../arm-none-eabi/lib/thumb/v7e-m/fpv4-sp/hard/libc_nano.a(lib_a-exit.o) (_global_impure_ptr)
/opt/st/stm32cubeide_1.3.0/plugins/com.st.stm32cube.ide.mcu.externaltools.gnu-tools-for-stm32.7-2018-q2-update.linux64_1.0.0.201904181610/tools/bin/../lib/gcc/arm-none-eabi/7.3.1/../../../../arm-none-eabi/lib/thumb/v7e-m/fpv4-sp/hard/libc_nano.a(lib_a-init.o)
                              /opt/st/stm32cubeide_1.3.0/plugins/com.st.stm32cube.ide.mcu.externaltools.gnu-tools-for-stm32.7-2018-q2-update.linux64_1.0.0.201904181610/tools/bin/../lib/gcc/arm-none-eabi/7.3.1/../../../../arm-none-eabi/lib/thumb/v7e-m/fpv4-sp/hard/crt0.o (__libc_init_array)
/opt/st/stm32cubeide_1.3.0/plugins/com.st.stm32cube.ide.mcu.externaltools.gnu-tools-for-stm32.7-2018-q2-update.linux64_1.0.0.201904181610/tools/bin/../lib/gcc/arm-none-eabi/7.3.1/../../../../arm-none-eabi/lib/thumb/v7e-m/fpv4-sp/hard/libc_nano.a(lib_a-memcmp.o)
                              Middlewares/ST/STM32_WPAN/ble/core/template/osal.o (memcmp)
/opt/st/stm32cubeide_1.3.0/plugins/com.st.stm32cube.ide.mcu.externaltools.gnu-tools-for-stm32.7-2018-q2-update.linux64_1.0.0.201904181610/tools/bin/../lib/gcc/arm-none-eabi/7.3.1/../../../../arm-none-eabi/lib/thumb/v7e-m/fpv4-sp/hard/libc_nano.a(lib_a-memcpy-stub.o)
                              Forth/Src/fs.o (memcpy)
/opt/st/stm32cubeide_1.3.0/plugins/com.st.stm32cube.ide.mcu.externaltools.gnu-tools-for-stm32.7-2018-q2-update.linux64_1.0.0.201904181610/tools/bin/../lib/gcc/arm-none-eabi/7.3.1/../../../../arm-none-eabi/lib/thumb/v7e-m/fpv4-sp/hard/libc_nano.a(lib_a-memset.o)
                              /opt/st/stm32cubeide_1.3.0/plugins/com.st.stm32cube.ide.mcu.externaltools.gnu-tools-for-stm32.7-2018-q2-update.linux64_1.0.0.201904181610/tools/bin/../lib/gcc/arm-none-eabi/7.3.1/../../../../arm-none-eabi/lib/thumb/v7e-m/fpv4-sp/hard/crt0.o (memset)
/opt/st/stm32cubeide_1.3.0/plugins/com.st.stm32cube.ide.mcu.externaltools.gnu-tools-for-stm32.7-2018-q2-update.linux64_1.0.0.201904181610/tools/bin/../lib/gcc/arm-none-eabi/7.3.1/../../../../arm-none-eabi/lib/thumb/v7e-m/fpv4-sp/hard/libc_nano.a(lib_a-mktime.o)
                              Forth/Src/rtc.o (mktime)
/opt/st/stm32cubeide_1.3.0/plugins/com.st.stm32cube.ide.mcu.externaltools.gnu-tools-for-stm32.7-2018-q2-update.linux64_1.0.0.201904181610/tools/bin/../lib/gcc/arm-none-eabi/7.3.1/../../../../arm-none-eabi/lib/thumb/v7e-m/fpv4-sp/hard/libc_nano.a(lib_a-printf.o)
                              Middlewares/ST/STM32_USB_Device_Library/Core/Src/usbd_core.o (printf)
/opt/st/stm32cubeide_1.3.0/plugins/com.st.stm32cube.ide.mcu.externaltools.gnu-tools-for-stm32.7-2018-q2-update.linux64_1.0.0.201904181610/tools/bin/../lib/gcc/arm-none-eabi/7.3.1/../../../../arm-none-eabi/lib/thumb/v7e-m/fpv4-sp/hard/libc_nano.a(lib_a-putchar.o)
                              Middlewares/ST/STM32_USB_Device_Library/Core/Src/usbd_core.o (putchar)
/opt/st/stm32cubeide_1.3.0/plugins/com.st.stm32cube.ide.mcu.externaltools.gnu-tools-for-stm32.7-2018-q2-update.linux64_1.0.0.201904181610/tools/bin/../lib/gcc/arm-none-eabi/7.3.1/../../../../arm-none-eabi/lib/thumb/v7e-m/fpv4-sp/hard/libc_nano.a(lib_a-puts.o)
                              Core/Src/main.o (puts)
[...]
Memory Configuration

Name             Origin             Length             Attributes
FLASH            0x0000000008000000 0x0000000000040000 xr
FLASH_FORTH      0x0000000008040000 0x0000000000080000 xr
FLASH_BLESTACK   0x00000000080c0000 0x0000000000040000 xr
RAM_FORTH        0x0000000020000000 0x0000000000010000 xrw
RAM1             0x0000000020010000 0x0000000000030000 xrw
RAM_SHARED       0x0000000020030000 0x0000000000002800 xrw
*default*        0x0000000000000000 0xffffffffffffffff

Linker script and memory map

LOAD /opt/st/stm32cubeide_1.3.0/plugins/com.st.stm32cube.ide.mcu.externaltools.gnu-tools-for-stm32.7-2018-q2-update.linux64_1.0.0.201904181610/tools/bin/../lib/gcc/arm-none-eabi/7.3.1/thumb/v7e-m/fpv4-sp/hard/crti.o
LOAD /opt/st/stm32cubeide_1.3.0/plugins/com.st.stm32cube.ide.mcu.externaltools.gnu-tools-for-stm32.7-2018-q2-update.linux64_1.0.0.201904181610/tools/bin/../lib/gcc/arm-none-eabi/7.3.1/thumb/v7e-m/fpv4-sp/hard/crtbegin.o
LOAD /opt/st/stm32cubeide_1.3.0/plugins/com.st.stm32cube.ide.mcu.externaltools.gnu-tools-for-stm32.7-2018-q2-update.linux64_1.0.0.201904181610/tools/bin/../lib/gcc/arm-none-eabi/7.3.1/../../../../arm-none-eabi/lib/thumb/v7e-m/fpv4-sp/hard/crt0.o
LOAD Core/Src/app_debug.o
LOAD Core/Src/app_entry.o
LOAD Core/Src/app_freertos.o
LOAD Core/Src/freertos_port.o
LOAD Core/Src/hw_timerserver.o
LOAD Core/Src/main.o
LOAD Core/Src/stm32_lpm_if.o
LOAD Core/Src/stm32wbxx_hal_msp.o
LOAD Core/Src/stm32wbxx_hal_timebase_tim.o
LOAD Core/Src/stm32wbxx_it.o
LOAD Core/Src/syscalls.o
LOAD Core/Src/sysmem.o
LOAD Core/Src/system_stm32wbxx.o
LOAD Core/Startup/startup_stm32wb55rgvx.o
LOAD Drivers/STM32WBxx_HAL_Driver/Src/stm32wbxx_hal.o
LOAD Drivers/STM32WBxx_HAL_Driver/Src/stm32wbxx_hal_adc.o
LOAD Drivers/STM32WBxx_HAL_Driver/Src/stm32wbxx_hal_adc_ex.o
LOAD Drivers/STM32WBxx_HAL_Driver/Src/stm32wbxx_hal_cortex.o
LOAD Drivers/STM32WBxx_HAL_Driver/Src/stm32wbxx_hal_dma.o
LOAD Drivers/STM32WBxx_HAL_Driver/Src/stm32wbxx_hal_dma_ex.o
LOAD Drivers/STM32WBxx_HAL_Driver/Src/stm32wbxx_hal_exti.o
LOAD Drivers/STM32WBxx_HAL_Driver/Src/stm32wbxx_hal_flash.o
LOAD Drivers/STM32WBxx_HAL_Driver/Src/stm32wbxx_hal_flash_ex.o
LOAD Drivers/STM32WBxx_HAL_Driver/Src/stm32wbxx_hal_gpio.o
LOAD Drivers/STM32WBxx_HAL_Driver/Src/stm32wbxx_hal_hsem.o
LOAD Drivers/STM32WBxx_HAL_Driver/Src/stm32wbxx_hal_pcd.o
LOAD Drivers/STM32WBxx_HAL_Driver/Src/stm32wbxx_hal_pcd_ex.o
LOAD Drivers/STM32WBxx_HAL_Driver/Src/stm32wbxx_hal_pwr.o
LOAD Drivers/STM32WBxx_HAL_Driver/Src/stm32wbxx_hal_pwr_ex.o
LOAD Drivers/STM32WBxx_HAL_Driver/Src/stm32wbxx_hal_rcc.o
LOAD Drivers/STM32WBxx_HAL_Driver/Src/stm32wbxx_hal_rcc_ex.o
LOAD Drivers/STM32WBxx_HAL_Driver/Src/stm32wbxx_hal_rtc.o
LOAD Drivers/STM32WBxx_HAL_Driver/Src/stm32wbxx_hal_rtc_ex.o
LOAD Drivers/STM32WBxx_HAL_Driver/Src/stm32wbxx_hal_spi.o
LOAD Drivers/STM32WBxx_HAL_Driver/Src/stm32wbxx_hal_spi_ex.o
LOAD Drivers/STM32WBxx_HAL_Driver/Src/stm32wbxx_hal_tim.o
LOAD Drivers/STM32WBxx_HAL_Driver/Src/stm32wbxx_hal_tim_ex.o
LOAD Drivers/STM32WBxx_HAL_Driver/Src/stm32wbxx_hal_uart.o
LOAD Drivers/STM32WBxx_HAL_Driver/Src/stm32wbxx_hal_uart_ex.o
LOAD Drivers/STM32WBxx_HAL_Driver/Src/stm32wbxx_ll_adc.o
LOAD Drivers/STM32WBxx_HAL_Driver/Src/stm32wbxx_ll_usb.o
LOAD FATFS/App/app_fatfs.o
LOAD FATFS/Target/user_diskio.o
LOAD Forth/Src/ble_vsp.o
LOAD Forth/Src/block.o
LOAD Forth/Src/bsp.o
LOAD Forth/Src/flash.o
LOAD Forth/Src/fs.o
LOAD Forth/Src/rtc.o
LOAD Forth/Src/rtos.o
LOAD Forth/Src/sd.o
LOAD Forth/Src/spi.o
LOAD Forth/Src/uart.o
LOAD Forth/Src/usb_cdc.o
LOAD Forth/cube/mecrisp.o
LOAD Middlewares/ST/STM32_USB_Device_Library/Class/CDC/Src/usbd_cdc.o
LOAD Middlewares/ST/STM32_USB_Device_Library/Core/Src/usbd_core.o
LOAD Middlewares/ST/STM32_USB_Device_Library/Core/Src/usbd_ctlreq.o
LOAD Middlewares/ST/STM32_USB_Device_Library/Core/Src/usbd_ioreq.o
LOAD Middlewares/ST/STM32_WPAN/ble/core/auto/ble_gap_aci.o
LOAD Middlewares/ST/STM32_WPAN/ble/core/auto/ble_gatt_aci.o
LOAD Middlewares/ST/STM32_WPAN/ble/core/auto/ble_hal_aci.o
LOAD Middlewares/ST/STM32_WPAN/ble/core/auto/ble_hci_le.o
LOAD Middlewares/ST/STM32_WPAN/ble/core/auto/ble_l2cap_aci.o
LOAD Middlewares/ST/STM32_WPAN/ble/core/template/osal.o
LOAD Middlewares/ST/STM32_WPAN/ble/svc/Src/crs_stm.o
LOAD Middlewares/ST/STM32_WPAN/ble/svc/Src/dis.o
LOAD Middlewares/ST/STM32_WPAN/ble/svc/Src/hrs.o
LOAD Middlewares/ST/STM32_WPAN/ble/svc/Src/svc_ctl.o
LOAD Middlewares/ST/STM32_WPAN/interface/patterns/ble_thread/shci/shci.o
LOAD Middlewares/ST/STM32_WPAN/interface/patterns/ble_thread/tl/hci_tl.o
LOAD Middlewares/ST/STM32_WPAN/interface/patterns/ble_thread/tl/hci_tl_if.o
LOAD Middlewares/ST/STM32_WPAN/interface/patterns/ble_thread/tl/shci_tl.o
LOAD Middlewares/ST/STM32_WPAN/interface/patterns/ble_thread/tl/shci_tl_if.o
LOAD Middlewares/ST/STM32_WPAN/interface/patterns/ble_thread/tl/tl_mbox.o
LOAD Middlewares/ST/STM32_WPAN/utilities/dbg_trace.o
LOAD Middlewares/ST/STM32_WPAN/utilities/otp.o
LOAD Middlewares/ST/STM32_WPAN/utilities/stm_list.o
LOAD Middlewares/ST/STM32_WPAN/utilities/stm_queue.o
LOAD Middlewares/Third_Party/FatFs/src/diskio.o
LOAD Middlewares/Third_Party/FatFs/src/ff.o
LOAD Middlewares/Third_Party/FatFs/src/ff_gen_drv.o
LOAD Middlewares/Third_Party/FatFs/src/option/ccsbcs.o
LOAD Middlewares/Third_Party/FatFs/src/option/syscall.o
LOAD Middlewares/Third_Party/FreeRTOS/Source/CMSIS_RTOS_V2/cmsis_os2.o
LOAD Middlewares/Third_Party/FreeRTOS/Source/croutine.o
LOAD Middlewares/Third_Party/FreeRTOS/Source/event_groups.o
LOAD Middlewares/Third_Party/FreeRTOS/Source/list.o
LOAD Middlewares/Third_Party/FreeRTOS/Source/queue.o
LOAD Middlewares/Third_Party/FreeRTOS/Source/stream_buffer.o
LOAD Middlewares/Third_Party/FreeRTOS/Source/tasks.o
LOAD Middlewares/Third_Party/FreeRTOS/Source/timers.o
LOAD Middlewares/Third_Party/FreeRTOS/Source/portable/GCC/ARM_CM4F/port.o
LOAD Middlewares/Third_Party/FreeRTOS/Source/portable/MemMang/heap_4.o
LOAD STM32_WPAN/App/app_ble.o
LOAD STM32_WPAN/App/crs_app.o
LOAD STM32_WPAN/App/dis_app.o
LOAD STM32_WPAN/App/hrs_app.o
LOAD STM32_WPAN/Target/hw_ipcc.o
LOAD USB_Device/App/usb_device.o
LOAD USB_Device/App/usbd_cdc_if.o
LOAD USB_Device/App/usbd_desc.o
LOAD USB_Device/Target/usbd_conf.o
LOAD Utilities/lpm/tiny_lpm/stm32_lpm.o
START GROUP
LOAD /opt/st/stm32cubeide_1.3.0/plugins/com.st.stm32cube.ide.mcu.externaltools.gnu-tools-for-stm32.7-2018-q2-update.linux64_1.0.0.201904181610/tools/bin/../lib/gcc/arm-none-eabi/7.3.1/../../../../arm-none-eabi/lib/thumb/v7e-m/fpv4-sp/hard/libc_nano.a
LOAD /opt/st/stm32cubeide_1.3.0/plugins/com.st.stm32cube.ide.mcu.externaltools.gnu-tools-for-stm32.7-2018-q2-update.linux64_1.0.0.201904181610/tools/bin/../lib/gcc/arm-none-eabi/7.3.1/../../../../arm-none-eabi/lib/thumb/v7e-m/fpv4-sp/hard/libm.a
END GROUP
START GROUP
LOAD /opt/st/stm32cubeide_1.3.0/plugins/com.st.stm32cube.ide.mcu.externaltools.gnu-tools-for-stm32.7-2018-q2-update.linux64_1.0.0.201904181610/tools/bin/../lib/gcc/arm-none-eabi/7.3.1/thumb/v7e-m/fpv4-sp/hard/libgcc.a
LOAD /opt/st/stm32cubeide_1.3.0/plugins/com.st.stm32cube.ide.mcu.externaltools.gnu-tools-for-stm32.7-2018-q2-update.linux64_1.0.0.201904181610/tools/bin/../lib/gcc/arm-none-eabi/7.3.1/../../../../arm-none-eabi/lib/thumb/v7e-m/fpv4-sp/hard/libc_nano.a
END GROUP
START GROUP
LOAD /opt/st/stm32cubeide_1.3.0/plugins/com.st.stm32cube.ide.mcu.externaltools.gnu-tools-for-stm32.7-2018-q2-update.linux64_1.0.0.201904181610/tools/bin/../lib/gcc/arm-none-eabi/7.3.1/thumb/v7e-m/fpv4-sp/hard/libgcc.a
LOAD /opt/st/stm32cubeide_1.3.0/plugins/com.st.stm32cube.ide.mcu.externaltools.gnu-tools-for-stm32.7-2018-q2-update.linux64_1.0.0.201904181610/tools/bin/../lib/gcc/arm-none-eabi/7.3.1/../../../../arm-none-eabi/lib/thumb/v7e-m/fpv4-sp/hard/libc_nano.a
LOAD /opt/st/stm32cubeide_1.3.0/plugins/com.st.stm32cube.ide.mcu.externaltools.gnu-tools-for-stm32.7-2018-q2-update.linux64_1.0.0.201904181610/tools/bin/../lib/gcc/arm-none-eabi/7.3.1/../../../../arm-none-eabi/lib/thumb/v7e-m/fpv4-sp/hard/libnosys.a
END GROUP
START GROUP
LOAD /opt/st/stm32cubeide_1.3.0/plugins/com.st.stm32cube.ide.mcu.externaltools.gnu-tools-for-stm32.7-2018-q2-update.linux64_1.0.0.201904181610/tools/bin/../lib/gcc/arm-none-eabi/7.3.1/thumb/v7e-m/fpv4-sp/hard/libgcc.a
LOAD /opt/st/stm32cubeide_1.3.0/plugins/com.st.stm32cube.ide.mcu.externaltools.gnu-tools-for-stm32.7-2018-q2-update.linux64_1.0.0.201904181610/tools/bin/../lib/gcc/arm-none-eabi/7.3.1/../../../../arm-none-eabi/lib/thumb/v7e-m/fpv4-sp/hard/libc_nano.a
LOAD /opt/st/stm32cubeide_1.3.0/plugins/com.st.stm32cube.ide.mcu.externaltools.gnu-tools-for-stm32.7-2018-q2-update.linux64_1.0.0.201904181610/tools/bin/../lib/gcc/arm-none-eabi/7.3.1/../../../../arm-none-eabi/lib/thumb/v7e-m/fpv4-sp/hard/libnosys.a
END GROUP
LOAD /opt/st/stm32cubeide_1.3.0/plugins/com.st.stm32cube.ide.mcu.externaltools.gnu-tools-for-stm32.7-2018-q2-update.linux64_1.0.0.201904181610/tools/bin/../lib/gcc/arm-none-eabi/7.3.1/thumb/v7e-m/fpv4-sp/hard/crtend.o
LOAD /opt/st/stm32cubeide_1.3.0/plugins/com.st.stm32cube.ide.mcu.externaltools.gnu-tools-for-stm32.7-2018-q2-update.linux64_1.0.0.201904181610/tools/bin/../lib/gcc/arm-none-eabi/7.3.1/thumb/v7e-m/fpv4-sp/hard/crtn.o
                0x0000000020030000                _estack = 0x20030000
                0x0000000000001000                _Min_Heap_Size = 0x1000
                0x0000000000001000                _Min_Stack_Size = 0x1000

.isr_vector     0x0000000008000000      0x13c
                0x0000000008000000                . = ALIGN (0x4)
 *(.isr_vector)
 .isr_vector    0x0000000008000000      0x13c Core/Startup/startup_stm32wb55rgvx.o
                0x0000000008000000                g_pfnVectors
                0x000000000800013c                . = ALIGN (0x4)

.text           0x0000000008000140    0x1b798
                0x0000000008000140                . = ALIGN (0x4)
 *(.text)
 .text          0x0000000008000140       0x40 /opt/st/stm32cubeide_1.3.0/plugins/com.st.stm32cube.ide.mcu.externaltools.gnu-tools-for-stm32.7-2018-q2-update.linux64_1.0.0.201904181610/tools/bin/../lib/gcc/arm-none-eabi/7.3.1/thumb/v7e-m/fpv4-sp/hard/crtbegin.o
 .text          0x0000000008000180     0x5078 Forth/cube/mecrisp.o
                0x00000000080013da                uart_terminal
                0x00000000080013fe                cdc_terminal
                0x0000000008001422                crs_terminal
                0x0000000008003ab2                rtos_osThreadGetId
                0x0000000008003ad8                rtos_osThreadGetState
                0x0000000008003afa                rtos_osThreadGetName
                0x0000000008003b20                rtos_osThreadSetPriority
                0x0000000008003b4a                rtos_osThreadGetPriority
                0x0000000008003b6a                rtos_osThreadYield
                0x0000000008003b8e                rtos_osThreadSuspend
                0x0000000008003bb0                rtos_osThreadResume
                0x0000000008003bd0                rtos_osThreadExit
                0x0000000008003bf0                rtos_osThreadTerminate
                0x0000000008003c18                rtos_osThreadGetStackSpace
                0x0000000008003c3c                rtos_osThreadGetCount
                0x0000000008003c62                rtos_osThreadEnumerate
                0x0000000008003c8e                rtos_xPortGetFreeHeapSize
                0x00000000080045b8                FS_evaluate
                0x00000000080045d4                FS_cr
                0x00000000080045e4                FS_type
                0x0000000008004600                FS_token
                0x0000000008004620                FS_accept
                0x000000000800502c                Forth
 .text          0x00000000080051f8       0x14 /opt/st/stm32cubeide_1.3.0/plugins/com.st.stm32cube.ide.mcu.externaltools.gnu-tools-for-stm32.7-2018-q2-update.linux64_1.0.0.201904181610/tools/bin/../lib/gcc/arm-none-eabi/7.3.1/../../../../arm-none-eabi/lib/thumb/v7e-m/fpv4-sp/hard/libc_nano.a(lib_a-strcmp.o)
                0x00000000080051f8                strcmp
 .text          0x000000000800520c       0x10 /opt/st/stm32cubeide_1.3.0/plugins/com.st.stm32cube.ide.mcu.externaltools.gnu-tools-for-stm32.7-2018-q2-update.linux64_1.0.0.201904181610/tools/bin/../lib/gcc/arm-none-eabi/7.3.1/../../../../arm-none-eabi/lib/thumb/v7e-m/fpv4-sp/hard/libc_nano.a(lib_a-strlen.o)
                0x000000000800520c                strlen
 *fill*         0x000000000800521c        0x4 
 .text          0x0000000008005220       0xa0 /opt/st/stm32cubeide_1.3.0/plugins/com.st.stm32cube.ide.mcu.externaltools.gnu-tools-for-stm32.7-2018-q2-update.linux64_1.0.0.201904181610/tools/bin/../lib/gcc/arm-none-eabi/7.3.1/../../../../arm-none-eabi/lib/thumb/v7e-m/fpv4-sp/hard/libc_nano.a(lib_a-memchr.o)
                0x0000000008005220                memchr
 .text          0x00000000080052c0       0xa0 /opt/st/stm32cubeide_1.3.0/plugins/com.st.stm32cube.ide.mcu.externaltools.gnu-tools-for-stm32.7-2018-q2-update.linux64_1.0.0.201904181610/tools/bin/../lib/gcc/arm-none-eabi/7.3.1/thumb/v7e-m/fpv4-sp/hard/libgcc.a(_aeabi_ldivmod.o)
                0x00000000080052c0                __aeabi_ldivmod
 .text          0x0000000008005360       0x30 /opt/st/stm32cubeide_1.3.0/plugins/com.st.stm32cube.ide.mcu.externaltools.gnu-tools-for-stm32.7-2018-q2-update.linux64_1.0.0.201904181610/tools/bin/../lib/gcc/arm-none-eabi/7.3.1/thumb/v7e-m/fpv4-sp/hard/libgcc.a(_aeabi_uldivmod.o)
                0x0000000008005360                __aeabi_uldivmod
 .text          0x0000000008005390      0x2cc /opt/st/stm32cubeide_1.3.0/plugins/com.st.stm32cube.ide.mcu.externaltools.gnu-tools-for-stm32.7-2018-q2-update.linux64_1.0.0.201904181610/tools/bin/../lib/gcc/arm-none-eabi/7.3.1/thumb/v7e-m/fpv4-sp/hard/libgcc.a(_udivmoddi4.o)
                0x0000000008005390                __udivmoddi4
 .text          0x000000000800565c        0x4 /opt/st/stm32cubeide_1.3.0/plugins/com.st.stm32cube.ide.mcu.externaltools.gnu-tools-for-stm32.7-2018-q2-update.linux64_1.0.0.201904181610/tools/bin/../lib/gcc/arm-none-eabi/7.3.1/thumb/v7e-m/fpv4-sp/hard/libgcc.a(_dvmd_tls.o)
                0x000000000800565c                __aeabi_ldiv0
                0x000000000800565c                __aeabi_idiv0
 *(.text*)
 .text.LL_AHB2_GRP1_EnableClock
                0x0000000008005660       0x18 Core/Src/app_debug.o
 .text.LL_C2_AHB2_GRP1_EnableClock
                0x0000000008005678       0x1e Core/Src/app_debug.o
 *fill*         0x0000000008005696        0x2 
 .text.APPD_Init
                0x0000000008005698       0xec Core/Src/app_debug.o
                0x0000000008005698                APPD_Init
 .text.APPD_EnableCPU2
                0x0000000008005784       0x38 Core/Src/app_debug.o
                0x0000000008005784                APPD_EnableCPU2
 .text.APPE_SysUserEvtRx
                0x00000000080057bc       0x16 Core/Src/app_entry.o
 .text.ShciUserEvtThread
                0x00000000080057d2       0x14 Core/Src/app_entry.o
 *fill*         0x00000000080057e6        0x2 
 .text.APPE_SysStatusNot
                0x00000000080057e8       0x20 Core/Src/app_entry.o
 .text.APPE_Init
                0x0000000008005808       0xa4 Core/Src/app_entry.o
                0x0000000008005808                APPE_Init
 .text.shci_notify_asynch_evt
                0x00000000080058ac       0x10 Core/Src/app_entry.o
                0x00000000080058ac                shci_notify_asynch_evt
 .text.shci_cmd_resp_release
                0x00000000080058bc        0xc Core/Src/app_entry.o
                0x00000000080058bc                shci_cmd_resp_release
 .text.shci_cmd_resp_wait
                0x00000000080058c8       0x10 Core/Src/app_entry.o
                0x00000000080058c8                shci_cmd_resp_wait
 .text.LpTimerCb
                0x00000000080058d8        0x2 Core/Src/freertos_port.o
 *fill*         0x00000000080058da        0x2 
 .text.vPortSetupTimerInterrupt
                0x00000000080058dc       0x48 Core/Src/freertos_port.o
                0x00000000080058dc                vPortSetupTimerInterrupt
 .text.ReadRtcSsrValue
                0x0000000008005924       0x1c Core/Src/hw_timerserver.o
 .text.UnlinkTimer
                0x0000000008005940       0x64 Core/Src/hw_timerserver.o
 .text.ReturnTimeElapsed
                0x00000000080059a4       0x50 Core/Src/hw_timerserver.o
 .text.RescheduleTimerList
                0x00000000080059f4      0x118 Core/Src/hw_timerserver.o
 .text.HW_TS_Init
                0x0000000008005b0c      0x128 Core/Src/hw_timerserver.o
                0x0000000008005b0c                HW_TS_Init
 .text.HW_TS_Create
                0x0000000008005c34       0x54 Core/Src/hw_timerserver.o
                0x0000000008005c34                HW_TS_Create
 .text.HW_TS_Stop
                0x0000000008005c88       0xac Core/Src/hw_timerserver.o
                0x0000000008005c88                HW_TS_Stop
 .text.HW_TS_Start
                0x0000000008005d34      0x13c Core/Src/hw_timerserver.o
                0x0000000008005d34                HW_TS_Start
 .text.HW_TS_RTC_Int_AppNot
                0x0000000008005e70        0x2 Core/Src/hw_timerserver.o
                0x0000000008005e70                HW_TS_RTC_Int_AppNot
 *fill*         0x0000000008005e72        0x2 
 .text.HW_TS_RTC_Wakeup_Handler
                0x0000000008005e74       0xc0 Core/Src/hw_timerserver.o
                0x0000000008005e74                HW_TS_RTC_Wakeup_Handler
 .text.LL_AHB2_GRP1_EnableClock
                0x0000000008005f34       0x18 Core/Src/main.o
 .text.HAL_TIM_PeriodElapsedCallback
                0x0000000008005f4c       0x14 Core/Src/main.o
                0x0000000008005f4c                HAL_TIM_PeriodElapsedCallback
 .text.Error_Handler
                0x0000000008005f60        0x6 Core/Src/main.o
                0x0000000008005f60                Error_Handler
 *fill*         0x0000000008005f66        0x2 
 .text.SystemClock_Config
                0x0000000008005f68      0x128 Core/Src/main.o
                0x0000000008005f68                SystemClock_Config
 .text.startup.main
                0x0000000008006090      0x4ec Core/Src/main.o
                0x0000000008006090                main
 .text.vApplicationStackOverflowHook
                0x000000000800657c        0x8 Core/Src/main.o
                0x000000000800657c                vApplicationStackOverflowHook
 .text.vApplicationMallocFailedHook
                0x0000000008006584        0x4 Core/Src/main.o
                0x0000000008006584                vApplicationMallocFailedHook
 .text.MainThread
                0x0000000008006588       0x10 Core/Src/main.o
                0x0000000008006588                MainThread
 .text.LL_AHB2_GRP1_EnableClock
                0x0000000008006598       0x18 Core/Src/stm32wbxx_hal_msp.o
 .text.LL_APB2_GRP1_EnableClock
                0x00000000080065b0       0x18 Core/Src/stm32wbxx_hal_msp.o
 .text.HAL_MspInit
                0x00000000080065c8       0x5a Core/Src/stm32wbxx_hal_msp.o
                0x00000000080065c8                HAL_MspInit
 *fill*         0x0000000008006622        0x2 
 .text.HAL_ADC_MspInit
                0x0000000008006624       0x6c Core/Src/stm32wbxx_hal_msp.o
                0x0000000008006624                HAL_ADC_MspInit
 .text.HAL_RTC_MspInit
                0x0000000008006690       0x5c Core/Src/stm32wbxx_hal_msp.o
                0x0000000008006690                HAL_RTC_MspInit
 .text.HAL_SPI_MspInit
                0x00000000080066ec       0xdc Core/Src/stm32wbxx_hal_msp.o
                0x00000000080066ec                HAL_SPI_MspInit
 .text.HAL_TIM_Base_MspInit
                0x00000000080067c8       0x2c Core/Src/stm32wbxx_hal_msp.o
                0x00000000080067c8                HAL_TIM_Base_MspInit
 .text.HAL_TIM_MspPostInit
                0x00000000080067f4       0x44 Core/Src/stm32wbxx_hal_msp.o
                0x00000000080067f4                HAL_TIM_MspPostInit
 .text.HAL_UART_MspInit
                0x0000000008006838       0x6c Core/Src/stm32wbxx_hal_msp.o
                0x0000000008006838                HAL_UART_MspInit
 .text.HAL_InitTick
                0x00000000080068a4       0x74 Core/Src/stm32wbxx_hal_timebase_tim.o
                0x00000000080068a4                HAL_InitTick
 .text.NMI_Handler
                0x0000000008006918        0x2 Core/Src/stm32wbxx_it.o
                0x0000000008006918                NMI_Handler
 *fill*         0x000000000800691a        0x2 
 .text.HardFault_Handler
                0x000000000800691c       0x28 Core/Src/stm32wbxx_it.o
                0x000000000800691c                HardFault_Handler
 .text.MemManage_Handler
                0x0000000008006944        0x2 Core/Src/stm32wbxx_it.o
                0x0000000008006944                MemManage_Handler
 .text.BusFault_Handler
                0x0000000008006946        0x2 Core/Src/stm32wbxx_it.o
                0x0000000008006946                BusFault_Handler
 .text.UsageFault_Handler
                0x0000000008006948        0x2 Core/Src/stm32wbxx_it.o
                0x0000000008006948                UsageFault_Handler
 .text.DebugMon_Handler
                0x000000000800694a        0x2 Core/Src/stm32wbxx_it.o
                0x000000000800694a                DebugMon_Handler
 .text.FLASH_IRQHandler
                0x000000000800694c        0x4 Core/Src/stm32wbxx_it.o
                0x000000000800694c                FLASH_IRQHandler
 .text.DMA1_Channel1_IRQHandler
                0x0000000008006950        0xc Core/Src/stm32wbxx_it.o
                0x0000000008006950                DMA1_Channel1_IRQHandler
 .text.DMA1_Channel2_IRQHandler
                0x000000000800695c        0xc Core/Src/stm32wbxx_it.o
                0x000000000800695c                DMA1_Channel2_IRQHandler
 .text.ADC1_IRQHandler
                0x0000000008006968        0xc Core/Src/stm32wbxx_it.o
                0x0000000008006968                ADC1_IRQHandler
 .text.USB_LP_IRQHandler
                0x0000000008006974        0xc Core/Src/stm32wbxx_it.o
                0x0000000008006974                USB_LP_IRQHandler
 .text.TIM1_TRG_COM_TIM17_IRQHandler
                0x0000000008006980       0x1c Core/Src/stm32wbxx_it.o
                0x0000000008006980                TIM1_TRG_COM_TIM17_IRQHandler
 .text.SPI1_IRQHandler
                0x000000000800699c        0xc Core/Src/stm32wbxx_it.o
                0x000000000800699c                SPI1_IRQHandler
 .text.USART1_IRQHandler
                0x00000000080069a8        0xc Core/Src/stm32wbxx_it.o
                0x00000000080069a8                USART1_IRQHandler
 .text.RTC_WKUP_IRQHandler
                0x00000000080069b4        0x4 Core/Src/stm32wbxx_it.o
                0x00000000080069b4                RTC_WKUP_IRQHandler
 .text.IPCC_C1_TX_IRQHandler
                0x00000000080069b8        0x4 Core/Src/stm32wbxx_it.o
                0x00000000080069b8                IPCC_C1_TX_IRQHandler
 .text.IPCC_C1_RX_IRQHandler
                0x00000000080069bc        0x4 Core/Src/stm32wbxx_it.o
                0x00000000080069bc                IPCC_C1_RX_IRQHandler
 .text._read    0x00000000080069c0       0x1c Core/Src/syscalls.o
                0x00000000080069c0                _read
 .text._write   0x00000000080069dc       0x1c Core/Src/syscalls.o
                0x00000000080069dc                _write
 .text._close   0x00000000080069f8        0x6 Core/Src/syscalls.o
                0x00000000080069f8                _close
 .text._fstat   0x00000000080069fe        0xa Core/Src/syscalls.o
                0x00000000080069fe                _fstat
 .text._isatty  0x0000000008006a08        0x4 Core/Src/syscalls.o
                0x0000000008006a08                _isatty
 .text._lseek   0x0000000008006a0c        0x4 Core/Src/syscalls.o
                0x0000000008006a0c                _lseek
 .text._sbrk    0x0000000008006a10       0x34 Core/Src/sysmem.o
                0x0000000008006a10                _sbrk
 .text.SystemInit
                0x0000000008006a44       0x68 Core/Src/system_stm32wbxx.o
                0x0000000008006a44                SystemInit
 .text.SystemCoreClockUpdate
                0x0000000008006aac       0xa0 Core/Src/system_stm32wbxx.o
                0x0000000008006aac                SystemCoreClockUpdate
 .text.data_initializers
                0x0000000008006b4c       0x18 Core/Startup/startup_stm32wb55rgvx.o
 .text.Reset_Handler
                0x0000000008006b64       0x54 Core/Startup/startup_stm32wb55rgvx.o
                0x0000000008006b64                Reset_Handler
 .text.Default_Handler
                0x0000000008006bb8        0x2 Core/Startup/startup_stm32wb55rgvx.o
                0x0000000008006bb8                RTC_Alarm_IRQHandler
                0x0000000008006bb8                EXTI2_IRQHandler
                0x0000000008006bb8                TIM1_CC_IRQHandler
                0x0000000008006bb8                TSC_IRQHandler
                0x0000000008006bb8                USB_HP_IRQHandler
                0x0000000008006bb8                EXTI3_IRQHandler
                0x0000000008006bb8                LPTIM2_IRQHandler
                0x0000000008006bb8                I2C3_ER_IRQHandler
                0x0000000008006bb8                EXTI0_IRQHandler
                0x0000000008006bb8                FPU_IRQHandler
                0x0000000008006bb8                TIM1_UP_TIM16_IRQHandler
                0x0000000008006bb8                AES1_IRQHandler
                0x0000000008006bb8                PWR_SOTF_BLEACT_802ACT_RFPHASE_IRQHandler
                0x0000000008006bb8                DMA2_Channel2_IRQHandler
                0x0000000008006bb8                DMA1_Channel4_IRQHandler
                0x0000000008006bb8                PKA_IRQHandler
                0x0000000008006bb8                DMA1_Channel7_IRQHandler
                0x0000000008006bb8                LCD_IRQHandler
                0x0000000008006bb8                DMA2_Channel1_IRQHandler
                0x0000000008006bb8                QUADSPI_IRQHandler
                0x0000000008006bb8                I2C1_EV_IRQHandler
                0x0000000008006bb8                DMAMUX1_OVR_IRQHandler
                0x0000000008006bb8                DMA1_Channel6_IRQHandler
                0x0000000008006bb8                DMA2_Channel4_IRQHandler
                0x0000000008006bb8                RCC_IRQHandler
                0x0000000008006bb8                Default_Handler
                0x0000000008006bb8                DMA2_Channel7_IRQHandler
                0x0000000008006bb8                EXTI15_10_IRQHandler
                0x0000000008006bb8                C2SEV_PWR_C2H_IRQHandler
                0x0000000008006bb8                AES2_IRQHandler
                0x0000000008006bb8                I2C3_EV_IRQHandler
                0x0000000008006bb8                EXTI9_5_IRQHandler
                0x0000000008006bb8                PVD_PVM_IRQHandler
                0x0000000008006bb8                SPI2_IRQHandler
                0x0000000008006bb8                DMA2_Channel5_IRQHandler
                0x0000000008006bb8                CRS_IRQHandler
                0x0000000008006bb8                DMA1_Channel5_IRQHandler
                0x0000000008006bb8                EXTI4_IRQHandler
                0x0000000008006bb8                RNG_IRQHandler
                0x0000000008006bb8                TAMP_STAMP_LSECSS_IRQHandler
                0x0000000008006bb8                DMA1_Channel3_IRQHandler
                0x0000000008006bb8                COMP_IRQHandler
                0x0000000008006bb8                HSEM_IRQHandler
                0x0000000008006bb8                WWDG_IRQHandler
                0x0000000008006bb8                LPUART1_IRQHandler
                0x0000000008006bb8                DMA2_Channel6_IRQHandler
                0x0000000008006bb8                TIM2_IRQHandler
                0x0000000008006bb8                TIM1_BRK_IRQHandler
                0x0000000008006bb8                EXTI1_IRQHandler
                0x0000000008006bb8                I2C1_ER_IRQHandler
                0x0000000008006bb8                LPTIM1_IRQHandler
                0x0000000008006bb8                SAI1_IRQHandler
                0x0000000008006bb8                DMA2_Channel3_IRQHandler
 *fill*         0x0000000008006bba        0x2 
 .text.HAL_Init
                0x0000000008006bbc       0x2c Drivers/STM32WBxx_HAL_Driver/Src/stm32wbxx_hal.o
                0x0000000008006bbc                HAL_Init
 .text.HAL_IncTick
                0x0000000008006be8       0x18 Drivers/STM32WBxx_HAL_Driver/Src/stm32wbxx_hal.o
                0x0000000008006be8                HAL_IncTick
 .text.HAL_GetTick
                0x0000000008006c00        0xc Drivers/STM32WBxx_HAL_Driver/Src/stm32wbxx_hal.o
                0x0000000008006c00                HAL_GetTick
 .text.HAL_GetTickPrio
                0x0000000008006c0c        0xc Drivers/STM32WBxx_HAL_Driver/Src/stm32wbxx_hal.o
                0x0000000008006c0c                HAL_GetTickPrio
 .text.HAL_Delay
                0x0000000008006c18       0x28 Drivers/STM32WBxx_HAL_Driver/Src/stm32wbxx_hal.o
                0x0000000008006c18                HAL_Delay
 .text.HAL_DBGMCU_EnableDBGSleepMode
                0x0000000008006c40       0x10 Drivers/STM32WBxx_HAL_Driver/Src/stm32wbxx_hal.o
                0x0000000008006c40                HAL_DBGMCU_EnableDBGSleepMode
 .text.HAL_DBGMCU_EnableDBGStopMode
                0x0000000008006c50       0x10 Drivers/STM32WBxx_HAL_Driver/Src/stm32wbxx_hal.o
                0x0000000008006c50                HAL_DBGMCU_EnableDBGStopMode
 .text.LL_ADC_SetChannelSamplingTime
                0x0000000008006c60       0x22 Drivers/STM32WBxx_HAL_Driver/Src/stm32wbxx_hal_adc.o
 .text.LL_ADC_IsEnabled
                0x0000000008006c82        0x8 Drivers/STM32WBxx_HAL_Driver/Src/stm32wbxx_hal_adc.o
 .text.LL_ADC_REG_IsConversionOngoing
                0x0000000008006c8a        0x8 Drivers/STM32WBxx_HAL_Driver/Src/stm32wbxx_hal_adc.o
 *fill*         0x0000000008006c92        0x2 
 .text.HAL_ADC_Init
                0x0000000008006c94      0x1a0 Drivers/STM32WBxx_HAL_Driver/Src/stm32wbxx_hal_adc.o
                0x0000000008006c94                HAL_ADC_Init
 .text.HAL_ADC_GetValue
                0x0000000008006e34        0x6 Drivers/STM32WBxx_HAL_Driver/Src/stm32wbxx_hal_adc.o
                0x0000000008006e34                HAL_ADC_GetValue
 .text.HAL_ADC_LevelOutOfWindowCallback
                0x0000000008006e3a        0x2 Drivers/STM32WBxx_HAL_Driver/Src/stm32wbxx_hal_adc.o
                0x0000000008006e3a                HAL_ADC_LevelOutOfWindowCallback
 .text.HAL_ADC_IRQHandler
                0x0000000008006e3c      0x1e6 Drivers/STM32WBxx_HAL_Driver/Src/stm32wbxx_hal_adc.o
                0x0000000008006e3c                HAL_ADC_IRQHandler
 *fill*         0x0000000008007022        0x2 
 .text.HAL_ADC_ConfigChannel
                0x0000000008007024      0x38c Drivers/STM32WBxx_HAL_Driver/Src/stm32wbxx_hal_adc.o
                0x0000000008007024                HAL_ADC_ConfigChannel
 .text.ADC_ConversionStop
                0x00000000080073b0       0xcc Drivers/STM32WBxx_HAL_Driver/Src/stm32wbxx_hal_adc.o
                0x00000000080073b0                ADC_ConversionStop
 .text.ADC_Enable
                0x000000000800747c       0x70 Drivers/STM32WBxx_HAL_Driver/Src/stm32wbxx_hal_adc.o
                0x000000000800747c                ADC_Enable
 .text.HAL_ADC_Start_IT
                0x00000000080074ec       0x96 Drivers/STM32WBxx_HAL_Driver/Src/stm32wbxx_hal_adc.o
                0x00000000080074ec                HAL_ADC_Start_IT
 .text.ADC_Disable
                0x0000000008007582       0x66 Drivers/STM32WBxx_HAL_Driver/Src/stm32wbxx_hal_adc.o
                0x0000000008007582                ADC_Disable
 .text.HAL_ADC_Stop_IT
                0x00000000080075e8       0x48 Drivers/STM32WBxx_HAL_Driver/Src/stm32wbxx_hal_adc.o
                0x00000000080075e8                HAL_ADC_Stop_IT
 .text.HAL_ADCEx_InjectedConvCpltCallback
                0x0000000008007630        0x2 Drivers/STM32WBxx_HAL_Driver/Src/stm32wbxx_hal_adc_ex.o
                0x0000000008007630                HAL_ADCEx_InjectedConvCpltCallback
 .text.HAL_ADCEx_InjectedQueueOverflowCallback
                0x0000000008007632        0x2 Drivers/STM32WBxx_HAL_Driver/Src/stm32wbxx_hal_adc_ex.o
                0x0000000008007632                HAL_ADCEx_InjectedQueueOverflowCallback
 .text.HAL_ADCEx_LevelOutOfWindow2Callback
                0x0000000008007634        0x2 Drivers/STM32WBxx_HAL_Driver/Src/stm32wbxx_hal_adc_ex.o
                0x0000000008007634                HAL_ADCEx_LevelOutOfWindow2Callback
 .text.HAL_ADCEx_LevelOutOfWindow3Callback
                0x0000000008007636        0x2 Drivers/STM32WBxx_HAL_Driver/Src/stm32wbxx_hal_adc_ex.o
                0x0000000008007636                HAL_ADCEx_LevelOutOfWindow3Callback
 .text.HAL_ADCEx_EndOfSamplingCallback
                0x0000000008007638        0x2 Drivers/STM32WBxx_HAL_Driver/Src/stm32wbxx_hal_adc_ex.o
                0x0000000008007638                HAL_ADCEx_EndOfSamplingCallback
 *fill*         0x000000000800763a        0x2 
 .text.HAL_NVIC_SetPriorityGrouping
                0x000000000800763c       0x24 Drivers/STM32WBxx_HAL_Driver/Src/stm32wbxx_hal_cortex.o
                0x000000000800763c                HAL_NVIC_SetPriorityGrouping
 .text.HAL_NVIC_SetPriority
                0x0000000008007660       0x68 Drivers/STM32WBxx_HAL_Driver/Src/stm32wbxx_hal_cortex.o
                0x0000000008007660                HAL_NVIC_SetPriority
 .text.HAL_NVIC_EnableIRQ
                0x00000000080076c8       0x1c Drivers/STM32WBxx_HAL_Driver/Src/stm32wbxx_hal_cortex.o
                0x00000000080076c8                HAL_NVIC_EnableIRQ
 .text.HAL_NVIC_DisableIRQ
                0x00000000080076e4       0x28 Drivers/STM32WBxx_HAL_Driver/Src/stm32wbxx_hal_cortex.o
                0x00000000080076e4                HAL_NVIC_DisableIRQ
 .text.HAL_NVIC_SetPendingIRQ
                0x000000000800770c       0x20 Drivers/STM32WBxx_HAL_Driver/Src/stm32wbxx_hal_cortex.o
                0x000000000800770c                HAL_NVIC_SetPendingIRQ
 .text.HAL_NVIC_ClearPendingIRQ
                0x000000000800772c       0x20 Drivers/STM32WBxx_HAL_Driver/Src/stm32wbxx_hal_cortex.o
                0x000000000800772c                HAL_NVIC_ClearPendingIRQ
 .text.DMA_SetConfig
                0x000000000800774c       0x34 Drivers/STM32WBxx_HAL_Driver/Src/stm32wbxx_hal_dma.o
 .text.DMA_CalcDMAMUXChannelBaseAndMask
                0x0000000008007780       0x50 Drivers/STM32WBxx_HAL_Driver/Src/stm32wbxx_hal_dma.o
 .text.HAL_DMA_Init
                0x00000000080077d0       0xe0 Drivers/STM32WBxx_HAL_Driver/Src/stm32wbxx_hal_dma.o
                0x00000000080077d0                HAL_DMA_Init
 .text.HAL_DMA_Start_IT
                0x00000000080078b0       0x84 Drivers/STM32WBxx_HAL_Driver/Src/stm32wbxx_hal_dma.o
                0x00000000080078b0                HAL_DMA_Start_IT
 .text.HAL_DMA_Abort_IT
                0x0000000008007934       0x6e Drivers/STM32WBxx_HAL_Driver/Src/stm32wbxx_hal_dma.o
                0x0000000008007934                HAL_DMA_Abort_IT
 .text.HAL_DMA_IRQHandler
                0x00000000080079a2       0x94 Drivers/STM32WBxx_HAL_Driver/Src/stm32wbxx_hal_dma.o
                0x00000000080079a2                HAL_DMA_IRQHandler
 *fill*         0x0000000008007a36        0x2 
 .text.HAL_FLASH_IRQHandler
                0x0000000008007a38       0x98 Drivers/STM32WBxx_HAL_Driver/Src/stm32wbxx_hal_flash.o
                0x0000000008007a38                HAL_FLASH_IRQHandler
 .text.HAL_FLASH_Unlock
                0x0000000008007ad0       0x24 Drivers/STM32WBxx_HAL_Driver/Src/stm32wbxx_hal_flash.o
                0x0000000008007ad0                HAL_FLASH_Unlock
 .text.HAL_FLASH_Lock
                0x0000000008007af4       0x18 Drivers/STM32WBxx_HAL_Driver/Src/stm32wbxx_hal_flash.o
                0x0000000008007af4                HAL_FLASH_Lock
 .text.FLASH_WaitForLastOperation
                0x0000000008007b0c       0x5c Drivers/STM32WBxx_HAL_Driver/Src/stm32wbxx_hal_flash.o
                0x0000000008007b0c                FLASH_WaitForLastOperation
 .text.HAL_FLASH_Program_IT
                0x0000000008007b68       0x74 Drivers/STM32WBxx_HAL_Driver/Src/stm32wbxx_hal_flash.o
                0x0000000008007b68                HAL_FLASH_Program_IT
 .text.HAL_FLASHEx_IsOperationSuspended
                0x0000000008007bdc       0x10 Drivers/STM32WBxx_HAL_Driver/Src/stm32wbxx_hal_flash_ex.o
                0x0000000008007bdc                HAL_FLASHEx_IsOperationSuspended
 .text.FLASH_PageErase
                0x0000000008007bec       0x1c Drivers/STM32WBxx_HAL_Driver/Src/stm32wbxx_hal_flash_ex.o
                0x0000000008007bec                FLASH_PageErase
 .text.HAL_FLASHEx_Erase_IT
                0x0000000008007c08       0x54 Drivers/STM32WBxx_HAL_Driver/Src/stm32wbxx_hal_flash_ex.o
                0x0000000008007c08                HAL_FLASHEx_Erase_IT
 .text.HAL_GPIO_Init
                0x0000000008007c5c      0x16c Drivers/STM32WBxx_HAL_Driver/Src/stm32wbxx_hal_gpio.o
                0x0000000008007c5c                HAL_GPIO_Init
 .text.HAL_GPIO_ReadPin
                0x0000000008007dc8        0xc Drivers/STM32WBxx_HAL_Driver/Src/stm32wbxx_hal_gpio.o
                0x0000000008007dc8                HAL_GPIO_ReadPin
 .text.HAL_GPIO_WritePin
                0x0000000008007dd4        0xa Drivers/STM32WBxx_HAL_Driver/Src/stm32wbxx_hal_gpio.o
                0x0000000008007dd4                HAL_GPIO_WritePin
 .text.HAL_PCD_Init
                0x0000000008007dde       0xc0 Drivers/STM32WBxx_HAL_Driver/Src/stm32wbxx_hal_pcd.o
                0x0000000008007dde                HAL_PCD_Init
 .text.HAL_PCD_Start
                0x0000000008007e9e       0x2a Drivers/STM32WBxx_HAL_Driver/Src/stm32wbxx_hal_pcd.o
                0x0000000008007e9e                HAL_PCD_Start
 .text.HAL_PCD_SetAddress
                0x0000000008007ec8       0x28 Drivers/STM32WBxx_HAL_Driver/Src/stm32wbxx_hal_pcd.o
                0x0000000008007ec8                HAL_PCD_SetAddress
 .text.HAL_PCD_EP_Open
                0x0000000008007ef0       0x66 Drivers/STM32WBxx_HAL_Driver/Src/stm32wbxx_hal_pcd.o
                0x0000000008007ef0                HAL_PCD_EP_Open
 .text.HAL_PCD_EP_Close
                0x0000000008007f56       0x52 Drivers/STM32WBxx_HAL_Driver/Src/stm32wbxx_hal_pcd.o
                0x0000000008007f56                HAL_PCD_EP_Close
 .text.HAL_PCD_EP_Receive
                0x0000000008007fa8       0x32 Drivers/STM32WBxx_HAL_Driver/Src/stm32wbxx_hal_pcd.o
                0x0000000008007fa8                HAL_PCD_EP_Receive
 .text.HAL_PCD_EP_GetRxCount
                0x0000000008007fda        0xe Drivers/STM32WBxx_HAL_Driver/Src/stm32wbxx_hal_pcd.o
                0x0000000008007fda                HAL_PCD_EP_GetRxCount
 .text.HAL_PCD_EP_Transmit
                0x0000000008007fe8       0x2e Drivers/STM32WBxx_HAL_Driver/Src/stm32wbxx_hal_pcd.o
                0x0000000008007fe8                HAL_PCD_EP_Transmit
 *fill*         0x0000000008008016        0x2 
 .text.HAL_PCD_IRQHandler
                0x0000000008008018      0x484 Drivers/STM32WBxx_HAL_Driver/Src/stm32wbxx_hal_pcd.o
                0x0000000008008018                HAL_PCD_IRQHandler
 .text.HAL_PCD_EP_SetStall
                0x000000000800849c       0x72 Drivers/STM32WBxx_HAL_Driver/Src/stm32wbxx_hal_pcd.o
                0x000000000800849c                HAL_PCD_EP_SetStall
 .text.HAL_PCD_EP_ClrStall
                0x000000000800850e       0x64 Drivers/STM32WBxx_HAL_Driver/Src/stm32wbxx_hal_pcd.o
                0x000000000800850e                HAL_PCD_EP_ClrStall
 .text.HAL_PCDEx_PMAConfig
                0x0000000008008572       0x32 Drivers/STM32WBxx_HAL_Driver/Src/stm32wbxx_hal_pcd_ex.o
                0x0000000008008572                HAL_PCDEx_PMAConfig
 .text.HAL_PCDEx_ActivateLPM
                0x00000000080085a4       0x28 Drivers/STM32WBxx_HAL_Driver/Src/stm32wbxx_hal_pcd_ex.o
                0x00000000080085a4                HAL_PCDEx_ActivateLPM
 .text.HAL_PWR_EnableBkUpAccess
                0x00000000080085cc       0x10 Drivers/STM32WBxx_HAL_Driver/Src/stm32wbxx_hal_pwr.o
                0x00000000080085cc                HAL_PWR_EnableBkUpAccess
 .text.HAL_PWREx_GetVoltageRange
                0x00000000080085dc       0x10 Drivers/STM32WBxx_HAL_Driver/Src/stm32wbxx_hal_pwr_ex.o
                0x00000000080085dc                HAL_PWREx_GetVoltageRange
 .text.HAL_PWREx_EnableVddUSB
                0x00000000080085ec       0x10 Drivers/STM32WBxx_HAL_Driver/Src/stm32wbxx_hal_pwr_ex.o
                0x00000000080085ec                HAL_PWREx_EnableVddUSB
 .text.LL_RCC_HSE_IsReady
                0x00000000080085fc        0xc Drivers/STM32WBxx_HAL_Driver/Src/stm32wbxx_hal_rcc.o
 .text.LL_RCC_HSI_IsReady
                0x0000000008008608        0xc Drivers/STM32WBxx_HAL_Driver/Src/stm32wbxx_hal_rcc.o
 .text.LL_RCC_LSI1_IsReady
                0x0000000008008614        0xe Drivers/STM32WBxx_HAL_Driver/Src/stm32wbxx_hal_rcc.o
 .text.LL_RCC_MSI_IsReady
                0x0000000008008622        0xc Drivers/STM32WBxx_HAL_Driver/Src/stm32wbxx_hal_rcc.o
 .text.LL_RCC_MSI_SetRange
                0x000000000800862e       0x10 Drivers/STM32WBxx_HAL_Driver/Src/stm32wbxx_hal_rcc.o
 .text.LL_RCC_MSI_GetRange
                0x000000000800863e       0x12 Drivers/STM32WBxx_HAL_Driver/Src/stm32wbxx_hal_rcc.o
 .text.LL_RCC_MSI_SetCalibTrimming
                0x0000000008008650       0x12 Drivers/STM32WBxx_HAL_Driver/Src/stm32wbxx_hal_rcc.o
 *fill*         0x0000000008008662        0x2 
 .text.RCC_SetFlashLatencyFromMSIRange
                0x0000000008008664       0xd0 Drivers/STM32WBxx_HAL_Driver/Src/stm32wbxx_hal_rcc.o
 .text.HAL_RCC_OscConfig
                0x0000000008008734      0x5b0 Drivers/STM32WBxx_HAL_Driver/Src/stm32wbxx_hal_rcc.o
                0x0000000008008734                HAL_RCC_OscConfig
 .text.HAL_RCC_ClockConfig
                0x0000000008008ce4      0x1e8 Drivers/STM32WBxx_HAL_Driver/Src/stm32wbxx_hal_rcc.o
                0x0000000008008ce4                HAL_RCC_ClockConfig
 .text.HAL_RCC_GetSysClockFreq
                0x0000000008008ecc       0x9c Drivers/STM32WBxx_HAL_Driver/Src/stm32wbxx_hal_rcc.o
                0x0000000008008ecc                HAL_RCC_GetSysClockFreq
 .text.HAL_RCC_GetHCLKFreq
                0x0000000008008f68       0x20 Drivers/STM32WBxx_HAL_Driver/Src/stm32wbxx_hal_rcc.o
                0x0000000008008f68                HAL_RCC_GetHCLKFreq
 .text.HAL_RCC_GetPCLK1Freq
                0x0000000008008f88       0x24 Drivers/STM32WBxx_HAL_Driver/Src/stm32wbxx_hal_rcc.o
                0x0000000008008f88                HAL_RCC_GetPCLK1Freq
 .text.HAL_RCC_GetPCLK2Freq
                0x0000000008008fac       0x24 Drivers/STM32WBxx_HAL_Driver/Src/stm32wbxx_hal_rcc.o
                0x0000000008008fac                HAL_RCC_GetPCLK2Freq
 .text.HAL_RCC_GetClockConfig
                0x0000000008008fd0       0x4c Drivers/STM32WBxx_HAL_Driver/Src/stm32wbxx_hal_rcc.o
                0x0000000008008fd0                HAL_RCC_GetClockConfig
 .text.LL_RCC_LSE_IsReady
                0x000000000800901c        0xe Drivers/STM32WBxx_HAL_Driver/Src/stm32wbxx_hal_rcc_ex.o
 .text.LL_RCC_SetI2CClockSource
                0x000000000800902a       0x20 Drivers/STM32WBxx_HAL_Driver/Src/stm32wbxx_hal_rcc_ex.o
 .text.LL_RCC_PLLSAI1_Enable
                0x000000000800904a        0xe Drivers/STM32WBxx_HAL_Driver/Src/stm32wbxx_hal_rcc_ex.o
 .text.LL_RCC_PLLSAI1_Disable
                0x0000000008009058        0xe Drivers/STM32WBxx_HAL_Driver/Src/stm32wbxx_hal_rcc_ex.o
 .text.LL_RCC_PLLSAI1_IsReady
                0x0000000008009066        0xc Drivers/STM32WBxx_HAL_Driver/Src/stm32wbxx_hal_rcc_ex.o
 .text.HAL_RCCEx_PeriphCLKConfig
                0x0000000008009072      0x386 Drivers/STM32WBxx_HAL_Driver/Src/stm32wbxx_hal_rcc_ex.o
                0x0000000008009072                HAL_RCCEx_PeriphCLKConfig
 .text.HAL_RCCEx_CRSConfig
                0x00000000080093f8       0x48 Drivers/STM32WBxx_HAL_Driver/Src/stm32wbxx_hal_rcc_ex.o
                0x00000000080093f8                HAL_RCCEx_CRSConfig
 .text.HAL_RTC_WaitForSynchro
                0x0000000008009440       0x30 Drivers/STM32WBxx_HAL_Driver/Src/stm32wbxx_hal_rtc.o
                0x0000000008009440                HAL_RTC_WaitForSynchro
 .text.RTC_EnterInitMode
                0x0000000008009470       0x34 Drivers/STM32WBxx_HAL_Driver/Src/stm32wbxx_hal_rtc.o
                0x0000000008009470                RTC_EnterInitMode
 .text.HAL_RTC_Init
                0x00000000080094a4       0xb8 Drivers/STM32WBxx_HAL_Driver/Src/stm32wbxx_hal_rtc.o
                0x00000000080094a4                HAL_RTC_Init
 .text.RTC_ByteToBcd2
                0x000000000800955c       0x16 Drivers/STM32WBxx_HAL_Driver/Src/stm32wbxx_hal_rtc.o
                0x000000000800955c                RTC_ByteToBcd2
 .text.HAL_RTC_SetTime
                0x0000000008009572       0xf4 Drivers/STM32WBxx_HAL_Driver/Src/stm32wbxx_hal_rtc.o
                0x0000000008009572                HAL_RTC_SetTime
 .text.HAL_RTC_SetDate
                0x0000000008009666       0xcc Drivers/STM32WBxx_HAL_Driver/Src/stm32wbxx_hal_rtc.o
                0x0000000008009666                HAL_RTC_SetDate
 .text.RTC_Bcd2ToByte
                0x0000000008009732       0x12 Drivers/STM32WBxx_HAL_Driver/Src/stm32wbxx_hal_rtc.o
                0x0000000008009732                RTC_Bcd2ToByte
 .text.HAL_RTC_GetTime
                0x0000000008009744       0x4e Drivers/STM32WBxx_HAL_Driver/Src/stm32wbxx_hal_rtc.o
                0x0000000008009744                HAL_RTC_GetTime
 .text.HAL_RTC_GetDate
                0x0000000008009792       0x3e Drivers/STM32WBxx_HAL_Driver/Src/stm32wbxx_hal_rtc.o
                0x0000000008009792                HAL_RTC_GetDate
 .text.HAL_RTCEx_BKUPWrite
                0x00000000080097d0        0xa Drivers/STM32WBxx_HAL_Driver/Src/stm32wbxx_hal_rtc_ex.o
                0x00000000080097d0                HAL_RTCEx_BKUPWrite
 .text.HAL_RTCEx_BKUPRead
                0x00000000080097da        0xa Drivers/STM32WBxx_HAL_Driver/Src/stm32wbxx_hal_rtc_ex.o
                0x00000000080097da                HAL_RTCEx_BKUPRead
 .text.HAL_RTCEx_EnableBypassShadow
                0x00000000080097e4       0x36 Drivers/STM32WBxx_HAL_Driver/Src/stm32wbxx_hal_rtc_ex.o
                0x00000000080097e4                HAL_RTCEx_EnableBypassShadow
 .text.SPI_WaitFlagStateUntilTimeout.part.0
                0x000000000800981a       0x50 Drivers/STM32WBxx_HAL_Driver/Src/stm32wbxx_hal_spi.o
 .text.SPI_WaitFlagStateUntilTimeout.constprop.9
                0x000000000800986a       0x2c Drivers/STM32WBxx_HAL_Driver/Src/stm32wbxx_hal_spi.o
 .text.SPI_WaitFifoStateUntilTimeout.constprop.10
                0x0000000008009896       0x34 Drivers/STM32WBxx_HAL_Driver/Src/stm32wbxx_hal_spi.o
 .text.SPI_EndRxTransaction
                0x00000000080098ca       0x6e Drivers/STM32WBxx_HAL_Driver/Src/stm32wbxx_hal_spi.o
 .text.SPI_EndRxTxTransaction
                0x0000000008009938       0x44 Drivers/STM32WBxx_HAL_Driver/Src/stm32wbxx_hal_spi.o
 .text.HAL_SPI_Init
                0x000000000800997c       0xa2 Drivers/STM32WBxx_HAL_Driver/Src/stm32wbxx_hal_spi.o
                0x000000000800997c                HAL_SPI_Init
 *fill*         0x0000000008009a1e        0x2 
 .text.HAL_SPI_TransmitReceive_DMA
                0x0000000008009a20      0x1ac Drivers/STM32WBxx_HAL_Driver/Src/stm32wbxx_hal_spi.o
                0x0000000008009a20                HAL_SPI_TransmitReceive_DMA
 .text.HAL_SPI_RxCpltCallback
                0x0000000008009bcc        0x2 Drivers/STM32WBxx_HAL_Driver/Src/stm32wbxx_hal_spi.o
                0x0000000008009bcc                HAL_SPI_RxCpltCallback
 .text.HAL_SPI_RxHalfCpltCallback
                0x0000000008009bce        0x2 Drivers/STM32WBxx_HAL_Driver/Src/stm32wbxx_hal_spi.o
                0x0000000008009bce                HAL_SPI_RxHalfCpltCallback
 .text.SPI_DMAHalfReceiveCplt
                0x0000000008009bd0        0xa Drivers/STM32WBxx_HAL_Driver/Src/stm32wbxx_hal_spi.o
 .text.HAL_SPI_TxRxHalfCpltCallback
                0x0000000008009bda        0x2 Drivers/STM32WBxx_HAL_Driver/Src/stm32wbxx_hal_spi.o
                0x0000000008009bda                HAL_SPI_TxRxHalfCpltCallback
 .text.SPI_DMAHalfTransmitReceiveCplt
                0x0000000008009bdc        0xa Drivers/STM32WBxx_HAL_Driver/Src/stm32wbxx_hal_spi.o
 .text.SPI_DMAError
                0x0000000008009be6       0x22 Drivers/STM32WBxx_HAL_Driver/Src/stm32wbxx_hal_spi.o
 .text.SPI_DMAReceiveCplt
                0x0000000008009c08       0x54 Drivers/STM32WBxx_HAL_Driver/Src/stm32wbxx_hal_spi.o
 .text.SPI_DMATransmitReceiveCplt
                0x0000000008009c5c       0x5c Drivers/STM32WBxx_HAL_Driver/Src/stm32wbxx_hal_spi.o
 .text.HAL_SPI_IRQHandler
                0x0000000008009cb8      0x104 Drivers/STM32WBxx_HAL_Driver/Src/stm32wbxx_hal_spi.o
                0x0000000008009cb8                HAL_SPI_IRQHandler
 .text.SPI_DMAAbortOnError
                0x0000000008009dbc       0x12 Drivers/STM32WBxx_HAL_Driver/Src/stm32wbxx_hal_spi.o
 *fill*         0x0000000008009dce        0x2 
 .text.TIM_OC1_SetConfig
                0x0000000008009dd0       0x7c Drivers/STM32WBxx_HAL_Driver/Src/stm32wbxx_hal_tim.o
 .text.TIM_OC3_SetConfig
                0x0000000008009e4c       0x70 Drivers/STM32WBxx_HAL_Driver/Src/stm32wbxx_hal_tim.o
 .text.TIM_OC4_SetConfig
                0x0000000008009ebc       0x58 Drivers/STM32WBxx_HAL_Driver/Src/stm32wbxx_hal_tim.o
 .text.TIM_OC5_SetConfig
                0x0000000008009f14       0x58 Drivers/STM32WBxx_HAL_Driver/Src/stm32wbxx_hal_tim.o
 .text.TIM_OC6_SetConfig
                0x0000000008009f6c       0x58 Drivers/STM32WBxx_HAL_Driver/Src/stm32wbxx_hal_tim.o
 .text.HAL_TIM_Base_Start_IT
                0x0000000008009fc4       0x2c Drivers/STM32WBxx_HAL_Driver/Src/stm32wbxx_hal_tim.o
                0x0000000008009fc4                HAL_TIM_Base_Start_IT
 .text.HAL_TIM_PWM_MspInit
                0x0000000008009ff0        0x2 Drivers/STM32WBxx_HAL_Driver/Src/stm32wbxx_hal_tim.o
                0x0000000008009ff0                HAL_TIM_PWM_MspInit
 .text.HAL_TIM_OC_DelayElapsedCallback
                0x0000000008009ff2        0x2 Drivers/STM32WBxx_HAL_Driver/Src/stm32wbxx_hal_tim.o
                0x0000000008009ff2                HAL_TIM_OC_DelayElapsedCallback
 .text.HAL_TIM_IC_CaptureCallback
                0x0000000008009ff4        0x2 Drivers/STM32WBxx_HAL_Driver/Src/stm32wbxx_hal_tim.o
                0x0000000008009ff4                HAL_TIM_IC_CaptureCallback
 .text.HAL_TIM_PWM_PulseFinishedCallback
                0x0000000008009ff6        0x2 Drivers/STM32WBxx_HAL_Driver/Src/stm32wbxx_hal_tim.o
                0x0000000008009ff6                HAL_TIM_PWM_PulseFinishedCallback
 .text.HAL_TIM_TriggerCallback
                0x0000000008009ff8        0x2 Drivers/STM32WBxx_HAL_Driver/Src/stm32wbxx_hal_tim.o
                0x0000000008009ff8                HAL_TIM_TriggerCallback
 .text.HAL_TIM_IRQHandler
                0x0000000008009ffa      0x160 Drivers/STM32WBxx_HAL_Driver/Src/stm32wbxx_hal_tim.o
                0x0000000008009ffa                HAL_TIM_IRQHandler
 *fill*         0x000000000800a15a        0x2 
 .text.TIM_Base_SetConfig
                0x000000000800a15c       0x74 Drivers/STM32WBxx_HAL_Driver/Src/stm32wbxx_hal_tim.o
                0x000000000800a15c                TIM_Base_SetConfig
 .text.HAL_TIM_Base_Init
                0x000000000800a1d0       0x34 Drivers/STM32WBxx_HAL_Driver/Src/stm32wbxx_hal_tim.o
                0x000000000800a1d0                HAL_TIM_Base_Init
 .text.HAL_TIM_PWM_Init
                0x000000000800a204       0x34 Drivers/STM32WBxx_HAL_Driver/Src/stm32wbxx_hal_tim.o
                0x000000000800a204                HAL_TIM_PWM_Init
 .text.TIM_OC2_SetConfig
                0x000000000800a238       0x70 Drivers/STM32WBxx_HAL_Driver/Src/stm32wbxx_hal_tim.o
                0x000000000800a238                TIM_OC2_SetConfig
 .text.HAL_TIM_PWM_ConfigChannel
                0x000000000800a2a8      0x10c Drivers/STM32WBxx_HAL_Driver/Src/stm32wbxx_hal_tim.o
                0x000000000800a2a8                HAL_TIM_PWM_ConfigChannel
 .text.TIM_ETR_SetConfig
                0x000000000800a3b4       0x14 Drivers/STM32WBxx_HAL_Driver/Src/stm32wbxx_hal_tim.o
                0x000000000800a3b4                TIM_ETR_SetConfig
 .text.HAL_TIM_ConfigClockSource
                0x000000000800a3c8      0x138 Drivers/STM32WBxx_HAL_Driver/Src/stm32wbxx_hal_tim.o
                0x000000000800a3c8                HAL_TIM_ConfigClockSource
 .text.TIM_CCxChannelCmd
                0x000000000800a500       0x1c Drivers/STM32WBxx_HAL_Driver/Src/stm32wbxx_hal_tim.o
                0x000000000800a500                TIM_CCxChannelCmd
 .text.HAL_TIM_OC_Start
                0x000000000800a51c       0x50 Drivers/STM32WBxx_HAL_Driver/Src/stm32wbxx_hal_tim.o
                0x000000000800a51c                HAL_TIM_OC_Start
 .text.HAL_TIM_PWM_Start
                0x000000000800a56c        0x4 Drivers/STM32WBxx_HAL_Driver/Src/stm32wbxx_hal_tim.o
                0x000000000800a56c                HAL_TIM_PWM_Start
 .text.HAL_TIMEx_MasterConfigSynchronization
                0x000000000800a570       0x60 Drivers/STM32WBxx_HAL_Driver/Src/stm32wbxx_hal_tim_ex.o
                0x000000000800a570                HAL_TIMEx_MasterConfigSynchronization
 .text.HAL_TIMEx_ConfigBreakDeadTime
                0x000000000800a5d0       0x7c Drivers/STM32WBxx_HAL_Driver/Src/stm32wbxx_hal_tim_ex.o
                0x000000000800a5d0                HAL_TIMEx_ConfigBreakDeadTime
 .text.HAL_TIMEx_CommutCallback
                0x000000000800a64c        0x2 Drivers/STM32WBxx_HAL_Driver/Src/stm32wbxx_hal_tim_ex.o
                0x000000000800a64c                HAL_TIMEx_CommutCallback
 .text.HAL_TIMEx_BreakCallback
                0x000000000800a64e        0x2 Drivers/STM32WBxx_HAL_Driver/Src/stm32wbxx_hal_tim_ex.o
                0x000000000800a64e                HAL_TIMEx_BreakCallback
 .text.HAL_TIMEx_Break2Callback
                0x000000000800a650        0x2 Drivers/STM32WBxx_HAL_Driver/Src/stm32wbxx_hal_tim_ex.o
                0x000000000800a650                HAL_TIMEx_Break2Callback
 .text.UART_EndRxTransfer
                0x000000000800a652       0x22 Drivers/STM32WBxx_HAL_Driver/Src/stm32wbxx_hal_uart.o
 .text.UART_TxISR_16BIT
                0x000000000800a674       0x40 Drivers/STM32WBxx_HAL_Driver/Src/stm32wbxx_hal_uart.o
 .text.UART_TxISR_16BIT_FIFOEN
                0x000000000800a6b4       0x52 Drivers/STM32WBxx_HAL_Driver/Src/stm32wbxx_hal_uart.o
 .text.UART_TxISR_8BIT
                0x000000000800a706       0x3c Drivers/STM32WBxx_HAL_Driver/Src/stm32wbxx_hal_uart.o
 .text.UART_TxISR_8BIT_FIFOEN
                0x000000000800a742       0x4e Drivers/STM32WBxx_HAL_Driver/Src/stm32wbxx_hal_uart.o
 .text.HAL_UART_Transmit_IT
                0x000000000800a790       0xa4 Drivers/STM32WBxx_HAL_Driver/Src/stm32wbxx_hal_uart.o
                0x000000000800a790                HAL_UART_Transmit_IT
 .text.HAL_UART_Receive_IT
                0x000000000800a834       0xf0 Drivers/STM32WBxx_HAL_Driver/Src/stm32wbxx_hal_uart.o
                0x000000000800a834                HAL_UART_Receive_IT
 .text.UART_RxISR_8BIT
                0x000000000800a924       0x5c Drivers/STM32WBxx_HAL_Driver/Src/stm32wbxx_hal_uart.o
 .text.UART_RxISR_16BIT
                0x000000000800a980       0x58 Drivers/STM32WBxx_HAL_Driver/Src/stm32wbxx_hal_uart.o
 .text.UART_RxISR_8BIT_FIFOEN
                0x000000000800a9d8       0xa4 Drivers/STM32WBxx_HAL_Driver/Src/stm32wbxx_hal_uart.o
 .text.UART_RxISR_16BIT_FIFOEN
                0x000000000800aa7c       0xa0 Drivers/STM32WBxx_HAL_Driver/Src/stm32wbxx_hal_uart.o
 .text.HAL_UART_IRQHandler
                0x000000000800ab1c      0x19c Drivers/STM32WBxx_HAL_Driver/Src/stm32wbxx_hal_uart.o
                0x000000000800ab1c                HAL_UART_IRQHandler
 .text.UART_DMAAbortOnError
                0x000000000800acb8       0x14 Drivers/STM32WBxx_HAL_Driver/Src/stm32wbxx_hal_uart.o
 *fill*         0x000000000800accc        0x4 
 .text.UART_SetConfig
                0x000000000800acd0      0x8b4 Drivers/STM32WBxx_HAL_Driver/Src/stm32wbxx_hal_uart.o
                0x000000000800acd0                UART_SetConfig
 .text.UART_AdvFeatureConfig
                0x000000000800b584       0xa8 Drivers/STM32WBxx_HAL_Driver/Src/stm32wbxx_hal_uart.o
                0x000000000800b584                UART_AdvFeatureConfig
 .text.UART_WaitOnFlagUntilTimeout
                0x000000000800b62c       0x8e Drivers/STM32WBxx_HAL_Driver/Src/stm32wbxx_hal_uart.o
                0x000000000800b62c                UART_WaitOnFlagUntilTimeout
 .text.UART_CheckIdleState
                0x000000000800b6ba       0x66 Drivers/STM32WBxx_HAL_Driver/Src/stm32wbxx_hal_uart.o
                0x000000000800b6ba                UART_CheckIdleState
 .text.HAL_UART_Init
                0x000000000800b720       0x60 Drivers/STM32WBxx_HAL_Driver/Src/stm32wbxx_hal_uart.o
                0x000000000800b720                HAL_UART_Init
 .text.UARTEx_SetNbDataToProcess
                0x000000000800b780       0x6c Drivers/STM32WBxx_HAL_Driver/Src/stm32wbxx_hal_uart_ex.o
 .text.HAL_UARTEx_WakeupCallback
                0x000000000800b7ec        0x2 Drivers/STM32WBxx_HAL_Driver/Src/stm32wbxx_hal_uart_ex.o
                0x000000000800b7ec                HAL_UARTEx_WakeupCallback
 .text.HAL_UARTEx_TxFifoEmptyCallback
                0x000000000800b7ee        0x2 Drivers/STM32WBxx_HAL_Driver/Src/stm32wbxx_hal_uart_ex.o
                0x000000000800b7ee                HAL_UARTEx_TxFifoEmptyCallback
 .text.HAL_UARTEx_EnableFifoMode
                0x000000000800b7f0       0x46 Drivers/STM32WBxx_HAL_Driver/Src/stm32wbxx_hal_uart_ex.o
                0x000000000800b7f0                HAL_UARTEx_EnableFifoMode
 .text.HAL_UARTEx_SetTxFifoThreshold
                0x000000000800b836       0x48 Drivers/STM32WBxx_HAL_Driver/Src/stm32wbxx_hal_uart_ex.o
                0x000000000800b836                HAL_UARTEx_SetTxFifoThreshold
 .text.HAL_UARTEx_SetRxFifoThreshold
                0x000000000800b87e       0x48 Drivers/STM32WBxx_HAL_Driver/Src/stm32wbxx_hal_uart_ex.o
                0x000000000800b87e                HAL_UARTEx_SetRxFifoThreshold
 .text.USB_EnableGlobalInt
                0x000000000800b8c6       0x14 Drivers/STM32WBxx_HAL_Driver/Src/stm32wbxx_ll_usb.o
                0x000000000800b8c6                USB_EnableGlobalInt
 .text.USB_DisableGlobalInt
                0x000000000800b8da       0x14 Drivers/STM32WBxx_HAL_Driver/Src/stm32wbxx_ll_usb.o
                0x000000000800b8da                USB_DisableGlobalInt
 .text.USB_DevInit
                0x000000000800b8ee       0x38 Drivers/STM32WBxx_HAL_Driver/Src/stm32wbxx_ll_usb.o
                0x000000000800b8ee                USB_DevInit
 *fill*         0x000000000800b926        0x2 
 .text.USB_ActivateEndpoint
                0x000000000800b928      0x2ac Drivers/STM32WBxx_HAL_Driver/Src/stm32wbxx_ll_usb.o
                0x000000000800b928                USB_ActivateEndpoint
 .text.USB_DeactivateEndpoint
                0x000000000800bbd4      0x18c Drivers/STM32WBxx_HAL_Driver/Src/stm32wbxx_ll_usb.o
                0x000000000800bbd4                USB_DeactivateEndpoint
 .text.USB_EPSetStall
                0x000000000800bd60       0x38 Drivers/STM32WBxx_HAL_Driver/Src/stm32wbxx_ll_usb.o
                0x000000000800bd60                USB_EPSetStall
 .text.USB_EPClearStall
                0x000000000800bd98       0x86 Drivers/STM32WBxx_HAL_Driver/Src/stm32wbxx_ll_usb.o
                0x000000000800bd98                USB_EPClearStall
 .text.USB_SetDevAddress
                0x000000000800be1e        0xc Drivers/STM32WBxx_HAL_Driver/Src/stm32wbxx_ll_usb.o
                0x000000000800be1e                USB_SetDevAddress
 .text.USB_DevConnect
                0x000000000800be2a       0x10 Drivers/STM32WBxx_HAL_Driver/Src/stm32wbxx_ll_usb.o
                0x000000000800be2a                USB_DevConnect
 .text.USB_ReadInterrupts
                0x000000000800be3a        0x6 Drivers/STM32WBxx_HAL_Driver/Src/stm32wbxx_ll_usb.o
                0x000000000800be3a                USB_ReadInterrupts
 .text.USB_EP0_OutStart
                0x000000000800be40        0x4 Drivers/STM32WBxx_HAL_Driver/Src/stm32wbxx_ll_usb.o
                0x000000000800be40                USB_EP0_OutStart
 .text.USB_WritePMA
                0x000000000800be44       0x1e Drivers/STM32WBxx_HAL_Driver/Src/stm32wbxx_ll_usb.o
                0x000000000800be44                USB_WritePMA
 *fill*         0x000000000800be62        0x2 
 .text.USB_EPStartXfer
                0x000000000800be64      0x19c Drivers/STM32WBxx_HAL_Driver/Src/stm32wbxx_ll_usb.o
                0x000000000800be64                USB_EPStartXfer
 .text.USB_ReadPMA
                0x000000000800c000       0x36 Drivers/STM32WBxx_HAL_Driver/Src/stm32wbxx_ll_usb.o
                0x000000000800c000                USB_ReadPMA
 *fill*         0x000000000800c036        0x2 
 .text.MX_FATFS_Init
                0x000000000800c038       0x28 FATFS/App/app_fatfs.o
                0x000000000800c038                MX_FATFS_Init
 .text.get_fattime
                0x000000000800c060       0x50 FATFS/App/app_fatfs.o
                0x000000000800c060                get_fattime
 .text.USER_initialize
                0x000000000800c0b0       0x24 FATFS/Target/user_diskio.o
                0x000000000800c0b0                USER_initialize
 .text.USER_status
                0x000000000800c0d4       0x20 FATFS/Target/user_diskio.o
                0x000000000800c0d4                USER_status
 .text.USER_read
                0x000000000800c0f4       0x14 FATFS/Target/user_diskio.o
                0x000000000800c0f4                USER_read
 .text.USER_write
                0x000000000800c108       0x14 FATFS/Target/user_diskio.o
                0x000000000800c108                USER_write
 .text.USER_ioctl
                0x000000000800c11c       0x50 FATFS/Target/user_diskio.o
                0x000000000800c11c                USER_ioctl
 .text.save_buffer
                0x000000000800c16c       0x28 Forth/Src/block.o
 .text.BLOCK_emptyBuffers
                0x000000000800c194       0x40 Forth/Src/block.o
                0x000000000800c194                BLOCK_emptyBuffers
 .text.BLOCK_init
                0x000000000800c1d4       0x24 Forth/Src/block.o
                0x000000000800c1d4                BLOCK_init
 .text.BLOCK_update
                0x000000000800c1f8       0x40 Forth/Src/block.o
                0x000000000800c1f8                BLOCK_update
 .text.BLOCK_get
                0x000000000800c238       0xc0 Forth/Src/block.o
                0x000000000800c238                BLOCK_get
 .text.BLOCK_assign
                0x000000000800c2f8       0xc0 Forth/Src/block.o
                0x000000000800c2f8                BLOCK_assign
 .text.BLOCK_saveBuffers
                0x000000000800c3b8       0x48 Forth/Src/block.o
                0x000000000800c3b8                BLOCK_saveBuffers
 .text.BLOCK_flushBuffers
                0x000000000800c400        0xe Forth/Src/block.o
                0x000000000800c400                BLOCK_flushBuffers
 *fill*         0x000000000800c40e        0x2 
 .text.BSP_init
                0x000000000800c410       0x9c Forth/Src/bsp.o
                0x000000000800c410                BSP_init
 .text.BSP_setLED1
                0x000000000800c4ac       0x54 Forth/Src/bsp.o
                0x000000000800c4ac                BSP_setLED1
 .text.BSP_getLED1
                0x000000000800c500       0x48 Forth/Src/bsp.o
                0x000000000800c500                BSP_getLED1
 .text.BSP_setLED2
                0x000000000800c548       0x34 Forth/Src/bsp.o
                0x000000000800c548                BSP_setLED2
 .text.BSP_getLED2
                0x000000000800c57c       0x34 Forth/Src/bsp.o
                0x000000000800c57c                BSP_getLED2
 .text.BSP_setLED3
                0x000000000800c5b0       0x34 Forth/Src/bsp.o
                0x000000000800c5b0                BSP_setLED3
 .text.BSP_getLED3
                0x000000000800c5e4       0x34 Forth/Src/bsp.o
                0x000000000800c5e4                BSP_getLED3
 .text.BSP_getSwitch1
                0x000000000800c618       0x48 Forth/Src/bsp.o
                0x000000000800c618                BSP_getSwitch1
 .text.BSP_blinkThread
                0x000000000800c660       0x28 Forth/Src/bsp.o
                0x000000000800c660                BSP_blinkThread
 .text.BSP_getSwitch2
                0x000000000800c688       0x44 Forth/Src/bsp.o
                0x000000000800c688                BSP_getSwitch2
 .text.BSP_getSwitch3
                0x000000000800c6cc       0x44 Forth/Src/bsp.o
                0x000000000800c6cc                BSP_getSwitch3
 .text.BSP_setDigitalPort
                0x000000000800c710       0x40 Forth/Src/bsp.o
                0x000000000800c710                BSP_setDigitalPort
 .text.BSP_getDigitalPort
                0x000000000800c750       0x40 Forth/Src/bsp.o
                0x000000000800c750                BSP_getDigitalPort
 .text.BSP_setDigitalPin
                0x000000000800c790       0x38 Forth/Src/bsp.o
                0x000000000800c790                BSP_setDigitalPin
 .text.BSP_getDigitalPin
                0x000000000800c7c8       0x34 Forth/Src/bsp.o
                0x000000000800c7c8                BSP_getDigitalPin
 .text.BSP_getAnalogPin
                0x000000000800c7fc       0x6c Forth/Src/bsp.o
                0x000000000800c7fc                BSP_getAnalogPin
 .text.BSP_setDigitalPinMode
                0x000000000800c868       0x5c Forth/Src/bsp.o
                0x000000000800c868                BSP_setDigitalPinMode
 .text.BSP_setPwmPin
                0x000000000800c8c4       0x48 Forth/Src/bsp.o
                0x000000000800c8c4                BSP_setPwmPin
 .text.BSP_setPwmPrescale
                0x000000000800c90c       0x2c Forth/Src/bsp.o
                0x000000000800c90c                BSP_setPwmPrescale
 .text.HAL_ADC_ConvCpltCallback
                0x000000000800c938        0xc Forth/Src/bsp.o
                0x000000000800c938                HAL_ADC_ConvCpltCallback
 .text.HAL_ADC_ErrorCallback
                0x000000000800c944       0x18 Forth/Src/bsp.o
                0x000000000800c944                HAL_ADC_ErrorCallback
 .text.FLASH_init
                0x000000000800c95c       0x54 Forth/Src/flash.o
                0x000000000800c95c                FLASH_init
 .text.FLASH_programDouble
                0x000000000800c9b0       0xb8 Forth/Src/flash.o
                0x000000000800c9b0                FLASH_programDouble
 .text.FLASH_erasePage
                0x000000000800ca68       0x80 Forth/Src/flash.o
                0x000000000800ca68                FLASH_erasePage
 .text.HAL_FLASH_EndOfOperationCallback
                0x000000000800cae8       0x14 Forth/Src/flash.o
                0x000000000800cae8                HAL_FLASH_EndOfOperationCallback
 .text.HAL_FLASH_OperationErrorCallback
                0x000000000800cafc       0x20 Forth/Src/flash.o
                0x000000000800cafc                HAL_FLASH_OperationErrorCallback
 .text.FS_init  0x000000000800cb1c       0x28 Forth/Src/fs.o
                0x000000000800cb1c                FS_init
 .text.FS_include
                0x000000000800cb44       0x8c Forth/Src/fs.o
                0x000000000800cb44                FS_include
 .text.FS_coredump
                0x000000000800cbd0       0xac Forth/Src/fs.o
                0x000000000800cbd0                FS_coredump
 .text.FS_cat   0x000000000800cc7c      0x2b4 Forth/Src/fs.o
                0x000000000800cc7c                FS_cat
 .text.FS_ls    0x000000000800cf30      0x2a4 Forth/Src/fs.o
                0x000000000800cf30                FS_ls
 .text.FS_cd    0x000000000800d1d4       0x7c Forth/Src/fs.o
                0x000000000800d1d4                FS_cd
 .text.FS_pwd   0x000000000800d250       0x40 Forth/Src/fs.o
                0x000000000800d250                FS_pwd
 .text.FS_mkdir
                0x000000000800d290       0x8c Forth/Src/fs.o
                0x000000000800d290                FS_mkdir
 .text.FS_rm    0x000000000800d31c       0x8c Forth/Src/fs.o
                0x000000000800d31c                FS_rm
 .text.FS_chmod
                0x000000000800d3a8      0x154 Forth/Src/fs.o
                0x000000000800d3a8                FS_chmod
 .text.FS_touch
                0x000000000800d4fc      0x13c Forth/Src/fs.o
                0x000000000800d4fc                FS_touch
 .text.FS_mv    0x000000000800d638        0x4 Forth/Src/fs.o
                0x000000000800d638                FS_mv
 .text.FS_df    0x000000000800d63c       0x5c Forth/Src/fs.o
                0x000000000800d63c                FS_df
 .text.FS_date  0x000000000800d698       0xc4 Forth/Src/fs.o
                0x000000000800d698                FS_date
 .text.FS_mount
                0x000000000800d75c       0x58 Forth/Src/fs.o
                0x000000000800d75c                FS_mount
 .text.FS_umount
                0x000000000800d7b4       0x48 Forth/Src/fs.o
                0x000000000800d7b4                FS_umount
 .text.FS_FIL_size
                0x000000000800d7fc        0x6 Forth/Src/fs.o
                0x000000000800d7fc                FS_FIL_size
 .text.FS_FATFS_size
                0x000000000800d802        0x6 Forth/Src/fs.o
                0x000000000800d802                FS_FATFS_size
 .text.FS_DIR_size
                0x000000000800d808        0x4 Forth/Src/fs.o
                0x000000000800d808                FS_DIR_size
 .text.FS_FILINFO_size
                0x000000000800d80c        0x6 Forth/Src/fs.o
                0x000000000800d80c                FS_FILINFO_size
 .text.FS_FILINFO_fsize
                0x000000000800d812        0x4 Forth/Src/fs.o
                0x000000000800d812                FS_FILINFO_fsize
 .text.FS_FILINFO_fdate
                0x000000000800d816        0x4 Forth/Src/fs.o
                0x000000000800d816                FS_FILINFO_fdate
 .text.FS_FILINFO_ftime
                0x000000000800d81a        0x4 Forth/Src/fs.o
                0x000000000800d81a                FS_FILINFO_ftime
 .text.FS_FILINFO_fattrib
                0x000000000800d81e        0x4 Forth/Src/fs.o
                0x000000000800d81e                FS_FILINFO_fattrib
 .text.FS_FILINFO_fname
                0x000000000800d822        0x4 Forth/Src/fs.o
                0x000000000800d822                FS_FILINFO_fname
 .text.FS_FILINFO_altname
                0x000000000800d826        0x4 Forth/Src/fs.o
                0x000000000800d826                FS_FILINFO_altname
 .text.FS_f_eof
                0x000000000800d82a        0xc Forth/Src/fs.o
                0x000000000800d82a                FS_f_eof
 .text.FS_f_size
                0x000000000800d836        0x4 Forth/Src/fs.o
                0x000000000800d836                FS_f_size
 .text.FS_f_error
                0x000000000800d83a        0x4 Forth/Src/fs.o
                0x000000000800d83a                FS_f_error
 *fill*         0x000000000800d83e        0x2 
 .text.RTC_getTime
                0x000000000800d840       0x54 Forth/Src/rtc.o
                0x000000000800d840                RTC_getTime
 .text.RTC_setTime
                0x000000000800d894       0x7c Forth/Src/rtc.o
                0x000000000800d894                RTC_setTime
 .text.RTC_typeTime
                0x000000000800d910       0x6c Forth/Src/rtc.o
                0x000000000800d910                RTC_typeTime
 .text.RTOS_osThreadAttr_size
                0x000000000800d97c        0x4 Forth/Src/rtos.o
                0x000000000800d97c                RTOS_osThreadAttr_size
 .text.RTOS_osThreadAttr_name
                0x000000000800d980        0x4 Forth/Src/rtos.o
                0x000000000800d980                RTOS_osThreadAttr_name
 .text.RTOS_osThreadAttr_attr_bits
                0x000000000800d984        0x4 Forth/Src/rtos.o
                0x000000000800d984                RTOS_osThreadAttr_attr_bits
 .text.RTOS_osThreadAttr_cb_mem
                0x000000000800d988        0x4 Forth/Src/rtos.o
                0x000000000800d988                RTOS_osThreadAttr_cb_mem
 .text.RTOS_osThreadAttr_cb_size
                0x000000000800d98c        0x4 Forth/Src/rtos.o
                0x000000000800d98c                RTOS_osThreadAttr_cb_size
 .text.RTOS_osThreadAttr_stack_mem
                0x000000000800d990        0x4 Forth/Src/rtos.o
                0x000000000800d990                RTOS_osThreadAttr_stack_mem
 .text.RTOS_osThreadAttr_stack_size
                0x000000000800d994        0x4 Forth/Src/rtos.o
                0x000000000800d994                RTOS_osThreadAttr_stack_size
 .text.RTOS_osThreadAttr_priority
                0x000000000800d998        0x4 Forth/Src/rtos.o
                0x000000000800d998                RTOS_osThreadAttr_priority
 .text.RTOS_osThreadAttr_tz_module
                0x000000000800d99c        0x4 Forth/Src/rtos.o
                0x000000000800d99c                RTOS_osThreadAttr_tz_module
 .text.RTOS_osEventFlagsAttr_size
                0x000000000800d9a0        0x4 Forth/Src/rtos.o
                0x000000000800d9a0                RTOS_osEventFlagsAttr_size
 .text.RTOS_osMessageQueueAttr_size
                0x000000000800d9a4        0x4 Forth/Src/rtos.o
                0x000000000800d9a4                RTOS_osMessageQueueAttr_size
 .text.RTOS_osMutexAttr_size
                0x000000000800d9a8        0x4 Forth/Src/rtos.o
                0x000000000800d9a8                RTOS_osMutexAttr_size
 .text.RTOS_osSemaphoreAttr_size
                0x000000000800d9ac        0x4 Forth/Src/rtos.o
                0x000000000800d9ac                RTOS_osSemaphoreAttr_size
 .text.SD_IO_WriteByte
                0x000000000800d9b0       0x1e Forth/Src/sd.o
 .text.SD_ReadData
                0x000000000800d9ce       0x18 Forth/Src/sd.o
 *fill*         0x000000000800d9e6        0x2 
 .text.SD_IO_CSState
                0x000000000800d9e8       0x30 Forth/Src/sd.o
 .text.SD_SendCmd
                0x000000000800da18       0xe4 Forth/Src/sd.o
 .text.SD_WaitData.constprop.2
                0x000000000800dafc       0x26 Forth/Src/sd.o
 *fill*         0x000000000800db22        0x2 
 .text.SD_init  0x000000000800db24       0x28 Forth/Src/sd.o
                0x000000000800db24                SD_init
 .text.SD_getBlocks
                0x000000000800db4c        0xc Forth/Src/sd.o
                0x000000000800db4c                SD_getBlocks
 .text.SD_GetCardInfo
                0x000000000800db58      0x384 Forth/Src/sd.o
                0x000000000800db58                SD_GetCardInfo
 .text.SD_getSize
                0x000000000800dedc      0x1b8 Forth/Src/sd.o
                0x000000000800dedc                SD_getSize
 .text.SD_ReadBlocks
                0x000000000800e094       0xd0 Forth/Src/sd.o
                0x000000000800e094                SD_ReadBlocks
 .text.SD_WriteBlocks
                0x000000000800e164      0x100 Forth/Src/sd.o
                0x000000000800e164                SD_WriteBlocks
 .text.SPI_init
                0x000000000800e264       0x38 Forth/Src/spi.o
                0x000000000800e264                SPI_init
 .text.SPI_WriteReadData
                0x000000000800e29c       0x5c Forth/Src/spi.o
                0x000000000800e29c                SPI_WriteReadData
 .text.HAL_SPI_TxRxCpltCallback
                0x000000000800e2f8        0xc Forth/Src/spi.o
                0x000000000800e2f8                HAL_SPI_TxRxCpltCallback
 .text.HAL_SPI_ErrorCallback
                0x000000000800e304       0x18 Forth/Src/spi.o
                0x000000000800e304                HAL_SPI_ErrorCallback
 .text.UART_RxThread
                0x000000000800e31c       0x7c Forth/Src/uart.o
 .text.UART_TxThread
                0x000000000800e398       0x5c Forth/Src/uart.o
 .text.UART_init
                0x000000000800e3f4       0x9c Forth/Src/uart.o
                0x000000000800e3f4                UART_init
 .text.UART_getc
                0x000000000800e490       0x30 Forth/Src/uart.o
                0x000000000800e490                UART_getc
 .text.UART_RxReady
                0x000000000800e4c0       0x18 Forth/Src/uart.o
                0x000000000800e4c0                UART_RxReady
 .text.UART_putc
                0x000000000800e4d8       0x2c Forth/Src/uart.o
                0x000000000800e4d8                UART_putc
 .text.UART_TxReady
                0x000000000800e504       0x18 Forth/Src/uart.o
                0x000000000800e504                UART_TxReady
 .text.UART_setBaudrate
                0x000000000800e51c       0x30 Forth/Src/uart.o
                0x000000000800e51c                UART_setBaudrate
 .text.UART_setWordLength
                0x000000000800e54c       0x48 Forth/Src/uart.o
                0x000000000800e54c                UART_setWordLength
 .text.UART_setParityBit
                0x000000000800e594       0x48 Forth/Src/uart.o
                0x000000000800e594                UART_setParityBit
 .text.UART_setStopBits
                0x000000000800e5dc       0x48 Forth/Src/uart.o
                0x000000000800e5dc                UART_setStopBits
 .text.HAL_UART_TxCpltCallback
                0x000000000800e624       0x10 Forth/Src/uart.o
                0x000000000800e624                HAL_UART_TxCpltCallback
 .text.HAL_UART_RxCpltCallback
                0x000000000800e634       0x10 Forth/Src/uart.o
                0x000000000800e634                HAL_UART_RxCpltCallback
 .text.HAL_UART_ErrorCallback
                0x000000000800e644        0x4 Forth/Src/uart.o
                0x000000000800e644                HAL_UART_ErrorCallback
 .text.HAL_UARTEx_RxFifoFullCallback
                0x000000000800e648        0x4 Forth/Src/uart.o
                0x000000000800e648                HAL_UARTEx_RxFifoFullCallback
 .text.cdc_thread
                0x000000000800e64c       0x5c Forth/Src/usb_cdc.o
 .text.CDC_init
                0x000000000800e6a8       0x78 Forth/Src/usb_cdc.o
                0x000000000800e6a8                CDC_init
 .text.CDC_getc
                0x000000000800e720       0x30 Forth/Src/usb_cdc.o
                0x000000000800e720                CDC_getc
 .text.CDC_RxReady
                0x000000000800e750       0x18 Forth/Src/usb_cdc.o
                0x000000000800e750                CDC_RxReady
 .text.CDC_putc
                0x000000000800e768       0x2c Forth/Src/usb_cdc.o
                0x000000000800e768                CDC_putc
 .text.CDC_TxReady
                0x000000000800e794       0x18 Forth/Src/usb_cdc.o
                0x000000000800e794                CDC_TxReady
 .text.USBD_CDC_EP0_RxReady
                0x000000000800e7ac       0x28 Middlewares/ST/STM32_USB_Device_Library/Class/CDC/Src/usbd_cdc.o
 .text.USBD_CDC_GetFSCfgDesc
                0x000000000800e7d4        0xc Middlewares/ST/STM32_USB_Device_Library/Class/CDC/Src/usbd_cdc.o
 .text.USBD_CDC_GetHSCfgDesc
                0x000000000800e7e0        0xc Middlewares/ST/STM32_USB_Device_Library/Class/CDC/Src/usbd_cdc.o
 .text.USBD_CDC_GetOtherSpeedCfgDesc
                0x000000000800e7ec        0xc Middlewares/ST/STM32_USB_Device_Library/Class/CDC/Src/usbd_cdc.o
 .text.USBD_CDC_GetDeviceQualifierDescriptor
                0x000000000800e7f8        0xc Middlewares/ST/STM32_USB_Device_Library/Class/CDC/Src/usbd_cdc.o
                0x000000000800e7f8                USBD_CDC_GetDeviceQualifierDescriptor
 .text.USBD_CDC_DataOut
                0x000000000800e804       0x2e Middlewares/ST/STM32_USB_Device_Library/Class/CDC/Src/usbd_cdc.o
 *fill*         0x000000000800e832        0x2 
 .text.USBD_CDC_DataIn
                0x000000000800e834       0x50 Middlewares/ST/STM32_USB_Device_Library/Class/CDC/Src/usbd_cdc.o
 .text.USBD_CDC_Setup
                0x000000000800e884       0xbc Middlewares/ST/STM32_USB_Device_Library/Class/CDC/Src/usbd_cdc.o
 .text.USBD_CDC_DeInit
                0x000000000800e940       0x42 Middlewares/ST/STM32_USB_Device_Library/Class/CDC/Src/usbd_cdc.o
 *fill*         0x000000000800e982        0x2 
 .text.USBD_CDC_Init
                0x000000000800e984       0xb8 Middlewares/ST/STM32_USB_Device_Library/Class/CDC/Src/usbd_cdc.o
 .text.USBD_CDC_RegisterInterface
                0x000000000800ea3c        0xe Middlewares/ST/STM32_USB_Device_Library/Class/CDC/Src/usbd_cdc.o
                0x000000000800ea3c                USBD_CDC_RegisterInterface
 .text.USBD_CDC_SetTxBuffer
                0x000000000800ea4a       0x10 Middlewares/ST/STM32_USB_Device_Library/Class/CDC/Src/usbd_cdc.o
                0x000000000800ea4a                USBD_CDC_SetTxBuffer
 .text.USBD_CDC_SetRxBuffer
                0x000000000800ea5a        0xc Middlewares/ST/STM32_USB_Device_Library/Class/CDC/Src/usbd_cdc.o
                0x000000000800ea5a                USBD_CDC_SetRxBuffer
 *fill*         0x000000000800ea66        0x2 
 .text.USBD_CDC_TransmitPacket
                0x000000000800ea68       0x40 Middlewares/ST/STM32_USB_Device_Library/Class/CDC/Src/usbd_cdc.o
                0x000000000800ea68                USBD_CDC_TransmitPacket
 .text.USBD_CDC_ReceivePacket
                0x000000000800eaa8       0x26 Middlewares/ST/STM32_USB_Device_Library/Class/CDC/Src/usbd_cdc.o
                0x000000000800eaa8                USBD_CDC_ReceivePacket
 *fill*         0x000000000800eace        0x2 
 .text.USBD_Init
                0x000000000800ead0       0x44 Middlewares/ST/STM32_USB_Device_Library/Core/Src/usbd_core.o
                0x000000000800ead0                USBD_Init
 .text.USBD_RegisterClass
                0x000000000800eb14       0x2c Middlewares/ST/STM32_USB_Device_Library/Core/Src/usbd_core.o
                0x000000000800eb14                USBD_RegisterClass
 .text.USBD_Start
                0x000000000800eb40        0xa Middlewares/ST/STM32_USB_Device_Library/Core/Src/usbd_core.o
                0x000000000800eb40                USBD_Start
 .text.USBD_SetClassConfig
                0x000000000800eb4a       0x16 Middlewares/ST/STM32_USB_Device_Library/Core/Src/usbd_core.o
                0x000000000800eb4a                USBD_SetClassConfig
 .text.USBD_ClrClassConfig
                0x000000000800eb60        0xe Middlewares/ST/STM32_USB_Device_Library/Core/Src/usbd_core.o
                0x000000000800eb60                USBD_ClrClassConfig
 .text.USBD_LL_SetupStage
                0x000000000800eb6e       0x5a Middlewares/ST/STM32_USB_Device_Library/Core/Src/usbd_core.o
                0x000000000800eb6e                USBD_LL_SetupStage
 .text.USBD_LL_DataOutStage
                0x000000000800ebc8       0x74 Middlewares/ST/STM32_USB_Device_Library/Core/Src/usbd_core.o
                0x000000000800ebc8                USBD_LL_DataOutStage
 .text.USBD_LL_DataInStage
                0x000000000800ec3c       0xb8 Middlewares/ST/STM32_USB_Device_Library/Core/Src/usbd_core.o
                0x000000000800ec3c                USBD_LL_DataInStage
 .text.USBD_LL_Reset
                0x000000000800ecf4       0x4e Middlewares/ST/STM32_USB_Device_Library/Core/Src/usbd_core.o
                0x000000000800ecf4                USBD_LL_Reset
 .text.USBD_LL_SetSpeed
                0x000000000800ed42        0x6 Middlewares/ST/STM32_USB_Device_Library/Core/Src/usbd_core.o
                0x000000000800ed42                USBD_LL_SetSpeed
 .text.USBD_LL_Suspend
                0x000000000800ed48       0x12 Middlewares/ST/STM32_USB_Device_Library/Core/Src/usbd_core.o
                0x000000000800ed48                USBD_LL_Suspend
 .text.USBD_LL_Resume
                0x000000000800ed5a       0x14 Middlewares/ST/STM32_USB_Device_Library/Core/Src/usbd_core.o
                0x000000000800ed5a                USBD_LL_Resume
 .text.USBD_LL_SOF
                0x000000000800ed6e       0x18 Middlewares/ST/STM32_USB_Device_Library/Core/Src/usbd_core.o
                0x000000000800ed6e                USBD_LL_SOF
 .text.USBD_CtlError.constprop.1
                0x000000000800ed86       0x16 Middlewares/ST/STM32_USB_Device_Library/Core/Src/usbd_ctlreq.o
 .text.USBD_StdDevReq
                0x000000000800ed9c      0x258 Middlewares/ST/STM32_USB_Device_Library/Core/Src/usbd_ctlreq.o
                0x000000000800ed9c                USBD_StdDevReq
 .text.USBD_StdItfReq
                0x000000000800eff4       0x4a Middlewares/ST/STM32_USB_Device_Library/Core/Src/usbd_ctlreq.o
                0x000000000800eff4                USBD_StdItfReq
 .text.USBD_StdEPReq
                0x000000000800f03e      0x10e Middlewares/ST/STM32_USB_Device_Library/Core/Src/usbd_ctlreq.o
                0x000000000800f03e                USBD_StdEPReq
 .text.USBD_ParseSetupRequest
                0x000000000800f14c       0x28 Middlewares/ST/STM32_USB_Device_Library/Core/Src/usbd_ctlreq.o
                0x000000000800f14c                USBD_ParseSetupRequest
 .text.USBD_CtlError
                0x000000000800f174       0x16 Middlewares/ST/STM32_USB_Device_Library/Core/Src/usbd_ctlreq.o
                0x000000000800f174                USBD_CtlError
 .text.USBD_GetString
                0x000000000800f18a       0x38 Middlewares/ST/STM32_USB_Device_Library/Core/Src/usbd_ctlreq.o
                0x000000000800f18a                USBD_GetString
 .text.USBD_CtlSendData
                0x000000000800f1c2       0x1a Middlewares/ST/STM32_USB_Device_Library/Core/Src/usbd_ioreq.o
                0x000000000800f1c2                USBD_CtlSendData
 .text.USBD_CtlContinueSendData
                0x000000000800f1dc       0x10 Middlewares/ST/STM32_USB_Device_Library/Core/Src/usbd_ioreq.o
                0x000000000800f1dc                USBD_CtlContinueSendData
 .text.USBD_CtlPrepareRx
                0x000000000800f1ec       0x1e Middlewares/ST/STM32_USB_Device_Library/Core/Src/usbd_ioreq.o
                0x000000000800f1ec                USBD_CtlPrepareRx
 .text.USBD_CtlContinueRx
                0x000000000800f20a       0x10 Middlewares/ST/STM32_USB_Device_Library/Core/Src/usbd_ioreq.o
                0x000000000800f20a                USBD_CtlContinueRx
 .text.USBD_CtlSendStatus
                0x000000000800f21a       0x16 Middlewares/ST/STM32_USB_Device_Library/Core/Src/usbd_ioreq.o
                0x000000000800f21a                USBD_CtlSendStatus
 .text.USBD_CtlReceiveStatus
                0x000000000800f230       0x16 Middlewares/ST/STM32_USB_Device_Library/Core/Src/usbd_ioreq.o
                0x000000000800f230                USBD_CtlReceiveStatus
 *fill*         0x000000000800f246        0x2 
 .text.aci_gap_set_non_discoverable
                0x000000000800f248       0x3c Middlewares/ST/STM32_WPAN/ble/core/auto/ble_gap_aci.o
                0x000000000800f248                aci_gap_set_non_discoverable
 .text.aci_gap_set_discoverable
                0x000000000800f284       0xb8 Middlewares/ST/STM32_WPAN/ble/core/auto/ble_gap_aci.o
                0x000000000800f284                aci_gap_set_discoverable
 .text.aci_gap_set_io_capability
                0x000000000800f33c       0x44 Middlewares/ST/STM32_WPAN/ble/core/auto/ble_gap_aci.o
                0x000000000800f33c                aci_gap_set_io_capability
 .text.aci_gap_set_authentication_requirement
                0x000000000800f380       0x78 Middlewares/ST/STM32_WPAN/ble/core/auto/ble_gap_aci.o
                0x000000000800f380                aci_gap_set_authentication_requirement
 .text.aci_gap_pass_key_resp
                0x000000000800f3f8       0x4c Middlewares/ST/STM32_WPAN/ble/core/auto/ble_gap_aci.o
                0x000000000800f3f8                aci_gap_pass_key_resp
 .text.aci_gap_init
                0x000000000800f444       0x84 Middlewares/ST/STM32_WPAN/ble/core/auto/ble_gap_aci.o
                0x000000000800f444                aci_gap_init
 .text.aci_gap_update_adv_data
                0x000000000800f4c8       0x54 Middlewares/ST/STM32_WPAN/ble/core/auto/ble_gap_aci.o
                0x000000000800f4c8                aci_gap_update_adv_data
 .text.aci_gap_configure_whitelist
                0x000000000800f51c       0x3c Middlewares/ST/STM32_WPAN/ble/core/auto/ble_gap_aci.o
                0x000000000800f51c                aci_gap_configure_whitelist
 .text.aci_gap_allow_rebond
                0x000000000800f558       0x48 Middlewares/ST/STM32_WPAN/ble/core/auto/ble_gap_aci.o
                0x000000000800f558                aci_gap_allow_rebond
 .text.aci_gap_numeric_comparison_value_confirm_yesno
                0x000000000800f5a0       0x4c Middlewares/ST/STM32_WPAN/ble/core/auto/ble_gap_aci.o
                0x000000000800f5a0                aci_gap_numeric_comparison_value_confirm_yesno
 .text.aci_gatt_init
                0x000000000800f5ec       0x3c Middlewares/ST/STM32_WPAN/ble/core/auto/ble_gatt_aci.o
                0x000000000800f5ec                aci_gatt_init
 .text.aci_gatt_add_service
                0x000000000800f628       0x9c Middlewares/ST/STM32_WPAN/ble/core/auto/ble_gatt_aci.o
                0x000000000800f628                aci_gatt_add_service
 .text.aci_gatt_add_char
                0x000000000800f6c4       0xb4 Middlewares/ST/STM32_WPAN/ble/core/auto/ble_gatt_aci.o
                0x000000000800f6c4                aci_gatt_add_char
 .text.aci_gatt_update_char_value
                0x000000000800f778       0x60 Middlewares/ST/STM32_WPAN/ble/core/auto/ble_gatt_aci.o
                0x000000000800f778                aci_gatt_update_char_value
 .text.aci_hal_write_config_data
                0x000000000800f7d8       0x58 Middlewares/ST/STM32_WPAN/ble/core/auto/ble_hal_aci.o
                0x000000000800f7d8                aci_hal_write_config_data
 .text.aci_hal_set_tx_power_level
                0x000000000800f830       0x4c Middlewares/ST/STM32_WPAN/ble/core/auto/ble_hal_aci.o
                0x000000000800f830                aci_hal_set_tx_power_level
 .text.hci_reset
                0x000000000800f87c       0x3a Middlewares/ST/STM32_WPAN/ble/core/auto/ble_hci_le.o
                0x000000000800f87c                hci_reset
 *fill*         0x000000000800f8b6        0x2 
 .text.hci_le_read_phy
                0x000000000800f8b8       0x60 Middlewares/ST/STM32_WPAN/ble/core/auto/ble_hci_le.o
                0x000000000800f8b8                hci_le_read_phy
 .text.hci_le_set_default_phy
                0x000000000800f918       0x50 Middlewares/ST/STM32_WPAN/ble/core/auto/ble_hci_le.o
                0x000000000800f918                hci_le_set_default_phy
 .text.Osal_MemCpy
                0x000000000800f968        0x4 Middlewares/ST/STM32_WPAN/ble/core/template/osal.o
                0x000000000800f968                Osal_MemCpy
 .text.Osal_MemSet
                0x000000000800f96c        0x4 Middlewares/ST/STM32_WPAN/ble/core/template/osal.o
                0x000000000800f96c                Osal_MemSet
 .text.CRS_Event_Handler
                0x000000000800f970       0x6c Middlewares/ST/STM32_WPAN/ble/svc/Src/crs_stm.o
 .text.CRS_STM_Init
                0x000000000800f9dc       0xbc Middlewares/ST/STM32_WPAN/ble/svc/Src/crs_stm.o
                0x000000000800f9dc                CRS_STM_Init
 .text.CRSAPP_Update_Char
                0x000000000800fa98       0x30 Middlewares/ST/STM32_WPAN/ble/svc/Src/crs_stm.o
                0x000000000800fa98                CRSAPP_Update_Char
 .text.DIS_Init
                0x000000000800fac8      0x13c Middlewares/ST/STM32_WPAN/ble/svc/Src/dis.o
                0x000000000800fac8                DIS_Init
 .text.DIS_UpdateChar
                0x000000000800fc04       0x6c Middlewares/ST/STM32_WPAN/ble/svc/Src/dis.o
                0x000000000800fc04                DIS_UpdateChar
 .text.HearRate_Event_Handler
                0x000000000800fc70       0x4c Middlewares/ST/STM32_WPAN/ble/svc/Src/hrs.o
 .text.HRS_Init
                0x000000000800fcbc       0x88 Middlewares/ST/STM32_WPAN/ble/svc/Src/hrs.o
                0x000000000800fcbc                HRS_Init
 .text.HRS_UpdateChar
                0x000000000800fd44       0x80 Middlewares/ST/STM32_WPAN/ble/svc/Src/hrs.o
                0x000000000800fd44                HRS_UpdateChar
 .text.BLS_Init
                0x000000000800fdc4        0x2 Middlewares/ST/STM32_WPAN/ble/svc/Src/svc_ctl.o
                0x000000000800fdc4                BLS_Init
 .text.EDS_STM_Init
                0x000000000800fdc6        0x2 Middlewares/ST/STM32_WPAN/ble/svc/Src/svc_ctl.o
                0x000000000800fdc6                EDS_STM_Init
 .text.HIDS_Init
                0x000000000800fdc8        0x2 Middlewares/ST/STM32_WPAN/ble/svc/Src/svc_ctl.o
                0x000000000800fdc8                HIDS_Init
 .text.HTS_Init
                0x000000000800fdca        0x2 Middlewares/ST/STM32_WPAN/ble/svc/Src/svc_ctl.o
                0x000000000800fdca                HTS_Init
 .text.IAS_Init
                0x000000000800fdcc        0x2 Middlewares/ST/STM32_WPAN/ble/svc/Src/svc_ctl.o
                0x000000000800fdcc                IAS_Init
 .text.LLS_Init
                0x000000000800fdce        0x2 Middlewares/ST/STM32_WPAN/ble/svc/Src/svc_ctl.o
                0x000000000800fdce                LLS_Init
 .text.TPS_Init
                0x000000000800fdd0        0x2 Middlewares/ST/STM32_WPAN/ble/svc/Src/svc_ctl.o
                0x000000000800fdd0                TPS_Init
 .text.MOTENV_STM_Init
                0x000000000800fdd2        0x2 Middlewares/ST/STM32_WPAN/ble/svc/Src/svc_ctl.o
                0x000000000800fdd2                MOTENV_STM_Init
 .text.P2PS_STM_Init
                0x000000000800fdd4        0x2 Middlewares/ST/STM32_WPAN/ble/svc/Src/svc_ctl.o
                0x000000000800fdd4                P2PS_STM_Init
 .text.OTAS_STM_Init
                0x000000000800fdd6        0x2 Middlewares/ST/STM32_WPAN/ble/svc/Src/svc_ctl.o
                0x000000000800fdd6                OTAS_STM_Init
 .text.MESH_Init
                0x000000000800fdd8        0x2 Middlewares/ST/STM32_WPAN/ble/svc/Src/svc_ctl.o