Archive member included to satisfy reference by file (symbol)

/opt/st/stm32cubeide_1.3.0/plugins/com.st.stm32cube.ide.mcu.externaltools.gnu-tools-for-stm32.7-2018-q2-update.linux64_1.0.0.201904181610/tools/bin/../lib/gcc/arm-none-eabi/7.3.1/../../../../arm-none-eabi/lib/thumb/v7e-m/fpv4-sp/hard/libc_nano.a(lib_a-errno.o)
                              Core/Src/syscalls.o (__errno)
/opt/st/stm32cubeide_1.3.0/plugins/com.st.stm32cube.ide.mcu.externaltools.gnu-tools-for-stm32.7-2018-q2-update.linux64_1.0.0.201904181610/tools/bin/../lib/gcc/arm-none-eabi/7.3.1/../../../../arm-none-eabi/lib/thumb/v7e-m/fpv4-sp/hard/libc_nano.a(lib_a-exit.o)
                              /opt/st/stm32cubeide_1.3.0/plugins/com.st.stm32cube.ide.mcu.externaltools.gnu-tools-for-stm32.7-2018-q2-update.linux64_1.0.0.201904181610/tools/bin/../lib/gcc/arm-none-eabi/7.3.1/../../../../arm-none-eabi/lib/thumb/v7e-m/fpv4-sp/hard/crt0.o (exit)
/opt/st/stm32cubeide_1.3.0/plugins/com.st.stm32cube.ide.mcu.externaltools.gnu-tools-for-stm32.7-2018-q2-update.linux64_1.0.0.201904181610/tools/bin/../lib/gcc/arm-none-eabi/7.3.1/../../../../arm-none-eabi/lib/thumb/v7e-m/fpv4-sp/hard/libc_nano.a(lib_a-impure.o)
                              /opt/st/stm32cubeide_1.3.0/plugins/com.st.stm32cube.ide.mcu.externaltools.gnu-tools-for-stm32.7-2018-q2-update.linux64_1.0.0.201904181610/tools/bin/../lib/gcc/arm-none-eabi/7.3.1/../../../../arm-none-eabi/lib/thumb/v7e-m/fpv4-sp/hard/libc_nano.a(lib_a-exit.o) (_global_impure_ptr)
/opt/st/stm32cubeide_1.3.0/plugins/com.st.stm32cube.ide.mcu.externaltools.gnu-tools-for-stm32.7-2018-q2-update.linux64_1.0.0.201904181610/tools/bin/../lib/gcc/arm-none-eabi/7.3.1/../../../../arm-none-eabi/lib/thumb/v7e-m/fpv4-sp/hard/libc_nano.a(lib_a-init.o)
                              /opt/st/stm32cubeide_1.3.0/plugins/com.st.stm32cube.ide.mcu.externaltools.gnu-tools-for-stm32.7-2018-q2-update.linux64_1.0.0.201904181610/tools/bin/../lib/gcc/arm-none-eabi/7.3.1/../../../../arm-none-eabi/lib/thumb/v7e-m/fpv4-sp/hard/crt0.o (__libc_init_array)
/opt/st/stm32cubeide_1.3.0/plugins/com.st.stm32cube.ide.mcu.externaltools.gnu-tools-for-stm32.7-2018-q2-update.linux64_1.0.0.201904181610/tools/bin/../lib/gcc/arm-none-eabi/7.3.1/../../../../arm-none-eabi/lib/thumb/v7e-m/fpv4-sp/hard/libc_nano.a(lib_a-memcpy-stub.o)
                              Middlewares/Third_Party/FreeRTOS/Source/CMSIS_RTOS_V2/cmsis_os2.o (memcpy)
/opt/st/stm32cubeide_1.3.0/plugins/com.st.stm32cube.ide.mcu.externaltools.gnu-tools-for-stm32.7-2018-q2-update.linux64_1.0.0.201904181610/tools/bin/../lib/gcc/arm-none-eabi/7.3.1/../../../../arm-none-eabi/lib/thumb/v7e-m/fpv4-sp/hard/libc_nano.a(lib_a-memset.o)
                              /opt/st/stm32cubeide_1.3.0/plugins/com.st.stm32cube.ide.mcu.externaltools.gnu-tools-for-stm32.7-2018-q2-update.linux64_1.0.0.201904181610/tools/bin/../lib/gcc/arm-none-eabi/7.3.1/../../../../arm-none-eabi/lib/thumb/v7e-m/fpv4-sp/hard/crt0.o (memset)
/opt/st/stm32cubeide_1.3.0/plugins/com.st.stm32cube.ide.mcu.externaltools.gnu-tools-for-stm32.7-2018-q2-update.linux64_1.0.0.201904181610/tools/bin/../lib/gcc/arm-none-eabi/7.3.1/thumb/v7e-m/fpv4-sp/hard/libgcc.a(_aeabi_ldivmod.o)
                              Drivers/STM32WBxx_HAL_Driver/Src/stm32wbxx_hal_uart.o (__aeabi_ldivmod)
/opt/st/stm32cubeide_1.3.0/plugins/com.st.stm32cube.ide.mcu.externaltools.gnu-tools-for-stm32.7-2018-q2-update.linux64_1.0.0.201904181610/tools/bin/../lib/gcc/arm-none-eabi/7.3.1/thumb/v7e-m/fpv4-sp/hard/libgcc.a(_aeabi_uldivmod.o)
                              Drivers/STM32WBxx_HAL_Driver/Src/stm32wbxx_hal_uart.o (__aeabi_uldivmod)
/opt/st/stm32cubeide_1.3.0/plugins/com.st.stm32cube.ide.mcu.externaltools.gnu-tools-for-stm32.7-2018-q2-update.linux64_1.0.0.201904181610/tools/bin/../lib/gcc/arm-none-eabi/7.3.1/thumb/v7e-m/fpv4-sp/hard/libgcc.a(_udivmoddi4.o)
                              /opt/st/stm32cubeide_1.3.0/plugins/com.st.stm32cube.ide.mcu.externaltools.gnu-tools-for-stm32.7-2018-q2-update.linux64_1.0.0.201904181610/tools/bin/../lib/gcc/arm-none-eabi/7.3.1/thumb/v7e-m/fpv4-sp/hard/libgcc.a(_aeabi_ldivmod.o) (__udivmoddi4)
/opt/st/stm32cubeide_1.3.0/plugins/com.st.stm32cube.ide.mcu.externaltools.gnu-tools-for-stm32.7-2018-q2-update.linux64_1.0.0.201904181610/tools/bin/../lib/gcc/arm-none-eabi/7.3.1/thumb/v7e-m/fpv4-sp/hard/libgcc.a(_dvmd_tls.o)
                              /opt/st/stm32cubeide_1.3.0/plugins/com.st.stm32cube.ide.mcu.externaltools.gnu-tools-for-stm32.7-2018-q2-update.linux64_1.0.0.201904181610/tools/bin/../lib/gcc/arm-none-eabi/7.3.1/thumb/v7e-m/fpv4-sp/hard/libgcc.a(_aeabi_ldivmod.o) (__aeabi_ldiv0)

Allocating common symbols
Common symbol       size              file

hUsbDeviceFS        0x2c4             USB_Device/App/usb_device.o
hcrc                0x24              Core/Src/main.o
htim17              0x40              Core/Src/stm32wbxx_hal_timebase_tim.o
BuffLength          0x4               USB_Device/App/usbd_cdc_if.o
[...]
Memory Configuration

Name             Origin             Length             Attributes
FLASH            0x0000000008000000 0x0000000000040000 xr
FLASH_FORTH      0x0000000008040000 0x0000000000080000 xr
FLASH_BLESTACK   0x00000000080c0000 0x0000000000040000 xr
RAM_FORTH        0x0000000020000000 0x0000000000010000 xrw
RAM1             0x0000000020010000 0x0000000000030000 xrw
RAM_SHARED       0x0000000020030000 0x0000000000002800 xrw
*default*        0x0000000000000000 0xffffffffffffffff

Linker script and memory map

LOAD /opt/st/stm32cubeide_1.3.0/plugins/com.st.stm32cube.ide.mcu.externaltools.gnu-tools-for-stm32.7-2018-q2-update.linux64_1.0.0.201904181610/tools/bin/../lib/gcc/arm-none-eabi/7.3.1/thumb/v7e-m/fpv4-sp/hard/crti.o
LOAD /opt/st/stm32cubeide_1.3.0/plugins/com.st.stm32cube.ide.mcu.externaltools.gnu-tools-for-stm32.7-2018-q2-update.linux64_1.0.0.201904181610/tools/bin/../lib/gcc/arm-none-eabi/7.3.1/thumb/v7e-m/fpv4-sp/hard/crtbegin.o
LOAD /opt/st/stm32cubeide_1.3.0/plugins/com.st.stm32cube.ide.mcu.externaltools.gnu-tools-for-stm32.7-2018-q2-update.linux64_1.0.0.201904181610/tools/bin/../lib/gcc/arm-none-eabi/7.3.1/../../../../arm-none-eabi/lib/thumb/v7e-m/fpv4-sp/hard/crt0.o
LOAD Core/Src/app_freertos.o
LOAD Core/Src/main.o
LOAD Core/Src/stm32wbxx_hal_msp.o
LOAD Core/Src/stm32wbxx_hal_timebase_tim.o
LOAD Core/Src/stm32wbxx_it.o
LOAD Core/Src/syscalls.o
LOAD Core/Src/sysmem.o
LOAD Core/Src/system_stm32wbxx.o
LOAD Core/Startup/startup_stm32wb55rgvx.o
LOAD Drivers/STM32WBxx_HAL_Driver/Src/stm32wbxx_hal.o
LOAD Drivers/STM32WBxx_HAL_Driver/Src/stm32wbxx_hal_cortex.o
LOAD Drivers/STM32WBxx_HAL_Driver/Src/stm32wbxx_hal_crc.o
LOAD Drivers/STM32WBxx_HAL_Driver/Src/stm32wbxx_hal_crc_ex.o
LOAD Drivers/STM32WBxx_HAL_Driver/Src/stm32wbxx_hal_dma.o
LOAD Drivers/STM32WBxx_HAL_Driver/Src/stm32wbxx_hal_dma_ex.o
LOAD Drivers/STM32WBxx_HAL_Driver/Src/stm32wbxx_hal_exti.o
LOAD Drivers/STM32WBxx_HAL_Driver/Src/stm32wbxx_hal_flash.o
LOAD Drivers/STM32WBxx_HAL_Driver/Src/stm32wbxx_hal_flash_ex.o
LOAD Drivers/STM32WBxx_HAL_Driver/Src/stm32wbxx_hal_gpio.o
LOAD Drivers/STM32WBxx_HAL_Driver/Src/stm32wbxx_hal_hsem.o
LOAD Drivers/STM32WBxx_HAL_Driver/Src/stm32wbxx_hal_pcd.o
LOAD Drivers/STM32WBxx_HAL_Driver/Src/stm32wbxx_hal_pcd_ex.o
LOAD Drivers/STM32WBxx_HAL_Driver/Src/stm32wbxx_hal_pka.o
LOAD Drivers/STM32WBxx_HAL_Driver/Src/stm32wbxx_hal_pwr.o
LOAD Drivers/STM32WBxx_HAL_Driver/Src/stm32wbxx_hal_pwr_ex.o
LOAD Drivers/STM32WBxx_HAL_Driver/Src/stm32wbxx_hal_rcc.o
LOAD Drivers/STM32WBxx_HAL_Driver/Src/stm32wbxx_hal_rcc_ex.o
LOAD Drivers/STM32WBxx_HAL_Driver/Src/stm32wbxx_hal_rng.o
LOAD Drivers/STM32WBxx_HAL_Driver/Src/stm32wbxx_hal_rtc.o
LOAD Drivers/STM32WBxx_HAL_Driver/Src/stm32wbxx_hal_rtc_ex.o
LOAD Drivers/STM32WBxx_HAL_Driver/Src/stm32wbxx_hal_tim.o
LOAD Drivers/STM32WBxx_HAL_Driver/Src/stm32wbxx_hal_tim_ex.o
LOAD Drivers/STM32WBxx_HAL_Driver/Src/stm32wbxx_hal_uart.o
LOAD Drivers/STM32WBxx_HAL_Driver/Src/stm32wbxx_hal_uart_ex.o
LOAD Drivers/STM32WBxx_HAL_Driver/Src/stm32wbxx_ll_usb.o
LOAD Forth/Src/ble_vsp.o
LOAD Forth/Src/bsp.o
LOAD Forth/Src/flash.o
LOAD Forth/Src/uart.o
LOAD Forth/Src/usb_cdc.o
LOAD Forth/cube/mecrisp.o
LOAD Middlewares/ST/STM32_USB_Device_Library/Class/CDC/Src/usbd_cdc.o
LOAD Middlewares/ST/STM32_USB_Device_Library/Core/Src/usbd_core.o
LOAD Middlewares/ST/STM32_USB_Device_Library/Core/Src/usbd_ctlreq.o
LOAD Middlewares/ST/STM32_USB_Device_Library/Core/Src/usbd_ioreq.o
LOAD Middlewares/Third_Party/FreeRTOS/Source/CMSIS_RTOS_V2/cmsis_os2.o
LOAD Middlewares/Third_Party/FreeRTOS/Source/croutine.o
LOAD Middlewares/Third_Party/FreeRTOS/Source/event_groups.o
LOAD Middlewares/Third_Party/FreeRTOS/Source/list.o
LOAD Middlewares/Third_Party/FreeRTOS/Source/queue.o
LOAD Middlewares/Third_Party/FreeRTOS/Source/stream_buffer.o
LOAD Middlewares/Third_Party/FreeRTOS/Source/tasks.o
LOAD Middlewares/Third_Party/FreeRTOS/Source/timers.o
LOAD Middlewares/Third_Party/FreeRTOS/Source/portable/GCC/ARM_CM4F/port.o
LOAD Middlewares/Third_Party/FreeRTOS/Source/portable/MemMang/heap_4.o
LOAD USB_Device/App/usb_device.o
LOAD USB_Device/App/usbd_cdc_if.o
LOAD USB_Device/App/usbd_desc.o
LOAD USB_Device/Target/usbd_conf.o
START GROUP
LOAD /opt/st/stm32cubeide_1.3.0/plugins/com.st.stm32cube.ide.mcu.externaltools.gnu-tools-for-stm32.7-2018-q2-update.linux64_1.0.0.201904181610/tools/bin/../lib/gcc/arm-none-eabi/7.3.1/../../../../arm-none-eabi/lib/thumb/v7e-m/fpv4-sp/hard/libc_nano.a
LOAD /opt/st/stm32cubeide_1.3.0/plugins/com.st.stm32cube.ide.mcu.externaltools.gnu-tools-for-stm32.7-2018-q2-update.linux64_1.0.0.201904181610/tools/bin/../lib/gcc/arm-none-eabi/7.3.1/../../../../arm-none-eabi/lib/thumb/v7e-m/fpv4-sp/hard/libm.a
END GROUP
START GROUP
LOAD /opt/st/stm32cubeide_1.3.0/plugins/com.st.stm32cube.ide.mcu.externaltools.gnu-tools-for-stm32.7-2018-q2-update.linux64_1.0.0.201904181610/tools/bin/../lib/gcc/arm-none-eabi/7.3.1/thumb/v7e-m/fpv4-sp/hard/libgcc.a
LOAD /opt/st/stm32cubeide_1.3.0/plugins/com.st.stm32cube.ide.mcu.externaltools.gnu-tools-for-stm32.7-2018-q2-update.linux64_1.0.0.201904181610/tools/bin/../lib/gcc/arm-none-eabi/7.3.1/../../../../arm-none-eabi/lib/thumb/v7e-m/fpv4-sp/hard/libc_nano.a
END GROUP
START GROUP
LOAD /opt/st/stm32cubeide_1.3.0/plugins/com.st.stm32cube.ide.mcu.externaltools.gnu-tools-for-stm32.7-2018-q2-update.linux64_1.0.0.201904181610/tools/bin/../lib/gcc/arm-none-eabi/7.3.1/thumb/v7e-m/fpv4-sp/hard/libgcc.a
LOAD /opt/st/stm32cubeide_1.3.0/plugins/com.st.stm32cube.ide.mcu.externaltools.gnu-tools-for-stm32.7-2018-q2-update.linux64_1.0.0.201904181610/tools/bin/../lib/gcc/arm-none-eabi/7.3.1/../../../../arm-none-eabi/lib/thumb/v7e-m/fpv4-sp/hard/libc_nano.a
LOAD /opt/st/stm32cubeide_1.3.0/plugins/com.st.stm32cube.ide.mcu.externaltools.gnu-tools-for-stm32.7-2018-q2-update.linux64_1.0.0.201904181610/tools/bin/../lib/gcc/arm-none-eabi/7.3.1/../../../../arm-none-eabi/lib/thumb/v7e-m/fpv4-sp/hard/libnosys.a
END GROUP
START GROUP
LOAD /opt/st/stm32cubeide_1.3.0/plugins/com.st.stm32cube.ide.mcu.externaltools.gnu-tools-for-stm32.7-2018-q2-update.linux64_1.0.0.201904181610/tools/bin/../lib/gcc/arm-none-eabi/7.3.1/thumb/v7e-m/fpv4-sp/hard/libgcc.a
LOAD /opt/st/stm32cubeide_1.3.0/plugins/com.st.stm32cube.ide.mcu.externaltools.gnu-tools-for-stm32.7-2018-q2-update.linux64_1.0.0.201904181610/tools/bin/../lib/gcc/arm-none-eabi/7.3.1/../../../../arm-none-eabi/lib/thumb/v7e-m/fpv4-sp/hard/libc_nano.a
LOAD /opt/st/stm32cubeide_1.3.0/plugins/com.st.stm32cube.ide.mcu.externaltools.gnu-tools-for-stm32.7-2018-q2-update.linux64_1.0.0.201904181610/tools/bin/../lib/gcc/arm-none-eabi/7.3.1/../../../../arm-none-eabi/lib/thumb/v7e-m/fpv4-sp/hard/libnosys.a
END GROUP
LOAD /opt/st/stm32cubeide_1.3.0/plugins/com.st.stm32cube.ide.mcu.externaltools.gnu-tools-for-stm32.7-2018-q2-update.linux64_1.0.0.201904181610/tools/bin/../lib/gcc/arm-none-eabi/7.3.1/thumb/v7e-m/fpv4-sp/hard/crtend.o
LOAD /opt/st/stm32cubeide_1.3.0/plugins/com.st.stm32cube.ide.mcu.externaltools.gnu-tools-for-stm32.7-2018-q2-update.linux64_1.0.0.201904181610/tools/bin/../lib/gcc/arm-none-eabi/7.3.1/thumb/v7e-m/fpv4-sp/hard/crtn.o
                0x0000000020030000                _estack = 0x20030000
                0x0000000000001000                _Min_Heap_Size = 0x1000
                0x0000000000001000                _Min_Stack_Size = 0x1000

.isr_vector     0x0000000008000000      0x13c
                0x0000000008000000                . = ALIGN (0x4)
 *(.isr_vector)
 .isr_vector    0x0000000008000000      0x13c Core/Startup/startup_stm32wb55rgvx.o
                0x0000000008000000                g_pfnVectors
                0x000000000800013c                . = ALIGN (0x4)

.text           0x0000000008000140     0xccdc
                0x0000000008000140                . = ALIGN (0x4)
 *(.text)
 .text          0x0000000008000140       0x40 /opt/st/stm32cubeide_1.3.0/plugins/com.st.stm32cube.ide.mcu.externaltools.gnu-tools-for-stm32.7-2018-q2-update.linux64_1.0.0.201904181610/tools/bin/../lib/gcc/arm-none-eabi/7.3.1/thumb/v7e-m/fpv4-sp/hard/crtbegin.o
 .text          0x0000000008000180     0x3cf0 Forth/cube/mecrisp.o
                0x0000000008003708                rtos_osThreadGetId
                0x000000000800372e                rtos_osThreadGetState
                0x0000000008003754                rtos_osThreadSetPriority
                0x000000000800377e                rtos_osThreadGetPriority
                0x000000000800379e                rtos_osThreadYield
                0x00000000080037bc                rtos_osThreadSuspend
                0x00000000080037de                rtos_osThreadResume
                0x0000000008003800                rtos_osThreadDetach
                0x000000000800381c                rtos_osThreadJoin
                0x0000000008003838                rtos_osThreadExit
                0x0000000008003858                rtos_osThreadTerminate
                0x0000000008003880                rtos_osThreadGetStackSize
                0x00000000080038a4                rtos_osThreadGetStackSpace
                0x00000000080038c8                rtos_osThreadGetCount
                0x00000000080038ee                rtos_osThreadEnumerate
                0x000000000800391a                rtos_xPortGetFreeHeapSize
                0x0000000008003cce                Forth
 .text          0x0000000008003e70       0x30 /opt/st/stm32cubeide_1.3.0/plugins/com.st.stm32cube.ide.mcu.externaltools.gnu-tools-for-stm32.7-2018-q2-update.linux64_1.0.0.201904181610/tools/bin/../lib/gcc/arm-none-eabi/7.3.1/thumb/v7e-m/fpv4-sp/hard/libgcc.a(_aeabi_uldivmod.o)
                0x0000000008003e70                __aeabi_uldivmod
 .text          0x0000000008003ea0      0x2cc /opt/st/stm32cubeide_1.3.0/plugins/com.st.stm32cube.ide.mcu.externaltools.gnu-tools-for-stm32.7-2018-q2-update.linux64_1.0.0.201904181610/tools/bin/../lib/gcc/arm-none-eabi/7.3.1/thumb/v7e-m/fpv4-sp/hard/libgcc.a(_udivmoddi4.o)
                0x0000000008003ea0                __udivmoddi4
 .text          0x000000000800416c        0x4 /opt/st/stm32cubeide_1.3.0/plugins/com.st.stm32cube.ide.mcu.externaltools.gnu-tools-for-stm32.7-2018-q2-update.linux64_1.0.0.201904181610/tools/bin/../lib/gcc/arm-none-eabi/7.3.1/thumb/v7e-m/fpv4-sp/hard/libgcc.a(_dvmd_tls.o)
                0x000000000800416c                __aeabi_ldiv0
                0x000000000800416c                __aeabi_idiv0
 *(.text*)
 .text.LL_AHB2_GRP1_EnableClock
                0x0000000008004170       0x18 Core/Src/main.o
 .text.HAL_TIM_PeriodElapsedCallback
                0x0000000008004188       0x14 Core/Src/main.o
                0x0000000008004188                HAL_TIM_PeriodElapsedCallback
 .text.Error_Handler
                0x000000000800419c        0x6 Core/Src/main.o
                0x000000000800419c                Error_Handler
 *fill*         0x00000000080041a2        0x2 
 .text.SystemClock_Config
                0x00000000080041a4      0x118 Core/Src/main.o
                0x00000000080041a4                SystemClock_Config
 .text.startup.main
                0x00000000080042bc      0x180 Core/Src/main.o
                0x00000000080042bc                main
 .text.vApplicationStackOverflowHook
                0x000000000800443c        0x8 Core/Src/main.o
                0x000000000800443c                vApplicationStackOverflowHook
 .text.vApplicationMallocFailedHook
                0x0000000008004444        0x4 Core/Src/main.o
                0x0000000008004444                vApplicationMallocFailedHook
 .text.MainThread
                0x0000000008004448       0x18 Core/Src/main.o
                0x0000000008004448                MainThread
 .text.LL_AHB3_GRP1_EnableClock
                0x0000000008004460       0x18 Core/Src/stm32wbxx_hal_msp.o
 .text.HAL_MspInit
                0x0000000008004478       0x36 Core/Src/stm32wbxx_hal_msp.o
                0x0000000008004478                HAL_MspInit
 *fill*         0x00000000080044ae        0x2 
 .text.HAL_CRC_MspInit
                0x00000000080044b0       0x28 Core/Src/stm32wbxx_hal_msp.o
                0x00000000080044b0                HAL_CRC_MspInit
 .text.HAL_PKA_MspInit
                0x00000000080044d8       0x18 Core/Src/stm32wbxx_hal_msp.o
                0x00000000080044d8                HAL_PKA_MspInit
 .text.HAL_RNG_MspInit
                0x00000000080044f0       0x18 Core/Src/stm32wbxx_hal_msp.o
                0x00000000080044f0                HAL_RNG_MspInit
 .text.HAL_RTC_MspInit
                0x0000000008004508       0x34 Core/Src/stm32wbxx_hal_msp.o
                0x0000000008004508                HAL_RTC_MspInit
 .text.HAL_UART_MspInit
                0x000000000800453c       0x70 Core/Src/stm32wbxx_hal_msp.o
                0x000000000800453c                HAL_UART_MspInit
 .text.HAL_InitTick
                0x00000000080045ac       0x74 Core/Src/stm32wbxx_hal_timebase_tim.o
                0x00000000080045ac                HAL_InitTick
 .text.NMI_Handler
                0x0000000008004620        0x2 Core/Src/stm32wbxx_it.o
                0x0000000008004620                NMI_Handler
 .text.HardFault_Handler
                0x0000000008004622        0x2 Core/Src/stm32wbxx_it.o
                0x0000000008004622                HardFault_Handler
 .text.MemManage_Handler
                0x0000000008004624        0x2 Core/Src/stm32wbxx_it.o
                0x0000000008004624                MemManage_Handler
 .text.BusFault_Handler
                0x0000000008004626        0x2 Core/Src/stm32wbxx_it.o
                0x0000000008004626                BusFault_Handler
 .text.UsageFault_Handler
                0x0000000008004628        0x2 Core/Src/stm32wbxx_it.o
                0x0000000008004628                UsageFault_Handler
 .text.DebugMon_Handler
                0x000000000800462a        0x2 Core/Src/stm32wbxx_it.o
                0x000000000800462a                DebugMon_Handler
 .text.FLASH_IRQHandler
                0x000000000800462c        0x4 Core/Src/stm32wbxx_it.o
                0x000000000800462c                FLASH_IRQHandler
 .text.USB_LP_IRQHandler
                0x0000000008004630        0xc Core/Src/stm32wbxx_it.o
                0x0000000008004630                USB_LP_IRQHandler
 .text.TIM1_TRG_COM_TIM17_IRQHandler
                0x000000000800463c        0xc Core/Src/stm32wbxx_it.o
                0x000000000800463c                TIM1_TRG_COM_TIM17_IRQHandler
 .text.USART1_IRQHandler
                0x0000000008004648        0xc Core/Src/stm32wbxx_it.o
                0x0000000008004648                USART1_IRQHandler
 .text.SystemInit
                0x0000000008004654       0x68 Core/Src/system_stm32wbxx.o
                0x0000000008004654                SystemInit
 .text.SystemCoreClockUpdate
                0x00000000080046bc       0xa0 Core/Src/system_stm32wbxx.o
                0x00000000080046bc                SystemCoreClockUpdate
 .text.data_initializers
                0x000000000800475c       0x18 Core/Startup/startup_stm32wb55rgvx.o
 .text.Reset_Handler
                0x0000000008004774       0x54 Core/Startup/startup_stm32wb55rgvx.o
                0x0000000008004774                Reset_Handler
 .text.Default_Handler
                0x00000000080047c8        0x2 Core/Startup/startup_stm32wb55rgvx.o
                0x00000000080047c8                RTC_Alarm_IRQHandler
                0x00000000080047c8                EXTI2_IRQHandler
                0x00000000080047c8                TIM1_CC_IRQHandler
                0x00000000080047c8                TSC_IRQHandler
                0x00000000080047c8                USB_HP_IRQHandler
                0x00000000080047c8                EXTI3_IRQHandler
                0x00000000080047c8                LPTIM2_IRQHandler
                0x00000000080047c8                I2C3_ER_IRQHandler
                0x00000000080047c8                EXTI0_IRQHandler
                0x00000000080047c8                FPU_IRQHandler
                0x00000000080047c8                TIM1_UP_TIM16_IRQHandler
                0x00000000080047c8                AES1_IRQHandler
                0x00000000080047c8                SPI1_IRQHandler
                0x00000000080047c8                PWR_SOTF_BLEACT_802ACT_RFPHASE_IRQHandler
                0x00000000080047c8                DMA2_Channel2_IRQHandler
                0x00000000080047c8                DMA1_Channel4_IRQHandler
                0x00000000080047c8                ADC1_IRQHandler
                0x00000000080047c8                PKA_IRQHandler
                0x00000000080047c8                DMA1_Channel7_IRQHandler
                0x00000000080047c8                LCD_IRQHandler
                0x00000000080047c8                IPCC_C1_TX_IRQHandler
                0x00000000080047c8                DMA2_Channel1_IRQHandler
                0x00000000080047c8                QUADSPI_IRQHandler
                0x00000000080047c8                I2C1_EV_IRQHandler
                0x00000000080047c8                DMAMUX1_OVR_IRQHandler
                0x00000000080047c8                DMA1_Channel6_IRQHandler
                0x00000000080047c8                DMA2_Channel4_IRQHandler
                0x00000000080047c8                RCC_IRQHandler
                0x00000000080047c8                DMA1_Channel1_IRQHandler
                0x00000000080047c8                Default_Handler
                0x00000000080047c8                DMA2_Channel7_IRQHandler
                0x00000000080047c8                EXTI15_10_IRQHandler
                0x00000000080047c8                IPCC_C1_RX_IRQHandler
                0x00000000080047c8                C2SEV_PWR_C2H_IRQHandler
                0x00000000080047c8                AES2_IRQHandler
                0x00000000080047c8                I2C3_EV_IRQHandler
                0x00000000080047c8                EXTI9_5_IRQHandler
                0x00000000080047c8                RTC_WKUP_IRQHandler
                0x00000000080047c8                PVD_PVM_IRQHandler
                0x00000000080047c8                SPI2_IRQHandler
                0x00000000080047c8                DMA2_Channel5_IRQHandler
                0x00000000080047c8                CRS_IRQHandler
                0x00000000080047c8                DMA1_Channel5_IRQHandler
                0x00000000080047c8                EXTI4_IRQHandler
                0x00000000080047c8                RNG_IRQHandler
                0x00000000080047c8                TAMP_STAMP_LSECSS_IRQHandler
                0x00000000080047c8                DMA1_Channel3_IRQHandler
                0x00000000080047c8                COMP_IRQHandler
                0x00000000080047c8                HSEM_IRQHandler
                0x00000000080047c8                WWDG_IRQHandler
                0x00000000080047c8                LPUART1_IRQHandler
                0x00000000080047c8                DMA2_Channel6_IRQHandler
                0x00000000080047c8                TIM2_IRQHandler
                0x00000000080047c8                TIM1_BRK_IRQHandler
                0x00000000080047c8                EXTI1_IRQHandler
                0x00000000080047c8                DMA1_Channel2_IRQHandler
                0x00000000080047c8                I2C1_ER_IRQHandler
                0x00000000080047c8                LPTIM1_IRQHandler
                0x00000000080047c8                SAI1_IRQHandler
                0x00000000080047c8                DMA2_Channel3_IRQHandler
 *fill*         0x00000000080047ca        0x2 
 .text.HAL_Init
                0x00000000080047cc       0x2c Drivers/STM32WBxx_HAL_Driver/Src/stm32wbxx_hal.o
                0x00000000080047cc                HAL_Init
 .text.HAL_IncTick
                0x00000000080047f8       0x18 Drivers/STM32WBxx_HAL_Driver/Src/stm32wbxx_hal.o
                0x00000000080047f8                HAL_IncTick
 .text.HAL_GetTick
                0x0000000008004810        0xc Drivers/STM32WBxx_HAL_Driver/Src/stm32wbxx_hal.o
                0x0000000008004810                HAL_GetTick
 .text.HAL_GetTickPrio
                0x000000000800481c        0xc Drivers/STM32WBxx_HAL_Driver/Src/stm32wbxx_hal.o
                0x000000000800481c                HAL_GetTickPrio
 .text.HAL_NVIC_SetPriorityGrouping
                0x0000000008004828       0x24 Drivers/STM32WBxx_HAL_Driver/Src/stm32wbxx_hal_cortex.o
                0x0000000008004828                HAL_NVIC_SetPriorityGrouping
 .text.HAL_NVIC_SetPriority
                0x000000000800484c       0x68 Drivers/STM32WBxx_HAL_Driver/Src/stm32wbxx_hal_cortex.o
                0x000000000800484c                HAL_NVIC_SetPriority
 .text.HAL_NVIC_EnableIRQ
                0x00000000080048b4       0x1c Drivers/STM32WBxx_HAL_Driver/Src/stm32wbxx_hal_cortex.o
                0x00000000080048b4                HAL_NVIC_EnableIRQ
 .text.HAL_CRC_Init
                0x00000000080048d0       0x74 Drivers/STM32WBxx_HAL_Driver/Src/stm32wbxx_hal_crc.o
                0x00000000080048d0                HAL_CRC_Init
 .text.HAL_CRCEx_Polynomial_Set
                0x0000000008004944       0x44 Drivers/STM32WBxx_HAL_Driver/Src/stm32wbxx_hal_crc_ex.o
                0x0000000008004944                HAL_CRCEx_Polynomial_Set
 .text.HAL_DMA_Abort_IT
                0x0000000008004988       0x6e Drivers/STM32WBxx_HAL_Driver/Src/stm32wbxx_hal_dma.o
                0x0000000008004988                HAL_DMA_Abort_IT
 *fill*         0x00000000080049f6        0x2 
 .text.HAL_FLASH_IRQHandler
                0x00000000080049f8       0x98 Drivers/STM32WBxx_HAL_Driver/Src/stm32wbxx_hal_flash.o
                0x00000000080049f8                HAL_FLASH_IRQHandler
 .text.HAL_FLASH_Unlock
                0x0000000008004a90       0x24 Drivers/STM32WBxx_HAL_Driver/Src/stm32wbxx_hal_flash.o
                0x0000000008004a90                HAL_FLASH_Unlock
 .text.HAL_FLASH_Lock
                0x0000000008004ab4       0x18 Drivers/STM32WBxx_HAL_Driver/Src/stm32wbxx_hal_flash.o
                0x0000000008004ab4                HAL_FLASH_Lock
 .text.FLASH_WaitForLastOperation
                0x0000000008004acc       0x5c Drivers/STM32WBxx_HAL_Driver/Src/stm32wbxx_hal_flash.o
                0x0000000008004acc                FLASH_WaitForLastOperation
 .text.HAL_FLASH_Program_IT
                0x0000000008004b28       0x74 Drivers/STM32WBxx_HAL_Driver/Src/stm32wbxx_hal_flash.o
                0x0000000008004b28                HAL_FLASH_Program_IT
 .text.HAL_FLASHEx_IsOperationSuspended
                0x0000000008004b9c       0x10 Drivers/STM32WBxx_HAL_Driver/Src/stm32wbxx_hal_flash_ex.o
                0x0000000008004b9c                HAL_FLASHEx_IsOperationSuspended
 .text.FLASH_PageErase
                0x0000000008004bac       0x1c Drivers/STM32WBxx_HAL_Driver/Src/stm32wbxx_hal_flash_ex.o
                0x0000000008004bac                FLASH_PageErase
 .text.HAL_FLASHEx_Erase_IT
                0x0000000008004bc8       0x54 Drivers/STM32WBxx_HAL_Driver/Src/stm32wbxx_hal_flash_ex.o
                0x0000000008004bc8                HAL_FLASHEx_Erase_IT
 .text.HAL_GPIO_Init
                0x0000000008004c1c      0x16c Drivers/STM32WBxx_HAL_Driver/Src/stm32wbxx_hal_gpio.o
                0x0000000008004c1c                HAL_GPIO_Init
 .text.HAL_GPIO_ReadPin
                0x0000000008004d88        0xc Drivers/STM32WBxx_HAL_Driver/Src/stm32wbxx_hal_gpio.o
                0x0000000008004d88                HAL_GPIO_ReadPin
 .text.HAL_GPIO_WritePin
                0x0000000008004d94        0xa Drivers/STM32WBxx_HAL_Driver/Src/stm32wbxx_hal_gpio.o
                0x0000000008004d94                HAL_GPIO_WritePin
 .text.HAL_PCD_Init
                0x0000000008004d9e       0xc0 Drivers/STM32WBxx_HAL_Driver/Src/stm32wbxx_hal_pcd.o
                0x0000000008004d9e                HAL_PCD_Init
 .text.HAL_PCD_Start
                0x0000000008004e5e       0x2a Drivers/STM32WBxx_HAL_Driver/Src/stm32wbxx_hal_pcd.o
                0x0000000008004e5e                HAL_PCD_Start
 .text.HAL_PCD_SetAddress
                0x0000000008004e88       0x28 Drivers/STM32WBxx_HAL_Driver/Src/stm32wbxx_hal_pcd.o
                0x0000000008004e88                HAL_PCD_SetAddress
 .text.HAL_PCD_EP_Open
                0x0000000008004eb0       0x66 Drivers/STM32WBxx_HAL_Driver/Src/stm32wbxx_hal_pcd.o
                0x0000000008004eb0                HAL_PCD_EP_Open
 .text.HAL_PCD_EP_Close
                0x0000000008004f16       0x52 Drivers/STM32WBxx_HAL_Driver/Src/stm32wbxx_hal_pcd.o
                0x0000000008004f16                HAL_PCD_EP_Close
 .text.HAL_PCD_EP_Receive
                0x0000000008004f68       0x32 Drivers/STM32WBxx_HAL_Driver/Src/stm32wbxx_hal_pcd.o
                0x0000000008004f68                HAL_PCD_EP_Receive
 .text.HAL_PCD_EP_GetRxCount
                0x0000000008004f9a        0xe Drivers/STM32WBxx_HAL_Driver/Src/stm32wbxx_hal_pcd.o
                0x0000000008004f9a                HAL_PCD_EP_GetRxCount
 .text.HAL_PCD_EP_Transmit
                0x0000000008004fa8       0x2e Drivers/STM32WBxx_HAL_Driver/Src/stm32wbxx_hal_pcd.o
                0x0000000008004fa8                HAL_PCD_EP_Transmit
 *fill*         0x0000000008004fd6        0x2 
 .text.HAL_PCD_IRQHandler
                0x0000000008004fd8      0x484 Drivers/STM32WBxx_HAL_Driver/Src/stm32wbxx_hal_pcd.o
                0x0000000008004fd8                HAL_PCD_IRQHandler
 .text.HAL_PCD_EP_SetStall
                0x000000000800545c       0x72 Drivers/STM32WBxx_HAL_Driver/Src/stm32wbxx_hal_pcd.o
                0x000000000800545c                HAL_PCD_EP_SetStall
 .text.HAL_PCD_EP_ClrStall
                0x00000000080054ce       0x64 Drivers/STM32WBxx_HAL_Driver/Src/stm32wbxx_hal_pcd.o
                0x00000000080054ce                HAL_PCD_EP_ClrStall
 .text.HAL_PCDEx_PMAConfig
                0x0000000008005532       0x32 Drivers/STM32WBxx_HAL_Driver/Src/stm32wbxx_hal_pcd_ex.o
                0x0000000008005532                HAL_PCDEx_PMAConfig
 .text.HAL_PCDEx_ActivateLPM
                0x0000000008005564       0x28 Drivers/STM32WBxx_HAL_Driver/Src/stm32wbxx_hal_pcd_ex.o
                0x0000000008005564                HAL_PCDEx_ActivateLPM
 .text.HAL_PKA_Init
                0x000000000800558c       0x2c Drivers/STM32WBxx_HAL_Driver/Src/stm32wbxx_hal_pka.o
                0x000000000800558c                HAL_PKA_Init
 .text.HAL_PWR_EnableBkUpAccess
                0x00000000080055b8       0x10 Drivers/STM32WBxx_HAL_Driver/Src/stm32wbxx_hal_pwr.o
                0x00000000080055b8                HAL_PWR_EnableBkUpAccess
 .text.HAL_PWREx_GetVoltageRange
                0x00000000080055c8       0x10 Drivers/STM32WBxx_HAL_Driver/Src/stm32wbxx_hal_pwr_ex.o
                0x00000000080055c8                HAL_PWREx_GetVoltageRange
 .text.HAL_PWREx_EnableVddUSB
                0x00000000080055d8       0x10 Drivers/STM32WBxx_HAL_Driver/Src/stm32wbxx_hal_pwr_ex.o
                0x00000000080055d8                HAL_PWREx_EnableVddUSB
 .text.LL_RCC_HSE_IsReady
                0x00000000080055e8        0xc Drivers/STM32WBxx_HAL_Driver/Src/stm32wbxx_hal_rcc.o
 .text.LL_RCC_HSI_IsReady
                0x00000000080055f4        0xc Drivers/STM32WBxx_HAL_Driver/Src/stm32wbxx_hal_rcc.o
 .text.LL_RCC_LSI1_IsReady
                0x0000000008005600        0xe Drivers/STM32WBxx_HAL_Driver/Src/stm32wbxx_hal_rcc.o
 .text.LL_RCC_MSI_IsReady
                0x000000000800560e        0xc Drivers/STM32WBxx_HAL_Driver/Src/stm32wbxx_hal_rcc.o
 .text.LL_RCC_MSI_SetRange
                0x000000000800561a       0x10 Drivers/STM32WBxx_HAL_Driver/Src/stm32wbxx_hal_rcc.o
 .text.LL_RCC_MSI_GetRange
                0x000000000800562a       0x12 Drivers/STM32WBxx_HAL_Driver/Src/stm32wbxx_hal_rcc.o
 .text.LL_RCC_MSI_SetCalibTrimming
                0x000000000800563c       0x12 Drivers/STM32WBxx_HAL_Driver/Src/stm32wbxx_hal_rcc.o
 *fill*         0x000000000800564e        0x2 
 .text.RCC_SetFlashLatencyFromMSIRange
                0x0000000008005650       0xd0 Drivers/STM32WBxx_HAL_Driver/Src/stm32wbxx_hal_rcc.o
 .text.HAL_RCC_OscConfig
                0x0000000008005720      0x5b0 Drivers/STM32WBxx_HAL_Driver/Src/stm32wbxx_hal_rcc.o
                0x0000000008005720                HAL_RCC_OscConfig
 .text.HAL_RCC_ClockConfig
                0x0000000008005cd0      0x1e8 Drivers/STM32WBxx_HAL_Driver/Src/stm32wbxx_hal_rcc.o
                0x0000000008005cd0                HAL_RCC_ClockConfig
 .text.HAL_RCC_GetSysClockFreq
                0x0000000008005eb8       0x9c Drivers/STM32WBxx_HAL_Driver/Src/stm32wbxx_hal_rcc.o
                0x0000000008005eb8                HAL_RCC_GetSysClockFreq
 .text.HAL_RCC_GetHCLKFreq
                0x0000000008005f54       0x20 Drivers/STM32WBxx_HAL_Driver/Src/stm32wbxx_hal_rcc.o
                0x0000000008005f54                HAL_RCC_GetHCLKFreq
 .text.HAL_RCC_GetPCLK1Freq
                0x0000000008005f74       0x24 Drivers/STM32WBxx_HAL_Driver/Src/stm32wbxx_hal_rcc.o
                0x0000000008005f74                HAL_RCC_GetPCLK1Freq
 .text.HAL_RCC_GetPCLK2Freq
                0x0000000008005f98       0x24 Drivers/STM32WBxx_HAL_Driver/Src/stm32wbxx_hal_rcc.o
                0x0000000008005f98                HAL_RCC_GetPCLK2Freq
 .text.HAL_RCC_GetClockConfig
                0x0000000008005fbc       0x4c Drivers/STM32WBxx_HAL_Driver/Src/stm32wbxx_hal_rcc.o
                0x0000000008005fbc                HAL_RCC_GetClockConfig
 .text.LL_RCC_LSE_IsReady
                0x0000000008006008        0xe Drivers/STM32WBxx_HAL_Driver/Src/stm32wbxx_hal_rcc_ex.o
 .text.LL_RCC_SetI2CClockSource
                0x0000000008006016       0x20 Drivers/STM32WBxx_HAL_Driver/Src/stm32wbxx_hal_rcc_ex.o
 .text.LL_RCC_PLLSAI1_Enable
                0x0000000008006036        0xe Drivers/STM32WBxx_HAL_Driver/Src/stm32wbxx_hal_rcc_ex.o
 .text.LL_RCC_PLLSAI1_Disable
                0x0000000008006044        0xe Drivers/STM32WBxx_HAL_Driver/Src/stm32wbxx_hal_rcc_ex.o
 .text.LL_RCC_PLLSAI1_IsReady
                0x0000000008006052        0xc Drivers/STM32WBxx_HAL_Driver/Src/stm32wbxx_hal_rcc_ex.o
 .text.HAL_RCCEx_PeriphCLKConfig
                0x000000000800605e      0x386 Drivers/STM32WBxx_HAL_Driver/Src/stm32wbxx_hal_rcc_ex.o
                0x000000000800605e                HAL_RCCEx_PeriphCLKConfig
 .text.HAL_RCCEx_EnableMSIPLLMode
                0x00000000080063e4        0xe Drivers/STM32WBxx_HAL_Driver/Src/stm32wbxx_hal_rcc_ex.o
                0x00000000080063e4                HAL_RCCEx_EnableMSIPLLMode
 .text.HAL_RNG_Init
                0x00000000080063f2       0x3c Drivers/STM32WBxx_HAL_Driver/Src/stm32wbxx_hal_rng.o
                0x00000000080063f2                HAL_RNG_Init
 .text.HAL_RTC_WaitForSynchro
                0x000000000800642e       0x30 Drivers/STM32WBxx_HAL_Driver/Src/stm32wbxx_hal_rtc.o
                0x000000000800642e                HAL_RTC_WaitForSynchro
 .text.RTC_EnterInitMode
                0x000000000800645e       0x34 Drivers/STM32WBxx_HAL_Driver/Src/stm32wbxx_hal_rtc.o
                0x000000000800645e                RTC_EnterInitMode
 .text.HAL_RTC_Init
                0x0000000008006492       0xb8 Drivers/STM32WBxx_HAL_Driver/Src/stm32wbxx_hal_rtc.o
                0x0000000008006492                HAL_RTC_Init
 .text.HAL_TIM_Base_MspInit
                0x000000000800654a        0x2 Drivers/STM32WBxx_HAL_Driver/Src/stm32wbxx_hal_tim.o
                0x000000000800654a                HAL_TIM_Base_MspInit
 .text.HAL_TIM_Base_Start_IT
                0x000000000800654c       0x2c Drivers/STM32WBxx_HAL_Driver/Src/stm32wbxx_hal_tim.o
                0x000000000800654c                HAL_TIM_Base_Start_IT
 .text.HAL_TIM_OC_DelayElapsedCallback
                0x0000000008006578        0x2 Drivers/STM32WBxx_HAL_Driver/Src/stm32wbxx_hal_tim.o
                0x0000000008006578                HAL_TIM_OC_DelayElapsedCallback
 .text.HAL_TIM_IC_CaptureCallback
                0x000000000800657a        0x2 Drivers/STM32WBxx_HAL_Driver/Src/stm32wbxx_hal_tim.o
                0x000000000800657a                HAL_TIM_IC_CaptureCallback
 .text.HAL_TIM_PWM_PulseFinishedCallback
                0x000000000800657c        0x2 Drivers/STM32WBxx_HAL_Driver/Src/stm32wbxx_hal_tim.o
                0x000000000800657c                HAL_TIM_PWM_PulseFinishedCallback
 .text.HAL_TIM_TriggerCallback
                0x000000000800657e        0x2 Drivers/STM32WBxx_HAL_Driver/Src/stm32wbxx_hal_tim.o
                0x000000000800657e                HAL_TIM_TriggerCallback
 .text.HAL_TIM_IRQHandler
                0x0000000008006580      0x160 Drivers/STM32WBxx_HAL_Driver/Src/stm32wbxx_hal_tim.o
                0x0000000008006580                HAL_TIM_IRQHandler
 .text.TIM_Base_SetConfig
                0x00000000080066e0       0x74 Drivers/STM32WBxx_HAL_Driver/Src/stm32wbxx_hal_tim.o
                0x00000000080066e0                TIM_Base_SetConfig
 .text.HAL_TIM_Base_Init
                0x0000000008006754       0x34 Drivers/STM32WBxx_HAL_Driver/Src/stm32wbxx_hal_tim.o
                0x0000000008006754                HAL_TIM_Base_Init
 .text.HAL_TIMEx_CommutCallback
                0x0000000008006788        0x2 Drivers/STM32WBxx_HAL_Driver/Src/stm32wbxx_hal_tim_ex.o
                0x0000000008006788                HAL_TIMEx_CommutCallback
 .text.HAL_TIMEx_BreakCallback
                0x000000000800678a        0x2 Drivers/STM32WBxx_HAL_Driver/Src/stm32wbxx_hal_tim_ex.o
                0x000000000800678a                HAL_TIMEx_BreakCallback
 .text.HAL_TIMEx_Break2Callback
                0x000000000800678c        0x2 Drivers/STM32WBxx_HAL_Driver/Src/stm32wbxx_hal_tim_ex.o
                0x000000000800678c                HAL_TIMEx_Break2Callback
 .text.UART_EndRxTransfer
                0x000000000800678e       0x22 Drivers/STM32WBxx_HAL_Driver/Src/stm32wbxx_hal_uart.o
 .text.UART_TxISR_16BIT
                0x00000000080067b0       0x40 Drivers/STM32WBxx_HAL_Driver/Src/stm32wbxx_hal_uart.o
 .text.UART_TxISR_16BIT_FIFOEN
                0x00000000080067f0       0x52 Drivers/STM32WBxx_HAL_Driver/Src/stm32wbxx_hal_uart.o
 .text.UART_TxISR_8BIT
                0x0000000008006842       0x3c Drivers/STM32WBxx_HAL_Driver/Src/stm32wbxx_hal_uart.o
 .text.UART_TxISR_8BIT_FIFOEN
                0x000000000800687e       0x4e Drivers/STM32WBxx_HAL_Driver/Src/stm32wbxx_hal_uart.o
 .text.HAL_UART_Transmit_IT
                0x00000000080068cc       0xa4 Drivers/STM32WBxx_HAL_Driver/Src/stm32wbxx_hal_uart.o
                0x00000000080068cc                HAL_UART_Transmit_IT
 .text.HAL_UART_Receive_IT
                0x0000000008006970       0xf0 Drivers/STM32WBxx_HAL_Driver/Src/stm32wbxx_hal_uart.o
                0x0000000008006970                HAL_UART_Receive_IT
 .text.UART_RxISR_8BIT
                0x0000000008006a60       0x5c Drivers/STM32WBxx_HAL_Driver/Src/stm32wbxx_hal_uart.o
 .text.UART_RxISR_16BIT
                0x0000000008006abc       0x58 Drivers/STM32WBxx_HAL_Driver/Src/stm32wbxx_hal_uart.o
 .text.UART_RxISR_8BIT_FIFOEN
                0x0000000008006b14       0xa4 Drivers/STM32WBxx_HAL_Driver/Src/stm32wbxx_hal_uart.o
 .text.UART_RxISR_16BIT_FIFOEN
                0x0000000008006bb8       0xa0 Drivers/STM32WBxx_HAL_Driver/Src/stm32wbxx_hal_uart.o
 .text.HAL_UART_IRQHandler
                0x0000000008006c58      0x19c Drivers/STM32WBxx_HAL_Driver/Src/stm32wbxx_hal_uart.o
                0x0000000008006c58                HAL_UART_IRQHandler
 .text.UART_DMAAbortOnError
                0x0000000008006df4       0x14 Drivers/STM32WBxx_HAL_Driver/Src/stm32wbxx_hal_uart.o
 .text.UART_SetConfig
                0x0000000008006e08      0x8b4 Drivers/STM32WBxx_HAL_Driver/Src/stm32wbxx_hal_uart.o
                0x0000000008006e08                UART_SetConfig
 .text.UART_AdvFeatureConfig
                0x00000000080076bc       0xa8 Drivers/STM32WBxx_HAL_Driver/Src/stm32wbxx_hal_uart.o
                0x00000000080076bc                UART_AdvFeatureConfig
 .text.UART_WaitOnFlagUntilTimeout
                0x0000000008007764       0x8e Drivers/STM32WBxx_HAL_Driver/Src/stm32wbxx_hal_uart.o
                0x0000000008007764                UART_WaitOnFlagUntilTimeout
 .text.UART_CheckIdleState
                0x00000000080077f2       0x66 Drivers/STM32WBxx_HAL_Driver/Src/stm32wbxx_hal_uart.o
                0x00000000080077f2                UART_CheckIdleState
 .text.HAL_UART_Init
                0x0000000008007858       0x60 Drivers/STM32WBxx_HAL_Driver/Src/stm32wbxx_hal_uart.o
                0x0000000008007858                HAL_UART_Init
 .text.UARTEx_SetNbDataToProcess
                0x00000000080078b8       0x6c Drivers/STM32WBxx_HAL_Driver/Src/stm32wbxx_hal_uart_ex.o
 .text.HAL_UARTEx_WakeupCallback
                0x0000000008007924        0x2 Drivers/STM32WBxx_HAL_Driver/Src/stm32wbxx_hal_uart_ex.o
                0x0000000008007924                HAL_UARTEx_WakeupCallback
 .text.HAL_UARTEx_TxFifoEmptyCallback
                0x0000000008007926        0x2 Drivers/STM32WBxx_HAL_Driver/Src/stm32wbxx_hal_uart_ex.o
                0x0000000008007926                HAL_UARTEx_TxFifoEmptyCallback
 .text.HAL_UARTEx_EnableFifoMode
                0x0000000008007928       0x46 Drivers/STM32WBxx_HAL_Driver/Src/stm32wbxx_hal_uart_ex.o
                0x0000000008007928                HAL_UARTEx_EnableFifoMode
 .text.HAL_UARTEx_SetTxFifoThreshold
                0x000000000800796e       0x48 Drivers/STM32WBxx_HAL_Driver/Src/stm32wbxx_hal_uart_ex.o
                0x000000000800796e                HAL_UARTEx_SetTxFifoThreshold
 .text.HAL_UARTEx_SetRxFifoThreshold
                0x00000000080079b6       0x48 Drivers/STM32WBxx_HAL_Driver/Src/stm32wbxx_hal_uart_ex.o
                0x00000000080079b6                HAL_UARTEx_SetRxFifoThreshold
 .text.USB_EnableGlobalInt
                0x00000000080079fe       0x14 Drivers/STM32WBxx_HAL_Driver/Src/stm32wbxx_ll_usb.o
                0x00000000080079fe                USB_EnableGlobalInt
 .text.USB_DisableGlobalInt
                0x0000000008007a12       0x14 Drivers/STM32WBxx_HAL_Driver/Src/stm32wbxx_ll_usb.o
                0x0000000008007a12                USB_DisableGlobalInt
 .text.USB_DevInit
                0x0000000008007a26       0x38 Drivers/STM32WBxx_HAL_Driver/Src/stm32wbxx_ll_usb.o
                0x0000000008007a26                USB_DevInit
 *fill*         0x0000000008007a5e        0x2 
 .text.USB_ActivateEndpoint
                0x0000000008007a60      0x2ac Drivers/STM32WBxx_HAL_Driver/Src/stm32wbxx_ll_usb.o
                0x0000000008007a60                USB_ActivateEndpoint
 .text.USB_DeactivateEndpoint
                0x0000000008007d0c      0x18c Drivers/STM32WBxx_HAL_Driver/Src/stm32wbxx_ll_usb.o
                0x0000000008007d0c                USB_DeactivateEndpoint
 .text.USB_EPSetStall
                0x0000000008007e98       0x38 Drivers/STM32WBxx_HAL_Driver/Src/stm32wbxx_ll_usb.o
                0x0000000008007e98                USB_EPSetStall
 .text.USB_EPClearStall
                0x0000000008007ed0       0x86 Drivers/STM32WBxx_HAL_Driver/Src/stm32wbxx_ll_usb.o
                0x0000000008007ed0                USB_EPClearStall
 .text.USB_SetDevAddress
                0x0000000008007f56        0xc Drivers/STM32WBxx_HAL_Driver/Src/stm32wbxx_ll_usb.o
                0x0000000008007f56                USB_SetDevAddress
 .text.USB_DevConnect
                0x0000000008007f62       0x10 Drivers/STM32WBxx_HAL_Driver/Src/stm32wbxx_ll_usb.o
                0x0000000008007f62                USB_DevConnect
 .text.USB_ReadInterrupts
                0x0000000008007f72        0x6 Drivers/STM32WBxx_HAL_Driver/Src/stm32wbxx_ll_usb.o
                0x0000000008007f72                USB_ReadInterrupts
 .text.USB_EP0_OutStart
                0x0000000008007f78        0x4 Drivers/STM32WBxx_HAL_Driver/Src/stm32wbxx_ll_usb.o
                0x0000000008007f78                USB_EP0_OutStart
 .text.USB_WritePMA
                0x0000000008007f7c       0x1e Drivers/STM32WBxx_HAL_Driver/Src/stm32wbxx_ll_usb.o
                0x0000000008007f7c                USB_WritePMA
 *fill*         0x0000000008007f9a        0x2 
 .text.USB_EPStartXfer
                0x0000000008007f9c      0x19c Drivers/STM32WBxx_HAL_Driver/Src/stm32wbxx_ll_usb.o
                0x0000000008007f9c                USB_EPStartXfer
 .text.USB_ReadPMA
                0x0000000008008138       0x36 Drivers/STM32WBxx_HAL_Driver/Src/stm32wbxx_ll_usb.o
                0x0000000008008138                USB_ReadPMA
 *fill*         0x000000000800816e        0x2 
 .text.BSP_setLED1
                0x0000000008008170       0x14 Forth/Src/bsp.o
                0x0000000008008170                BSP_setLED1
 .text.BSP_getLED1
                0x0000000008008184       0x18 Forth/Src/bsp.o
                0x0000000008008184                BSP_getLED1
 .text.BSP_setLED2
                0x000000000800819c       0x14 Forth/Src/bsp.o
                0x000000000800819c                BSP_setLED2
 .text.BSP_getLED2
                0x00000000080081b0       0x18 Forth/Src/bsp.o
                0x00000000080081b0                BSP_getLED2
 .text.BSP_setLED3
                0x00000000080081c8       0x14 Forth/Src/bsp.o
                0x00000000080081c8                BSP_setLED3
 .text.BSP_getLED3
                0x00000000080081dc       0x18 Forth/Src/bsp.o
                0x00000000080081dc                BSP_getLED3
 .text.BSP_getSwitch1
                0x00000000080081f4       0x18 Forth/Src/bsp.o
                0x00000000080081f4                BSP_getSwitch1
 .text.BSP_getSwitch2
                0x000000000800820c       0x18 Forth/Src/bsp.o
                0x000000000800820c                BSP_getSwitch2
 .text.BSP_getSwitch3
                0x0000000008008224       0x18 Forth/Src/bsp.o
                0x0000000008008224                BSP_getSwitch3
 .text.FLASH_init
                0x000000000800823c       0x54 Forth/Src/flash.o
                0x000000000800823c                FLASH_init
 .text.FLASH_programDouble
                0x0000000008008290       0xb8 Forth/Src/flash.o
                0x0000000008008290                FLASH_programDouble
 .text.FLASH_erasePage
                0x0000000008008348       0x80 Forth/Src/flash.o
                0x0000000008008348                FLASH_erasePage
 .text.HAL_FLASH_EndOfOperationCallback
                0x00000000080083c8       0x14 Forth/Src/flash.o
                0x00000000080083c8                HAL_FLASH_EndOfOperationCallback
 .text.HAL_FLASH_OperationErrorCallback
                0x00000000080083dc       0x20 Forth/Src/flash.o
                0x00000000080083dc                HAL_FLASH_OperationErrorCallback
 .text.UART_RxThread
                0x00000000080083fc       0x7c Forth/Src/uart.o
 .text.UART_TxThread
                0x0000000008008478       0x5c Forth/Src/uart.o
 .text.UART_init
                0x00000000080084d4       0x9c Forth/Src/uart.o
                0x00000000080084d4                UART_init
 .text.UART_getc
                0x0000000008008570       0x30 Forth/Src/uart.o
                0x0000000008008570                UART_getc
 .text.UART_RxReady
                0x00000000080085a0       0x18 Forth/Src/uart.o
                0x00000000080085a0                UART_RxReady
 .text.UART_putc
                0x00000000080085b8       0x2c Forth/Src/uart.o
                0x00000000080085b8                UART_putc
 .text.UART_TxReady
                0x00000000080085e4       0x18 Forth/Src/uart.o
                0x00000000080085e4                UART_TxReady
 .text.HAL_UART_TxCpltCallback
                0x00000000080085fc       0x10 Forth/Src/uart.o
                0x00000000080085fc                HAL_UART_TxCpltCallback
 .text.HAL_UART_RxCpltCallback
                0x000000000800860c       0x10 Forth/Src/uart.o
                0x000000000800860c                HAL_UART_RxCpltCallback
 .text.HAL_UART_ErrorCallback
                0x000000000800861c        0x4 Forth/Src/uart.o
                0x000000000800861c                HAL_UART_ErrorCallback
 .text.HAL_UARTEx_RxFifoFullCallback
                0x0000000008008620        0x4 Forth/Src/uart.o
                0x0000000008008620                HAL_UARTEx_RxFifoFullCallback
 .text.cdc_thread
                0x0000000008008624       0x54 Forth/Src/usb_cdc.o
 .text.CDC_init
                0x0000000008008678       0x78 Forth/Src/usb_cdc.o
                0x0000000008008678                CDC_init
 .text.CDC_getc
                0x00000000080086f0       0x30 Forth/Src/usb_cdc.o
                0x00000000080086f0                CDC_getc
 .text.CDC_RxReady
                0x0000000008008720       0x18 Forth/Src/usb_cdc.o
                0x0000000008008720                CDC_RxReady
 .text.CDC_putc
                0x0000000008008738       0x2c Forth/Src/usb_cdc.o
                0x0000000008008738                CDC_putc
 .text.CDC_TxReady
                0x0000000008008764       0x18 Forth/Src/usb_cdc.o
                0x0000000008008764                CDC_TxReady
 .text.USBD_CDC_EP0_RxReady
                0x000000000800877c       0x28 Middlewares/ST/STM32_USB_Device_Library/Class/CDC/Src/usbd_cdc.o
 .text.USBD_CDC_GetFSCfgDesc
                0x00000000080087a4        0xc Middlewares/ST/STM32_USB_Device_Library/Class/CDC/Src/usbd_cdc.o
 .text.USBD_CDC_GetHSCfgDesc
                0x00000000080087b0        0xc Middlewares/ST/STM32_USB_Device_Library/Class/CDC/Src/usbd_cdc.o
 .text.USBD_CDC_GetOtherSpeedCfgDesc
                0x00000000080087bc        0xc Middlewares/ST/STM32_USB_Device_Library/Class/CDC/Src/usbd_cdc.o
 .text.USBD_CDC_GetDeviceQualifierDescriptor
                0x00000000080087c8        0xc Middlewares/ST/STM32_USB_Device_Library/Class/CDC/Src/usbd_cdc.o
                0x00000000080087c8                USBD_CDC_GetDeviceQualifierDescriptor
 .text.USBD_CDC_DataOut
                0x00000000080087d4       0x2e Middlewares/ST/STM32_USB_Device_Library/Class/CDC/Src/usbd_cdc.o
 *fill*         0x0000000008008802        0x2 
 .text.USBD_CDC_DataIn
                0x0000000008008804       0x50 Middlewares/ST/STM32_USB_Device_Library/Class/CDC/Src/usbd_cdc.o
 .text.USBD_CDC_Setup
                0x0000000008008854       0xbc Middlewares/ST/STM32_USB_Device_Library/Class/CDC/Src/usbd_cdc.o
 .text.USBD_CDC_DeInit
                0x0000000008008910       0x42 Middlewares/ST/STM32_USB_Device_Library/Class/CDC/Src/usbd_cdc.o
 *fill*         0x0000000008008952        0x2 
 .text.USBD_CDC_Init
                0x0000000008008954       0xb8 Middlewares/ST/STM32_USB_Device_Library/Class/CDC/Src/usbd_cdc.o
 .text.USBD_CDC_RegisterInterface
                0x0000000008008a0c        0xe Middlewares/ST/STM32_USB_Device_Library/Class/CDC/Src/usbd_cdc.o
                0x0000000008008a0c                USBD_CDC_RegisterInterface
 .text.USBD_CDC_SetTxBuffer
                0x0000000008008a1a       0x10 Middlewares/ST/STM32_USB_Device_Library/Class/CDC/Src/usbd_cdc.o
                0x0000000008008a1a                USBD_CDC_SetTxBuffer
 .text.USBD_CDC_SetRxBuffer
                0x0000000008008a2a        0xc Middlewares/ST/STM32_USB_Device_Library/Class/CDC/Src/usbd_cdc.o
                0x0000000008008a2a                USBD_CDC_SetRxBuffer
 *fill*         0x0000000008008a36        0x2 
 .text.USBD_CDC_TransmitPacket
                0x0000000008008a38       0x40 Middlewares/ST/STM32_USB_Device_Library/Class/CDC/Src/usbd_cdc.o
                0x0000000008008a38                USBD_CDC_TransmitPacket
 .text.USBD_CDC_ReceivePacket
                0x0000000008008a78       0x26 Middlewares/ST/STM32_USB_Device_Library/Class/CDC/Src/usbd_cdc.o
                0x0000000008008a78                USBD_CDC_ReceivePacket
 .text.USBD_Init
                0x0000000008008a9e       0x2a Middlewares/ST/STM32_USB_Device_Library/Core/Src/usbd_core.o
                0x0000000008008a9e                USBD_Init
 .text.USBD_RegisterClass
                0x0000000008008ac8        0xe Middlewares/ST/STM32_USB_Device_Library/Core/Src/usbd_core.o
                0x0000000008008ac8                USBD_RegisterClass
 .text.USBD_Start
                0x0000000008008ad6        0xa Middlewares/ST/STM32_USB_Device_Library/Core/Src/usbd_core.o
                0x0000000008008ad6                USBD_Start
 .text.USBD_SetClassConfig
                0x0000000008008ae0       0x16 Middlewares/ST/STM32_USB_Device_Library/Core/Src/usbd_core.o
                0x0000000008008ae0                USBD_SetClassConfig
 .text.USBD_ClrClassConfig
                0x0000000008008af6        0xe Middlewares/ST/STM32_USB_Device_Library/Core/Src/usbd_core.o
                0x0000000008008af6                USBD_ClrClassConfig
 .text.USBD_LL_SetupStage
                0x0000000008008b04       0x5a Middlewares/ST/STM32_USB_Device_Library/Core/Src/usbd_core.o
                0x0000000008008b04                USBD_LL_SetupStage
 .text.USBD_LL_DataOutStage
                0x0000000008008b5e       0x74 Middlewares/ST/STM32_USB_Device_Library/Core/Src/usbd_core.o
                0x0000000008008b5e                USBD_LL_DataOutStage
 .text.USBD_LL_DataInStage
                0x0000000008008bd2       0xb8 Middlewares/ST/STM32_USB_Device_Library/Core/Src/usbd_core.o
                0x0000000008008bd2                USBD_LL_DataInStage
 .text.USBD_LL_Reset
                0x0000000008008c8a       0x4e Middlewares/ST/STM32_USB_Device_Library/Core/Src/usbd_core.o
                0x0000000008008c8a                USBD_LL_Reset
 .text.USBD_LL_SetSpeed
                0x0000000008008cd8        0x6 Middlewares/ST/STM32_USB_Device_Library/Core/Src/usbd_core.o
                0x0000000008008cd8                USBD_LL_SetSpeed
 .text.USBD_LL_Suspend
                0x0000000008008cde       0x12 Middlewares/ST/STM32_USB_Device_Library/Core/Src/usbd_core.o
                0x0000000008008cde                USBD_LL_Suspend
 .text.USBD_LL_Resume
                0x0000000008008cf0       0x14 Middlewares/ST/STM32_USB_Device_Library/Core/Src/usbd_core.o
                0x0000000008008cf0                USBD_LL_Resume
 .text.USBD_LL_SOF
                0x0000000008008d04       0x18 Middlewares/ST/STM32_USB_Device_Library/Core/Src/usbd_core.o
                0x0000000008008d04                USBD_LL_SOF
 .text.USBD_CtlError.constprop.1
                0x0000000008008d1c       0x16 Middlewares/ST/STM32_USB_Device_Library/Core/Src/usbd_ctlreq.o
 *fill*         0x0000000008008d32        0x2 
 .text.USBD_StdDevReq
                0x0000000008008d34      0x258 Middlewares/ST/STM32_USB_Device_Library/Core/Src/usbd_ctlreq.o
                0x0000000008008d34                USBD_StdDevReq
 .text.USBD_StdItfReq
                0x0000000008008f8c       0x4a Middlewares/ST/STM32_USB_Device_Library/Core/Src/usbd_ctlreq.o
                0x0000000008008f8c                USBD_StdItfReq
 .text.USBD_StdEPReq
                0x0000000008008fd6      0x10e Middlewares/ST/STM32_USB_Device_Library/Core/Src/usbd_ctlreq.o
                0x0000000008008fd6                USBD_StdEPReq
 .text.USBD_ParseSetupRequest
                0x00000000080090e4       0x28 Middlewares/ST/STM32_USB_Device_Library/Core/Src/usbd_ctlreq.o
                0x00000000080090e4                USBD_ParseSetupRequest
 .text.USBD_CtlError
                0x000000000800910c       0x16 Middlewares/ST/STM32_USB_Device_Library/Core/Src/usbd_ctlreq.o
                0x000000000800910c                USBD_CtlError
 .text.USBD_GetString
                0x0000000008009122       0x38 Middlewares/ST/STM32_USB_Device_Library/Core/Src/usbd_ctlreq.o
                0x0000000008009122                USBD_GetString
 .text.USBD_CtlSendData
                0x000000000800915a       0x1a Middlewares/ST/STM32_USB_Device_Library/Core/Src/usbd_ioreq.o
                0x000000000800915a                USBD_CtlSendData
 .text.USBD_CtlContinueSendData
                0x0000000008009174       0x10 Middlewares/ST/STM32_USB_Device_Library/Core/Src/usbd_ioreq.o
                0x0000000008009174                USBD_CtlContinueSendData
 .text.USBD_CtlPrepareRx
                0x0000000008009184       0x1e Middlewares/ST/STM32_USB_Device_Library/Core/Src/usbd_ioreq.o
                0x0000000008009184                USBD_CtlPrepareRx
 .text.USBD_CtlContinueRx
                0x00000000080091a2       0x10 Middlewares/ST/STM32_USB_Device_Library/Core/Src/usbd_ioreq.o
                0x00000000080091a2                USBD_CtlContinueRx
 .text.USBD_CtlSendStatus
                0x00000000080091b2       0x16 Middlewares/ST/STM32_USB_Device_Library/Core/Src/usbd_ioreq.o
                0x00000000080091b2                USBD_CtlSendStatus
 .text.USBD_CtlReceiveStatus
                0x00000000080091c8       0x16 Middlewares/ST/STM32_USB_Device_Library/Core/Src/usbd_ioreq.o
                0x00000000080091c8                USBD_CtlReceiveStatus
 *fill*         0x00000000080091de        0x2 
 .text.osKernelInitialize
                0x00000000080091e0       0x34 Middlewares/Third_Party/FreeRTOS/Source/CMSIS_RTOS_V2/cmsis_os2.o
                0x00000000080091e0                osKernelInitialize
 .text.osKernelStart
                0x0000000008009214       0x40 Middlewares/Third_Party/FreeRTOS/Source/CMSIS_RTOS_V2/cmsis_os2.o
                0x0000000008009214                osKernelStart
 .text.osThreadNew
                0x0000000008009254       0xb0 Middlewares/Third_Party/FreeRTOS/Source/CMSIS_RTOS_V2/cmsis_os2.o
                0x0000000008009254                osThreadNew
 .text.osThreadGetId
                0x0000000008009304        0x4 Middlewares/Third_Party/FreeRTOS/Source/CMSIS_RTOS_V2/cmsis_os2.o
                0x0000000008009304                osThreadGetId
 .text.osThreadGetState
                0x0000000008009308       0x4c Middlewares/Third_Party/FreeRTOS/Source/CMSIS_RTOS_V2/cmsis_os2.o
                0x0000000008009308                osThreadGetState
 .text.osThreadGetStackSpace
                0x0000000008009354       0x28 Middlewares/Third_Party/FreeRTOS/Source/CMSIS_RTOS_V2/cmsis_os2.o
                0x0000000008009354                osThreadGetStackSpace
 .text.osThreadSetPriority
                0x000000000800937c       0x3c Middlewares/Third_Party/FreeRTOS/Source/CMSIS_RTOS_V2/cmsis_os2.o
                0x000000000800937c                osThreadSetPriority
 .text.osThreadGetPriority
                0x00000000080093b8       0x2c Middlewares/Third_Party/FreeRTOS/Source/CMSIS_RTOS_V2/cmsis_os2.o
                0x00000000080093b8                osThreadGetPriority
 .text.osThreadYield
                0x00000000080093e4       0x3c Middlewares/Third_Party/FreeRTOS/Source/CMSIS_RTOS_V2/cmsis_os2.o
                0x00000000080093e4                osThreadYield
 .text.osThreadSuspend
                0x0000000008009420       0x38 Middlewares/Third_Party/FreeRTOS/Source/CMSIS_RTOS_V2/cmsis_os2.o
                0x0000000008009420                osThreadSuspend
 .text.osThreadResume
                0x0000000008009458       0x38 Middlewares/Third_Party/FreeRTOS/Source/CMSIS_RTOS_V2/cmsis_os2.o
                0x0000000008009458                osThreadResume
 .text.osThreadExit
                0x0000000008009490        0xa Middlewares/Third_Party/FreeRTOS/Source/CMSIS_RTOS_V2/cmsis_os2.o
                0x0000000008009490                osThreadExit
 *fill*         0x000000000800949a        0x2 
 .text.osThreadTerminate
                0x000000000800949c       0x4c Middlewares/Third_Party/FreeRTOS/Source/CMSIS_RTOS_V2/cmsis_os2.o
                0x000000000800949c                osThreadTerminate
 .text.osThreadGetCount
                0x00000000080094e8       0x28 Middlewares/Third_Party/FreeRTOS/Source/CMSIS_RTOS_V2/cmsis_os2.o
                0x00000000080094e8                osThreadGetCount
 .text.osThreadEnumerate
                0x0000000008009510       0x7c Middlewares/Third_Party/FreeRTOS/Source/CMSIS_RTOS_V2/cmsis_os2.o
                0x0000000008009510                osThreadEnumerate
 .text.osThreadFlagsSet
                0x000000000800958c       0x94 Middlewares/Third_Party/FreeRTOS/Source/CMSIS_RTOS_V2/cmsis_os2.o
                0x000000000800958c                osThreadFlagsSet
 .text.osThreadFlagsWait
                0x0000000008009620       0xac Middlewares/Third_Party/FreeRTOS/Source/CMSIS_RTOS_V2/cmsis_os2.o
                0x0000000008009620                osThreadFlagsWait
 .text.osDelay  0x00000000080096cc       0x34 Middlewares/Third_Party/FreeRTOS/Source/CMSIS_RTOS_V2/cmsis_os2.o
                0x00000000080096cc                osDelay
 .text.osEventFlagsNew
                0x0000000008009700       0x3c Middlewares/Third_Party/FreeRTOS/Source/CMSIS_RTOS_V2/cmsis_os2.o
                0x0000000008009700                osEventFlagsNew
 .text.osEventFlagsSet
                0x000000000800973c       0x70 Middlewares/Third_Party/FreeRTOS/Source/CMSIS_RTOS_V2/cmsis_os2.o
                0x000000000800973c                osEventFlagsSet
 .text.osEventFlagsClear
                0x00000000080097ac       0x5c Middlewares/Third_Party/FreeRTOS/Source/CMSIS_RTOS_V2/cmsis_os2.o
                0x00000000080097ac                osEventFlagsClear
 .text.osEventFlagsWait
                0x0000000008009808       0x6c Middlewares/Third_Party/FreeRTOS/Source/CMSIS_RTOS_V2/cmsis_os2.o
                0x0000000008009808                osEventFlagsWait
 .text.osMutexNew
                0x0000000008009874       0x84 Middlewares/Third_Party/FreeRTOS/Source/CMSIS_RTOS_V2/cmsis_os2.o
                0x0000000008009874                osMutexNew
 .text.osMutexAcquire
                0x00000000080098f8       0x60 Middlewares/Third_Party/FreeRTOS/Source/CMSIS_RTOS_V2/cmsis_os2.o
                0x00000000080098f8                osMutexAcquire
 .text.osMutexRelease
                0x0000000008009958       0x54 Middlewares/Third_Party/FreeRTOS/Source/CMSIS_RTOS_V2/cmsis_os2.o
                0x0000000008009958                osMutexRelease
 .text.osSemaphoreNew
                0x00000000080099ac       0xac Middlewares/Third_Party/FreeRTOS/Source/CMSIS_RTOS_V2/cmsis_os2.o
                0x00000000080099ac                osSemaphoreNew
 .text.osSemaphoreAcquire
                0x0000000008009a58       0x78 Middlewares/Third_Party/FreeRTOS/Source/CMSIS_RTOS_V2/cmsis_os2.o
                0x0000000008009a58                osSemaphoreAcquire
 .text.osSemaphoreRelease
                0x0000000008009ad0       0x70 Middlewares/Third_Party/FreeRTOS/Source/CMSIS_RTOS_V2/cmsis_os2.o
                0x0000000008009ad0                osSemaphoreRelease
 .text.osSemaphoreGetCount
                0x0000000008009b40       0x30 Middlewares/Third_Party/FreeRTOS/Source/CMSIS_RTOS_V2/cmsis_os2.o
                0x0000000008009b40                osSemaphoreGetCount
 .text.osMessageQueueNew
                0x0000000008009b70       0x8c Middlewares/Third_Party/FreeRTOS/Source/CMSIS_RTOS_V2/cmsis_os2.o
                0x0000000008009b70                osMessageQueueNew
 .text.osMessageQueuePut
                0x0000000008009bfc       0x84 Middlewares/Third_Party/FreeRTOS/Source/CMSIS_RTOS_V2/cmsis_os2.o
                0x0000000008009bfc                osMessageQueuePut
 .text.osMessageQueueGet
                0x0000000008009c80       0x80 Middlewares/Third_Party/FreeRTOS/Source/CMSIS_RTOS_V2/cmsis_os2.o
                0x0000000008009c80                osMessageQueueGet
 .text.osMessageQueueGetCount
                0x0000000008009d00        0x4 Middlewares/Third_Party/FreeRTOS/Source/CMSIS_RTOS_V2/cmsis_os2.o
                0x0000000008009d00                osMessageQueueGetCount
 .text.osMessageQueueGetSpace
                0x0000000008009d04       0x48 Middlewares/Third_Party/FreeRTOS/Source/CMSIS_RTOS_V2/cmsis_os2.o
                0x0000000008009d04                osMessageQueueGetSpace
 .text.vApplicationGetIdleTaskMemory
                0x0000000008009d4c       0x18 Middlewares/Third_Party/FreeRTOS/Source/CMSIS_RTOS_V2/cmsis_os2.o
                0x0000000008009d4c                vApplicationGetIdleTaskMemory
 .text.vApplicationGetTimerTaskMemory
                0x0000000008009d64       0x18 Middlewares/Third_Party/FreeRTOS/Source/CMSIS_RTOS_V2/cmsis_os2.o
                0x0000000008009d64                vApplicationGetTimerTaskMemory
 .text.xEventGroupCreateStatic
                0x0000000008009d7c       0x48 Middlewares/Third_Party/FreeRTOS/Source/event_groups.o
                0x0000000008009d7c                xEventGroupCreateStatic
 .text.xEventGroupCreate
                0x0000000008009dc4       0x1c Middlewares/Third_Party/FreeRTOS/Source/event_groups.o
                0x0000000008009dc4                xEventGroupCreate
 .text.xEventGroupWaitBits
                0x0000000008009de0      0x114 Middlewares/Third_Party/FreeRTOS/Source/event_groups.o
                0x0000000008009de0                xEventGroupWaitBits
 .text.xEventGroupClearBits
                0x0000000008009ef4       0x46 Middlewares/Third_Party/FreeRTOS/Source/event_groups.o
                0x0000000008009ef4                xEventGroupClearBits
 .text.vEventGroupClearBitsCallback
                0x0000000008009f3a        0x4 Middlewares/Third_Party/FreeRTOS/Source/event_groups.o
                0x0000000008009f3a                vEventGroupClearBitsCallback
 *fill*         0x0000000008009f3e        0x2 
 .text.xEventGroupClearBitsFromISR
                0x0000000008009f40       0x10 Middlewares/Third_Party/FreeRTOS/Source/event_groups.o
                0x0000000008009f40                xEventGroupClearBitsFromISR
 .text.xEventGroupGetBitsFromISR
                0x0000000008009f50       0x1c Middlewares/Third_Party/FreeRTOS/Source/event_groups.o
                0x0000000008009f50                xEventGroupGetBitsFromISR
 .text.xEventGroupSetBits
                0x0000000008009f6c       0x86 Middlewares/Third_Party/FreeRTOS/Source/event_groups.o
                0x0000000008009f6c                xEventGroupSetBits
 .text.vEventGroupSetBitsCallback
                0x0000000008009ff2        0x4 Middlewares/Third_Party/FreeRTOS/Source/event_groups.o
                0x0000000008009ff2                vEventGroupSetBitsCallback
 *fill*         0x0000000008009ff6        0x2 
 .text.xEventGroupSetBitsFromISR
                0x0000000008009ff8       0x10 Middlewares/Third_Party/FreeRTOS/Source/event_groups.o
                0x0000000008009ff8                xEventGroupSetBitsFromISR
 .text.vListInitialise
                0x000000000800a008       0x16 Middlewares/Third_Party/FreeRTOS/Source/list.o
                0x000000000800a008                vListInitialise
 .text.vListInitialiseItem
                0x000000000800a01e        0x6 Middlewares/Third_Party/FreeRTOS/Source/list.o
                0x000000000800a01e                vListInitialiseItem
 .text.vListInsertEnd
                0x000000000800a024       0x18 Middlewares/Third_Party/FreeRTOS/Source/list.o
                0x000000000800a024                vListInsertEnd
 .text.vListInsert
                0x000000000800a03c       0x2e Middlewares/Third_Party/FreeRTOS/Source/list.o
                0x000000000800a03c                vListInsert
 .text.uxListRemove
                0x000000000800a06a       0x22 Middlewares/Third_Party/FreeRTOS/Source/list.o
                0x000000000800a06a                uxListRemove
 .text.prvIsQueueEmpty
                0x000000000800a08c       0x16 Middlewares/Third_Party/FreeRTOS/Source/queue.o
 .text.prvCopyDataToQueue
                0x000000000800a0a2       0x66 Middlewares/Third_Party/FreeRTOS/Source/queue.o
 .text.prvCopyDataFromQueue
                0x000000000800a108       0x2a Middlewares/Third_Party/FreeRTOS/Source/queue.o
 .text.prvUnlockQueue
                0x000000000800a132       0x70 Middlewares/Third_Party/FreeRTOS/Source/queue.o
 *fill*         0x000000000800a1a2        0x2 
 .text.xQueueGenericReset
                0x000000000800a1a4       0x80 Middlewares/Third_Party/FreeRTOS/Source/queue.o
                0x000000000800a1a4                xQueueGenericReset
 .text.xQueueGenericCreateStatic
                0x000000000800a224       0x9c Middlewares/Third_Party/FreeRTOS/Source/queue.o
                0x000000000800a224                xQueueGenericCreateStatic
 .text.xQueueGenericCreate
                0x000000000800a2c0       0x4e Middlewares/Third_Party/FreeRTOS/Source/queue.o
                0x000000000800a2c0                xQueueGenericCreate
 .text.xQueueCreateCountingSemaphoreStatic
                0x000000000800a30e       0x44 Middlewares/Third_Party/FreeRTOS/Source/queue.o
                0x000000000800a30e                xQueueCreateCountingSemaphoreStatic
 .text.xQueueCreateCountingSemaphore
                0x000000000800a352       0x3c Middlewares/Third_Party/FreeRTOS/Source/queue.o
                0x000000000800a352                xQueueCreateCountingSemaphore
 *fill*         0x000000000800a38e        0x2 
 .text.xQueueGenericSend
                0x000000000800a390      0x164 Middlewares/Third_Party/FreeRTOS/Source/queue.o
                0x000000000800a390                xQueueGenericSend
 .text.xQueueCreateMutexStatic
                0x000000000800a4f4       0x2a Middlewares/Third_Party/FreeRTOS/Source/queue.o
                0x000000000800a4f4                xQueueCreateMutexStatic
 .text.xQueueGiveMutexRecursive
                0x000000000800a51e       0x3c Middlewares/Third_Party/FreeRTOS/Source/queue.o
                0x000000000800a51e                xQueueGiveMutexRecursive
 .text.xQueueCreateMutex
                0x000000000800a55a       0x24 Middlewares/Third_Party/FreeRTOS/Source/queue.o
                0x000000000800a55a                xQueueCreateMutex
 .text.xQueueGenericSendFromISR
                0x000000000800a57e       0xc2 Middlewares/Third_Party/FreeRTOS/Source/queue.o
                0x000000000800a57e                xQueueGenericSendFromISR
 .text.xQueueGiveFromISR
                0x000000000800a640       0xa8 Middlewares/Third_Party/FreeRTOS/Source/queue.o
                0x000000000800a640                xQueueGiveFromISR
 .text.xQueueReceive
                0x000000000800a6e8      0x140 Middlewares/Third_Party/FreeRTOS/Source/queue.o
                0x000000000800a6e8                xQueueReceive
 .text.xQueueSemaphoreTake
                0x000000000800a828      0x184 Middlewares/Third_Party/FreeRTOS/Source/queue.o
                0x000000000800a828                xQueueSemaphoreTake
 .text.xQueueTakeMutexRecursive
                0x000000000800a9ac       0x42 Middlewares/Third_Party/FreeRTOS/Source/queue.o
                0x000000000800a9ac                xQueueTakeMutexRecursive
 .text.xQueueReceiveFromISR
                0x000000000800a9ee       0x9e Middlewares/Third_Party/FreeRTOS/Source/queue.o
                0x000000000800a9ee                xQueueReceiveFromISR
 .text.uxQueueMessagesWaiting
                0x000000000800aa8c       0x26 Middlewares/Third_Party/FreeRTOS/Source/queue.o
                0x000000000800aa8c                uxQueueMessagesWaiting
 .text.uxQueueSpacesAvailable
                0x000000000800aab2       0x2a Middlewares/Third_Party/FreeRTOS/Source/queue.o
                0x000000000800aab2                uxQueueSpacesAvailable
 .text.uxQueueMessagesWaitingFromISR
                0x000000000800aadc       0x18 Middlewares/Third_Party/FreeRTOS/Source/queue.o
                0x000000000800aadc                uxQueueMessagesWaitingFromISR
 .text.vQueueAddToRegistry
                0x000000000800aaf4       0x24 Middlewares/Third_Party/FreeRTOS/Source/queue.o
                0x000000000800aaf4                vQueueAddToRegistry
 .text.vQueueUnregisterQueue
                0x000000000800ab18       0x28 Middlewares/Third_Party/FreeRTOS/Source/queue.o
                0x000000000800ab18                vQueueUnregisterQueue
 .text.vQueueDelete
                0x000000000800ab40       0x2e Middlewares/Third_Party/FreeRTOS/Source/queue.o
                0x000000000800ab40                vQueueDelete
 .text.vQueueWaitForMessageRestricted
                0x000000000800ab6e       0x46 Middlewares/Third_Party/FreeRTOS/Source/queue.o
                0x000000000800ab6e                vQueueWaitForMessageRestricted
 .text.prvAddNewTaskToReadyList
                0x000000000800abb4      0x100 Middlewares/Third_Party/FreeRTOS/Source/tasks.o
 .text.prvDeleteTCB
                0x000000000800acb4       0x36 Middlewares/Third_Party/FreeRTOS/Source/tasks.o
 *fill*         0x000000000800acea        0x2 
 .text.prvIdleTask
                0x000000000800acec       0x64 Middlewares/Third_Party/FreeRTOS/Source/tasks.o
 .text.prvTaskIsTaskSuspended
                0x000000000800ad50       0x38 Middlewares/Third_Party/FreeRTOS/Source/tasks.o
 .text.prvResetNextTaskUnblockTime
                0x000000000800ad88       0x24 Middlewares/Third_Party/FreeRTOS/Source/tasks.o
 .text.prvInitialiseNewTask.isra.2
                0x000000000800adac       0x96 Middlewares/Third_Party/FreeRTOS/Source/tasks.o
 *fill*         0x000000000800ae42        0x2 
 .text.prvAddCurrentTaskToDelayedList
                0x000000000800ae44       0x74 Middlewares/Third_Party/FreeRTOS/Source/tasks.o
 .text.xTaskCreateStatic
                0x000000000800aeb8       0x70 Middlewares/Third_Party/FreeRTOS/Source/tasks.o
                0x000000000800aeb8                xTaskCreateStatic
 .text.xTaskCreate
                0x000000000800af28       0x5a Middlewares/Third_Party/FreeRTOS/Source/tasks.o
                0x000000000800af28                xTaskCreate
 *fill*         0x000000000800af82        0x2 
 .text.vTaskDelete
                0x000000000800af84       0xb0 Middlewares/Third_Party/FreeRTOS/Source/tasks.o
                0x000000000800af84                vTaskDelete
 .text.eTaskGetState
                0x000000000800b034       0x84 Middlewares/Third_Party/FreeRTOS/Source/tasks.o
                0x000000000800b034                eTaskGetState
 .text.uxTaskPriorityGet
                0x000000000800b0b8       0x1c Middlewares/Third_Party/FreeRTOS/Source/tasks.o
                0x000000000800b0b8                uxTaskPriorityGet
 .text.vTaskPrioritySet
                0x000000000800b0d4       0xc0 Middlewares/Third_Party/FreeRTOS/Source/tasks.o
                0x000000000800b0d4                vTaskPrioritySet
 .text.vTaskResume
                0x000000000800b194       0x84 Middlewares/Third_Party/FreeRTOS/Source/tasks.o
                0x000000000800b194                vTaskResume
 .text.vTaskStartScheduler
                0x000000000800b218       0x88 Middlewares/Third_Party/FreeRTOS/Source/tasks.o
                0x000000000800b218                vTaskStartScheduler
 .text.vTaskSuspendAll
                0x000000000800b2a0       0x10 Middlewares/Third_Party/FreeRTOS/Source/tasks.o
                0x000000000800b2a0                vTaskSuspendAll
 .text.xTaskGetTickCount
                0x000000000800b2b0        0xc Middlewares/Third_Party/FreeRTOS/Source/tasks.o
                0x000000000800b2b0                xTaskGetTickCount
 .text.uxTaskGetNumberOfTasks
                0x000000000800b2bc        0xc Middlewares/Third_Party/FreeRTOS/Source/tasks.o
                0x000000000800b2bc                uxTaskGetNumberOfTasks
 .text.xTaskIncrementTick
                0x000000000800b2c8      0x120 Middlewares/Third_Party/FreeRTOS/Source/tasks.o
                0x000000000800b2c8                xTaskIncrementTick
 .text.xTaskResumeAll
                0x000000000800b3e8       0xe8 Middlewares/Third_Party/FreeRTOS/Source/tasks.o
                0x000000000800b3e8                xTaskResumeAll
 .text.vTaskDelay
                0x000000000800b4d0       0x48 Middlewares/Third_Party/FreeRTOS/Source/tasks.o
                0x000000000800b4d0                vTaskDelay
 .text.vTaskSwitchContext
                0x000000000800b518       0x90 Middlewares/Third_Party/FreeRTOS/Source/tasks.o
                0x000000000800b518                vTaskSwitchContext
 .text.vTaskSuspend
                0x000000000800b5a8       0xb4 Middlewares/Third_Party/FreeRTOS/Source/tasks.o
                0x000000000800b5a8                vTaskSuspend
 .text.vTaskPlaceOnEventList
                0x000000000800b65c       0x34 Middlewares/Third_Party/FreeRTOS/Source/tasks.o
                0x000000000800b65c                vTaskPlaceOnEventList
 .text.vTaskPlaceOnUnorderedEventList
                0x000000000800b690       0x58 Middlewares/Third_Party/FreeRTOS/Source/tasks.o
                0x000000000800b690                vTaskPlaceOnUnorderedEventList
 .text.vTaskPlaceOnEventListRestricted
                0x000000000800b6e8       0x3c Middlewares/Third_Party/FreeRTOS/Source/tasks.o
                0x000000000800b6e8                vTaskPlaceOnEventListRestricted
 .text.xTaskRemoveFromEventList
                0x000000000800b724       0x80 Middlewares/Third_Party/FreeRTOS/Source/tasks.o
                0x000000000800b724                xTaskRemoveFromEventList
 .text.vTaskRemoveFromUnorderedEventList
                0x000000000800b7a4       0x84 Middlewares/Third_Party/FreeRTOS/Source/tasks.o
                0x000000000800b7a4                vTaskRemoveFromUnorderedEventList
 .text.vTaskInternalSetTimeOutState
                0x000000000800b828       0x18 Middlewares/Third_Party/FreeRTOS/Source/tasks.o
                0x000000000800b828                vTaskInternalSetTimeOutState
 .text.xTaskCheckForTimeOut
                0x000000000800b840       0x78 Middlewares/Third_Party/FreeRTOS/Source/tasks.o
                0x000000000800b840                xTaskCheckForTimeOut
 .text.vTaskMissedYield
                0x000000000800b8b8        0xc Middlewares/Third_Party/FreeRTOS/Source/tasks.o
                0x000000000800b8b8                vTaskMissedYield
 .text.vTaskGetInfo
                0x000000000800b8c4       0x7c Middlewares/Third_Party/FreeRTOS/Source/tasks.o
                0x000000000800b8c4                vTaskGetInfo
 .text.prvListTasksWithinSingleList
                0x000000000800b940       0x5a Middlewares/Third_Party/FreeRTOS/Source/tasks.o
 *fill*         0x000000000800b99a        0x2 
 .text.uxTaskGetSystemState
                0x000000000800b99c       0xa4 Middlewares/Third_Party/FreeRTOS/Source/tasks.o
                0x000000000800b99c                uxTaskGetSystemState
 .text.uxTaskGetStackHighWaterMark
                0x000000000800ba40       0x20 Middlewares/Third_Party/FreeRTOS/Source/tasks.o
                0x000000000800ba40                uxTaskGetStackHighWaterMark
 .text.xTaskGetCurrentTaskHandle
                0x000000000800ba60        0xc Middlewares/Third_Party/FreeRTOS/Source/tasks.o
                0x000000000800ba60                xTaskGetCurrentTaskHandle
 .text.xTaskGetSchedulerState
                0x000000000800ba6c       0x20 Middlewares/Third_Party/FreeRTOS/Source/tasks.o
                0x000000000800ba6c                xTaskGetSchedulerState
 .text.xTaskPriorityInherit
                0x000000000800ba8c       0x80 Middlewares/Third_Party/FreeRTOS/Source/tasks.o
                0x000000000800ba8c                xTaskPriorityInherit
 .text.xTaskPriorityDisinherit
                0x000000000800bb0c       0x84 Middlewares/Third_Party/FreeRTOS/Source/tasks.o
                0x000000000800bb0c                xTaskPriorityDisinherit
 .text.vTaskPriorityDisinheritAfterTimeout
                0x000000000800bb90       0x9c Middlewares/Third_Party/FreeRTOS/Source/tasks.o
                0x000000000800bb90                vTaskPriorityDisinheritAfterTimeout
 .text.uxTaskResetEventItemValue
                0x000000000800bc2c       0x18 Middlewares/Third_Party/FreeRTOS/Source/tasks.o
                0x000000000800bc2c                uxTaskResetEventItemValue
 .text.pvTaskIncrementMutexHeldCount
                0x000000000800bc44       0x18 Middlewares/Third_Party/FreeRTOS/Source/tasks.o
                0x000000000800bc44                pvTaskIncrementMutexHeldCount
 .text.xTaskNotifyWait
                0x000000000800bc5c       0x8c Middlewares/Third_Party/FreeRTOS/Source/tasks.o
                0x000000000800bc5c                xTaskNotifyWait
 .text.xTaskGenericNotify
                0x000000000800bce8       0xe4 Middlewares/Third_Party/FreeRTOS/Source/tasks.o
                0x000000000800bce8                xTaskGenericNotify
 .text.xTaskGenericNotifyFromISR
                0x000000000800bdcc      0x114 Middlewares/Third_Party/FreeRTOS/Source/tasks.o
                0x000000000800bdcc                xTaskGenericNotifyFromISR
 .text.prvCheckForValidListAndQueue
                0x000000000800bee0       0x68 Middlewares/Third_Party/FreeRTOS/Source/timers.o
 .text.prvInsertTimerInActiveList
                0x000000000800bf48       0x3c Middlewares/Third_Party/FreeRTOS/Source/timers.o
 .text.xTimerCreateTimerTask
                0x000000000800bf84       0x64 Middlewares/Third_Party/FreeRTOS/Source/timers.o
                0x000000000800bf84                xTimerCreateTimerTask
 .text.xTimerGenericCommand
                0x000000000800bfe8       0x58 Middlewares/Third_Party/FreeRTOS/Source/timers.o
                0x000000000800bfe8                xTimerGenericCommand
 .text.prvSwitchTimerLists
                0x000000000800c040       0x80 Middlewares/Third_Party/FreeRTOS/Source/timers.o
 .text.prvTimerTask
                0x000000000800c0c0      0x220 Middlewares/Third_Party/FreeRTOS/Source/timers.o
 .text.xTimerPendFunctionCallFromISR
                0x000000000800c2e0       0x28 Middlewares/Third_Party/FreeRTOS/Source/timers.o
                0x000000000800c2e0                xTimerPendFunctionCallFromISR
 .text.prvTaskExitError
                0x000000000800c308       0x40 Middlewares/Third_Party/FreeRTOS/Source/portable/GCC/ARM_CM4F/port.o
 .text.unlikely.prvPortStartFirstTask
                0x000000000800c348       0x28 Middlewares/Third_Party/FreeRTOS/Source/portable/GCC/ARM_CM4F/port.o
 .text.unlikely.vPortEnableVFP
                0x000000000800c370       0x14 Middlewares/Third_Party/FreeRTOS/Source/portable/GCC/ARM_CM4F/port.o
 .text.pxPortInitialiseStack
                0x000000000800c384       0x2c Middlewares/Third_Party/FreeRTOS/Source/portable/GCC/ARM_CM4F/port.o
                0x000000000800c384                pxPortInitialiseStack
 .text.SVC_Handler
                0x000000000800c3b0       0x24 Middlewares/Third_Party/FreeRTOS/Source/portable/GCC/ARM_CM4F/port.o
                0x000000000800c3b0                SVC_Handler
 .text.vPortEnterCritical
                0x000000000800c3d4       0x44 Middlewares/Third_Party/FreeRTOS/Source/portable/GCC/ARM_CM4F/port.o
                0x000000000800c3d4                vPortEnterCritical
 .text.vPortExitCritical
                0x000000000800c418       0x28 Middlewares/Third_Party/FreeRTOS/Source/portable/GCC/ARM_CM4F/port.o
                0x000000000800c418                vPortExitCritical
 .text.PendSV_Handler
                0x000000000800c440       0x64 Middlewares/Third_Party/FreeRTOS/Source/portable/GCC/ARM_CM4F/port.o
                0x000000000800c440                PendSV_Handler
 .text.SysTick_Handler
                0x000000000800c4a4       0x2c Middlewares/Third_Party/FreeRTOS/Source/portable/GCC/ARM_CM4F/port.o
                0x000000000800c4a4                SysTick_Handler
 .text.vPortSetupTimerInterrupt
                0x000000000800c4d0       0x34 Middlewares/Third_Party/FreeRTOS/Source/portable/GCC/ARM_CM4F/port.o
                0x000000000800c4d0                vPortSetupTimerInterrupt
 .text.xPortStartScheduler
                0x000000000800c504      0x10c Middlewares/Third_Party/FreeRTOS/Source/portable/GCC/ARM_CM4F/port.o
                0x000000000800c504                xPortStartScheduler
 .text.vPortValidateInterruptPriority
                0x000000000800c610       0x5c Middlewares/Third_Party/FreeRTOS/Source/portable/GCC/ARM_CM4F/port.o
                0x000000000800c610                vPortValidateInterruptPriority
 .text.unlikely.prvInsertBlockIntoFreeList
                0x000000000800c66c       0x48 Middlewares/Third_Party/FreeRTOS/Source/portable/MemMang/heap_4.o
 .text.pvPortMalloc
                0x000000000800c6b4      0x124 Middlewares/Third_Party/FreeRTOS/Source/portable/MemMang/heap_4.o
                0x000000000800c6b4                pvPortMalloc
 .text.vPortFree
                0x000000000800c7d8       0x70 Middlewares/Third_Party/FreeRTOS/Source/portable/MemMang/heap_4.o
                0x000000000800c7d8                vPortFree
 .text.xPortGetFreeHeapSize
                0x000000000800c848        0xc Middlewares/Third_Party/FreeRTOS/Source/portable/MemMang/heap_4.o
                0x000000000800c848                xPortGetFreeHeapSize
 .text.MX_USB_Device_Init
                0x000000000800c854       0x50 USB_Device/App/usb_device.o
                0x000000000800c854                MX_USB_Device_Init
 .text.CDC_Receive_FS
                0x000000000800c8a4       0x40 USB_Device/App/usbd_cdc_if.o
 .text.CDC_DeInit_FS
                0x000000000800c8e4       0x14 USB_Device/App/usbd_cdc_if.o
 .text.CDC_Init_FS
                0x000000000800c8f8       0x34 USB_Device/App/usbd_cdc_if.o
 .text.CDC_Control_FS
                0x000000000800c92c       0x48 USB_Device/App/usbd_cdc_if.o
 .text.CDC_Transmit_FS
                0x000000000800c974       0x30 USB_Device/App/usbd_cdc_if.o
                0x000000000800c974                CDC_Transmit_FS
 .text.USBD_CDC_DeviceDescriptor
                0x000000000800c9a4        0xc USB_Device/App/usbd_desc.o
                0x000000000800c9a4                USBD_CDC_DeviceDescriptor
 .text.USBD_CDC_LangIDStrDescriptor
                0x000000000800c9b0        0xc USB_Device/App/usbd_desc.o
                0x000000000800c9b0                USBD_CDC_LangIDStrDescriptor
 .text.IntToUnicode
                0x000000000800c9bc       0x2a USB_Device/App/usbd_desc.o
 *fill*         0x000000000800c9e6        0x2 
 .text.USBD_CDC_SerialStrDescriptor
                0x000000000800c9e8       0x40 USB_Device/App/usbd_desc.o
                0x000000000800c9e8                USBD_CDC_SerialStrDescriptor
 .text.USBD_CDC_ManufacturerStrDescriptor
                0x000000000800ca28       0x1c USB_Device/App/usbd_desc.o
                0x000000000800ca28                USBD_CDC_ManufacturerStrDescriptor
 .text.USBD_CDC_ProductStrDescriptor
                0x000000000800ca44       0x1c USB_Device/App/usbd_desc.o
                0x000000000800ca44                USBD_CDC_ProductStrDescriptor
 .text.USBD_CDC_ConfigStrDescriptor
                0x000000000800ca60       0x1c USB_Device/App/usbd_desc.o
                0x000000000800ca60                USBD_CDC_ConfigStrDescriptor
 .text.USBD_CDC_InterfaceStrDescriptor
                0x000000000800ca7c       0x1c USB_Device/App/usbd_desc.o
                0x000000000800ca7c                USBD_CDC_InterfaceStrDescriptor
 .text.HAL_PCD_MspInit
                0x000000000800ca98       0x70 USB_Device/Target/usbd_conf.o
                0x000000000800ca98                HAL_PCD_MspInit
 .text.HAL_PCD_SetupStageCallback
                0x000000000800cb08        0xc USB_Device/Target/usbd_conf.o
                0x000000000800cb08                HAL_PCD_SetupStageCallback
 .text.HAL_PCD_DataOutStageCallback
                0x000000000800cb14       0x10 USB_Device/Target/usbd_conf.o
                0x000000000800cb14                HAL_PCD_DataOutStageCallback
 .text.HAL_PCD_DataInStageCallback
                0x000000000800cb24        0xe USB_Device/Target/usbd_conf.o
                0x000000000800cb24                HAL_PCD_DataInStageCallback
 .text.HAL_PCD_SOFCallback
                0x000000000800cb32        0x8 USB_Device/Target/usbd_conf.o
                0x000000000800cb32                HAL_PCD_SOFCallback
 .text.HAL_PCD_ResetCallback
                0x000000000800cb3a       0x24 USB_Device/Target/usbd_conf.o
                0x000000000800cb3a                HAL_PCD_ResetCallback
 *fill*         0x000000000800cb5e        0x2 
 .text.HAL_PCD_SuspendCallback
                0x000000000800cb60       0x20 USB_Device/Target/usbd_conf.o
                0x000000000800cb60                HAL_PCD_SuspendCallback
 .text.HAL_PCD_ResumeCallback
                0x000000000800cb80       0x28 USB_Device/Target/usbd_conf.o
                0x000000000800cb80                HAL_PCD_ResumeCallback
 .text.USBD_LL_Init
                0x000000000800cba8       0x8c USB_Device/Target/usbd_conf.o
                0x000000000800cba8                USBD_LL_Init
 .text.USBD_LL_Start
                0x000000000800cc34       0x1c USB_Device/Target/usbd_conf.o
                0x000000000800cc34                USBD_LL_Start
 .text.USBD_LL_OpenEP
                0x000000000800cc50       0x20 USB_Device/Target/usbd_conf.o
                0x000000000800cc50                USBD_LL_OpenEP
 .text.USBD_LL_CloseEP
                0x000000000800cc70       0x1c USB_Device/Target/usbd_conf.o
                0x000000000800cc70                USBD_LL_CloseEP
 .text.USBD_LL_StallEP
                0x000000000800cc8c       0x1c USB_Device/Target/usbd_conf.o
                0x000000000800cc8c                USBD_LL_StallEP
 .text.USBD_LL_ClearStallEP
                0x000000000800cca8       0x1c USB_Device/Target/usbd_conf.o
                0x000000000800cca8                USBD_LL_ClearStallEP
 .text.USBD_LL_IsStallEP
                0x000000000800ccc4       0x20 USB_Device/Target/usbd_conf.o
                0x000000000800ccc4                USBD_LL_IsStallEP
 .text.USBD_LL_SetUSBAddress
                0x000000000800cce4       0x1c USB_Device/Target/usbd_conf.o
                0x000000000800cce4                USBD_LL_SetUSBAddress
 .text.USBD_LL_Transmit
                0x000000000800cd00       0x1c USB_Device/Target/usbd_conf.o
                0x000000000800cd00                USBD_LL_Transmit
 .text.USBD_LL_PrepareReceive
                0x000000000800cd1c       0x1c USB_Device/Target/usbd_conf.o
                0x000000000800cd1c                USBD_LL_PrepareReceive
 .text.USBD_LL_GetRxDataSize
                0x000000000800cd38        0x8 USB_Device/Target/usbd_conf.o
                0x000000000800cd38                USBD_LL_GetRxDataSize
 .text.HAL_PCDEx_LPM_Callback
                0x000000000800cd40       0x48 USB_Device/Target/usbd_conf.o
                0x000000000800cd40                HAL_PCDEx_LPM_Callback
 .text.USBD_static_malloc
                0x000000000800cd88        0x8 USB_Device/Target/usbd_conf.o
                0x000000000800cd88                USBD_static_malloc
 .text.USBD_static_free
                0x000000000800cd90        0x2 USB_Device/Target/usbd_conf.o
                0x000000000800cd90                USBD_static_free
 *fill*         0x000000000800cd92        0x2 
 .text.__libc_init_array
                0x000000000800cd94       0x48 /opt/st/stm32cubeide_1.3.0/plugins/com.st.stm32cube.ide.mcu.externaltools.gnu-tools-for-stm32.7-2018-q2-update.linux64_1.0.0.201904181610/tools/bin/../lib/gcc/arm-none-eabi/7.3.1/../../../../arm-none-eabi/lib/thumb/v7e-m/fpv4-sp/hard/libc_nano.a(lib_a-init.o)
                0x000000000800cd94                __libc_init_array
 .text.memcpy   0x000000000800cddc       0x16 /opt/st/stm32cubeide_1.3.0/plugins/com.st.stm32cube.ide.mcu.externaltools.gnu-tools-for-stm32.7-2018-q2-update.linux64_1.0.0.201904181610/tools/bin/../lib/gcc/arm-none-eabi/7.3.1/../../../../arm-none-eabi/lib/thumb/v7e-m/fpv4-sp/hard/libc_nano.a(lib_a-memcpy-stub.o)
                0x000000000800cddc                memcpy
 .text.memset   0x000000000800cdf2       0x10 /opt/st/stm32cubeide_1.3.0/plugins/com.st.stm32cube.ide.mcu.externaltools.gnu-tools-for-stm32.7-2018-q2-update.linux64_1.0.0.201904181610/tools/bin/../lib/gcc/arm-none-eabi/7.3.1/../../../../arm-none-eabi/lib/thumb/v7e-m/fpv4-sp/hard/libc_nano.a(lib_a-memset.o)
                0x000000000800cdf2                memset
 *(.glue_7)
 .glue_7        0x000000000800ce02        0x0 linker stubs
 *(.glue_7t)
 .glue_7t       0x000000000800ce02        0x0 linker stubs
 *(.eh_frame)
 *fill*         0x000000000800ce02        0x2 
 .eh_frame      0x000000000800ce04        0x0 /opt/st/stm32cubeide_1.3.0/plugins/com.st.stm32cube.ide.mcu.externaltools.gnu-tools-for-stm32.7-2018-q2-update.linux64_1.0.0.201904181610/tools/bin/../lib/gcc/arm-none-eabi/7.3.1/thumb/v7e-m/fpv4-sp/hard/crtbegin.o
 *(.init)
 .init          0x000000000800ce04        0x4 /opt/st/stm32cubeide_1.3.0/plugins/com.st.stm32cube.ide.mcu.externaltools.gnu-tools-for-stm32.7-2018-q2-update.linux64_1.0.0.201904181610/tools/bin/../lib/gcc/arm-none-eabi/7.3.1/thumb/v7e-m/fpv4-sp/hard/crti.o
                0x000000000800ce04                _init
 .init          0x000000000800ce08        0x8 /opt/st/stm32cubeide_1.3.0/plugins/com.st.stm32cube.ide.mcu.externaltools.gnu-tools-for-stm32.7-2018-q2-update.linux64_1.0.0.201904181610/tools/bin/../lib/gcc/arm-none-eabi/7.3.1/thumb/v7e-m/fpv4-sp/hard/crtn.o
 *(.fini)
 .fini          0x000000000800ce10        0x4 /opt/st/stm32cubeide_1.3.0/plugins/com.st.stm32cube.ide.mcu.externaltools.gnu-tools-for-stm32.7-2018-q2-update.linux64_1.0.0.201904181610/tools/bin/../lib/gcc/arm-none-eabi/7.3.1/thumb/v7e-m/fpv4-sp/hard/crti.o
                0x000000000800ce10                _fini
 .fini          0x000000000800ce14        0x8 /opt/st/stm32cubeide_1.3.0/plugins/com.st.stm32cube.ide.mcu.externaltools.gnu-tools-for-stm32.7-2018-q2-update.linux64_1.0.0.201904181610/tools/bin/../lib/gcc/arm-none-eabi/7.3.1/thumb/v7e-m/fpv4-sp/hard/crtn.o
                0x000000000800ce1c                . = ALIGN (0x4)
                0x000000000800ce1c                _etext = .

.vfp11_veneer   0x000000000800ce1c        0x0
 .vfp11_veneer  0x000000000800ce1c        0x0 linker stubs

.v4_bx          0x000000000800ce1c        0x0
 .v4_bx         0x000000000800ce1c        0x0 linker stubs

.iplt           0x000000000800ce1c        0x0
 .iplt          0x000000000800ce1c        0x0 /opt/st/stm32cubeide_1.3.0/plugins/com.st.stm32cube.ide.mcu.externaltools.gnu-tools-for-stm32.7-2018-q2-update.linux64_1.0.0.201904181610/tools/bin/../lib/gcc/arm-none-eabi/7.3.1/thumb/v7e-m/fpv4-sp/hard/crtbegin.o

.RamFunc        0x000000000800ce1c       0x34
 .RamFunc       0x000000000800ce1c       0x34 Drivers/STM32WBxx_HAL_Driver/Src/stm32wbxx_hal_flash.o

.rodata         0x000000000800ce50      0x290
                0x000000000800ce50                . = ALIGN (0x4)
 *(.rodata)
 .rodata        0x000000000800ce50       0x20 Drivers/STM32WBxx_HAL_Driver/Src/stm32wbxx_hal_rcc.o
 *(.rodata*)
 .rodata.Main_attributes
                0x000000000800ce70       0x24 Core/Src/main.o
                0x000000000800ce70                Main_attributes
 .rodata.str1.1
                0x000000000800ce94        0x5 Core/Src/main.o
 *fill*         0x000000000800ce99        0x3 
 .rodata.AHBPrescTable
                0x000000000800ce9c       0x40 Core/Src/system_stm32wbxx.o
                0x000000000800ce9c                AHBPrescTable
 .rodata.APBPrescTable
                0x000000000800cedc       0x20 Core/Src/system_stm32wbxx.o
                0x000000000800cedc                APBPrescTable
 .rodata.MSIRangeTable
                0x000000000800cefc       0x40 Core/Src/system_stm32wbxx.o
                0x000000000800cefc                MSIRangeTable
 .rodata.CSWTCH.255
                0x000000000800cf3c        0x4 Drivers/STM32WBxx_HAL_Driver/Src/stm32wbxx_hal_uart.o
 .rodata.FLASH_MutexAttr
                0x000000000800cf40       0x10 Forth/Src/flash.o
 .rodata.UART_MutexAttr
                0x000000000800cf50       0x10 Forth/Src/uart.o
                0x000000000800cf50                UART_MutexAttr
 .rodata.UART_RxThreadAttr
                0x000000000800cf60       0x24 Forth/Src/uart.o
 .rodata.UART_TxThreadAttr
                0x000000000800cf84       0x24 Forth/Src/uart.o
 .rodata.str1.1
                0x000000000800cfa8       0x36 Forth/Src/uart.o
 *fill*         0x000000000800cfde        0x2 
 .rodata.uart_RxQueue_attributes
                0x000000000800cfe0       0x18 Forth/Src/uart.o
 .rodata.uart_TxQueue_attributes
                0x000000000800cff8       0x18 Forth/Src/uart.o
 .rodata.cdc_RxQueue_attributes
                0x000000000800d010       0x18 Forth/Src/usb_cdc.o
 .rodata.cdc_TxQueue_attributes
                0x000000000800d028       0x18 Forth/Src/usb_cdc.o
 .rodata.cdc_thread_attributes
                0x000000000800d040       0x24 Forth/Src/usb_cdc.o
                0x000000000800d040                cdc_thread_attributes
 .rodata.str1.1
                0x000000000800d064       0x23 Forth/Src/usb_cdc.o
 .rodata.vTaskStartScheduler.str1.1
                0x000000000800d087        0x5 Middlewares/Third_Party/FreeRTOS/Source/tasks.o
 .rodata.prvCheckForValidListAndQueue.str1.1
                0x000000000800d08c        0x5 Middlewares/Third_Party/FreeRTOS/Source/timers.o
 .rodata.xTimerCreateTimerTask.str1.1
                0x000000000800d091        0x8 Middlewares/Third_Party/FreeRTOS/Source/timers.o
 .rodata.USBD_CDC_ConfigStrDescriptor.str1.1
                0x000000000800d099        0xb USB_Device/App/usbd_desc.o
 .rodata.USBD_CDC_InterfaceStrDescriptor.str1.1
                0x000000000800d0a4        0xe USB_Device/App/usbd_desc.o
 .rodata.USBD_CDC_ManufacturerStrDescriptor.str1.1
                0x000000000800d0b2       0x13 USB_Device/App/usbd_desc.o
 .rodata.USBD_CDC_ProductStrDescriptor.str1.1
                0x000000000800d0c5       0x16 USB_Device/App/usbd_desc.o
 .rodata.CSWTCH.7
                0x000000000800d0db        0x4 USB_Device/Target/usbd_conf.o
                0x000000000800d0e0                . = ALIGN (0x4)
 *fill*         0x000000000800d0df        0x1 

.ARM.extab
 *(.ARM.extab* .gnu.linkonce.armextab.*)

.ARM            0x000000000800d0e0        0x8
                0x000000000800d0e0                __exidx_start = .
 *(.ARM.exidx*)
 .ARM.exidx     0x000000000800d0e0        0x8 /opt/st/stm32cubeide_1.3.0/plugins/com.st.stm32cube.ide.mcu.externaltools.gnu-tools-for-stm32.7-2018-q2-update.linux64_1.0.0.201904181610/tools/bin/../lib/gcc/arm-none-eabi/7.3.1/thumb/v7e-m/fpv4-sp/hard/libgcc.a(_udivmoddi4.o)
                0x000000000800d0e8                __exidx_end = .

.rel.dyn        0x000000000800d0e8        0x0
 .rel.iplt      0x000000000800d0e8        0x0 /opt/st/stm32cubeide_1.3.0/plugins/com.st.stm32cube.ide.mcu.externaltools.gnu-tools-for-stm32.7-2018-q2-update.linux64_1.0.0.201904181610/tools/bin/../lib/gcc/arm-none-eabi/7.3.1/thumb/v7e-m/fpv4-sp/hard/crtbegin.o

.preinit_array  0x000000000800d0e8        0x0
                0x000000000800d0e8                PROVIDE (__preinit_array_start = .)
 *(.preinit_array*)