Archive member included to satisfy reference by file (symbol)

/opt/st/stm32cubeide_1.3.0/plugins/com.st.stm32cube.ide.mcu.externaltools.gnu-tools-for-stm32.7-2018-q2-update.linux64_1.0.0.201904181610/tools/bin/../lib/gcc/arm-none-eabi/7.3.1/../../../../arm-none-eabi/lib/thumb/v7e-m/fpv4-sp/hard/libc_nano.a(lib_a-errno.o)
                              Core/Src/syscalls.o (__errno)
/opt/st/stm32cubeide_1.3.0/plugins/com.st.stm32cube.ide.mcu.externaltools.gnu-tools-for-stm32.7-2018-q2-update.linux64_1.0.0.201904181610/tools/bin/../lib/gcc/arm-none-eabi/7.3.1/../../../../arm-none-eabi/lib/thumb/v7e-m/fpv4-sp/hard/libc_nano.a(lib_a-exit.o)
                              /opt/st/stm32cubeide_1.3.0/plugins/com.st.stm32cube.ide.mcu.externaltools.gnu-tools-for-stm32.7-2018-q2-update.linux64_1.0.0.201904181610/tools/bin/../lib/gcc/arm-none-eabi/7.3.1/../../../../arm-none-eabi/lib/thumb/v7e-m/fpv4-sp/hard/crt0.o (exit)
/opt/st/stm32cubeide_1.3.0/plugins/com.st.stm32cube.ide.mcu.externaltools.gnu-tools-for-stm32.7-2018-q2-update.linux64_1.0.0.201904181610/tools/bin/../lib/gcc/arm-none-eabi/7.3.1/../../../../arm-none-eabi/lib/thumb/v7e-m/fpv4-sp/hard/libc_nano.a(lib_a-impure.o)
                              /opt/st/stm32cubeide_1.3.0/plugins/com.st.stm32cube.ide.mcu.externaltools.gnu-tools-for-stm32.7-2018-q2-update.linux64_1.0.0.201904181610/tools/bin/../lib/gcc/arm-none-eabi/7.3.1/../../../../arm-none-eabi/lib/thumb/v7e-m/fpv4-sp/hard/libc_nano.a(lib_a-exit.o) (_global_impure_ptr)
/opt/st/stm32cubeide_1.3.0/plugins/com.st.stm32cube.ide.mcu.externaltools.gnu-tools-for-stm32.7-2018-q2-update.linux64_1.0.0.201904181610/tools/bin/../lib/gcc/arm-none-eabi/7.3.1/../../../../arm-none-eabi/lib/thumb/v7e-m/fpv4-sp/hard/libc_nano.a(lib_a-init.o)
                              /opt/st/stm32cubeide_1.3.0/plugins/com.st.stm32cube.ide.mcu.externaltools.gnu-tools-for-stm32.7-2018-q2-update.linux64_1.0.0.201904181610/tools/bin/../lib/gcc/arm-none-eabi/7.3.1/../../../../arm-none-eabi/lib/thumb/v7e-m/fpv4-sp/hard/crt0.o (__libc_init_array)
/opt/st/stm32cubeide_1.3.0/plugins/com.st.stm32cube.ide.mcu.externaltools.gnu-tools-for-stm32.7-2018-q2-update.linux64_1.0.0.201904181610/tools/bin/../lib/gcc/arm-none-eabi/7.3.1/../../../../arm-none-eabi/lib/thumb/v7e-m/fpv4-sp/hard/libc_nano.a(lib_a-memcmp.o)
                              Middlewares/ST/STM32_WPAN/ble/core/template/osal.o (memcmp)
/opt/st/stm32cubeide_1.3.0/plugins/com.st.stm32cube.ide.mcu.externaltools.gnu-tools-for-stm32.7-2018-q2-update.linux64_1.0.0.201904181610/tools/bin/../lib/gcc/arm-none-eabi/7.3.1/../../../../arm-none-eabi/lib/thumb/v7e-m/fpv4-sp/hard/libc_nano.a(lib_a-memcpy-stub.o)
                              Middlewares/ST/STM32_WPAN/ble/core/template/osal.o (memcpy)
/opt/st/stm32cubeide_1.3.0/plugins/com.st.stm32cube.ide.mcu.externaltools.gnu-tools-for-stm32.7-2018-q2-update.linux64_1.0.0.201904181610/tools/bin/../lib/gcc/arm-none-eabi/7.3.1/../../../../arm-none-eabi/lib/thumb/v7e-m/fpv4-sp/hard/libc_nano.a(lib_a-memset.o)
                              /opt/st/stm32cubeide_1.3.0/plugins/com.st.stm32cube.ide.mcu.externaltools.gnu-tools-for-stm32.7-2018-q2-update.linux64_1.0.0.201904181610/tools/bin/../lib/gcc/arm-none-eabi/7.3.1/../../../../arm-none-eabi/lib/thumb/v7e-m/fpv4-sp/hard/crt0.o (memset)
/opt/st/stm32cubeide_1.3.0/plugins/com.st.stm32cube.ide.mcu.externaltools.gnu-tools-for-stm32.7-2018-q2-update.linux64_1.0.0.201904181610/tools/bin/../lib/gcc/arm-none-eabi/7.3.1/../../../../arm-none-eabi/lib/thumb/v7e-m/fpv4-sp/hard/libc_nano.a(lib_a-printf.o)
                              Middlewares/ST/STM32_WPAN/utilities/dbg_trace.o (printf)
/opt/st/stm32cubeide_1.3.0/plugins/com.st.stm32cube.ide.mcu.externaltools.gnu-tools-for-stm32.7-2018-q2-update.linux64_1.0.0.201904181610/tools/bin/../lib/gcc/arm-none-eabi/7.3.1/../../../../arm-none-eabi/lib/thumb/v7e-m/fpv4-sp/hard/libc_nano.a(lib_a-strrchr.o)
                              Middlewares/ST/STM32_WPAN/utilities/dbg_trace.o (strrchr)
/opt/st/stm32cubeide_1.3.0/plugins/com.st.stm32cube.ide.mcu.externaltools.gnu-tools-for-stm32.7-2018-q2-update.linux64_1.0.0.201904181610/tools/bin/../lib/gcc/arm-none-eabi/7.3.1/../../../../arm-none-eabi/lib/thumb/v7e-m/fpv4-sp/hard/libc_nano.a(lib_a-vprintf.o)
                              Middlewares/ST/STM32_WPAN/utilities/dbg_trace.o (vprintf)
/opt/st/stm32cubeide_1.3.0/plugins/com.st.stm32cube.ide.mcu.externaltools.gnu-tools-for-stm32.7-2018-q2-update.linux64_1.0.0.201904181610/tools/bin/../lib/gcc/arm-none-eabi/7.3.1/../../../../arm-none-eabi/lib/thumb/v7e-m/fpv4-sp/hard/libc_nano.a(lib_a-findfp.o)
                              /opt/st/stm32cubeide_1.3.0/plugins/com.st.stm32cube.ide.mcu.externaltools.gnu-tools-for-stm32.7-2018-q2-update.linux64_1.0.0.201904181610/tools/bin/../lib/gcc/arm-none-eabi/7.3.1/../../../../arm-none-eabi/lib/thumb/v7e-m/fpv4-sp/hard/libc_nano.a(lib_a-printf.o) (__sinit)
[...]
Memory Configuration

Name             Origin             Length             Attributes
FLASH            0x0000000008000000 0x0000000000040000 xr
FLASH_FORTH      0x0000000008040000 0x0000000000080000 xr
FLASH_BLESTACK   0x00000000080c0000 0x0000000000040000 xr
RAM_FORTH        0x0000000020000000 0x0000000000010000 xrw
RAM1             0x0000000020010000 0x0000000000030000 xrw
RAM_SHARED       0x0000000020030000 0x0000000000002800 xrw
*default*        0x0000000000000000 0xffffffffffffffff

Linker script and memory map

LOAD /opt/st/stm32cubeide_1.3.0/plugins/com.st.stm32cube.ide.mcu.externaltools.gnu-tools-for-stm32.7-2018-q2-update.linux64_1.0.0.201904181610/tools/bin/../lib/gcc/arm-none-eabi/7.3.1/thumb/v7e-m/fpv4-sp/hard/crti.o
LOAD /opt/st/stm32cubeide_1.3.0/plugins/com.st.stm32cube.ide.mcu.externaltools.gnu-tools-for-stm32.7-2018-q2-update.linux64_1.0.0.201904181610/tools/bin/../lib/gcc/arm-none-eabi/7.3.1/thumb/v7e-m/fpv4-sp/hard/crtbegin.o
LOAD /opt/st/stm32cubeide_1.3.0/plugins/com.st.stm32cube.ide.mcu.externaltools.gnu-tools-for-stm32.7-2018-q2-update.linux64_1.0.0.201904181610/tools/bin/../lib/gcc/arm-none-eabi/7.3.1/../../../../arm-none-eabi/lib/thumb/v7e-m/fpv4-sp/hard/crt0.o
LOAD Core/Src/app_debug.o
LOAD Core/Src/app_entry.o
LOAD Core/Src/app_freertos.o
LOAD Core/Src/freertos_port.o
LOAD Core/Src/hw_timerserver.o
LOAD Core/Src/main.o
LOAD Core/Src/stm32_lpm_if.o
LOAD Core/Src/stm32wbxx_hal_msp.o
LOAD Core/Src/stm32wbxx_hal_timebase_tim.o
LOAD Core/Src/stm32wbxx_it.o
LOAD Core/Src/syscalls.o
LOAD Core/Src/sysmem.o
LOAD Core/Src/system_stm32wbxx.o
LOAD Core/Startup/startup_stm32wb55rgvx.o
LOAD Drivers/STM32WBxx_HAL_Driver/Src/stm32wbxx_hal.o
LOAD Drivers/STM32WBxx_HAL_Driver/Src/stm32wbxx_hal_adc.o
LOAD Drivers/STM32WBxx_HAL_Driver/Src/stm32wbxx_hal_adc_ex.o
LOAD Drivers/STM32WBxx_HAL_Driver/Src/stm32wbxx_hal_cortex.o
LOAD Drivers/STM32WBxx_HAL_Driver/Src/stm32wbxx_hal_crc.o
LOAD Drivers/STM32WBxx_HAL_Driver/Src/stm32wbxx_hal_crc_ex.o
LOAD Drivers/STM32WBxx_HAL_Driver/Src/stm32wbxx_hal_dma.o
LOAD Drivers/STM32WBxx_HAL_Driver/Src/stm32wbxx_hal_dma_ex.o
LOAD Drivers/STM32WBxx_HAL_Driver/Src/stm32wbxx_hal_exti.o
LOAD Drivers/STM32WBxx_HAL_Driver/Src/stm32wbxx_hal_flash.o
LOAD Drivers/STM32WBxx_HAL_Driver/Src/stm32wbxx_hal_flash_ex.o
LOAD Drivers/STM32WBxx_HAL_Driver/Src/stm32wbxx_hal_gpio.o
LOAD Drivers/STM32WBxx_HAL_Driver/Src/stm32wbxx_hal_hsem.o
LOAD Drivers/STM32WBxx_HAL_Driver/Src/stm32wbxx_hal_pcd.o
LOAD Drivers/STM32WBxx_HAL_Driver/Src/stm32wbxx_hal_pcd_ex.o
LOAD Drivers/STM32WBxx_HAL_Driver/Src/stm32wbxx_hal_pka.o
LOAD Drivers/STM32WBxx_HAL_Driver/Src/stm32wbxx_hal_pwr.o
LOAD Drivers/STM32WBxx_HAL_Driver/Src/stm32wbxx_hal_pwr_ex.o
LOAD Drivers/STM32WBxx_HAL_Driver/Src/stm32wbxx_hal_rcc.o
LOAD Drivers/STM32WBxx_HAL_Driver/Src/stm32wbxx_hal_rcc_ex.o
LOAD Drivers/STM32WBxx_HAL_Driver/Src/stm32wbxx_hal_rng.o
LOAD Drivers/STM32WBxx_HAL_Driver/Src/stm32wbxx_hal_rtc.o
LOAD Drivers/STM32WBxx_HAL_Driver/Src/stm32wbxx_hal_rtc_ex.o
LOAD Drivers/STM32WBxx_HAL_Driver/Src/stm32wbxx_hal_tim.o
LOAD Drivers/STM32WBxx_HAL_Driver/Src/stm32wbxx_hal_tim_ex.o
LOAD Drivers/STM32WBxx_HAL_Driver/Src/stm32wbxx_hal_uart.o
LOAD Drivers/STM32WBxx_HAL_Driver/Src/stm32wbxx_hal_uart_ex.o
LOAD Drivers/STM32WBxx_HAL_Driver/Src/stm32wbxx_ll_adc.o
LOAD Drivers/STM32WBxx_HAL_Driver/Src/stm32wbxx_ll_usb.o
LOAD Forth/Src/ble_vsp.o
LOAD Forth/Src/bsp.o
LOAD Forth/Src/flash.o
LOAD Forth/Src/uart.o
LOAD Forth/Src/usb_cdc.o
LOAD Forth/cube/mecrisp.o
LOAD Middlewares/ST/STM32_USB_Device_Library/Class/CDC/Src/usbd_cdc.o
LOAD Middlewares/ST/STM32_USB_Device_Library/Core/Src/usbd_core.o
LOAD Middlewares/ST/STM32_USB_Device_Library/Core/Src/usbd_ctlreq.o
LOAD Middlewares/ST/STM32_USB_Device_Library/Core/Src/usbd_ioreq.o
LOAD Middlewares/ST/STM32_WPAN/ble/core/auto/ble_gap_aci.o
LOAD Middlewares/ST/STM32_WPAN/ble/core/auto/ble_gatt_aci.o
LOAD Middlewares/ST/STM32_WPAN/ble/core/auto/ble_hal_aci.o
LOAD Middlewares/ST/STM32_WPAN/ble/core/auto/ble_hci_le.o
LOAD Middlewares/ST/STM32_WPAN/ble/core/auto/ble_l2cap_aci.o
LOAD Middlewares/ST/STM32_WPAN/ble/core/template/osal.o
LOAD Middlewares/ST/STM32_WPAN/ble/svc/Src/dis.o
LOAD Middlewares/ST/STM32_WPAN/ble/svc/Src/hrs.o
LOAD Middlewares/ST/STM32_WPAN/ble/svc/Src/svc_ctl.o
LOAD Middlewares/ST/STM32_WPAN/interface/patterns/ble_thread/shci/shci.o
LOAD Middlewares/ST/STM32_WPAN/interface/patterns/ble_thread/tl/hci_tl.o
LOAD Middlewares/ST/STM32_WPAN/interface/patterns/ble_thread/tl/hci_tl_if.o
LOAD Middlewares/ST/STM32_WPAN/interface/patterns/ble_thread/tl/shci_tl.o
LOAD Middlewares/ST/STM32_WPAN/interface/patterns/ble_thread/tl/shci_tl_if.o
LOAD Middlewares/ST/STM32_WPAN/interface/patterns/ble_thread/tl/tl_mbox.o
LOAD Middlewares/ST/STM32_WPAN/utilities/dbg_trace.o
LOAD Middlewares/ST/STM32_WPAN/utilities/otp.o
LOAD Middlewares/ST/STM32_WPAN/utilities/stm_list.o
LOAD Middlewares/ST/STM32_WPAN/utilities/stm_queue.o
LOAD Middlewares/Third_Party/FreeRTOS/Source/CMSIS_RTOS_V2/cmsis_os2.o
LOAD Middlewares/Third_Party/FreeRTOS/Source/croutine.o
LOAD Middlewares/Third_Party/FreeRTOS/Source/event_groups.o
LOAD Middlewares/Third_Party/FreeRTOS/Source/list.o
LOAD Middlewares/Third_Party/FreeRTOS/Source/queue.o
LOAD Middlewares/Third_Party/FreeRTOS/Source/stream_buffer.o
LOAD Middlewares/Third_Party/FreeRTOS/Source/tasks.o
LOAD Middlewares/Third_Party/FreeRTOS/Source/timers.o
LOAD Middlewares/Third_Party/FreeRTOS/Source/portable/GCC/ARM_CM4F/port.o
LOAD Middlewares/Third_Party/FreeRTOS/Source/portable/MemMang/heap_4.o
LOAD STM32_WPAN/App/app_ble.o
LOAD STM32_WPAN/App/dis_app.o
LOAD STM32_WPAN/App/hrs_app.o
LOAD STM32_WPAN/Target/hw_ipcc.o
LOAD USB_Device/App/usb_device.o
LOAD USB_Device/App/usbd_cdc_if.o
LOAD USB_Device/App/usbd_desc.o
LOAD USB_Device/Target/usbd_conf.o
LOAD Utilities/lpm/tiny_lpm/stm32_lpm.o
START GROUP
LOAD /opt/st/stm32cubeide_1.3.0/plugins/com.st.stm32cube.ide.mcu.externaltools.gnu-tools-for-stm32.7-2018-q2-update.linux64_1.0.0.201904181610/tools/bin/../lib/gcc/arm-none-eabi/7.3.1/../../../../arm-none-eabi/lib/thumb/v7e-m/fpv4-sp/hard/libc_nano.a
LOAD /opt/st/stm32cubeide_1.3.0/plugins/com.st.stm32cube.ide.mcu.externaltools.gnu-tools-for-stm32.7-2018-q2-update.linux64_1.0.0.201904181610/tools/bin/../lib/gcc/arm-none-eabi/7.3.1/../../../../arm-none-eabi/lib/thumb/v7e-m/fpv4-sp/hard/libm.a
END GROUP
START GROUP
LOAD /opt/st/stm32cubeide_1.3.0/plugins/com.st.stm32cube.ide.mcu.externaltools.gnu-tools-for-stm32.7-2018-q2-update.linux64_1.0.0.201904181610/tools/bin/../lib/gcc/arm-none-eabi/7.3.1/thumb/v7e-m/fpv4-sp/hard/libgcc.a
LOAD /opt/st/stm32cubeide_1.3.0/plugins/com.st.stm32cube.ide.mcu.externaltools.gnu-tools-for-stm32.7-2018-q2-update.linux64_1.0.0.201904181610/tools/bin/../lib/gcc/arm-none-eabi/7.3.1/../../../../arm-none-eabi/lib/thumb/v7e-m/fpv4-sp/hard/libc_nano.a
END GROUP
START GROUP
LOAD /opt/st/stm32cubeide_1.3.0/plugins/com.st.stm32cube.ide.mcu.externaltools.gnu-tools-for-stm32.7-2018-q2-update.linux64_1.0.0.201904181610/tools/bin/../lib/gcc/arm-none-eabi/7.3.1/thumb/v7e-m/fpv4-sp/hard/libgcc.a
LOAD /opt/st/stm32cubeide_1.3.0/plugins/com.st.stm32cube.ide.mcu.externaltools.gnu-tools-for-stm32.7-2018-q2-update.linux64_1.0.0.201904181610/tools/bin/../lib/gcc/arm-none-eabi/7.3.1/../../../../arm-none-eabi/lib/thumb/v7e-m/fpv4-sp/hard/libc_nano.a
LOAD /opt/st/stm32cubeide_1.3.0/plugins/com.st.stm32cube.ide.mcu.externaltools.gnu-tools-for-stm32.7-2018-q2-update.linux64_1.0.0.201904181610/tools/bin/../lib/gcc/arm-none-eabi/7.3.1/../../../../arm-none-eabi/lib/thumb/v7e-m/fpv4-sp/hard/libnosys.a
END GROUP
START GROUP
LOAD /opt/st/stm32cubeide_1.3.0/plugins/com.st.stm32cube.ide.mcu.externaltools.gnu-tools-for-stm32.7-2018-q2-update.linux64_1.0.0.201904181610/tools/bin/../lib/gcc/arm-none-eabi/7.3.1/thumb/v7e-m/fpv4-sp/hard/libgcc.a
LOAD /opt/st/stm32cubeide_1.3.0/plugins/com.st.stm32cube.ide.mcu.externaltools.gnu-tools-for-stm32.7-2018-q2-update.linux64_1.0.0.201904181610/tools/bin/../lib/gcc/arm-none-eabi/7.3.1/../../../../arm-none-eabi/lib/thumb/v7e-m/fpv4-sp/hard/libc_nano.a
LOAD /opt/st/stm32cubeide_1.3.0/plugins/com.st.stm32cube.ide.mcu.externaltools.gnu-tools-for-stm32.7-2018-q2-update.linux64_1.0.0.201904181610/tools/bin/../lib/gcc/arm-none-eabi/7.3.1/../../../../arm-none-eabi/lib/thumb/v7e-m/fpv4-sp/hard/libnosys.a
END GROUP
LOAD /opt/st/stm32cubeide_1.3.0/plugins/com.st.stm32cube.ide.mcu.externaltools.gnu-tools-for-stm32.7-2018-q2-update.linux64_1.0.0.201904181610/tools/bin/../lib/gcc/arm-none-eabi/7.3.1/thumb/v7e-m/fpv4-sp/hard/crtend.o
LOAD /opt/st/stm32cubeide_1.3.0/plugins/com.st.stm32cube.ide.mcu.externaltools.gnu-tools-for-stm32.7-2018-q2-update.linux64_1.0.0.201904181610/tools/bin/../lib/gcc/arm-none-eabi/7.3.1/thumb/v7e-m/fpv4-sp/hard/crtn.o
                0x0000000020030000                _estack = 0x20030000
                0x0000000000001000                _Min_Heap_Size = 0x1000
                0x0000000000001000                _Min_Stack_Size = 0x1000

.isr_vector     0x0000000008000000      0x13c
                0x0000000008000000                . = ALIGN (0x4)
 *(.isr_vector)
 .isr_vector    0x0000000008000000      0x13c Core/Startup/startup_stm32wb55rgvx.o
                0x0000000008000000                g_pfnVectors
                0x000000000800013c                . = ALIGN (0x4)

.text           0x0000000008000140    0x10188
                0x0000000008000140                . = ALIGN (0x4)
 *(.text)
 .text          0x0000000008000140       0x40 /opt/st/stm32cubeide_1.3.0/plugins/com.st.stm32cube.ide.mcu.externaltools.gnu-tools-for-stm32.7-2018-q2-update.linux64_1.0.0.201904181610/tools/bin/../lib/gcc/arm-none-eabi/7.3.1/thumb/v7e-m/fpv4-sp/hard/crtbegin.o
 .text          0x0000000008000180     0x42a4 Forth/cube/mecrisp.o
                0x00000000080037e4                rtos_osThreadGetId
                0x000000000800380a                rtos_osThreadGetState
                0x0000000008003830                rtos_osThreadSetPriority
                0x000000000800385a                rtos_osThreadGetPriority
                0x000000000800387a                rtos_osThreadYield
                0x000000000800389e                rtos_osThreadSuspend
                0x00000000080038c0                rtos_osThreadResume
                0x00000000080038e0                rtos_osThreadExit
                0x0000000008003900                rtos_osThreadTerminate
                0x0000000008003928                rtos_osThreadGetStackSpace
                0x000000000800394c                rtos_osThreadGetCount
                0x0000000008003972                rtos_osThreadEnumerate
                0x000000000800399e                rtos_xPortGetFreeHeapSize
                0x000000000800427e                Forth
 .text          0x0000000008004424       0x30 /opt/st/stm32cubeide_1.3.0/plugins/com.st.stm32cube.ide.mcu.externaltools.gnu-tools-for-stm32.7-2018-q2-update.linux64_1.0.0.201904181610/tools/bin/../lib/gcc/arm-none-eabi/7.3.1/thumb/v7e-m/fpv4-sp/hard/libgcc.a(_aeabi_uldivmod.o)
                0x0000000008004424                __aeabi_uldivmod
 .text          0x0000000008004454      0x2cc /opt/st/stm32cubeide_1.3.0/plugins/com.st.stm32cube.ide.mcu.externaltools.gnu-tools-for-stm32.7-2018-q2-update.linux64_1.0.0.201904181610/tools/bin/../lib/gcc/arm-none-eabi/7.3.1/thumb/v7e-m/fpv4-sp/hard/libgcc.a(_udivmoddi4.o)
                0x0000000008004454                __udivmoddi4
 .text          0x0000000008004720        0x4 /opt/st/stm32cubeide_1.3.0/plugins/com.st.stm32cube.ide.mcu.externaltools.gnu-tools-for-stm32.7-2018-q2-update.linux64_1.0.0.201904181610/tools/bin/../lib/gcc/arm-none-eabi/7.3.1/thumb/v7e-m/fpv4-sp/hard/libgcc.a(_dvmd_tls.o)
                0x0000000008004720                __aeabi_ldiv0
                0x0000000008004720                __aeabi_idiv0
 *(.text*)
 .text.APPD_EnableCPU2
                0x0000000008004724       0x38 Core/Src/app_debug.o
                0x0000000008004724                APPD_EnableCPU2
 .text.APPE_SysUserEvtRx
                0x000000000800475c       0x16 Core/Src/app_entry.o
 .text.ShciUserEvtProcess
                0x0000000008004772       0x14 Core/Src/app_entry.o
 *fill*         0x0000000008004786        0x2 
 .text.APPE_SysStatusNot
                0x0000000008004788       0x20 Core/Src/app_entry.o
 .text.APPE_Init
                0x00000000080047a8       0xa0 Core/Src/app_entry.o
                0x00000000080047a8                APPE_Init
 .text.shci_notify_asynch_evt
                0x0000000008004848       0x10 Core/Src/app_entry.o
                0x0000000008004848                shci_notify_asynch_evt
 .text.shci_cmd_resp_release
                0x0000000008004858        0xc Core/Src/app_entry.o
                0x0000000008004858                shci_cmd_resp_release
 .text.shci_cmd_resp_wait
                0x0000000008004864       0x10 Core/Src/app_entry.o
                0x0000000008004864                shci_cmd_resp_wait
 .text.LpTimerCb
                0x0000000008004874        0x2 Core/Src/freertos_port.o
 *fill*         0x0000000008004876        0x2 
 .text.vPortSetupTimerInterrupt
                0x0000000008004878       0x48 Core/Src/freertos_port.o
                0x0000000008004878                vPortSetupTimerInterrupt
 .text.ReadRtcSsrValue
                0x00000000080048c0       0x1c Core/Src/hw_timerserver.o
 .text.UnlinkTimer
                0x00000000080048dc       0x64 Core/Src/hw_timerserver.o
 .text.ReturnTimeElapsed
                0x0000000008004940       0x50 Core/Src/hw_timerserver.o
 .text.RescheduleTimerList
                0x0000000008004990      0x118 Core/Src/hw_timerserver.o
 .text.HW_TS_Init
                0x0000000008004aa8      0x128 Core/Src/hw_timerserver.o
                0x0000000008004aa8                HW_TS_Init
 .text.HW_TS_Create
                0x0000000008004bd0       0x54 Core/Src/hw_timerserver.o
                0x0000000008004bd0                HW_TS_Create
 .text.HW_TS_Stop
                0x0000000008004c24       0xac Core/Src/hw_timerserver.o
                0x0000000008004c24                HW_TS_Stop
 .text.HW_TS_Start
                0x0000000008004cd0      0x13c Core/Src/hw_timerserver.o
                0x0000000008004cd0                HW_TS_Start
 .text.HW_TS_RTC_Int_AppNot
                0x0000000008004e0c        0x2 Core/Src/hw_timerserver.o
                0x0000000008004e0c                HW_TS_RTC_Int_AppNot
 *fill*         0x0000000008004e0e        0x2 
 .text.HW_TS_RTC_Wakeup_Handler
                0x0000000008004e10       0xc0 Core/Src/hw_timerserver.o
                0x0000000008004e10                HW_TS_RTC_Wakeup_Handler
 .text.LL_AHB2_GRP1_EnableClock
                0x0000000008004ed0       0x18 Core/Src/main.o
 .text.HAL_TIM_PeriodElapsedCallback
                0x0000000008004ee8       0x14 Core/Src/main.o
                0x0000000008004ee8                HAL_TIM_PeriodElapsedCallback
 .text.Error_Handler
                0x0000000008004efc        0x6 Core/Src/main.o
                0x0000000008004efc                Error_Handler
 *fill*         0x0000000008004f02        0x2 
 .text.SystemClock_Config
                0x0000000008004f04      0x11c Core/Src/main.o
                0x0000000008004f04                SystemClock_Config
 .text.startup.main
                0x0000000008005020      0x264 Core/Src/main.o
                0x0000000008005020                main
 .text.vApplicationStackOverflowHook
                0x0000000008005284        0x8 Core/Src/main.o
                0x0000000008005284                vApplicationStackOverflowHook
 .text.vApplicationMallocFailedHook
                0x000000000800528c        0x4 Core/Src/main.o
                0x000000000800528c                vApplicationMallocFailedHook
 .text.MainThread
                0x0000000008005290       0x1c Core/Src/main.o
                0x0000000008005290                MainThread
 .text.LL_AHB2_GRP1_EnableClock
                0x00000000080052ac       0x18 Core/Src/stm32wbxx_hal_msp.o
 .text.LL_AHB3_GRP1_EnableClock
                0x00000000080052c4       0x18 Core/Src/stm32wbxx_hal_msp.o
 .text.HAL_MspInit
                0x00000000080052dc       0x36 Core/Src/stm32wbxx_hal_msp.o
                0x00000000080052dc                HAL_MspInit
 *fill*         0x0000000008005312        0x2 
 .text.HAL_ADC_MspInit
                0x0000000008005314       0x6c Core/Src/stm32wbxx_hal_msp.o
                0x0000000008005314                HAL_ADC_MspInit
 .text.HAL_CRC_MspInit
                0x0000000008005380       0x28 Core/Src/stm32wbxx_hal_msp.o
                0x0000000008005380                HAL_CRC_MspInit
 .text.HAL_PKA_MspInit
                0x00000000080053a8       0x18 Core/Src/stm32wbxx_hal_msp.o
                0x00000000080053a8                HAL_PKA_MspInit
 .text.HAL_RNG_MspInit
                0x00000000080053c0       0x18 Core/Src/stm32wbxx_hal_msp.o
                0x00000000080053c0                HAL_RNG_MspInit
 .text.HAL_RTC_MspInit
                0x00000000080053d8       0x34 Core/Src/stm32wbxx_hal_msp.o
                0x00000000080053d8                HAL_RTC_MspInit
 .text.HAL_UART_MspInit
                0x000000000800540c       0x6c Core/Src/stm32wbxx_hal_msp.o
                0x000000000800540c                HAL_UART_MspInit
 .text.HAL_InitTick
                0x0000000008005478       0x74 Core/Src/stm32wbxx_hal_timebase_tim.o
                0x0000000008005478                HAL_InitTick
 .text.NMI_Handler
                0x00000000080054ec        0x2 Core/Src/stm32wbxx_it.o
                0x00000000080054ec                NMI_Handler
 .text.HardFault_Handler
                0x00000000080054ee        0x2 Core/Src/stm32wbxx_it.o
                0x00000000080054ee                HardFault_Handler
 .text.MemManage_Handler
                0x00000000080054f0        0x2 Core/Src/stm32wbxx_it.o
                0x00000000080054f0                MemManage_Handler
 .text.BusFault_Handler
                0x00000000080054f2        0x2 Core/Src/stm32wbxx_it.o
                0x00000000080054f2                BusFault_Handler
 .text.UsageFault_Handler
                0x00000000080054f4        0x2 Core/Src/stm32wbxx_it.o
                0x00000000080054f4                UsageFault_Handler
 .text.DebugMon_Handler
                0x00000000080054f6        0x2 Core/Src/stm32wbxx_it.o
                0x00000000080054f6                DebugMon_Handler
 .text.FLASH_IRQHandler
                0x00000000080054f8        0x4 Core/Src/stm32wbxx_it.o
                0x00000000080054f8                FLASH_IRQHandler
 .text.ADC1_IRQHandler
                0x00000000080054fc        0xc Core/Src/stm32wbxx_it.o
                0x00000000080054fc                ADC1_IRQHandler
 .text.USB_LP_IRQHandler
                0x0000000008005508        0xc Core/Src/stm32wbxx_it.o
                0x0000000008005508                USB_LP_IRQHandler
 .text.TIM1_TRG_COM_TIM17_IRQHandler
                0x0000000008005514        0xc Core/Src/stm32wbxx_it.o
                0x0000000008005514                TIM1_TRG_COM_TIM17_IRQHandler
 .text.USART1_IRQHandler
                0x0000000008005520        0xc Core/Src/stm32wbxx_it.o
                0x0000000008005520                USART1_IRQHandler
 .text.RTC_WKUP_IRQHandler
                0x000000000800552c        0x4 Core/Src/stm32wbxx_it.o
                0x000000000800552c                RTC_WKUP_IRQHandler
 .text.IPCC_C1_TX_IRQHandler
                0x0000000008005530        0x4 Core/Src/stm32wbxx_it.o
                0x0000000008005530                IPCC_C1_TX_IRQHandler
 .text.IPCC_C1_RX_IRQHandler
                0x0000000008005534        0x4 Core/Src/stm32wbxx_it.o
                0x0000000008005534                IPCC_C1_RX_IRQHandler
 .text.SystemInit
                0x0000000008005538       0x68 Core/Src/system_stm32wbxx.o
                0x0000000008005538                SystemInit
 .text.SystemCoreClockUpdate
                0x00000000080055a0       0xa0 Core/Src/system_stm32wbxx.o
                0x00000000080055a0                SystemCoreClockUpdate
 .text.data_initializers
                0x0000000008005640       0x18 Core/Startup/startup_stm32wb55rgvx.o
 .text.Reset_Handler
                0x0000000008005658       0x54 Core/Startup/startup_stm32wb55rgvx.o
                0x0000000008005658                Reset_Handler
 .text.Default_Handler
                0x00000000080056ac        0x2 Core/Startup/startup_stm32wb55rgvx.o
                0x00000000080056ac                RTC_Alarm_IRQHandler
                0x00000000080056ac                EXTI2_IRQHandler
                0x00000000080056ac                TIM1_CC_IRQHandler
                0x00000000080056ac                TSC_IRQHandler
                0x00000000080056ac                USB_HP_IRQHandler
                0x00000000080056ac                EXTI3_IRQHandler
                0x00000000080056ac                LPTIM2_IRQHandler
                0x00000000080056ac                I2C3_ER_IRQHandler
                0x00000000080056ac                EXTI0_IRQHandler
                0x00000000080056ac                FPU_IRQHandler
                0x00000000080056ac                TIM1_UP_TIM16_IRQHandler
                0x00000000080056ac                AES1_IRQHandler
                0x00000000080056ac                SPI1_IRQHandler
                0x00000000080056ac                PWR_SOTF_BLEACT_802ACT_RFPHASE_IRQHandler
                0x00000000080056ac                DMA2_Channel2_IRQHandler
                0x00000000080056ac                DMA1_Channel4_IRQHandler
                0x00000000080056ac                PKA_IRQHandler
                0x00000000080056ac                DMA1_Channel7_IRQHandler
                0x00000000080056ac                LCD_IRQHandler
                0x00000000080056ac                DMA2_Channel1_IRQHandler
                0x00000000080056ac                QUADSPI_IRQHandler
                0x00000000080056ac                I2C1_EV_IRQHandler
                0x00000000080056ac                DMAMUX1_OVR_IRQHandler
                0x00000000080056ac                DMA1_Channel6_IRQHandler
                0x00000000080056ac                DMA2_Channel4_IRQHandler
                0x00000000080056ac                RCC_IRQHandler
                0x00000000080056ac                DMA1_Channel1_IRQHandler
                0x00000000080056ac                Default_Handler
                0x00000000080056ac                DMA2_Channel7_IRQHandler
                0x00000000080056ac                EXTI15_10_IRQHandler
                0x00000000080056ac                C2SEV_PWR_C2H_IRQHandler
                0x00000000080056ac                AES2_IRQHandler
                0x00000000080056ac                I2C3_EV_IRQHandler
                0x00000000080056ac                EXTI9_5_IRQHandler
                0x00000000080056ac                PVD_PVM_IRQHandler
                0x00000000080056ac                SPI2_IRQHandler
                0x00000000080056ac                DMA2_Channel5_IRQHandler
                0x00000000080056ac                CRS_IRQHandler
                0x00000000080056ac                DMA1_Channel5_IRQHandler
                0x00000000080056ac                EXTI4_IRQHandler
                0x00000000080056ac                RNG_IRQHandler
                0x00000000080056ac                TAMP_STAMP_LSECSS_IRQHandler
                0x00000000080056ac                DMA1_Channel3_IRQHandler
                0x00000000080056ac                COMP_IRQHandler
                0x00000000080056ac                HSEM_IRQHandler
                0x00000000080056ac                WWDG_IRQHandler
                0x00000000080056ac                LPUART1_IRQHandler
                0x00000000080056ac                DMA2_Channel6_IRQHandler
                0x00000000080056ac                TIM2_IRQHandler
                0x00000000080056ac                TIM1_BRK_IRQHandler
                0x00000000080056ac                EXTI1_IRQHandler
                0x00000000080056ac                DMA1_Channel2_IRQHandler
                0x00000000080056ac                I2C1_ER_IRQHandler
                0x00000000080056ac                LPTIM1_IRQHandler
                0x00000000080056ac                SAI1_IRQHandler
                0x00000000080056ac                DMA2_Channel3_IRQHandler
 *fill*         0x00000000080056ae        0x2 
 .text.HAL_Init
                0x00000000080056b0       0x2c Drivers/STM32WBxx_HAL_Driver/Src/stm32wbxx_hal.o
                0x00000000080056b0                HAL_Init
 .text.HAL_IncTick
                0x00000000080056dc       0x18 Drivers/STM32WBxx_HAL_Driver/Src/stm32wbxx_hal.o
                0x00000000080056dc                HAL_IncTick
 .text.HAL_GetTick
                0x00000000080056f4        0xc Drivers/STM32WBxx_HAL_Driver/Src/stm32wbxx_hal.o
                0x00000000080056f4                HAL_GetTick
 .text.HAL_GetTickPrio
                0x0000000008005700        0xc Drivers/STM32WBxx_HAL_Driver/Src/stm32wbxx_hal.o
                0x0000000008005700                HAL_GetTickPrio
 .text.LL_ADC_SetChannelSamplingTime
                0x000000000800570c       0x22 Drivers/STM32WBxx_HAL_Driver/Src/stm32wbxx_hal_adc.o
 .text.LL_ADC_IsEnabled
                0x000000000800572e        0x8 Drivers/STM32WBxx_HAL_Driver/Src/stm32wbxx_hal_adc.o
 .text.LL_ADC_REG_IsConversionOngoing
                0x0000000008005736        0x8 Drivers/STM32WBxx_HAL_Driver/Src/stm32wbxx_hal_adc.o
 *fill*         0x000000000800573e        0x2 
 .text.HAL_ADC_Init
                0x0000000008005740      0x1a0 Drivers/STM32WBxx_HAL_Driver/Src/stm32wbxx_hal_adc.o
                0x0000000008005740                HAL_ADC_Init
 .text.HAL_ADC_ConvCpltCallback
                0x00000000080058e0        0x2 Drivers/STM32WBxx_HAL_Driver/Src/stm32wbxx_hal_adc.o
                0x00000000080058e0                HAL_ADC_ConvCpltCallback
 .text.HAL_ADC_LevelOutOfWindowCallback
                0x00000000080058e2        0x2 Drivers/STM32WBxx_HAL_Driver/Src/stm32wbxx_hal_adc.o
                0x00000000080058e2                HAL_ADC_LevelOutOfWindowCallback
 .text.HAL_ADC_ErrorCallback
                0x00000000080058e4        0x2 Drivers/STM32WBxx_HAL_Driver/Src/stm32wbxx_hal_adc.o
                0x00000000080058e4                HAL_ADC_ErrorCallback
 .text.HAL_ADC_IRQHandler
                0x00000000080058e6      0x1e6 Drivers/STM32WBxx_HAL_Driver/Src/stm32wbxx_hal_adc.o
                0x00000000080058e6                HAL_ADC_IRQHandler
 .text.HAL_ADC_ConfigChannel
                0x0000000008005acc      0x38c Drivers/STM32WBxx_HAL_Driver/Src/stm32wbxx_hal_adc.o
                0x0000000008005acc                HAL_ADC_ConfigChannel
 .text.HAL_ADCEx_InjectedConvCpltCallback
                0x0000000008005e58        0x2 Drivers/STM32WBxx_HAL_Driver/Src/stm32wbxx_hal_adc_ex.o
                0x0000000008005e58                HAL_ADCEx_InjectedConvCpltCallback
 .text.HAL_ADCEx_InjectedQueueOverflowCallback
                0x0000000008005e5a        0x2 Drivers/STM32WBxx_HAL_Driver/Src/stm32wbxx_hal_adc_ex.o
                0x0000000008005e5a                HAL_ADCEx_InjectedQueueOverflowCallback
 .text.HAL_ADCEx_LevelOutOfWindow2Callback
                0x0000000008005e5c        0x2 Drivers/STM32WBxx_HAL_Driver/Src/stm32wbxx_hal_adc_ex.o
                0x0000000008005e5c                HAL_ADCEx_LevelOutOfWindow2Callback
 .text.HAL_ADCEx_LevelOutOfWindow3Callback
                0x0000000008005e5e        0x2 Drivers/STM32WBxx_HAL_Driver/Src/stm32wbxx_hal_adc_ex.o
                0x0000000008005e5e                HAL_ADCEx_LevelOutOfWindow3Callback
 .text.HAL_ADCEx_EndOfSamplingCallback
                0x0000000008005e60        0x2 Drivers/STM32WBxx_HAL_Driver/Src/stm32wbxx_hal_adc_ex.o
                0x0000000008005e60                HAL_ADCEx_EndOfSamplingCallback
 *fill*         0x0000000008005e62        0x2 
 .text.HAL_NVIC_SetPriorityGrouping
                0x0000000008005e64       0x24 Drivers/STM32WBxx_HAL_Driver/Src/stm32wbxx_hal_cortex.o
                0x0000000008005e64                HAL_NVIC_SetPriorityGrouping
 .text.HAL_NVIC_SetPriority
                0x0000000008005e88       0x68 Drivers/STM32WBxx_HAL_Driver/Src/stm32wbxx_hal_cortex.o
                0x0000000008005e88                HAL_NVIC_SetPriority
 .text.HAL_NVIC_EnableIRQ
                0x0000000008005ef0       0x1c Drivers/STM32WBxx_HAL_Driver/Src/stm32wbxx_hal_cortex.o
                0x0000000008005ef0                HAL_NVIC_EnableIRQ
 .text.HAL_NVIC_DisableIRQ
                0x0000000008005f0c       0x28 Drivers/STM32WBxx_HAL_Driver/Src/stm32wbxx_hal_cortex.o
                0x0000000008005f0c                HAL_NVIC_DisableIRQ
 .text.HAL_NVIC_SetPendingIRQ
                0x0000000008005f34       0x20 Drivers/STM32WBxx_HAL_Driver/Src/stm32wbxx_hal_cortex.o
                0x0000000008005f34                HAL_NVIC_SetPendingIRQ
 .text.HAL_NVIC_ClearPendingIRQ
                0x0000000008005f54       0x20 Drivers/STM32WBxx_HAL_Driver/Src/stm32wbxx_hal_cortex.o
                0x0000000008005f54                HAL_NVIC_ClearPendingIRQ
 .text.HAL_CRC_Init
                0x0000000008005f74       0x74 Drivers/STM32WBxx_HAL_Driver/Src/stm32wbxx_hal_crc.o
                0x0000000008005f74                HAL_CRC_Init
 .text.HAL_CRCEx_Polynomial_Set
                0x0000000008005fe8       0x44 Drivers/STM32WBxx_HAL_Driver/Src/stm32wbxx_hal_crc_ex.o
                0x0000000008005fe8                HAL_CRCEx_Polynomial_Set
 .text.HAL_DMA_Abort_IT
                0x000000000800602c       0x6e Drivers/STM32WBxx_HAL_Driver/Src/stm32wbxx_hal_dma.o
                0x000000000800602c                HAL_DMA_Abort_IT
 *fill*         0x000000000800609a        0x2 
 .text.HAL_FLASH_IRQHandler
                0x000000000800609c       0x98 Drivers/STM32WBxx_HAL_Driver/Src/stm32wbxx_hal_flash.o
                0x000000000800609c                HAL_FLASH_IRQHandler
 .text.HAL_FLASH_Unlock
                0x0000000008006134       0x24 Drivers/STM32WBxx_HAL_Driver/Src/stm32wbxx_hal_flash.o
                0x0000000008006134                HAL_FLASH_Unlock
 .text.HAL_FLASH_Lock
                0x0000000008006158       0x18 Drivers/STM32WBxx_HAL_Driver/Src/stm32wbxx_hal_flash.o
                0x0000000008006158                HAL_FLASH_Lock
 .text.FLASH_WaitForLastOperation
                0x0000000008006170       0x5c Drivers/STM32WBxx_HAL_Driver/Src/stm32wbxx_hal_flash.o
                0x0000000008006170                FLASH_WaitForLastOperation
 .text.HAL_FLASH_Program_IT
                0x00000000080061cc       0x74 Drivers/STM32WBxx_HAL_Driver/Src/stm32wbxx_hal_flash.o
                0x00000000080061cc                HAL_FLASH_Program_IT
 .text.HAL_FLASHEx_IsOperationSuspended
                0x0000000008006240       0x10 Drivers/STM32WBxx_HAL_Driver/Src/stm32wbxx_hal_flash_ex.o
                0x0000000008006240                HAL_FLASHEx_IsOperationSuspended
 .text.FLASH_PageErase
                0x0000000008006250       0x1c Drivers/STM32WBxx_HAL_Driver/Src/stm32wbxx_hal_flash_ex.o
                0x0000000008006250                FLASH_PageErase
 .text.HAL_FLASHEx_Erase_IT
                0x000000000800626c       0x54 Drivers/STM32WBxx_HAL_Driver/Src/stm32wbxx_hal_flash_ex.o
                0x000000000800626c                HAL_FLASHEx_Erase_IT
 .text.HAL_GPIO_Init
                0x00000000080062c0      0x16c Drivers/STM32WBxx_HAL_Driver/Src/stm32wbxx_hal_gpio.o
                0x00000000080062c0                HAL_GPIO_Init
 .text.HAL_GPIO_ReadPin
                0x000000000800642c        0xc Drivers/STM32WBxx_HAL_Driver/Src/stm32wbxx_hal_gpio.o
                0x000000000800642c                HAL_GPIO_ReadPin
 .text.HAL_GPIO_WritePin
                0x0000000008006438        0xa Drivers/STM32WBxx_HAL_Driver/Src/stm32wbxx_hal_gpio.o
                0x0000000008006438                HAL_GPIO_WritePin
 .text.HAL_PCD_Init
                0x0000000008006442       0xc0 Drivers/STM32WBxx_HAL_Driver/Src/stm32wbxx_hal_pcd.o
                0x0000000008006442                HAL_PCD_Init
 .text.HAL_PCD_Start
                0x0000000008006502       0x2a Drivers/STM32WBxx_HAL_Driver/Src/stm32wbxx_hal_pcd.o
                0x0000000008006502                HAL_PCD_Start
 .text.HAL_PCD_SetAddress
                0x000000000800652c       0x28 Drivers/STM32WBxx_HAL_Driver/Src/stm32wbxx_hal_pcd.o
                0x000000000800652c                HAL_PCD_SetAddress
 .text.HAL_PCD_EP_Open
                0x0000000008006554       0x66 Drivers/STM32WBxx_HAL_Driver/Src/stm32wbxx_hal_pcd.o
                0x0000000008006554                HAL_PCD_EP_Open
 .text.HAL_PCD_EP_Close
                0x00000000080065ba       0x52 Drivers/STM32WBxx_HAL_Driver/Src/stm32wbxx_hal_pcd.o
                0x00000000080065ba                HAL_PCD_EP_Close
 .text.HAL_PCD_EP_Receive
                0x000000000800660c       0x32 Drivers/STM32WBxx_HAL_Driver/Src/stm32wbxx_hal_pcd.o
                0x000000000800660c                HAL_PCD_EP_Receive
 .text.HAL_PCD_EP_GetRxCount
                0x000000000800663e        0xe Drivers/STM32WBxx_HAL_Driver/Src/stm32wbxx_hal_pcd.o
                0x000000000800663e                HAL_PCD_EP_GetRxCount
 .text.HAL_PCD_EP_Transmit
                0x000000000800664c       0x2e Drivers/STM32WBxx_HAL_Driver/Src/stm32wbxx_hal_pcd.o
                0x000000000800664c                HAL_PCD_EP_Transmit
 *fill*         0x000000000800667a        0x2 
 .text.HAL_PCD_IRQHandler
                0x000000000800667c      0x484 Drivers/STM32WBxx_HAL_Driver/Src/stm32wbxx_hal_pcd.o
                0x000000000800667c                HAL_PCD_IRQHandler
 .text.HAL_PCD_EP_SetStall
                0x0000000008006b00       0x72 Drivers/STM32WBxx_HAL_Driver/Src/stm32wbxx_hal_pcd.o
                0x0000000008006b00                HAL_PCD_EP_SetStall
 .text.HAL_PCD_EP_ClrStall
                0x0000000008006b72       0x64 Drivers/STM32WBxx_HAL_Driver/Src/stm32wbxx_hal_pcd.o
                0x0000000008006b72                HAL_PCD_EP_ClrStall
 .text.HAL_PCDEx_PMAConfig
                0x0000000008006bd6       0x32 Drivers/STM32WBxx_HAL_Driver/Src/stm32wbxx_hal_pcd_ex.o
                0x0000000008006bd6                HAL_PCDEx_PMAConfig
 .text.HAL_PCDEx_ActivateLPM
                0x0000000008006c08       0x28 Drivers/STM32WBxx_HAL_Driver/Src/stm32wbxx_hal_pcd_ex.o
                0x0000000008006c08                HAL_PCDEx_ActivateLPM
 .text.HAL_PKA_Init
                0x0000000008006c30       0x2c Drivers/STM32WBxx_HAL_Driver/Src/stm32wbxx_hal_pka.o
                0x0000000008006c30                HAL_PKA_Init
 .text.HAL_PWR_EnableBkUpAccess
                0x0000000008006c5c       0x10 Drivers/STM32WBxx_HAL_Driver/Src/stm32wbxx_hal_pwr.o
                0x0000000008006c5c                HAL_PWR_EnableBkUpAccess
 .text.HAL_PWREx_GetVoltageRange
                0x0000000008006c6c       0x10 Drivers/STM32WBxx_HAL_Driver/Src/stm32wbxx_hal_pwr_ex.o
                0x0000000008006c6c                HAL_PWREx_GetVoltageRange
 .text.HAL_PWREx_EnableVddUSB
                0x0000000008006c7c       0x10 Drivers/STM32WBxx_HAL_Driver/Src/stm32wbxx_hal_pwr_ex.o
                0x0000000008006c7c                HAL_PWREx_EnableVddUSB
 .text.LL_RCC_HSE_IsReady
                0x0000000008006c8c        0xc Drivers/STM32WBxx_HAL_Driver/Src/stm32wbxx_hal_rcc.o
 .text.LL_RCC_HSI_IsReady
                0x0000000008006c98        0xc Drivers/STM32WBxx_HAL_Driver/Src/stm32wbxx_hal_rcc.o
 .text.LL_RCC_LSI1_IsReady
                0x0000000008006ca4        0xe Drivers/STM32WBxx_HAL_Driver/Src/stm32wbxx_hal_rcc.o
 .text.LL_RCC_MSI_IsReady
                0x0000000008006cb2        0xc Drivers/STM32WBxx_HAL_Driver/Src/stm32wbxx_hal_rcc.o
 .text.LL_RCC_MSI_SetRange
                0x0000000008006cbe       0x10 Drivers/STM32WBxx_HAL_Driver/Src/stm32wbxx_hal_rcc.o
 .text.LL_RCC_MSI_GetRange
                0x0000000008006cce       0x12 Drivers/STM32WBxx_HAL_Driver/Src/stm32wbxx_hal_rcc.o
 .text.LL_RCC_MSI_SetCalibTrimming
                0x0000000008006ce0       0x12 Drivers/STM32WBxx_HAL_Driver/Src/stm32wbxx_hal_rcc.o
 *fill*         0x0000000008006cf2        0x2 
 .text.RCC_SetFlashLatencyFromMSIRange
                0x0000000008006cf4       0xd0 Drivers/STM32WBxx_HAL_Driver/Src/stm32wbxx_hal_rcc.o
 .text.HAL_RCC_OscConfig
                0x0000000008006dc4      0x5b0 Drivers/STM32WBxx_HAL_Driver/Src/stm32wbxx_hal_rcc.o
                0x0000000008006dc4                HAL_RCC_OscConfig
 .text.HAL_RCC_ClockConfig
                0x0000000008007374      0x1e8 Drivers/STM32WBxx_HAL_Driver/Src/stm32wbxx_hal_rcc.o
                0x0000000008007374                HAL_RCC_ClockConfig
 .text.HAL_RCC_GetSysClockFreq
                0x000000000800755c       0x9c Drivers/STM32WBxx_HAL_Driver/Src/stm32wbxx_hal_rcc.o
                0x000000000800755c                HAL_RCC_GetSysClockFreq
 .text.HAL_RCC_GetHCLKFreq
                0x00000000080075f8       0x20 Drivers/STM32WBxx_HAL_Driver/Src/stm32wbxx_hal_rcc.o
                0x00000000080075f8                HAL_RCC_GetHCLKFreq
 .text.HAL_RCC_GetPCLK1Freq
                0x0000000008007618       0x24 Drivers/STM32WBxx_HAL_Driver/Src/stm32wbxx_hal_rcc.o
                0x0000000008007618                HAL_RCC_GetPCLK1Freq
 .text.HAL_RCC_GetPCLK2Freq
                0x000000000800763c       0x24 Drivers/STM32WBxx_HAL_Driver/Src/stm32wbxx_hal_rcc.o
                0x000000000800763c                HAL_RCC_GetPCLK2Freq
 .text.HAL_RCC_GetClockConfig
                0x0000000008007660       0x4c Drivers/STM32WBxx_HAL_Driver/Src/stm32wbxx_hal_rcc.o
                0x0000000008007660                HAL_RCC_GetClockConfig
 .text.LL_RCC_LSE_IsReady
                0x00000000080076ac        0xe Drivers/STM32WBxx_HAL_Driver/Src/stm32wbxx_hal_rcc_ex.o
 .text.LL_RCC_SetI2CClockSource
                0x00000000080076ba       0x20 Drivers/STM32WBxx_HAL_Driver/Src/stm32wbxx_hal_rcc_ex.o
 .text.LL_RCC_PLLSAI1_Enable
                0x00000000080076da        0xe Drivers/STM32WBxx_HAL_Driver/Src/stm32wbxx_hal_rcc_ex.o
 .text.LL_RCC_PLLSAI1_Disable
                0x00000000080076e8        0xe Drivers/STM32WBxx_HAL_Driver/Src/stm32wbxx_hal_rcc_ex.o
 .text.LL_RCC_PLLSAI1_IsReady
                0x00000000080076f6        0xc Drivers/STM32WBxx_HAL_Driver/Src/stm32wbxx_hal_rcc_ex.o
 .text.HAL_RCCEx_PeriphCLKConfig
                0x0000000008007702      0x386 Drivers/STM32WBxx_HAL_Driver/Src/stm32wbxx_hal_rcc_ex.o
                0x0000000008007702                HAL_RCCEx_PeriphCLKConfig
 .text.HAL_RCCEx_EnableMSIPLLMode
                0x0000000008007a88        0xe Drivers/STM32WBxx_HAL_Driver/Src/stm32wbxx_hal_rcc_ex.o
                0x0000000008007a88                HAL_RCCEx_EnableMSIPLLMode
 .text.HAL_RNG_Init
                0x0000000008007a96       0x3c Drivers/STM32WBxx_HAL_Driver/Src/stm32wbxx_hal_rng.o
                0x0000000008007a96                HAL_RNG_Init
 .text.HAL_RTC_WaitForSynchro
                0x0000000008007ad2       0x30 Drivers/STM32WBxx_HAL_Driver/Src/stm32wbxx_hal_rtc.o
                0x0000000008007ad2                HAL_RTC_WaitForSynchro
 .text.RTC_EnterInitMode
                0x0000000008007b02       0x34 Drivers/STM32WBxx_HAL_Driver/Src/stm32wbxx_hal_rtc.o
                0x0000000008007b02                RTC_EnterInitMode
 .text.HAL_RTC_Init
                0x0000000008007b36       0xb8 Drivers/STM32WBxx_HAL_Driver/Src/stm32wbxx_hal_rtc.o
                0x0000000008007b36                HAL_RTC_Init
 .text.HAL_TIM_Base_MspInit
                0x0000000008007bee        0x2 Drivers/STM32WBxx_HAL_Driver/Src/stm32wbxx_hal_tim.o
                0x0000000008007bee                HAL_TIM_Base_MspInit
 .text.HAL_TIM_Base_Start_IT
                0x0000000008007bf0       0x2c Drivers/STM32WBxx_HAL_Driver/Src/stm32wbxx_hal_tim.o
                0x0000000008007bf0                HAL_TIM_Base_Start_IT
 .text.HAL_TIM_OC_DelayElapsedCallback
                0x0000000008007c1c        0x2 Drivers/STM32WBxx_HAL_Driver/Src/stm32wbxx_hal_tim.o
                0x0000000008007c1c                HAL_TIM_OC_DelayElapsedCallback
 .text.HAL_TIM_IC_CaptureCallback
                0x0000000008007c1e        0x2 Drivers/STM32WBxx_HAL_Driver/Src/stm32wbxx_hal_tim.o
                0x0000000008007c1e                HAL_TIM_IC_CaptureCallback
 .text.HAL_TIM_PWM_PulseFinishedCallback
                0x0000000008007c20        0x2 Drivers/STM32WBxx_HAL_Driver/Src/stm32wbxx_hal_tim.o
                0x0000000008007c20                HAL_TIM_PWM_PulseFinishedCallback
 .text.HAL_TIM_TriggerCallback
                0x0000000008007c22        0x2 Drivers/STM32WBxx_HAL_Driver/Src/stm32wbxx_hal_tim.o
                0x0000000008007c22                HAL_TIM_TriggerCallback
 .text.HAL_TIM_IRQHandler
                0x0000000008007c24      0x160 Drivers/STM32WBxx_HAL_Driver/Src/stm32wbxx_hal_tim.o
                0x0000000008007c24                HAL_TIM_IRQHandler
 .text.TIM_Base_SetConfig
                0x0000000008007d84       0x74 Drivers/STM32WBxx_HAL_Driver/Src/stm32wbxx_hal_tim.o
                0x0000000008007d84                TIM_Base_SetConfig
 .text.HAL_TIM_Base_Init
                0x0000000008007df8       0x34 Drivers/STM32WBxx_HAL_Driver/Src/stm32wbxx_hal_tim.o
                0x0000000008007df8                HAL_TIM_Base_Init
 .text.HAL_TIMEx_CommutCallback
                0x0000000008007e2c        0x2 Drivers/STM32WBxx_HAL_Driver/Src/stm32wbxx_hal_tim_ex.o
                0x0000000008007e2c                HAL_TIMEx_CommutCallback
 .text.HAL_TIMEx_BreakCallback
                0x0000000008007e2e        0x2 Drivers/STM32WBxx_HAL_Driver/Src/stm32wbxx_hal_tim_ex.o
                0x0000000008007e2e                HAL_TIMEx_BreakCallback
 .text.HAL_TIMEx_Break2Callback
                0x0000000008007e30        0x2 Drivers/STM32WBxx_HAL_Driver/Src/stm32wbxx_hal_tim_ex.o
                0x0000000008007e30                HAL_TIMEx_Break2Callback
 .text.UART_EndRxTransfer
                0x0000000008007e32       0x22 Drivers/STM32WBxx_HAL_Driver/Src/stm32wbxx_hal_uart.o
 .text.UART_TxISR_16BIT
                0x0000000008007e54       0x40 Drivers/STM32WBxx_HAL_Driver/Src/stm32wbxx_hal_uart.o
 .text.UART_TxISR_16BIT_FIFOEN
                0x0000000008007e94       0x52 Drivers/STM32WBxx_HAL_Driver/Src/stm32wbxx_hal_uart.o
 .text.UART_TxISR_8BIT
                0x0000000008007ee6       0x3c Drivers/STM32WBxx_HAL_Driver/Src/stm32wbxx_hal_uart.o
 .text.UART_TxISR_8BIT_FIFOEN
                0x0000000008007f22       0x4e Drivers/STM32WBxx_HAL_Driver/Src/stm32wbxx_hal_uart.o
 .text.HAL_UART_Transmit_IT
                0x0000000008007f70       0xa4 Drivers/STM32WBxx_HAL_Driver/Src/stm32wbxx_hal_uart.o
                0x0000000008007f70                HAL_UART_Transmit_IT
 .text.HAL_UART_Receive_IT
                0x0000000008008014       0xf0 Drivers/STM32WBxx_HAL_Driver/Src/stm32wbxx_hal_uart.o
                0x0000000008008014                HAL_UART_Receive_IT
 .text.UART_RxISR_8BIT
                0x0000000008008104       0x5c Drivers/STM32WBxx_HAL_Driver/Src/stm32wbxx_hal_uart.o
 .text.UART_RxISR_16BIT
                0x0000000008008160       0x58 Drivers/STM32WBxx_HAL_Driver/Src/stm32wbxx_hal_uart.o
 .text.UART_RxISR_8BIT_FIFOEN
                0x00000000080081b8       0xa4 Drivers/STM32WBxx_HAL_Driver/Src/stm32wbxx_hal_uart.o
 .text.UART_RxISR_16BIT_FIFOEN
                0x000000000800825c       0xa0 Drivers/STM32WBxx_HAL_Driver/Src/stm32wbxx_hal_uart.o
 .text.HAL_UART_IRQHandler
                0x00000000080082fc      0x19c Drivers/STM32WBxx_HAL_Driver/Src/stm32wbxx_hal_uart.o
                0x00000000080082fc                HAL_UART_IRQHandler
 .text.UART_DMAAbortOnError
                0x0000000008008498       0x14 Drivers/STM32WBxx_HAL_Driver/Src/stm32wbxx_hal_uart.o
 *fill*         0x00000000080084ac        0x4 
 .text.UART_SetConfig
                0x00000000080084b0      0x8b4 Drivers/STM32WBxx_HAL_Driver/Src/stm32wbxx_hal_uart.o
                0x00000000080084b0                UART_SetConfig
 .text.UART_AdvFeatureConfig
                0x0000000008008d64       0xa8 Drivers/STM32WBxx_HAL_Driver/Src/stm32wbxx_hal_uart.o
                0x0000000008008d64                UART_AdvFeatureConfig
 .text.UART_WaitOnFlagUntilTimeout
                0x0000000008008e0c       0x8e Drivers/STM32WBxx_HAL_Driver/Src/stm32wbxx_hal_uart.o
                0x0000000008008e0c                UART_WaitOnFlagUntilTimeout
 .text.UART_CheckIdleState
                0x0000000008008e9a       0x66 Drivers/STM32WBxx_HAL_Driver/Src/stm32wbxx_hal_uart.o
                0x0000000008008e9a                UART_CheckIdleState
 .text.HAL_UART_Init
                0x0000000008008f00       0x60 Drivers/STM32WBxx_HAL_Driver/Src/stm32wbxx_hal_uart.o
                0x0000000008008f00                HAL_UART_Init
 .text.UARTEx_SetNbDataToProcess
                0x0000000008008f60       0x6c Drivers/STM32WBxx_HAL_Driver/Src/stm32wbxx_hal_uart_ex.o
 .text.HAL_UARTEx_WakeupCallback
                0x0000000008008fcc        0x2 Drivers/STM32WBxx_HAL_Driver/Src/stm32wbxx_hal_uart_ex.o
                0x0000000008008fcc                HAL_UARTEx_WakeupCallback
 .text.HAL_UARTEx_TxFifoEmptyCallback
                0x0000000008008fce        0x2 Drivers/STM32WBxx_HAL_Driver/Src/stm32wbxx_hal_uart_ex.o
                0x0000000008008fce                HAL_UARTEx_TxFifoEmptyCallback
 .text.HAL_UARTEx_EnableFifoMode
                0x0000000008008fd0       0x46 Drivers/STM32WBxx_HAL_Driver/Src/stm32wbxx_hal_uart_ex.o
                0x0000000008008fd0                HAL_UARTEx_EnableFifoMode
 .text.HAL_UARTEx_SetTxFifoThreshold
                0x0000000008009016       0x48 Drivers/STM32WBxx_HAL_Driver/Src/stm32wbxx_hal_uart_ex.o
                0x0000000008009016                HAL_UARTEx_SetTxFifoThreshold
 .text.HAL_UARTEx_SetRxFifoThreshold
                0x000000000800905e       0x48 Drivers/STM32WBxx_HAL_Driver/Src/stm32wbxx_hal_uart_ex.o
                0x000000000800905e                HAL_UARTEx_SetRxFifoThreshold
 .text.USB_EnableGlobalInt
                0x00000000080090a6       0x14 Drivers/STM32WBxx_HAL_Driver/Src/stm32wbxx_ll_usb.o
                0x00000000080090a6                USB_EnableGlobalInt
 .text.USB_DisableGlobalInt
                0x00000000080090ba       0x14 Drivers/STM32WBxx_HAL_Driver/Src/stm32wbxx_ll_usb.o
                0x00000000080090ba                USB_DisableGlobalInt
 .text.USB_DevInit
                0x00000000080090ce       0x38 Drivers/STM32WBxx_HAL_Driver/Src/stm32wbxx_ll_usb.o
                0x00000000080090ce                USB_DevInit
 *fill*         0x0000000008009106        0x2 
 .text.USB_ActivateEndpoint
                0x0000000008009108      0x2ac Drivers/STM32WBxx_HAL_Driver/Src/stm32wbxx_ll_usb.o
                0x0000000008009108                USB_ActivateEndpoint
 .text.USB_DeactivateEndpoint
                0x00000000080093b4      0x18c Drivers/STM32WBxx_HAL_Driver/Src/stm32wbxx_ll_usb.o
                0x00000000080093b4                USB_DeactivateEndpoint
 .text.USB_EPSetStall
                0x0000000008009540       0x38 Drivers/STM32WBxx_HAL_Driver/Src/stm32wbxx_ll_usb.o
                0x0000000008009540                USB_EPSetStall
 .text.USB_EPClearStall
                0x0000000008009578       0x86 Drivers/STM32WBxx_HAL_Driver/Src/stm32wbxx_ll_usb.o
                0x0000000008009578                USB_EPClearStall
 .text.USB_SetDevAddress
                0x00000000080095fe        0xc Drivers/STM32WBxx_HAL_Driver/Src/stm32wbxx_ll_usb.o
                0x00000000080095fe                USB_SetDevAddress
 .text.USB_DevConnect
                0x000000000800960a       0x10 Drivers/STM32WBxx_HAL_Driver/Src/stm32wbxx_ll_usb.o
                0x000000000800960a                USB_DevConnect
 .text.USB_ReadInterrupts
                0x000000000800961a        0x6 Drivers/STM32WBxx_HAL_Driver/Src/stm32wbxx_ll_usb.o
                0x000000000800961a                USB_ReadInterrupts
 .text.USB_EP0_OutStart
                0x0000000008009620        0x4 Drivers/STM32WBxx_HAL_Driver/Src/stm32wbxx_ll_usb.o
                0x0000000008009620                USB_EP0_OutStart
 .text.USB_WritePMA
                0x0000000008009624       0x1e Drivers/STM32WBxx_HAL_Driver/Src/stm32wbxx_ll_usb.o
                0x0000000008009624                USB_WritePMA
 *fill*         0x0000000008009642        0x2 
 .text.USB_EPStartXfer
                0x0000000008009644      0x19c Drivers/STM32WBxx_HAL_Driver/Src/stm32wbxx_ll_usb.o
                0x0000000008009644                USB_EPStartXfer
 .text.USB_ReadPMA
                0x00000000080097e0       0x36 Drivers/STM32WBxx_HAL_Driver/Src/stm32wbxx_ll_usb.o
                0x00000000080097e0                USB_ReadPMA
 *fill*         0x0000000008009816        0x2 
 .text.BSP_init
                0x0000000008009818       0x20 Forth/Src/bsp.o
                0x0000000008009818                BSP_init
 .text.BSP_setLED1
                0x0000000008009838       0x34 Forth/Src/bsp.o
                0x0000000008009838                BSP_setLED1
 .text.BSP_getLED1
                0x000000000800986c       0x34 Forth/Src/bsp.o
                0x000000000800986c                BSP_getLED1
 .text.BSP_setLED2
                0x00000000080098a0       0x34 Forth/Src/bsp.o
                0x00000000080098a0                BSP_setLED2
 .text.BSP_getLED2
                0x00000000080098d4       0x34 Forth/Src/bsp.o
                0x00000000080098d4                BSP_getLED2
 .text.BSP_setLED3
                0x0000000008009908       0x34 Forth/Src/bsp.o
                0x0000000008009908                BSP_setLED3
 .text.BSP_getLED3
                0x000000000800993c       0x34 Forth/Src/bsp.o
                0x000000000800993c                BSP_getLED3
 .text.BSP_getSwitch1
                0x0000000008009970       0x30 Forth/Src/bsp.o
                0x0000000008009970                BSP_getSwitch1
 .text.BSP_blinkThread
                0x00000000080099a0       0x28 Forth/Src/bsp.o
                0x00000000080099a0                BSP_blinkThread
 .text.BSP_getSwitch2
                0x00000000080099c8       0x30 Forth/Src/bsp.o
                0x00000000080099c8                BSP_getSwitch2
 .text.BSP_getSwitch3
                0x00000000080099f8       0x30 Forth/Src/bsp.o
                0x00000000080099f8                BSP_getSwitch3
 .text.BSP_setDigitalPort
                0x0000000008009a28       0x40 Forth/Src/bsp.o
                0x0000000008009a28                BSP_setDigitalPort
 .text.BSP_getDigitalPort
                0x0000000008009a68       0x40 Forth/Src/bsp.o
                0x0000000008009a68                BSP_getDigitalPort
 .text.BSP_setDigitalPin
                0x0000000008009aa8       0x38 Forth/Src/bsp.o
                0x0000000008009aa8                BSP_setDigitalPin
 .text.BSP_getDigitalPin
                0x0000000008009ae0       0x34 Forth/Src/bsp.o
                0x0000000008009ae0                BSP_getDigitalPin
 .text.FLASH_init
                0x0000000008009b14       0x54 Forth/Src/flash.o
                0x0000000008009b14                FLASH_init
 .text.FLASH_programDouble
                0x0000000008009b68       0xb8 Forth/Src/flash.o
                0x0000000008009b68                FLASH_programDouble
 .text.FLASH_erasePage
                0x0000000008009c20       0x80 Forth/Src/flash.o
                0x0000000008009c20                FLASH_erasePage
 .text.HAL_FLASH_EndOfOperationCallback
                0x0000000008009ca0       0x14 Forth/Src/flash.o
                0x0000000008009ca0                HAL_FLASH_EndOfOperationCallback
 .text.HAL_FLASH_OperationErrorCallback
                0x0000000008009cb4       0x20 Forth/Src/flash.o
                0x0000000008009cb4                HAL_FLASH_OperationErrorCallback
 .text.UART_RxThread
                0x0000000008009cd4       0x7c Forth/Src/uart.o
 .text.UART_TxThread
                0x0000000008009d50       0x5c Forth/Src/uart.o
 .text.UART_init
                0x0000000008009dac       0x9c Forth/Src/uart.o
                0x0000000008009dac                UART_init
 .text.UART_getc
                0x0000000008009e48       0x30 Forth/Src/uart.o
                0x0000000008009e48                UART_getc
 .text.UART_RxReady
                0x0000000008009e78       0x18 Forth/Src/uart.o
                0x0000000008009e78                UART_RxReady
 .text.UART_putc
                0x0000000008009e90       0x2c Forth/Src/uart.o
                0x0000000008009e90                UART_putc
 .text.UART_TxReady
                0x0000000008009ebc       0x18 Forth/Src/uart.o
                0x0000000008009ebc                UART_TxReady
 .text.HAL_UART_TxCpltCallback
                0x0000000008009ed4       0x10 Forth/Src/uart.o
                0x0000000008009ed4                HAL_UART_TxCpltCallback
 .text.HAL_UART_RxCpltCallback
                0x0000000008009ee4       0x10 Forth/Src/uart.o
                0x0000000008009ee4                HAL_UART_RxCpltCallback
 .text.HAL_UART_ErrorCallback
                0x0000000008009ef4        0x4 Forth/Src/uart.o
                0x0000000008009ef4                HAL_UART_ErrorCallback
 .text.HAL_UARTEx_RxFifoFullCallback
                0x0000000008009ef8        0x4 Forth/Src/uart.o
                0x0000000008009ef8                HAL_UARTEx_RxFifoFullCallback
 .text.cdc_thread
                0x0000000008009efc       0x54 Forth/Src/usb_cdc.o
 .text.CDC_init
                0x0000000008009f50       0x78 Forth/Src/usb_cdc.o
                0x0000000008009f50                CDC_init
 .text.CDC_getc
                0x0000000008009fc8       0x30 Forth/Src/usb_cdc.o
                0x0000000008009fc8                CDC_getc
 .text.CDC_RxReady
                0x0000000008009ff8       0x18 Forth/Src/usb_cdc.o
                0x0000000008009ff8                CDC_RxReady
 .text.CDC_putc
                0x000000000800a010       0x2c Forth/Src/usb_cdc.o
                0x000000000800a010                CDC_putc
 .text.CDC_TxReady
                0x000000000800a03c       0x18 Forth/Src/usb_cdc.o
                0x000000000800a03c                CDC_TxReady
 .text.USBD_CDC_EP0_RxReady
                0x000000000800a054       0x28 Middlewares/ST/STM32_USB_Device_Library/Class/CDC/Src/usbd_cdc.o
 .text.USBD_CDC_GetFSCfgDesc
                0x000000000800a07c        0xc Middlewares/ST/STM32_USB_Device_Library/Class/CDC/Src/usbd_cdc.o
 .text.USBD_CDC_GetHSCfgDesc
                0x000000000800a088        0xc Middlewares/ST/STM32_USB_Device_Library/Class/CDC/Src/usbd_cdc.o
 .text.USBD_CDC_GetOtherSpeedCfgDesc
                0x000000000800a094        0xc Middlewares/ST/STM32_USB_Device_Library/Class/CDC/Src/usbd_cdc.o
 .text.USBD_CDC_GetDeviceQualifierDescriptor
                0x000000000800a0a0        0xc Middlewares/ST/STM32_USB_Device_Library/Class/CDC/Src/usbd_cdc.o
                0x000000000800a0a0                USBD_CDC_GetDeviceQualifierDescriptor
 .text.USBD_CDC_DataOut
                0x000000000800a0ac       0x2e Middlewares/ST/STM32_USB_Device_Library/Class/CDC/Src/usbd_cdc.o
 *fill*         0x000000000800a0da        0x2 
 .text.USBD_CDC_DataIn
                0x000000000800a0dc       0x50 Middlewares/ST/STM32_USB_Device_Library/Class/CDC/Src/usbd_cdc.o
 .text.USBD_CDC_Setup
                0x000000000800a12c       0xbc Middlewares/ST/STM32_USB_Device_Library/Class/CDC/Src/usbd_cdc.o
 .text.USBD_CDC_DeInit
                0x000000000800a1e8       0x42 Middlewares/ST/STM32_USB_Device_Library/Class/CDC/Src/usbd_cdc.o
 *fill*         0x000000000800a22a        0x2 
 .text.USBD_CDC_Init
                0x000000000800a22c       0xb8 Middlewares/ST/STM32_USB_Device_Library/Class/CDC/Src/usbd_cdc.o
 .text.USBD_CDC_RegisterInterface
                0x000000000800a2e4        0xe Middlewares/ST/STM32_USB_Device_Library/Class/CDC/Src/usbd_cdc.o
                0x000000000800a2e4                USBD_CDC_RegisterInterface
 .text.USBD_CDC_SetTxBuffer
                0x000000000800a2f2       0x10 Middlewares/ST/STM32_USB_Device_Library/Class/CDC/Src/usbd_cdc.o
                0x000000000800a2f2                USBD_CDC_SetTxBuffer
 .text.USBD_CDC_SetRxBuffer
                0x000000000800a302        0xc Middlewares/ST/STM32_USB_Device_Library/Class/CDC/Src/usbd_cdc.o
                0x000000000800a302                USBD_CDC_SetRxBuffer
 *fill*         0x000000000800a30e        0x2 
 .text.USBD_CDC_TransmitPacket
                0x000000000800a310       0x40 Middlewares/ST/STM32_USB_Device_Library/Class/CDC/Src/usbd_cdc.o
                0x000000000800a310                USBD_CDC_TransmitPacket
 .text.USBD_CDC_ReceivePacket
                0x000000000800a350       0x26 Middlewares/ST/STM32_USB_Device_Library/Class/CDC/Src/usbd_cdc.o
                0x000000000800a350                USBD_CDC_ReceivePacket
 .text.USBD_Init
                0x000000000800a376       0x2a Middlewares/ST/STM32_USB_Device_Library/Core/Src/usbd_core.o
                0x000000000800a376                USBD_Init
 .text.USBD_RegisterClass
                0x000000000800a3a0        0xe Middlewares/ST/STM32_USB_Device_Library/Core/Src/usbd_core.o
                0x000000000800a3a0                USBD_RegisterClass
 .text.USBD_Start
                0x000000000800a3ae        0xa Middlewares/ST/STM32_USB_Device_Library/Core/Src/usbd_core.o
                0x000000000800a3ae                USBD_Start
 .text.USBD_SetClassConfig
                0x000000000800a3b8       0x16 Middlewares/ST/STM32_USB_Device_Library/Core/Src/usbd_core.o
                0x000000000800a3b8                USBD_SetClassConfig
 .text.USBD_ClrClassConfig
                0x000000000800a3ce        0xe Middlewares/ST/STM32_USB_Device_Library/Core/Src/usbd_core.o
                0x000000000800a3ce                USBD_ClrClassConfig
 .text.USBD_LL_SetupStage
                0x000000000800a3dc       0x5a Middlewares/ST/STM32_USB_Device_Library/Core/Src/usbd_core.o
                0x000000000800a3dc                USBD_LL_SetupStage
 .text.USBD_LL_DataOutStage
                0x000000000800a436       0x74 Middlewares/ST/STM32_USB_Device_Library/Core/Src/usbd_core.o
                0x000000000800a436                USBD_LL_DataOutStage
 .text.USBD_LL_DataInStage
                0x000000000800a4aa       0xb8 Middlewares/ST/STM32_USB_Device_Library/Core/Src/usbd_core.o
                0x000000000800a4aa                USBD_LL_DataInStage
 .text.USBD_LL_Reset
                0x000000000800a562       0x4e Middlewares/ST/STM32_USB_Device_Library/Core/Src/usbd_core.o
                0x000000000800a562                USBD_LL_Reset
 .text.USBD_LL_SetSpeed
                0x000000000800a5b0        0x6 Middlewares/ST/STM32_USB_Device_Library/Core/Src/usbd_core.o
                0x000000000800a5b0                USBD_LL_SetSpeed
 .text.USBD_LL_Suspend
                0x000000000800a5b6       0x12 Middlewares/ST/STM32_USB_Device_Library/Core/Src/usbd_core.o
                0x000000000800a5b6                USBD_LL_Suspend
 .text.USBD_LL_Resume
                0x000000000800a5c8       0x14 Middlewares/ST/STM32_USB_Device_Library/Core/Src/usbd_core.o
                0x000000000800a5c8                USBD_LL_Resume
 .text.USBD_LL_SOF
                0x000000000800a5dc       0x18 Middlewares/ST/STM32_USB_Device_Library/Core/Src/usbd_core.o
                0x000000000800a5dc                USBD_LL_SOF
 .text.USBD_CtlError.constprop.1
                0x000000000800a5f4       0x16 Middlewares/ST/STM32_USB_Device_Library/Core/Src/usbd_ctlreq.o
 *fill*         0x000000000800a60a        0x2 
 .text.USBD_StdDevReq
                0x000000000800a60c      0x258 Middlewares/ST/STM32_USB_Device_Library/Core/Src/usbd_ctlreq.o
                0x000000000800a60c                USBD_StdDevReq
 .text.USBD_StdItfReq
                0x000000000800a864       0x4a Middlewares/ST/STM32_USB_Device_Library/Core/Src/usbd_ctlreq.o
                0x000000000800a864                USBD_StdItfReq
 .text.USBD_StdEPReq
                0x000000000800a8ae      0x10e Middlewares/ST/STM32_USB_Device_Library/Core/Src/usbd_ctlreq.o
                0x000000000800a8ae                USBD_StdEPReq
 .text.USBD_ParseSetupRequest
                0x000000000800a9bc       0x28 Middlewares/ST/STM32_USB_Device_Library/Core/Src/usbd_ctlreq.o
                0x000000000800a9bc                USBD_ParseSetupRequest
 .text.USBD_CtlError
                0x000000000800a9e4       0x16 Middlewares/ST/STM32_USB_Device_Library/Core/Src/usbd_ctlreq.o
                0x000000000800a9e4                USBD_CtlError
 .text.USBD_GetString
                0x000000000800a9fa       0x38 Middlewares/ST/STM32_USB_Device_Library/Core/Src/usbd_ctlreq.o
                0x000000000800a9fa                USBD_GetString
 .text.USBD_CtlSendData
                0x000000000800aa32       0x1a Middlewares/ST/STM32_USB_Device_Library/Core/Src/usbd_ioreq.o
                0x000000000800aa32                USBD_CtlSendData
 .text.USBD_CtlContinueSendData
                0x000000000800aa4c       0x10 Middlewares/ST/STM32_USB_Device_Library/Core/Src/usbd_ioreq.o
                0x000000000800aa4c                USBD_CtlContinueSendData
 .text.USBD_CtlPrepareRx
                0x000000000800aa5c       0x1e Middlewares/ST/STM32_USB_Device_Library/Core/Src/usbd_ioreq.o
                0x000000000800aa5c                USBD_CtlPrepareRx
 .text.USBD_CtlContinueRx
                0x000000000800aa7a       0x10 Middlewares/ST/STM32_USB_Device_Library/Core/Src/usbd_ioreq.o
                0x000000000800aa7a                USBD_CtlContinueRx
 .text.USBD_CtlSendStatus
                0x000000000800aa8a       0x16 Middlewares/ST/STM32_USB_Device_Library/Core/Src/usbd_ioreq.o
                0x000000000800aa8a                USBD_CtlSendStatus
 .text.USBD_CtlReceiveStatus
                0x000000000800aaa0       0x16 Middlewares/ST/STM32_USB_Device_Library/Core/Src/usbd_ioreq.o
                0x000000000800aaa0                USBD_CtlReceiveStatus
 *fill*         0x000000000800aab6        0x2 
 .text.aci_gap_set_non_discoverable
                0x000000000800aab8       0x3c Middlewares/ST/STM32_WPAN/ble/core/auto/ble_gap_aci.o
                0x000000000800aab8                aci_gap_set_non_discoverable
 .text.aci_gap_set_discoverable
                0x000000000800aaf4       0xb8 Middlewares/ST/STM32_WPAN/ble/core/auto/ble_gap_aci.o
                0x000000000800aaf4                aci_gap_set_discoverable
 .text.aci_gap_set_io_capability
                0x000000000800abac       0x44 Middlewares/ST/STM32_WPAN/ble/core/auto/ble_gap_aci.o
                0x000000000800abac                aci_gap_set_io_capability
 .text.aci_gap_set_authentication_requirement
                0x000000000800abf0       0x78 Middlewares/ST/STM32_WPAN/ble/core/auto/ble_gap_aci.o
                0x000000000800abf0                aci_gap_set_authentication_requirement
 .text.aci_gap_init
                0x000000000800ac68       0x84 Middlewares/ST/STM32_WPAN/ble/core/auto/ble_gap_aci.o
                0x000000000800ac68                aci_gap_init
 .text.aci_gap_update_adv_data
                0x000000000800acec       0x54 Middlewares/ST/STM32_WPAN/ble/core/auto/ble_gap_aci.o
                0x000000000800acec                aci_gap_update_adv_data
 .text.aci_gap_configure_whitelist
                0x000000000800ad40       0x3c Middlewares/ST/STM32_WPAN/ble/core/auto/ble_gap_aci.o
                0x000000000800ad40                aci_gap_configure_whitelist
 .text.aci_gatt_init
                0x000000000800ad7c       0x3c Middlewares/ST/STM32_WPAN/ble/core/auto/ble_gatt_aci.o
                0x000000000800ad7c                aci_gatt_init
 .text.aci_gatt_add_service
                0x000000000800adb8       0x9c Middlewares/ST/STM32_WPAN/ble/core/auto/ble_gatt_aci.o
                0x000000000800adb8                aci_gatt_add_service
 .text.aci_gatt_add_char
                0x000000000800ae54       0xb4 Middlewares/ST/STM32_WPAN/ble/core/auto/ble_gatt_aci.o
                0x000000000800ae54                aci_gatt_add_char
 .text.aci_gatt_update_char_value
                0x000000000800af08       0x60 Middlewares/ST/STM32_WPAN/ble/core/auto/ble_gatt_aci.o
                0x000000000800af08                aci_gatt_update_char_value
 .text.aci_gatt_write_resp
                0x000000000800af68       0x68 Middlewares/ST/STM32_WPAN/ble/core/auto/ble_gatt_aci.o
                0x000000000800af68                aci_gatt_write_resp
 .text.aci_hal_write_config_data
                0x000000000800afd0       0x58 Middlewares/ST/STM32_WPAN/ble/core/auto/ble_hal_aci.o
                0x000000000800afd0                aci_hal_write_config_data
 .text.aci_hal_set_tx_power_level
                0x000000000800b028       0x4c Middlewares/ST/STM32_WPAN/ble/core/auto/ble_hal_aci.o
                0x000000000800b028                aci_hal_set_tx_power_level
 .text.hci_reset
                0x000000000800b074       0x3a Middlewares/ST/STM32_WPAN/ble/core/auto/ble_hci_le.o
                0x000000000800b074                hci_reset
 *fill*         0x000000000800b0ae        0x2 
 .text.hci_le_read_phy
                0x000000000800b0b0       0x60 Middlewares/ST/STM32_WPAN/ble/core/auto/ble_hci_le.o
                0x000000000800b0b0                hci_le_read_phy
 .text.hci_le_set_default_phy
                0x000000000800b110       0x50 Middlewares/ST/STM32_WPAN/ble/core/auto/ble_hci_le.o
                0x000000000800b110                hci_le_set_default_phy
 .text.Osal_MemCpy
                0x000000000800b160        0x4 Middlewares/ST/STM32_WPAN/ble/core/template/osal.o
                0x000000000800b160                Osal_MemCpy
 .text.Osal_MemSet
                0x000000000800b164        0x4 Middlewares/ST/STM32_WPAN/ble/core/template/osal.o
                0x000000000800b164                Osal_MemSet
 .text.DIS_Init
                0x000000000800b168      0x13c Middlewares/ST/STM32_WPAN/ble/svc/Src/dis.o
                0x000000000800b168                DIS_Init
 .text.HearRate_Event_Handler
                0x000000000800b2a4       0x94 Middlewares/ST/STM32_WPAN/ble/svc/Src/hrs.o
 .text.HRS_Init
                0x000000000800b338       0xb0 Middlewares/ST/STM32_WPAN/ble/svc/Src/hrs.o
                0x000000000800b338                HRS_Init
 .text.BLS_Init
                0x000000000800b3e8        0x2 Middlewares/ST/STM32_WPAN/ble/svc/Src/svc_ctl.o
                0x000000000800b3e8                BLS_Init
 .text.CRS_STM_Init
                0x000000000800b3ea        0x2 Middlewares/ST/STM32_WPAN/ble/svc/Src/svc_ctl.o
                0x000000000800b3ea                CRS_STM_Init
 .text.EDS_STM_Init
                0x000000000800b3ec        0x2 Middlewares/ST/STM32_WPAN/ble/svc/Src/svc_ctl.o
                0x000000000800b3ec                EDS_STM_Init
 .text.HIDS_Init
                0x000000000800b3ee        0x2 Middlewares/ST/STM32_WPAN/ble/svc/Src/svc_ctl.o
                0x000000000800b3ee                HIDS_Init
 .text.HTS_Init
                0x000000000800b3f0        0x2 Middlewares/ST/STM32_WPAN/ble/svc/Src/svc_ctl.o
                0x000000000800b3f0                HTS_Init
 .text.IAS_Init
                0x000000000800b3f2        0x2 Middlewares/ST/STM32_WPAN/ble/svc/Src/svc_ctl.o
                0x000000000800b3f2                IAS_Init
 .text.LLS_Init
                0x000000000800b3f4        0x2 Middlewares/ST/STM32_WPAN/ble/svc/Src/svc_ctl.o
                0x000000000800b3f4                LLS_Init
 .text.TPS_Init
                0x000000000800b3f6        0x2 Middlewares/ST/STM32_WPAN/ble/svc/Src/svc_ctl.o
                0x000000000800b3f6                TPS_Init
 .text.MOTENV_STM_Init
                0x000000000800b3f8        0x2 Middlewares/ST/STM32_WPAN/ble/svc/Src/svc_ctl.o
                0x000000000800b3f8                MOTENV_STM_Init
 .text.P2PS_STM_Init
                0x000000000800b3fa        0x2 Middlewares/ST/STM32_WPAN/ble/svc/Src/svc_ctl.o
                0x000000000800b3fa                P2PS_STM_Init
 .text.OTAS_STM_Init
                0x000000000800b3fc        0x2 Middlewares/ST/STM32_WPAN/ble/svc/Src/svc_ctl.o
                0x000000000800b3fc                OTAS_STM_Init
 .text.MESH_Init
                0x000000000800b3fe        0x2 Middlewares/ST/STM32_WPAN/ble/svc/Src/svc_ctl.o
                0x000000000800b3fe                MESH_Init
 .text.BVOPUS_STM_Init
                0x000000000800b400        0x2 Middlewares/ST/STM32_WPAN/ble/svc/Src/svc_ctl.o
                0x000000000800b400                BVOPUS_STM_Init
 .text.SVCCTL_InitCustomSvc
                0x000000000800b402        0x2 Middlewares/ST/STM32_WPAN/ble/svc/Src/svc_ctl.o
                0x000000000800b402                SVCCTL_InitCustomSvc
 .text.SVCCTL_SvcInit
                0x000000000800b404       0x44 Middlewares/ST/STM32_WPAN/ble/svc/Src/svc_ctl.o
                0x000000000800b404                SVCCTL_SvcInit
 .text.SVCCTL_Init
                0x000000000800b448       0x18 Middlewares/ST/STM32_WPAN/ble/svc/Src/svc_ctl.o
                0x000000000800b448                SVCCTL_Init
 .text.SVCCTL_RegisterSvcHandler
                0x000000000800b460       0x14 Middlewares/ST/STM32_WPAN/ble/svc/Src/svc_ctl.o
                0x000000000800b460                SVCCTL_RegisterSvcHandler
 .text.SVCCTL_UserEvtRx
                0x000000000800b474       0x48 Middlewares/ST/STM32_WPAN/ble/svc/Src/svc_ctl.o
                0x000000000800b474                SVCCTL_UserEvtRx
 .text.SHCI_C2_BLE_Init
                0x000000000800b4bc       0x1c Middlewares/ST/STM32_WPAN/interface/patterns/ble_thread/shci/shci.o
                0x000000000800b4bc                SHCI_C2_BLE_Init
 .text.SHCI_C2_DEBUG_Init
                0x000000000800b4d8       0x1c Middlewares/ST/STM32_WPAN/interface/patterns/ble_thread/shci/shci.o
                0x000000000800b4d8                SHCI_C2_DEBUG_Init
 .text.hci_init
                0x000000000800b4f4       0x54 Middlewares/ST/STM32_WPAN/interface/patterns/ble_thread/tl/hci_tl.o
                0x000000000800b4f4                hci_init
 .text.hci_user_evt_proc
                0x000000000800b548       0x68 Middlewares/ST/STM32_WPAN/interface/patterns/ble_thread/tl/hci_tl.o
                0x000000000800b548                hci_user_evt_proc
 .text.hci_send_req
                0x000000000800b5b0       0xcc Middlewares/ST/STM32_WPAN/interface/patterns/ble_thread/tl/hci_tl.o
                0x000000000800b5b0                hci_send_req
 .text.TlEvtReceived
                0x000000000800b67c       0x34 Middlewares/ST/STM32_WPAN/interface/patterns/ble_thread/tl/hci_tl.o
 .text.hci_register_io_bus
                0x000000000800b6b0       0x14 Middlewares/ST/STM32_WPAN/interface/patterns/ble_thread/tl/hci_tl_if.o
                0x000000000800b6b0                hci_register_io_bus
 .text.TlUserEvtReceived
                0x000000000800b6c4       0x1c Middlewares/ST/STM32_WPAN/interface/patterns/ble_thread/tl/shci_tl.o
 .text.Cmd_SetStatus.constprop.1
                0x000000000800b6e0       0x18 Middlewares/ST/STM32_WPAN/interface/patterns/ble_thread/tl/shci_tl.o
 .text.shci_init
                0x000000000800b6f8       0x54 Middlewares/ST/STM32_WPAN/interface/patterns/ble_thread/tl/shci_tl.o
                0x000000000800b6f8                shci_init
 .text.shci_user_evt_proc
                0x000000000800b74c       0x64 Middlewares/ST/STM32_WPAN/interface/patterns/ble_thread/tl/shci_tl.o
                0x000000000800b74c                shci_user_evt_proc
 .text.shci_send
                0x000000000800b7b0       0x64 Middlewares/ST/STM32_WPAN/interface/patterns/ble_thread/tl/shci_tl.o
                0x000000000800b7b0                shci_send
 .text.TlCmdEvtReceived
                0x000000000800b814        0xa Middlewares/ST/STM32_WPAN/interface/patterns/ble_thread/tl/shci_tl.o
 *fill*         0x000000000800b81e        0x2 
 .text.shci_register_io_bus
                0x000000000800b820       0x14 Middlewares/ST/STM32_WPAN/interface/patterns/ble_thread/tl/shci_tl_if.o
                0x000000000800b820                shci_register_io_bus
 .text.SendFreeBuf
                0x000000000800b834       0x30 Middlewares/ST/STM32_WPAN/interface/patterns/ble_thread/tl/tl_mbox.o
 .text.TL_Enable
                0x000000000800b864        0x4 Middlewares/ST/STM32_WPAN/interface/patterns/ble_thread/tl/tl_mbox.o
                0x000000000800b864                TL_Enable
 .text.TL_Init  0x000000000800b868       0x40 Middlewares/ST/STM32_WPAN/interface/patterns/ble_thread/tl/tl_mbox.o
                0x000000000800b868                TL_Init
 .text.TL_BLE_Init
                0x000000000800b8a8       0x44 Middlewares/ST/STM32_WPAN/interface/patterns/ble_thread/tl/tl_mbox.o
                0x000000000800b8a8                TL_BLE_Init
 .text.TL_BLE_SendCmd
                0x000000000800b8ec       0x18 Middlewares/ST/STM32_WPAN/interface/patterns/ble_thread/tl/tl_mbox.o
                0x000000000800b8ec                TL_BLE_SendCmd
 .text.HW_IPCC_BLE_RxEvtNot
                0x000000000800b904       0x2c Middlewares/ST/STM32_WPAN/interface/patterns/ble_thread/tl/tl_mbox.o
                0x000000000800b904                HW_IPCC_BLE_RxEvtNot
 .text.HW_IPCC_BLE_AclDataAckNot
                0x000000000800b930        0xc Middlewares/ST/STM32_WPAN/interface/patterns/ble_thread/tl/tl_mbox.o
                0x000000000800b930                HW_IPCC_BLE_AclDataAckNot
 .text.TL_SYS_Init
                0x000000000800b93c       0x3c Middlewares/ST/STM32_WPAN/interface/patterns/ble_thread/tl/tl_mbox.o
                0x000000000800b93c                TL_SYS_Init
 .text.TL_SYS_SendCmd
                0x000000000800b978       0x18 Middlewares/ST/STM32_WPAN/interface/patterns/ble_thread/tl/tl_mbox.o
                0x000000000800b978                TL_SYS_SendCmd
 .text.HW_IPCC_SYS_CmdEvtNot
                0x000000000800b990       0x14 Middlewares/ST/STM32_WPAN/interface/patterns/ble_thread/tl/tl_mbox.o
                0x000000000800b990                HW_IPCC_SYS_CmdEvtNot
 .text.HW_IPCC_SYS_EvtNot
                0x000000000800b9a4       0x2c Middlewares/ST/STM32_WPAN/interface/patterns/ble_thread/tl/tl_mbox.o
                0x000000000800b9a4                HW_IPCC_SYS_EvtNot
 .text.TL_MM_Init
                0x000000000800b9d0       0x40 Middlewares/ST/STM32_WPAN/interface/patterns/ble_thread/tl/tl_mbox.o
                0x000000000800b9d0                TL_MM_Init
 .text.TL_MM_EvtDone
                0x000000000800ba10       0x1c Middlewares/ST/STM32_WPAN/interface/patterns/ble_thread/tl/tl_mbox.o
                0x000000000800ba10                TL_MM_EvtDone
 .text.TL_TRACES_Init
                0x000000000800ba2c       0x20 Middlewares/ST/STM32_WPAN/interface/patterns/ble_thread/tl/tl_mbox.o
                0x000000000800ba2c                TL_TRACES_Init
 .text.TL_TRACES_EvtReceived
                0x000000000800ba4c        0x2 Middlewares/ST/STM32_WPAN/interface/patterns/ble_thread/tl/tl_mbox.o
                0x000000000800ba4c                TL_TRACES_EvtReceived
 *fill*         0x000000000800ba4e        0x2 
 .text.HW_IPCC_TRACES_EvtNot
                0x000000000800ba50       0x24 Middlewares/ST/STM32_WPAN/interface/patterns/ble_thread/tl/tl_mbox.o
                0x000000000800ba50                HW_IPCC_TRACES_EvtNot
 .text.OTP_Read
                0x000000000800ba74       0x20 Middlewares/ST/STM32_WPAN/utilities/otp.o
                0x000000000800ba74                OTP_Read
 .text.LST_init_head
                0x000000000800ba94        0x6 Middlewares/ST/STM32_WPAN/utilities/stm_list.o
                0x000000000800ba94                LST_init_head
 .text.LST_is_empty
                0x000000000800ba9a       0x14 Middlewares/ST/STM32_WPAN/utilities/stm_list.o
                0x000000000800ba9a                LST_is_empty
 .text.LST_insert_head
                0x000000000800baae       0x18 Middlewares/ST/STM32_WPAN/utilities/stm_list.o
                0x000000000800baae                LST_insert_head
 .text.LST_insert_tail
                0x000000000800bac6       0x18 Middlewares/ST/STM32_WPAN/utilities/stm_list.o
                0x000000000800bac6                LST_insert_tail
 .text.LST_remove_node
                0x000000000800bade       0x16 Middlewares/ST/STM32_WPAN/utilities/stm_list.o
                0x000000000800bade                LST_remove_node
 .text.LST_remove_head
                0x000000000800baf4       0x18 Middlewares/ST/STM32_WPAN/utilities/stm_list.o
                0x000000000800baf4                LST_remove_head
 .text.TimerCallback
                0x000000000800bb0c       0x14 Middlewares/Third_Party/FreeRTOS/Source/CMSIS_RTOS_V2/cmsis_os2.o
 .text.osKernelInitialize
                0x000000000800bb20       0x34 Middlewares/Third_Party/FreeRTOS/Source/CMSIS_RTOS_V2/cmsis_os2.o
                0x000000000800bb20                osKernelInitialize
 .text.osKernelStart
                0x000000000800bb54       0x40 Middlewares/Third_Party/FreeRTOS/Source/CMSIS_RTOS_V2/cmsis_os2.o
                0x000000000800bb54                osKernelStart
 .text.osKernelGetTickCount
                0x000000000800bb94       0x28 Middlewares/Third_Party/FreeRTOS/Source/CMSIS_RTOS_V2/cmsis_os2.o
                0x000000000800bb94                osKernelGetTickCount
 .text.osKernelGetTickFreq
                0x000000000800bbbc        0x6 Middlewares/Third_Party/FreeRTOS/Source/CMSIS_RTOS_V2/cmsis_os2.o
                0x000000000800bbbc                osKernelGetTickFreq
 *fill*         0x000000000800bbc2        0x2 
 .text.osKernelGetSysTimerCount
                0x000000000800bbc4       0x34 Middlewares/Third_Party/FreeRTOS/Source/CMSIS_RTOS_V2/cmsis_os2.o
                0x000000000800bbc4                osKernelGetSysTimerCount
 .text.osKernelGetSysTimerFreq
                0x000000000800bbf8        0xc Middlewares/Third_Party/FreeRTOS/Source/CMSIS_RTOS_V2/cmsis_os2.o
                0x000000000800bbf8                osKernelGetSysTimerFreq
 .text.osThreadNew
                0x000000000800bc04       0xb0 Middlewares/Third_Party/FreeRTOS/Source/CMSIS_RTOS_V2/cmsis_os2.o
                0x000000000800bc04                osThreadNew
 .text.osThreadGetId
                0x000000000800bcb4        0x4 Middlewares/Third_Party/FreeRTOS/Source/CMSIS_RTOS_V2/cmsis_os2.o
                0x000000000800bcb4                osThreadGetId
 .text.osThreadGetState
                0x000000000800bcb8       0x4c Middlewares/Third_Party/FreeRTOS/Source/CMSIS_RTOS_V2/cmsis_os2.o
                0x000000000800bcb8                osThreadGetState
 .text.osThreadGetStackSpace
                0x000000000800bd04       0x28 Middlewares/Third_Party/FreeRTOS/Source/CMSIS_RTOS_V2/cmsis_os2.o
                0x000000000800bd04                osThreadGetStackSpace
 .text.osThreadSetPriority
                0x000000000800bd2c       0x3c Middlewares/Third_Party/FreeRTOS/Source/CMSIS_RTOS_V2/cmsis_os2.o
                0x000000000800bd2c                osThreadSetPriority
 .text.osThreadGetPriority
                0x000000000800bd68       0x2c Middlewares/Third_Party/FreeRTOS/Source/CMSIS_RTOS_V2/cmsis_os2.o
                0x000000000800bd68                osThreadGetPriority
 .text.osThreadYield
                0x000000000800bd94       0x3c Middlewares/Third_Party/FreeRTOS/Source/CMSIS_RTOS_V2/cmsis_os2.o
                0x000000000800bd94                osThreadYield
 .text.osThreadSuspend
                0x000000000800bdd0       0x38 Middlewares/Third_Party/FreeRTOS/Source/CMSIS_RTOS_V2/cmsis_os2.o
                0x000000000800bdd0                osThreadSuspend
 .text.osThreadResume
                0x000000000800be08       0x38 Middlewares/Third_Party/FreeRTOS/Source/CMSIS_RTOS_V2/cmsis_os2.o
                0x000000000800be08                osThreadResume
 .text.osThreadExit
                0x000000000800be40        0xa Middlewares/Third_Party/FreeRTOS/Source/CMSIS_RTOS_V2/cmsis_os2.o
                0x000000000800be40                osThreadExit
 *fill*         0x000000000800be4a        0x2 
 .text.osThreadTerminate
                0x000000000800be4c       0x4c Middlewares/Third_Party/FreeRTOS/Source/CMSIS_RTOS_V2/cmsis_os2.o
                0x000000000800be4c                osThreadTerminate
 .text.osThreadGetCount
                0x000000000800be98       0x28 Middlewares/Third_Party/FreeRTOS/Source/CMSIS_RTOS_V2/cmsis_os2.o
                0x000000000800be98                osThreadGetCount
 .text.osThreadEnumerate
                0x000000000800bec0       0x7c Middlewares/Third_Party/FreeRTOS/Source/CMSIS_RTOS_V2/cmsis_os2.o
                0x000000000800bec0                osThreadEnumerate
 .text.osThreadFlagsSet
                0x000000000800bf3c       0x94 Middlewares/Third_Party/FreeRTOS/Source/CMSIS_RTOS_V2/cmsis_os2.o
                0x000000000800bf3c                osThreadFlagsSet
 .text.osThreadFlagsWait
                0x000000000800bfd0       0xac Middlewares/Third_Party/FreeRTOS/Source/CMSIS_RTOS_V2/cmsis_os2.o
                0x000000000800bfd0                osThreadFlagsWait
 .text.osDelay  0x000000000800c07c       0x34 Middlewares/Third_Party/FreeRTOS/Source/CMSIS_RTOS_V2/cmsis_os2.o
                0x000000000800c07c                osDelay
 .text.osTimerNew
                0x000000000800c0b0       0x7c Middlewares/Third_Party/FreeRTOS/Source/CMSIS_RTOS_V2/cmsis_os2.o
                0x000000000800c0b0                osTimerNew
 .text.osTimerGetName
                0x000000000800c12c       0x28 Middlewares/Third_Party/FreeRTOS/Source/CMSIS_RTOS_V2/cmsis_os2.o
                0x000000000800c12c                osTimerGetName
 .text.osTimerStart
                0x000000000800c154       0x4c Middlewares/Third_Party/FreeRTOS/Source/CMSIS_RTOS_V2/cmsis_os2.o
                0x000000000800c154                osTimerStart
 .text.osTimerStop
                0x000000000800c1a0       0x5c Middlewares/Third_Party/FreeRTOS/Source/CMSIS_RTOS_V2/cmsis_os2.o
                0x000000000800c1a0                osTimerStop
 .text.osTimerIsRunning
                0x000000000800c1fc       0x28 Middlewares/Third_Party/FreeRTOS/Source/CMSIS_RTOS_V2/cmsis_os2.o
                0x000000000800c1fc                osTimerIsRunning
 .text.osTimerDelete
                0x000000000800c224       0x60 Middlewares/Third_Party/FreeRTOS/Source/CMSIS_RTOS_V2/cmsis_os2.o
                0x000000000800c224                osTimerDelete
 .text.osEventFlagsNew
                0x000000000800c284       0x3c Middlewares/Third_Party/FreeRTOS/Source/CMSIS_RTOS_V2/cmsis_os2.o
                0x000000000800c284                osEventFlagsNew
 .text.osEventFlagsSet
                0x000000000800c2c0       0x70 Middlewares/Third_Party/FreeRTOS/Source/CMSIS_RTOS_V2/cmsis_os2.o
                0x000000000800c2c0                osEventFlagsSet
 .text.osEventFlagsClear
                0x000000000800c330       0x5c Middlewares/Third_Party/FreeRTOS/Source/CMSIS_RTOS_V2/cmsis_os2.o
                0x000000000800c330                osEventFlagsClear
 .text.osEventFlagsGet
                0x000000000800c38c       0x34 Middlewares/Third_Party/FreeRTOS/Source/CMSIS_RTOS_V2/cmsis_os2.o
                0x000000000800c38c                osEventFlagsGet
 .text.osEventFlagsWait
                0x000000000800c3c0       0x6c Middlewares/Third_Party/FreeRTOS/Source/CMSIS_RTOS_V2/cmsis_os2.o
                0x000000000800c3c0                osEventFlagsWait
 .text.osEventFlagsDelete
                0x000000000800c42c       0x38 Middlewares/Third_Party/FreeRTOS/Source/CMSIS_RTOS_V2/cmsis_os2.o
                0x000000000800c42c                osEventFlagsDelete
 .text.osMutexNew
                0x000000000800c464       0x84 Middlewares/Third_Party/FreeRTOS/Source/CMSIS_RTOS_V2/cmsis_os2.o
                0x000000000800c464                osMutexNew
 .text.osMutexAcquire
                0x000000000800c4e8       0x60 Middlewares/Third_Party/FreeRTOS/Source/CMSIS_RTOS_V2/cmsis_os2.o
                0x000000000800c4e8                osMutexAcquire
 .text.osMutexRelease
                0x000000000800c548       0x54 Middlewares/Third_Party/FreeRTOS/Source/CMSIS_RTOS_V2/cmsis_os2.o
                0x000000000800c548                osMutexRelease
 .text.osMutexGetOwner
                0x000000000800c59c       0x2c Middlewares/Third_Party/FreeRTOS/Source/CMSIS_RTOS_V2/cmsis_os2.o
                0x000000000800c59c                osMutexGetOwner
 .text.osMutexDelete
                0x000000000800c5c8       0x44 Middlewares/Third_Party/FreeRTOS/Source/CMSIS_RTOS_V2/cmsis_os2.o
                0x000000000800c5c8                osMutexDelete
 .text.osSemaphoreNew
                0x000000000800c60c       0xac Middlewares/Third_Party/FreeRTOS/Source/CMSIS_RTOS_V2/cmsis_os2.o
                0x000000000800c60c                osSemaphoreNew
 .text.osSemaphoreAcquire
                0x000000000800c6b8       0x78 Middlewares/Third_Party/FreeRTOS/Source/CMSIS_RTOS_V2/cmsis_os2.o
                0x000000000800c6b8                osSemaphoreAcquire
 .text.osSemaphoreRelease
                0x000000000800c730       0x70 Middlewares/Third_Party/FreeRTOS/Source/CMSIS_RTOS_V2/cmsis_os2.o
                0x000000000800c730                osSemaphoreRelease
 .text.osSemaphoreGetCount
                0x000000000800c7a0       0x30 Middlewares/Third_Party/FreeRTOS/Source/CMSIS_RTOS_V2/cmsis_os2.o
                0x000000000800c7a0                osSemaphoreGetCount
 .text.osSemaphoreDelete
                0x000000000800c7d0       0x40 Middlewares/Third_Party/FreeRTOS/Source/CMSIS_RTOS_V2/cmsis_os2.o
                0x000000000800c7d0                osSemaphoreDelete
 .text.osMessageQueueNew
                0x000000000800c810       0x8c Middlewares/Third_Party/FreeRTOS/Source/CMSIS_RTOS_V2/cmsis_os2.o
                0x000000000800c810                osMessageQueueNew
 .text.osMessageQueuePut
                0x000000000800c89c       0x84 Middlewares/Third_Party/FreeRTOS/Source/CMSIS_RTOS_V2/cmsis_os2.o
                0x000000000800c89c                osMessageQueuePut
 .text.osMessageQueueGet
                0x000000000800c920       0x80 Middlewares/Third_Party/FreeRTOS/Source/CMSIS_RTOS_V2/cmsis_os2.o
                0x000000000800c920                osMessageQueueGet
 .text.osMessageQueueGetCapacity
                0x000000000800c9a0        0x6 Middlewares/Third_Party/FreeRTOS/Source/CMSIS_RTOS_V2/cmsis_os2.o
                0x000000000800c9a0                osMessageQueueGetCapacity
 .text.osMessageQueueGetMsgSize
                0x000000000800c9a6        0x6 Middlewares/Third_Party/FreeRTOS/Source/CMSIS_RTOS_V2/cmsis_os2.o
                0x000000000800c9a6                osMessageQueueGetMsgSize
 .text.osMessageQueueGetCount
                0x000000000800c9ac        0x4 Middlewares/Third_Party/FreeRTOS/Source/CMSIS_RTOS_V2/cmsis_os2.o
                0x000000000800c9ac                osMessageQueueGetCount
 .text.osMessageQueueGetSpace
                0x000000000800c9b0       0x48 Middlewares/Third_Party/FreeRTOS/Source/CMSIS_RTOS_V2/cmsis_os2.o
                0x000000000800c9b0                osMessageQueueGetSpace
 .text.osMessageQueueReset
                0x000000000800c9f8       0x38 Middlewares/Third_Party/FreeRTOS/Source/CMSIS_RTOS_V2/cmsis_os2.o
                0x000000000800c9f8                osMessageQueueReset
 .text.osMessageQueueDelete
                0x000000000800ca30        0x4 Middlewares/Third_Party/FreeRTOS/Source/CMSIS_RTOS_V2/cmsis_os2.o
                0x000000000800ca30                osMessageQueueDelete
 .text.vApplicationGetIdleTaskMemory
                0x000000000800ca34       0x18 Middlewares/Third_Party/FreeRTOS/Source/CMSIS_RTOS_V2/cmsis_os2.o
                0x000000000800ca34                vApplicationGetIdleTaskMemory
 .text.vApplicationGetTimerTaskMemory
                0x000000000800ca4c       0x18 Middlewares/Third_Party/FreeRTOS/Source/CMSIS_RTOS_V2/cmsis_os2.o
                0x000000000800ca4c                vApplicationGetTimerTaskMemory
 .text.xEventGroupCreateStatic
                0x000000000800ca64       0x48 Middlewares/Third_Party/FreeRTOS/Source/event_groups.o
                0x000000000800ca64                xEventGroupCreateStatic
 .text.xEventGroupCreate
                0x000000000800caac       0x1c Middlewares/Third_Party/FreeRTOS/Source/event_groups.o
                0x000000000800caac                xEventGroupCreate
 .text.xEventGroupWaitBits
                0x000000000800cac8      0x114 Middlewares/Third_Party/FreeRTOS/Source/event_groups.o
                0x000000000800cac8                xEventGroupWaitBits
 .text.xEventGroupClearBits
                0x000000000800cbdc       0x46 Middlewares/Third_Party/FreeRTOS/Source/event_groups.o
                0x000000000800cbdc                xEventGroupClearBits
 .text.vEventGroupClearBitsCallback
                0x000000000800cc22        0x4 Middlewares/Third_Party/FreeRTOS/Source/event_groups.o
                0x000000000800cc22                vEventGroupClearBitsCallback
 *fill*         0x000000000800cc26        0x2 
 .text.xEventGroupClearBitsFromISR
                0x000000000800cc28       0x10 Middlewares/Third_Party/FreeRTOS/Source/event_groups.o
                0x000000000800cc28                xEventGroupClearBitsFromISR
 .text.xEventGroupGetBitsFromISR
                0x000000000800cc38       0x1c Middlewares/Third_Party/FreeRTOS/Source/event_groups.o
                0x000000000800cc38                xEventGroupGetBitsFromISR
 .text.xEventGroupSetBits
                0x000000000800cc54       0x86 Middlewares/Third_Party/FreeRTOS/Source/event_groups.o
                0x000000000800cc54                xEventGroupSetBits
 .text.vEventGroupSetBitsCallback
                0x000000000800ccda        0x4 Middlewares/Third_Party/FreeRTOS/Source/event_groups.o
                0x000000000800ccda                vEventGroupSetBitsCallback
 .text.vEventGroupDelete
                0x000000000800ccde       0x44 Middlewares/Third_Party/FreeRTOS/Source/event_groups.o
                0x000000000800ccde                vEventGroupDelete
 *fill*         0x000000000800cd22        0x2 
 .text.xEventGroupSetBitsFromISR
                0x000000000800cd24       0x10 Middlewares/Third_Party/FreeRTOS/Source/event_groups.o
                0x000000000800cd24                xEventGroupSetBitsFromISR
 .text.vListInitialise
                0x000000000800cd34       0x16 Middlewares/Third_Party/FreeRTOS/Source/list.o
                0x000000000800cd34                vListInitialise
 .text.vListInitialiseItem
                0x000000000800cd4a        0x6 Middlewares/Third_Party/FreeRTOS/Source/list.o
                0x000000000800cd4a                vListInitialiseItem
 .text.vListInsertEnd
                0x000000000800cd50       0x18 Middlewares/Third_Party/FreeRTOS/Source/list.o
                0x000000000800cd50                vListInsertEnd
 .text.vListInsert
                0x000000000800cd68       0x2e Middlewares/Third_Party/FreeRTOS/Source/list.o
                0x000000000800cd68                vListInsert
 .text.uxListRemove
                0x000000000800cd96       0x22 Middlewares/Third_Party/FreeRTOS/Source/list.o
                0x000000000800cd96                uxListRemove
 .text.prvIsQueueEmpty
                0x000000000800cdb8       0x16 Middlewares/Third_Party/FreeRTOS/Source/queue.o
 .text.prvCopyDataToQueue
                0x000000000800cdce       0x66 Middlewares/Third_Party/FreeRTOS/Source/queue.o
 .text.prvCopyDataFromQueue
                0x000000000800ce34       0x2a Middlewares/Third_Party/FreeRTOS/Source/queue.o
 .text.prvUnlockQueue
                0x000000000800ce5e       0x70 Middlewares/Third_Party/FreeRTOS/Source/queue.o
 *fill*         0x000000000800cece        0x2 
 .text.xQueueGenericReset
                0x000000000800ced0       0x80 Middlewares/Third_Party/FreeRTOS/Source/queue.o
                0x000000000800ced0                xQueueGenericReset
 .text.xQueueGenericCreateStatic
                0x000000000800cf50       0x9c Middlewares/Third_Party/FreeRTOS/Source/queue.o
                0x000000000800cf50                xQueueGenericCreateStatic
 .text.xQueueGenericCreate
                0x000000000800cfec       0x4e Middlewares/Third_Party/FreeRTOS/Source/queue.o
                0x000000000800cfec                xQueueGenericCreate
 .text.xQueueGetMutexHolder
                0x000000000800d03a       0x1a Middlewares/Third_Party/FreeRTOS/Source/queue.o
                0x000000000800d03a                xQueueGetMutexHolder
 .text.xQueueCreateCountingSemaphoreStatic
                0x000000000800d054       0x44 Middlewares/Third_Party/FreeRTOS/Source/queue.o
                0x000000000800d054                xQueueCreateCountingSemaphoreStatic
 .text.xQueueCreateCountingSemaphore
                0x000000000800d098       0x3c Middlewares/Third_Party/FreeRTOS/Source/queue.o
                0x000000000800d098                xQueueCreateCountingSemaphore
 .text.xQueueGenericSend
                0x000000000800d0d4      0x164 Middlewares/Third_Party/FreeRTOS/Source/queue.o
                0x000000000800d0d4                xQueueGenericSend
 .text.xQueueCreateMutexStatic
                0x000000000800d238       0x2a Middlewares/Third_Party/FreeRTOS/Source/queue.o
                0x000000000800d238                xQueueCreateMutexStatic
 .text.xQueueGiveMutexRecursive
                0x000000000800d262       0x3c Middlewares/Third_Party/FreeRTOS/Source/queue.o
                0x000000000800d262                xQueueGiveMutexRecursive
 .text.xQueueCreateMutex
                0x000000000800d29e       0x24 Middlewares/Third_Party/FreeRTOS/Source/queue.o
                0x000000000800d29e                xQueueCreateMutex
 .text.xQueueGenericSendFromISR
                0x000000000800d2c2       0xc2 Middlewares/Third_Party/FreeRTOS/Source/queue.o
                0x000000000800d2c2                xQueueGenericSendFromISR
 .text.xQueueGiveFromISR
                0x000000000800d384       0xa8 Middlewares/Third_Party/FreeRTOS/Source/queue.o
                0x000000000800d384                xQueueGiveFromISR
 .text.xQueueReceive
                0x000000000800d42c      0x140 Middlewares/Third_Party/FreeRTOS/Source/queue.o
                0x000000000800d42c                xQueueReceive
 .text.xQueueSemaphoreTake
                0x000000000800d56c      0x184 Middlewares/Third_Party/FreeRTOS/Source/queue.o