Archive member included to satisfy reference by file (symbol)

/opt/st/stm32cubeide_1.3.0/plugins/com.st.stm32cube.ide.mcu.externaltools.gnu-tools-for-stm32.7-2018-q2-update.linux64_1.0.0.201904181610/tools/bin/../lib/gcc/arm-none-eabi/7.3.1/../../../../arm-none-eabi/lib/thumb/v7e-m/fpv4-sp/hard/libc_nano.a(lib_a-errno.o)
                              Core/Src/syscalls.o (__errno)
/opt/st/stm32cubeide_1.3.0/plugins/com.st.stm32cube.ide.mcu.externaltools.gnu-tools-for-stm32.7-2018-q2-update.linux64_1.0.0.201904181610/tools/bin/../lib/gcc/arm-none-eabi/7.3.1/../../../../arm-none-eabi/lib/thumb/v7e-m/fpv4-sp/hard/libc_nano.a(lib_a-exit.o)
                              /opt/st/stm32cubeide_1.3.0/plugins/com.st.stm32cube.ide.mcu.externaltools.gnu-tools-for-stm32.7-2018-q2-update.linux64_1.0.0.201904181610/tools/bin/../lib/gcc/arm-none-eabi/7.3.1/../../../../arm-none-eabi/lib/thumb/v7e-m/fpv4-sp/hard/crt0.o (exit)
/opt/st/stm32cubeide_1.3.0/plugins/com.st.stm32cube.ide.mcu.externaltools.gnu-tools-for-stm32.7-2018-q2-update.linux64_1.0.0.201904181610/tools/bin/../lib/gcc/arm-none-eabi/7.3.1/../../../../arm-none-eabi/lib/thumb/v7e-m/fpv4-sp/hard/libc_nano.a(lib_a-impure.o)
                              /opt/st/stm32cubeide_1.3.0/plugins/com.st.stm32cube.ide.mcu.externaltools.gnu-tools-for-stm32.7-2018-q2-update.linux64_1.0.0.201904181610/tools/bin/../lib/gcc/arm-none-eabi/7.3.1/../../../../arm-none-eabi/lib/thumb/v7e-m/fpv4-sp/hard/libc_nano.a(lib_a-exit.o) (_global_impure_ptr)
/opt/st/stm32cubeide_1.3.0/plugins/com.st.stm32cube.ide.mcu.externaltools.gnu-tools-for-stm32.7-2018-q2-update.linux64_1.0.0.201904181610/tools/bin/../lib/gcc/arm-none-eabi/7.3.1/../../../../arm-none-eabi/lib/thumb/v7e-m/fpv4-sp/hard/libc_nano.a(lib_a-init.o)
                              /opt/st/stm32cubeide_1.3.0/plugins/com.st.stm32cube.ide.mcu.externaltools.gnu-tools-for-stm32.7-2018-q2-update.linux64_1.0.0.201904181610/tools/bin/../lib/gcc/arm-none-eabi/7.3.1/../../../../arm-none-eabi/lib/thumb/v7e-m/fpv4-sp/hard/crt0.o (__libc_init_array)
/opt/st/stm32cubeide_1.3.0/plugins/com.st.stm32cube.ide.mcu.externaltools.gnu-tools-for-stm32.7-2018-q2-update.linux64_1.0.0.201904181610/tools/bin/../lib/gcc/arm-none-eabi/7.3.1/../../../../arm-none-eabi/lib/thumb/v7e-m/fpv4-sp/hard/libc_nano.a(lib_a-memcpy-stub.o)
                              Middlewares/Third_Party/FreeRTOS/Source/CMSIS_RTOS_V2/cmsis_os2.o (memcpy)
/opt/st/stm32cubeide_1.3.0/plugins/com.st.stm32cube.ide.mcu.externaltools.gnu-tools-for-stm32.7-2018-q2-update.linux64_1.0.0.201904181610/tools/bin/../lib/gcc/arm-none-eabi/7.3.1/../../../../arm-none-eabi/lib/thumb/v7e-m/fpv4-sp/hard/libc_nano.a(lib_a-memset.o)
                              /opt/st/stm32cubeide_1.3.0/plugins/com.st.stm32cube.ide.mcu.externaltools.gnu-tools-for-stm32.7-2018-q2-update.linux64_1.0.0.201904181610/tools/bin/../lib/gcc/arm-none-eabi/7.3.1/../../../../arm-none-eabi/lib/thumb/v7e-m/fpv4-sp/hard/crt0.o (memset)
/opt/st/stm32cubeide_1.3.0/plugins/com.st.stm32cube.ide.mcu.externaltools.gnu-tools-for-stm32.7-2018-q2-update.linux64_1.0.0.201904181610/tools/bin/../lib/gcc/arm-none-eabi/7.3.1/thumb/v7e-m/fpv4-sp/hard/libgcc.a(_aeabi_ldivmod.o)
                              Drivers/STM32WBxx_HAL_Driver/Src/stm32wbxx_hal_uart.o (__aeabi_ldivmod)
/opt/st/stm32cubeide_1.3.0/plugins/com.st.stm32cube.ide.mcu.externaltools.gnu-tools-for-stm32.7-2018-q2-update.linux64_1.0.0.201904181610/tools/bin/../lib/gcc/arm-none-eabi/7.3.1/thumb/v7e-m/fpv4-sp/hard/libgcc.a(_aeabi_uldivmod.o)
                              Drivers/STM32WBxx_HAL_Driver/Src/stm32wbxx_hal_uart.o (__aeabi_uldivmod)
/opt/st/stm32cubeide_1.3.0/plugins/com.st.stm32cube.ide.mcu.externaltools.gnu-tools-for-stm32.7-2018-q2-update.linux64_1.0.0.201904181610/tools/bin/../lib/gcc/arm-none-eabi/7.3.1/thumb/v7e-m/fpv4-sp/hard/libgcc.a(_udivmoddi4.o)
                              /opt/st/stm32cubeide_1.3.0/plugins/com.st.stm32cube.ide.mcu.externaltools.gnu-tools-for-stm32.7-2018-q2-update.linux64_1.0.0.201904181610/tools/bin/../lib/gcc/arm-none-eabi/7.3.1/thumb/v7e-m/fpv4-sp/hard/libgcc.a(_aeabi_ldivmod.o) (__udivmoddi4)
/opt/st/stm32cubeide_1.3.0/plugins/com.st.stm32cube.ide.mcu.externaltools.gnu-tools-for-stm32.7-2018-q2-update.linux64_1.0.0.201904181610/tools/bin/../lib/gcc/arm-none-eabi/7.3.1/thumb/v7e-m/fpv4-sp/hard/libgcc.a(_dvmd_tls.o)
                              /opt/st/stm32cubeide_1.3.0/plugins/com.st.stm32cube.ide.mcu.externaltools.gnu-tools-for-stm32.7-2018-q2-update.linux64_1.0.0.201904181610/tools/bin/../lib/gcc/arm-none-eabi/7.3.1/thumb/v7e-m/fpv4-sp/hard/libgcc.a(_aeabi_ldivmod.o) (__aeabi_ldiv0)

Allocating common symbols
Common symbol       size              file

hUsbDeviceFS        0x2c4             USB_Device/App/usb_device.o
hcrc                0x24              Core/Src/main.o
htim17              0x40              Core/Src/stm32wbxx_hal_timebase_tim.o
BuffLength          0x4               USB_Device/App/usbd_cdc_if.o
[...]
Memory Configuration

Name             Origin             Length             Attributes
FLASH            0x0000000008000000 0x0000000000040000 xr
FLASH_FORTH      0x0000000008040000 0x0000000000080000 xr
FLASH_BLESTACK   0x00000000080c0000 0x0000000000040000 xr
RAM_FORTH        0x0000000020000000 0x0000000000010000 xrw
RAM1             0x0000000020010000 0x0000000000030000 xrw
RAM_SHARED       0x0000000020030000 0x0000000000002800 xrw
*default*        0x0000000000000000 0xffffffffffffffff

Linker script and memory map

LOAD /opt/st/stm32cubeide_1.3.0/plugins/com.st.stm32cube.ide.mcu.externaltools.gnu-tools-for-stm32.7-2018-q2-update.linux64_1.0.0.201904181610/tools/bin/../lib/gcc/arm-none-eabi/7.3.1/thumb/v7e-m/fpv4-sp/hard/crti.o
LOAD /opt/st/stm32cubeide_1.3.0/plugins/com.st.stm32cube.ide.mcu.externaltools.gnu-tools-for-stm32.7-2018-q2-update.linux64_1.0.0.201904181610/tools/bin/../lib/gcc/arm-none-eabi/7.3.1/thumb/v7e-m/fpv4-sp/hard/crtbegin.o
LOAD /opt/st/stm32cubeide_1.3.0/plugins/com.st.stm32cube.ide.mcu.externaltools.gnu-tools-for-stm32.7-2018-q2-update.linux64_1.0.0.201904181610/tools/bin/../lib/gcc/arm-none-eabi/7.3.1/../../../../arm-none-eabi/lib/thumb/v7e-m/fpv4-sp/hard/crt0.o
LOAD Core/Src/app_freertos.o
LOAD Core/Src/main.o
LOAD Core/Src/stm32wbxx_hal_msp.o
LOAD Core/Src/stm32wbxx_hal_timebase_tim.o
LOAD Core/Src/stm32wbxx_it.o
LOAD Core/Src/syscalls.o
LOAD Core/Src/sysmem.o
LOAD Core/Src/system_stm32wbxx.o
LOAD Core/Startup/startup_stm32wb55rgvx.o
LOAD Drivers/STM32WBxx_HAL_Driver/Src/stm32wbxx_hal.o
LOAD Drivers/STM32WBxx_HAL_Driver/Src/stm32wbxx_hal_cortex.o
LOAD Drivers/STM32WBxx_HAL_Driver/Src/stm32wbxx_hal_crc.o
LOAD Drivers/STM32WBxx_HAL_Driver/Src/stm32wbxx_hal_crc_ex.o
LOAD Drivers/STM32WBxx_HAL_Driver/Src/stm32wbxx_hal_dma.o
LOAD Drivers/STM32WBxx_HAL_Driver/Src/stm32wbxx_hal_dma_ex.o
LOAD Drivers/STM32WBxx_HAL_Driver/Src/stm32wbxx_hal_exti.o
LOAD Drivers/STM32WBxx_HAL_Driver/Src/stm32wbxx_hal_flash.o
LOAD Drivers/STM32WBxx_HAL_Driver/Src/stm32wbxx_hal_flash_ex.o
LOAD Drivers/STM32WBxx_HAL_Driver/Src/stm32wbxx_hal_gpio.o
LOAD Drivers/STM32WBxx_HAL_Driver/Src/stm32wbxx_hal_hsem.o
LOAD Drivers/STM32WBxx_HAL_Driver/Src/stm32wbxx_hal_pcd.o
LOAD Drivers/STM32WBxx_HAL_Driver/Src/stm32wbxx_hal_pcd_ex.o
LOAD Drivers/STM32WBxx_HAL_Driver/Src/stm32wbxx_hal_pka.o
LOAD Drivers/STM32WBxx_HAL_Driver/Src/stm32wbxx_hal_pwr.o
LOAD Drivers/STM32WBxx_HAL_Driver/Src/stm32wbxx_hal_pwr_ex.o
LOAD Drivers/STM32WBxx_HAL_Driver/Src/stm32wbxx_hal_rcc.o
LOAD Drivers/STM32WBxx_HAL_Driver/Src/stm32wbxx_hal_rcc_ex.o
LOAD Drivers/STM32WBxx_HAL_Driver/Src/stm32wbxx_hal_rng.o
LOAD Drivers/STM32WBxx_HAL_Driver/Src/stm32wbxx_hal_rtc.o
LOAD Drivers/STM32WBxx_HAL_Driver/Src/stm32wbxx_hal_rtc_ex.o
LOAD Drivers/STM32WBxx_HAL_Driver/Src/stm32wbxx_hal_tim.o
LOAD Drivers/STM32WBxx_HAL_Driver/Src/stm32wbxx_hal_tim_ex.o
LOAD Drivers/STM32WBxx_HAL_Driver/Src/stm32wbxx_hal_uart.o
LOAD Drivers/STM32WBxx_HAL_Driver/Src/stm32wbxx_hal_uart_ex.o
LOAD Drivers/STM32WBxx_HAL_Driver/Src/stm32wbxx_ll_usb.o
LOAD Forth/Src/ble_vsp.o
LOAD Forth/Src/bsp.o
LOAD Forth/Src/flash.o
LOAD Forth/Src/uart.o
LOAD Forth/Src/usb_cdc.o
LOAD Forth/cube/mecrisp.o
LOAD Middlewares/ST/STM32_USB_Device_Library/Class/CDC/Src/usbd_cdc.o
LOAD Middlewares/ST/STM32_USB_Device_Library/Core/Src/usbd_core.o
LOAD Middlewares/ST/STM32_USB_Device_Library/Core/Src/usbd_ctlreq.o
LOAD Middlewares/ST/STM32_USB_Device_Library/Core/Src/usbd_ioreq.o
LOAD Middlewares/Third_Party/FreeRTOS/Source/CMSIS_RTOS_V2/cmsis_os2.o
LOAD Middlewares/Third_Party/FreeRTOS/Source/croutine.o
LOAD Middlewares/Third_Party/FreeRTOS/Source/event_groups.o
LOAD Middlewares/Third_Party/FreeRTOS/Source/list.o
LOAD Middlewares/Third_Party/FreeRTOS/Source/queue.o
LOAD Middlewares/Third_Party/FreeRTOS/Source/stream_buffer.o
LOAD Middlewares/Third_Party/FreeRTOS/Source/tasks.o
LOAD Middlewares/Third_Party/FreeRTOS/Source/timers.o
LOAD Middlewares/Third_Party/FreeRTOS/Source/portable/GCC/ARM_CM4F/port.o
LOAD Middlewares/Third_Party/FreeRTOS/Source/portable/MemMang/heap_4.o
LOAD USB_Device/App/usb_device.o
LOAD USB_Device/App/usbd_cdc_if.o
LOAD USB_Device/App/usbd_desc.o
LOAD USB_Device/Target/usbd_conf.o
START GROUP
LOAD /opt/st/stm32cubeide_1.3.0/plugins/com.st.stm32cube.ide.mcu.externaltools.gnu-tools-for-stm32.7-2018-q2-update.linux64_1.0.0.201904181610/tools/bin/../lib/gcc/arm-none-eabi/7.3.1/../../../../arm-none-eabi/lib/thumb/v7e-m/fpv4-sp/hard/libc_nano.a
LOAD /opt/st/stm32cubeide_1.3.0/plugins/com.st.stm32cube.ide.mcu.externaltools.gnu-tools-for-stm32.7-2018-q2-update.linux64_1.0.0.201904181610/tools/bin/../lib/gcc/arm-none-eabi/7.3.1/../../../../arm-none-eabi/lib/thumb/v7e-m/fpv4-sp/hard/libm.a
END GROUP
START GROUP
LOAD /opt/st/stm32cubeide_1.3.0/plugins/com.st.stm32cube.ide.mcu.externaltools.gnu-tools-for-stm32.7-2018-q2-update.linux64_1.0.0.201904181610/tools/bin/../lib/gcc/arm-none-eabi/7.3.1/thumb/v7e-m/fpv4-sp/hard/libgcc.a
LOAD /opt/st/stm32cubeide_1.3.0/plugins/com.st.stm32cube.ide.mcu.externaltools.gnu-tools-for-stm32.7-2018-q2-update.linux64_1.0.0.201904181610/tools/bin/../lib/gcc/arm-none-eabi/7.3.1/../../../../arm-none-eabi/lib/thumb/v7e-m/fpv4-sp/hard/libc_nano.a
END GROUP
START GROUP
LOAD /opt/st/stm32cubeide_1.3.0/plugins/com.st.stm32cube.ide.mcu.externaltools.gnu-tools-for-stm32.7-2018-q2-update.linux64_1.0.0.201904181610/tools/bin/../lib/gcc/arm-none-eabi/7.3.1/thumb/v7e-m/fpv4-sp/hard/libgcc.a
LOAD /opt/st/stm32cubeide_1.3.0/plugins/com.st.stm32cube.ide.mcu.externaltools.gnu-tools-for-stm32.7-2018-q2-update.linux64_1.0.0.201904181610/tools/bin/../lib/gcc/arm-none-eabi/7.3.1/../../../../arm-none-eabi/lib/thumb/v7e-m/fpv4-sp/hard/libc_nano.a
LOAD /opt/st/stm32cubeide_1.3.0/plugins/com.st.stm32cube.ide.mcu.externaltools.gnu-tools-for-stm32.7-2018-q2-update.linux64_1.0.0.201904181610/tools/bin/../lib/gcc/arm-none-eabi/7.3.1/../../../../arm-none-eabi/lib/thumb/v7e-m/fpv4-sp/hard/libnosys.a
END GROUP
START GROUP
LOAD /opt/st/stm32cubeide_1.3.0/plugins/com.st.stm32cube.ide.mcu.externaltools.gnu-tools-for-stm32.7-2018-q2-update.linux64_1.0.0.201904181610/tools/bin/../lib/gcc/arm-none-eabi/7.3.1/thumb/v7e-m/fpv4-sp/hard/libgcc.a
LOAD /opt/st/stm32cubeide_1.3.0/plugins/com.st.stm32cube.ide.mcu.externaltools.gnu-tools-for-stm32.7-2018-q2-update.linux64_1.0.0.201904181610/tools/bin/../lib/gcc/arm-none-eabi/7.3.1/../../../../arm-none-eabi/lib/thumb/v7e-m/fpv4-sp/hard/libc_nano.a
LOAD /opt/st/stm32cubeide_1.3.0/plugins/com.st.stm32cube.ide.mcu.externaltools.gnu-tools-for-stm32.7-2018-q2-update.linux64_1.0.0.201904181610/tools/bin/../lib/gcc/arm-none-eabi/7.3.1/../../../../arm-none-eabi/lib/thumb/v7e-m/fpv4-sp/hard/libnosys.a
END GROUP
LOAD /opt/st/stm32cubeide_1.3.0/plugins/com.st.stm32cube.ide.mcu.externaltools.gnu-tools-for-stm32.7-2018-q2-update.linux64_1.0.0.201904181610/tools/bin/../lib/gcc/arm-none-eabi/7.3.1/thumb/v7e-m/fpv4-sp/hard/crtend.o
LOAD /opt/st/stm32cubeide_1.3.0/plugins/com.st.stm32cube.ide.mcu.externaltools.gnu-tools-for-stm32.7-2018-q2-update.linux64_1.0.0.201904181610/tools/bin/../lib/gcc/arm-none-eabi/7.3.1/thumb/v7e-m/fpv4-sp/hard/crtn.o
                0x0000000020030000                _estack = 0x20030000
                0x0000000000001000                _Min_Heap_Size = 0x1000
                0x0000000000001000                _Min_Stack_Size = 0x1000

.isr_vector     0x0000000008000000      0x13c
                0x0000000008000000                . = ALIGN (0x4)
 *(.isr_vector)
 .isr_vector    0x0000000008000000      0x13c Core/Startup/startup_stm32wb55rgvx.o
                0x0000000008000000                g_pfnVectors
                0x000000000800013c                . = ALIGN (0x4)

.text           0x0000000008000140     0xd7cc
                0x0000000008000140                . = ALIGN (0x4)
 *(.text)
 .text          0x0000000008000140       0x40 /opt/st/stm32cubeide_1.3.0/plugins/com.st.stm32cube.ide.mcu.externaltools.gnu-tools-for-stm32.7-2018-q2-update.linux64_1.0.0.201904181610/tools/bin/../lib/gcc/arm-none-eabi/7.3.1/thumb/v7e-m/fpv4-sp/hard/crtbegin.o
 .text          0x0000000008000180     0x4238 Forth/cube/mecrisp.o
                0x00000000080037e4                rtos_osThreadGetId
                0x000000000800380a                rtos_osThreadGetState
                0x0000000008003830                rtos_osThreadSetPriority
                0x000000000800385a                rtos_osThreadGetPriority
                0x000000000800387a                rtos_osThreadYield
                0x000000000800389e                rtos_osThreadSuspend
                0x00000000080038c0                rtos_osThreadResume
                0x00000000080038e0                rtos_osThreadExit
                0x0000000008003900                rtos_osThreadTerminate
                0x0000000008003928                rtos_osThreadGetStackSpace
                0x000000000800394c                rtos_osThreadGetCount
                0x0000000008003972                rtos_osThreadEnumerate
                0x000000000800399e                rtos_xPortGetFreeHeapSize
                0x0000000008004212                Forth
 .text          0x00000000080043b8       0x30 /opt/st/stm32cubeide_1.3.0/plugins/com.st.stm32cube.ide.mcu.externaltools.gnu-tools-for-stm32.7-2018-q2-update.linux64_1.0.0.201904181610/tools/bin/../lib/gcc/arm-none-eabi/7.3.1/thumb/v7e-m/fpv4-sp/hard/libgcc.a(_aeabi_uldivmod.o)
                0x00000000080043b8                __aeabi_uldivmod
 .text          0x00000000080043e8      0x2cc /opt/st/stm32cubeide_1.3.0/plugins/com.st.stm32cube.ide.mcu.externaltools.gnu-tools-for-stm32.7-2018-q2-update.linux64_1.0.0.201904181610/tools/bin/../lib/gcc/arm-none-eabi/7.3.1/thumb/v7e-m/fpv4-sp/hard/libgcc.a(_udivmoddi4.o)
                0x00000000080043e8                __udivmoddi4
 .text          0x00000000080046b4        0x4 /opt/st/stm32cubeide_1.3.0/plugins/com.st.stm32cube.ide.mcu.externaltools.gnu-tools-for-stm32.7-2018-q2-update.linux64_1.0.0.201904181610/tools/bin/../lib/gcc/arm-none-eabi/7.3.1/thumb/v7e-m/fpv4-sp/hard/libgcc.a(_dvmd_tls.o)
                0x00000000080046b4                __aeabi_ldiv0
                0x00000000080046b4                __aeabi_idiv0
 *(.text*)
 .text.LL_AHB2_GRP1_EnableClock
                0x00000000080046b8       0x18 Core/Src/main.o
 .text.HAL_TIM_PeriodElapsedCallback
                0x00000000080046d0       0x14 Core/Src/main.o
                0x00000000080046d0                HAL_TIM_PeriodElapsedCallback
 .text.Error_Handler
                0x00000000080046e4        0x6 Core/Src/main.o
                0x00000000080046e4                Error_Handler
 *fill*         0x00000000080046ea        0x2 
 .text.SystemClock_Config
                0x00000000080046ec      0x118 Core/Src/main.o
                0x00000000080046ec                SystemClock_Config
 .text.startup.main
                0x0000000008004804      0x180 Core/Src/main.o
                0x0000000008004804                main
 .text.vApplicationStackOverflowHook
                0x0000000008004984        0x8 Core/Src/main.o
                0x0000000008004984                vApplicationStackOverflowHook
 .text.vApplicationMallocFailedHook
                0x000000000800498c        0x4 Core/Src/main.o
                0x000000000800498c                vApplicationMallocFailedHook
 .text.MainThread
                0x0000000008004990       0x18 Core/Src/main.o
                0x0000000008004990                MainThread
 .text.LL_AHB3_GRP1_EnableClock
                0x00000000080049a8       0x18 Core/Src/stm32wbxx_hal_msp.o
 .text.HAL_MspInit
                0x00000000080049c0       0x36 Core/Src/stm32wbxx_hal_msp.o
                0x00000000080049c0                HAL_MspInit
 *fill*         0x00000000080049f6        0x2 
 .text.HAL_CRC_MspInit
                0x00000000080049f8       0x28 Core/Src/stm32wbxx_hal_msp.o
                0x00000000080049f8                HAL_CRC_MspInit
 .text.HAL_PKA_MspInit
                0x0000000008004a20       0x18 Core/Src/stm32wbxx_hal_msp.o
                0x0000000008004a20                HAL_PKA_MspInit
 .text.HAL_RNG_MspInit
                0x0000000008004a38       0x18 Core/Src/stm32wbxx_hal_msp.o
                0x0000000008004a38                HAL_RNG_MspInit
 .text.HAL_RTC_MspInit
                0x0000000008004a50       0x34 Core/Src/stm32wbxx_hal_msp.o
                0x0000000008004a50                HAL_RTC_MspInit
 .text.HAL_UART_MspInit
                0x0000000008004a84       0x70 Core/Src/stm32wbxx_hal_msp.o
                0x0000000008004a84                HAL_UART_MspInit
 .text.HAL_InitTick
                0x0000000008004af4       0x74 Core/Src/stm32wbxx_hal_timebase_tim.o
                0x0000000008004af4                HAL_InitTick
 .text.NMI_Handler
                0x0000000008004b68        0x2 Core/Src/stm32wbxx_it.o
                0x0000000008004b68                NMI_Handler
 .text.HardFault_Handler
                0x0000000008004b6a        0x2 Core/Src/stm32wbxx_it.o
                0x0000000008004b6a                HardFault_Handler
 .text.MemManage_Handler
                0x0000000008004b6c        0x2 Core/Src/stm32wbxx_it.o
                0x0000000008004b6c                MemManage_Handler
 .text.BusFault_Handler
                0x0000000008004b6e        0x2 Core/Src/stm32wbxx_it.o
                0x0000000008004b6e                BusFault_Handler
 .text.UsageFault_Handler
                0x0000000008004b70        0x2 Core/Src/stm32wbxx_it.o
                0x0000000008004b70                UsageFault_Handler
 .text.DebugMon_Handler
                0x0000000008004b72        0x2 Core/Src/stm32wbxx_it.o
                0x0000000008004b72                DebugMon_Handler
 .text.FLASH_IRQHandler
                0x0000000008004b74        0x4 Core/Src/stm32wbxx_it.o
                0x0000000008004b74                FLASH_IRQHandler
 .text.USB_LP_IRQHandler
                0x0000000008004b78        0xc Core/Src/stm32wbxx_it.o
                0x0000000008004b78                USB_LP_IRQHandler
 .text.TIM1_TRG_COM_TIM17_IRQHandler
                0x0000000008004b84        0xc Core/Src/stm32wbxx_it.o
                0x0000000008004b84                TIM1_TRG_COM_TIM17_IRQHandler
 .text.USART1_IRQHandler
                0x0000000008004b90        0xc Core/Src/stm32wbxx_it.o
                0x0000000008004b90                USART1_IRQHandler
 .text.SystemInit
                0x0000000008004b9c       0x68 Core/Src/system_stm32wbxx.o
                0x0000000008004b9c                SystemInit
 .text.SystemCoreClockUpdate
                0x0000000008004c04       0xa0 Core/Src/system_stm32wbxx.o
                0x0000000008004c04                SystemCoreClockUpdate
 .text.data_initializers
                0x0000000008004ca4       0x18 Core/Startup/startup_stm32wb55rgvx.o
 .text.Reset_Handler
                0x0000000008004cbc       0x54 Core/Startup/startup_stm32wb55rgvx.o
                0x0000000008004cbc                Reset_Handler
 .text.Default_Handler
                0x0000000008004d10        0x2 Core/Startup/startup_stm32wb55rgvx.o
                0x0000000008004d10                RTC_Alarm_IRQHandler
                0x0000000008004d10                EXTI2_IRQHandler
                0x0000000008004d10                TIM1_CC_IRQHandler
                0x0000000008004d10                TSC_IRQHandler
                0x0000000008004d10                USB_HP_IRQHandler
                0x0000000008004d10                EXTI3_IRQHandler
                0x0000000008004d10                LPTIM2_IRQHandler
                0x0000000008004d10                I2C3_ER_IRQHandler
                0x0000000008004d10                EXTI0_IRQHandler
                0x0000000008004d10                FPU_IRQHandler
                0x0000000008004d10                TIM1_UP_TIM16_IRQHandler
                0x0000000008004d10                AES1_IRQHandler
                0x0000000008004d10                SPI1_IRQHandler
                0x0000000008004d10                PWR_SOTF_BLEACT_802ACT_RFPHASE_IRQHandler
                0x0000000008004d10                DMA2_Channel2_IRQHandler
                0x0000000008004d10                DMA1_Channel4_IRQHandler
                0x0000000008004d10                ADC1_IRQHandler
                0x0000000008004d10                PKA_IRQHandler
                0x0000000008004d10                DMA1_Channel7_IRQHandler
                0x0000000008004d10                LCD_IRQHandler
                0x0000000008004d10                IPCC_C1_TX_IRQHandler
                0x0000000008004d10                DMA2_Channel1_IRQHandler
                0x0000000008004d10                QUADSPI_IRQHandler
                0x0000000008004d10                I2C1_EV_IRQHandler
                0x0000000008004d10                DMAMUX1_OVR_IRQHandler
                0x0000000008004d10                DMA1_Channel6_IRQHandler
                0x0000000008004d10                DMA2_Channel4_IRQHandler
                0x0000000008004d10                RCC_IRQHandler
                0x0000000008004d10                DMA1_Channel1_IRQHandler
                0x0000000008004d10                Default_Handler
                0x0000000008004d10                DMA2_Channel7_IRQHandler
                0x0000000008004d10                EXTI15_10_IRQHandler
                0x0000000008004d10                IPCC_C1_RX_IRQHandler
                0x0000000008004d10                C2SEV_PWR_C2H_IRQHandler
                0x0000000008004d10                AES2_IRQHandler
                0x0000000008004d10                I2C3_EV_IRQHandler
                0x0000000008004d10                EXTI9_5_IRQHandler
                0x0000000008004d10                RTC_WKUP_IRQHandler
                0x0000000008004d10                PVD_PVM_IRQHandler
                0x0000000008004d10                SPI2_IRQHandler
                0x0000000008004d10                DMA2_Channel5_IRQHandler
                0x0000000008004d10                CRS_IRQHandler
                0x0000000008004d10                DMA1_Channel5_IRQHandler
                0x0000000008004d10                EXTI4_IRQHandler
                0x0000000008004d10                RNG_IRQHandler
                0x0000000008004d10                TAMP_STAMP_LSECSS_IRQHandler
                0x0000000008004d10                DMA1_Channel3_IRQHandler
                0x0000000008004d10                COMP_IRQHandler
                0x0000000008004d10                HSEM_IRQHandler
                0x0000000008004d10                WWDG_IRQHandler
                0x0000000008004d10                LPUART1_IRQHandler
                0x0000000008004d10                DMA2_Channel6_IRQHandler
                0x0000000008004d10                TIM2_IRQHandler
                0x0000000008004d10                TIM1_BRK_IRQHandler
                0x0000000008004d10                EXTI1_IRQHandler
                0x0000000008004d10                DMA1_Channel2_IRQHandler
                0x0000000008004d10                I2C1_ER_IRQHandler
                0x0000000008004d10                LPTIM1_IRQHandler
                0x0000000008004d10                SAI1_IRQHandler
                0x0000000008004d10                DMA2_Channel3_IRQHandler
 *fill*         0x0000000008004d12        0x2 
 .text.HAL_Init
                0x0000000008004d14       0x2c Drivers/STM32WBxx_HAL_Driver/Src/stm32wbxx_hal.o
                0x0000000008004d14                HAL_Init
 .text.HAL_IncTick
                0x0000000008004d40       0x18 Drivers/STM32WBxx_HAL_Driver/Src/stm32wbxx_hal.o
                0x0000000008004d40                HAL_IncTick
 .text.HAL_GetTick
                0x0000000008004d58        0xc Drivers/STM32WBxx_HAL_Driver/Src/stm32wbxx_hal.o
                0x0000000008004d58                HAL_GetTick
 .text.HAL_GetTickPrio
                0x0000000008004d64        0xc Drivers/STM32WBxx_HAL_Driver/Src/stm32wbxx_hal.o
                0x0000000008004d64                HAL_GetTickPrio
 .text.HAL_NVIC_SetPriorityGrouping
                0x0000000008004d70       0x24 Drivers/STM32WBxx_HAL_Driver/Src/stm32wbxx_hal_cortex.o
                0x0000000008004d70                HAL_NVIC_SetPriorityGrouping
 .text.HAL_NVIC_SetPriority
                0x0000000008004d94       0x68 Drivers/STM32WBxx_HAL_Driver/Src/stm32wbxx_hal_cortex.o
                0x0000000008004d94                HAL_NVIC_SetPriority
 .text.HAL_NVIC_EnableIRQ
                0x0000000008004dfc       0x1c Drivers/STM32WBxx_HAL_Driver/Src/stm32wbxx_hal_cortex.o
                0x0000000008004dfc                HAL_NVIC_EnableIRQ
 .text.HAL_CRC_Init
                0x0000000008004e18       0x74 Drivers/STM32WBxx_HAL_Driver/Src/stm32wbxx_hal_crc.o
                0x0000000008004e18                HAL_CRC_Init
 .text.HAL_CRCEx_Polynomial_Set
                0x0000000008004e8c       0x44 Drivers/STM32WBxx_HAL_Driver/Src/stm32wbxx_hal_crc_ex.o
                0x0000000008004e8c                HAL_CRCEx_Polynomial_Set
 .text.HAL_DMA_Abort_IT
                0x0000000008004ed0       0x6e Drivers/STM32WBxx_HAL_Driver/Src/stm32wbxx_hal_dma.o
                0x0000000008004ed0                HAL_DMA_Abort_IT
 *fill*         0x0000000008004f3e        0x2 
 .text.HAL_FLASH_IRQHandler
                0x0000000008004f40       0x98 Drivers/STM32WBxx_HAL_Driver/Src/stm32wbxx_hal_flash.o
                0x0000000008004f40                HAL_FLASH_IRQHandler
 .text.HAL_FLASH_Unlock
                0x0000000008004fd8       0x24 Drivers/STM32WBxx_HAL_Driver/Src/stm32wbxx_hal_flash.o
                0x0000000008004fd8                HAL_FLASH_Unlock
 .text.HAL_FLASH_Lock
                0x0000000008004ffc       0x18 Drivers/STM32WBxx_HAL_Driver/Src/stm32wbxx_hal_flash.o
                0x0000000008004ffc                HAL_FLASH_Lock
 .text.FLASH_WaitForLastOperation
                0x0000000008005014       0x5c Drivers/STM32WBxx_HAL_Driver/Src/stm32wbxx_hal_flash.o
                0x0000000008005014                FLASH_WaitForLastOperation
 .text.HAL_FLASH_Program_IT
                0x0000000008005070       0x74 Drivers/STM32WBxx_HAL_Driver/Src/stm32wbxx_hal_flash.o
                0x0000000008005070                HAL_FLASH_Program_IT
 .text.HAL_FLASHEx_IsOperationSuspended
                0x00000000080050e4       0x10 Drivers/STM32WBxx_HAL_Driver/Src/stm32wbxx_hal_flash_ex.o
                0x00000000080050e4                HAL_FLASHEx_IsOperationSuspended
 .text.FLASH_PageErase
                0x00000000080050f4       0x1c Drivers/STM32WBxx_HAL_Driver/Src/stm32wbxx_hal_flash_ex.o
                0x00000000080050f4                FLASH_PageErase
 .text.HAL_FLASHEx_Erase_IT
                0x0000000008005110       0x54 Drivers/STM32WBxx_HAL_Driver/Src/stm32wbxx_hal_flash_ex.o
                0x0000000008005110                HAL_FLASHEx_Erase_IT
 .text.HAL_GPIO_Init
                0x0000000008005164      0x16c Drivers/STM32WBxx_HAL_Driver/Src/stm32wbxx_hal_gpio.o
                0x0000000008005164                HAL_GPIO_Init
 .text.HAL_GPIO_ReadPin
                0x00000000080052d0        0xc Drivers/STM32WBxx_HAL_Driver/Src/stm32wbxx_hal_gpio.o
                0x00000000080052d0                HAL_GPIO_ReadPin
 .text.HAL_GPIO_WritePin
                0x00000000080052dc        0xa Drivers/STM32WBxx_HAL_Driver/Src/stm32wbxx_hal_gpio.o
                0x00000000080052dc                HAL_GPIO_WritePin
 .text.HAL_PCD_Init
                0x00000000080052e6       0xc0 Drivers/STM32WBxx_HAL_Driver/Src/stm32wbxx_hal_pcd.o
                0x00000000080052e6                HAL_PCD_Init
 .text.HAL_PCD_Start
                0x00000000080053a6       0x2a Drivers/STM32WBxx_HAL_Driver/Src/stm32wbxx_hal_pcd.o
                0x00000000080053a6                HAL_PCD_Start
 .text.HAL_PCD_SetAddress
                0x00000000080053d0       0x28 Drivers/STM32WBxx_HAL_Driver/Src/stm32wbxx_hal_pcd.o
                0x00000000080053d0                HAL_PCD_SetAddress
 .text.HAL_PCD_EP_Open
                0x00000000080053f8       0x66 Drivers/STM32WBxx_HAL_Driver/Src/stm32wbxx_hal_pcd.o
                0x00000000080053f8                HAL_PCD_EP_Open
 .text.HAL_PCD_EP_Close
                0x000000000800545e       0x52 Drivers/STM32WBxx_HAL_Driver/Src/stm32wbxx_hal_pcd.o
                0x000000000800545e                HAL_PCD_EP_Close
 .text.HAL_PCD_EP_Receive
                0x00000000080054b0       0x32 Drivers/STM32WBxx_HAL_Driver/Src/stm32wbxx_hal_pcd.o
                0x00000000080054b0                HAL_PCD_EP_Receive
 .text.HAL_PCD_EP_GetRxCount
                0x00000000080054e2        0xe Drivers/STM32WBxx_HAL_Driver/Src/stm32wbxx_hal_pcd.o
                0x00000000080054e2                HAL_PCD_EP_GetRxCount
 .text.HAL_PCD_EP_Transmit
                0x00000000080054f0       0x2e Drivers/STM32WBxx_HAL_Driver/Src/stm32wbxx_hal_pcd.o
                0x00000000080054f0                HAL_PCD_EP_Transmit
 *fill*         0x000000000800551e        0x2 
 .text.HAL_PCD_IRQHandler
                0x0000000008005520      0x484 Drivers/STM32WBxx_HAL_Driver/Src/stm32wbxx_hal_pcd.o
                0x0000000008005520                HAL_PCD_IRQHandler
 .text.HAL_PCD_EP_SetStall
                0x00000000080059a4       0x72 Drivers/STM32WBxx_HAL_Driver/Src/stm32wbxx_hal_pcd.o
                0x00000000080059a4                HAL_PCD_EP_SetStall
 .text.HAL_PCD_EP_ClrStall
                0x0000000008005a16       0x64 Drivers/STM32WBxx_HAL_Driver/Src/stm32wbxx_hal_pcd.o
                0x0000000008005a16                HAL_PCD_EP_ClrStall
 .text.HAL_PCDEx_PMAConfig
                0x0000000008005a7a       0x32 Drivers/STM32WBxx_HAL_Driver/Src/stm32wbxx_hal_pcd_ex.o
                0x0000000008005a7a                HAL_PCDEx_PMAConfig
 .text.HAL_PCDEx_ActivateLPM
                0x0000000008005aac       0x28 Drivers/STM32WBxx_HAL_Driver/Src/stm32wbxx_hal_pcd_ex.o
                0x0000000008005aac                HAL_PCDEx_ActivateLPM
 .text.HAL_PKA_Init
                0x0000000008005ad4       0x2c Drivers/STM32WBxx_HAL_Driver/Src/stm32wbxx_hal_pka.o
                0x0000000008005ad4                HAL_PKA_Init
 .text.HAL_PWR_EnableBkUpAccess
                0x0000000008005b00       0x10 Drivers/STM32WBxx_HAL_Driver/Src/stm32wbxx_hal_pwr.o
                0x0000000008005b00                HAL_PWR_EnableBkUpAccess
 .text.HAL_PWREx_GetVoltageRange
                0x0000000008005b10       0x10 Drivers/STM32WBxx_HAL_Driver/Src/stm32wbxx_hal_pwr_ex.o
                0x0000000008005b10                HAL_PWREx_GetVoltageRange
 .text.HAL_PWREx_EnableVddUSB
                0x0000000008005b20       0x10 Drivers/STM32WBxx_HAL_Driver/Src/stm32wbxx_hal_pwr_ex.o
                0x0000000008005b20                HAL_PWREx_EnableVddUSB
 .text.LL_RCC_HSE_IsReady
                0x0000000008005b30        0xc Drivers/STM32WBxx_HAL_Driver/Src/stm32wbxx_hal_rcc.o
 .text.LL_RCC_HSI_IsReady
                0x0000000008005b3c        0xc Drivers/STM32WBxx_HAL_Driver/Src/stm32wbxx_hal_rcc.o
 .text.LL_RCC_LSI1_IsReady
                0x0000000008005b48        0xe Drivers/STM32WBxx_HAL_Driver/Src/stm32wbxx_hal_rcc.o
 .text.LL_RCC_MSI_IsReady
                0x0000000008005b56        0xc Drivers/STM32WBxx_HAL_Driver/Src/stm32wbxx_hal_rcc.o
 .text.LL_RCC_MSI_SetRange
                0x0000000008005b62       0x10 Drivers/STM32WBxx_HAL_Driver/Src/stm32wbxx_hal_rcc.o
 .text.LL_RCC_MSI_GetRange
                0x0000000008005b72       0x12 Drivers/STM32WBxx_HAL_Driver/Src/stm32wbxx_hal_rcc.o
 .text.LL_RCC_MSI_SetCalibTrimming
                0x0000000008005b84       0x12 Drivers/STM32WBxx_HAL_Driver/Src/stm32wbxx_hal_rcc.o
 *fill*         0x0000000008005b96        0x2 
 .text.RCC_SetFlashLatencyFromMSIRange
                0x0000000008005b98       0xd0 Drivers/STM32WBxx_HAL_Driver/Src/stm32wbxx_hal_rcc.o
 .text.HAL_RCC_OscConfig
                0x0000000008005c68      0x5b0 Drivers/STM32WBxx_HAL_Driver/Src/stm32wbxx_hal_rcc.o
                0x0000000008005c68                HAL_RCC_OscConfig
 .text.HAL_RCC_ClockConfig
                0x0000000008006218      0x1e8 Drivers/STM32WBxx_HAL_Driver/Src/stm32wbxx_hal_rcc.o
                0x0000000008006218                HAL_RCC_ClockConfig
 .text.HAL_RCC_GetSysClockFreq
                0x0000000008006400       0x9c Drivers/STM32WBxx_HAL_Driver/Src/stm32wbxx_hal_rcc.o
                0x0000000008006400                HAL_RCC_GetSysClockFreq
 .text.HAL_RCC_GetHCLKFreq
                0x000000000800649c       0x20 Drivers/STM32WBxx_HAL_Driver/Src/stm32wbxx_hal_rcc.o
                0x000000000800649c                HAL_RCC_GetHCLKFreq
 .text.HAL_RCC_GetPCLK1Freq
                0x00000000080064bc       0x24 Drivers/STM32WBxx_HAL_Driver/Src/stm32wbxx_hal_rcc.o
                0x00000000080064bc                HAL_RCC_GetPCLK1Freq
 .text.HAL_RCC_GetPCLK2Freq
                0x00000000080064e0       0x24 Drivers/STM32WBxx_HAL_Driver/Src/stm32wbxx_hal_rcc.o
                0x00000000080064e0                HAL_RCC_GetPCLK2Freq
 .text.HAL_RCC_GetClockConfig
                0x0000000008006504       0x4c Drivers/STM32WBxx_HAL_Driver/Src/stm32wbxx_hal_rcc.o
                0x0000000008006504                HAL_RCC_GetClockConfig
 .text.LL_RCC_LSE_IsReady
                0x0000000008006550        0xe Drivers/STM32WBxx_HAL_Driver/Src/stm32wbxx_hal_rcc_ex.o
 .text.LL_RCC_SetI2CClockSource
                0x000000000800655e       0x20 Drivers/STM32WBxx_HAL_Driver/Src/stm32wbxx_hal_rcc_ex.o
 .text.LL_RCC_PLLSAI1_Enable
                0x000000000800657e        0xe Drivers/STM32WBxx_HAL_Driver/Src/stm32wbxx_hal_rcc_ex.o
 .text.LL_RCC_PLLSAI1_Disable
                0x000000000800658c        0xe Drivers/STM32WBxx_HAL_Driver/Src/stm32wbxx_hal_rcc_ex.o
 .text.LL_RCC_PLLSAI1_IsReady
                0x000000000800659a        0xc Drivers/STM32WBxx_HAL_Driver/Src/stm32wbxx_hal_rcc_ex.o
 .text.HAL_RCCEx_PeriphCLKConfig
                0x00000000080065a6      0x386 Drivers/STM32WBxx_HAL_Driver/Src/stm32wbxx_hal_rcc_ex.o
                0x00000000080065a6                HAL_RCCEx_PeriphCLKConfig
 .text.HAL_RCCEx_EnableMSIPLLMode
                0x000000000800692c        0xe Drivers/STM32WBxx_HAL_Driver/Src/stm32wbxx_hal_rcc_ex.o
                0x000000000800692c                HAL_RCCEx_EnableMSIPLLMode
 .text.HAL_RNG_Init
                0x000000000800693a       0x3c Drivers/STM32WBxx_HAL_Driver/Src/stm32wbxx_hal_rng.o
                0x000000000800693a                HAL_RNG_Init
 .text.HAL_RTC_WaitForSynchro
                0x0000000008006976       0x30 Drivers/STM32WBxx_HAL_Driver/Src/stm32wbxx_hal_rtc.o
                0x0000000008006976                HAL_RTC_WaitForSynchro
 .text.RTC_EnterInitMode
                0x00000000080069a6       0x34 Drivers/STM32WBxx_HAL_Driver/Src/stm32wbxx_hal_rtc.o
                0x00000000080069a6                RTC_EnterInitMode
 .text.HAL_RTC_Init
                0x00000000080069da       0xb8 Drivers/STM32WBxx_HAL_Driver/Src/stm32wbxx_hal_rtc.o
                0x00000000080069da                HAL_RTC_Init
 .text.HAL_TIM_Base_MspInit
                0x0000000008006a92        0x2 Drivers/STM32WBxx_HAL_Driver/Src/stm32wbxx_hal_tim.o
                0x0000000008006a92                HAL_TIM_Base_MspInit
 .text.HAL_TIM_Base_Start_IT
                0x0000000008006a94       0x2c Drivers/STM32WBxx_HAL_Driver/Src/stm32wbxx_hal_tim.o
                0x0000000008006a94                HAL_TIM_Base_Start_IT
 .text.HAL_TIM_OC_DelayElapsedCallback
                0x0000000008006ac0        0x2 Drivers/STM32WBxx_HAL_Driver/Src/stm32wbxx_hal_tim.o
                0x0000000008006ac0                HAL_TIM_OC_DelayElapsedCallback
 .text.HAL_TIM_IC_CaptureCallback
                0x0000000008006ac2        0x2 Drivers/STM32WBxx_HAL_Driver/Src/stm32wbxx_hal_tim.o
                0x0000000008006ac2                HAL_TIM_IC_CaptureCallback
 .text.HAL_TIM_PWM_PulseFinishedCallback
                0x0000000008006ac4        0x2 Drivers/STM32WBxx_HAL_Driver/Src/stm32wbxx_hal_tim.o
                0x0000000008006ac4                HAL_TIM_PWM_PulseFinishedCallback
 .text.HAL_TIM_TriggerCallback
                0x0000000008006ac6        0x2 Drivers/STM32WBxx_HAL_Driver/Src/stm32wbxx_hal_tim.o
                0x0000000008006ac6                HAL_TIM_TriggerCallback
 .text.HAL_TIM_IRQHandler
                0x0000000008006ac8      0x160 Drivers/STM32WBxx_HAL_Driver/Src/stm32wbxx_hal_tim.o
                0x0000000008006ac8                HAL_TIM_IRQHandler
 .text.TIM_Base_SetConfig
                0x0000000008006c28       0x74 Drivers/STM32WBxx_HAL_Driver/Src/stm32wbxx_hal_tim.o
                0x0000000008006c28                TIM_Base_SetConfig
 .text.HAL_TIM_Base_Init
                0x0000000008006c9c       0x34 Drivers/STM32WBxx_HAL_Driver/Src/stm32wbxx_hal_tim.o
                0x0000000008006c9c                HAL_TIM_Base_Init
 .text.HAL_TIMEx_CommutCallback
                0x0000000008006cd0        0x2 Drivers/STM32WBxx_HAL_Driver/Src/stm32wbxx_hal_tim_ex.o
                0x0000000008006cd0                HAL_TIMEx_CommutCallback
 .text.HAL_TIMEx_BreakCallback
                0x0000000008006cd2        0x2 Drivers/STM32WBxx_HAL_Driver/Src/stm32wbxx_hal_tim_ex.o
                0x0000000008006cd2                HAL_TIMEx_BreakCallback
 .text.HAL_TIMEx_Break2Callback
                0x0000000008006cd4        0x2 Drivers/STM32WBxx_HAL_Driver/Src/stm32wbxx_hal_tim_ex.o
                0x0000000008006cd4                HAL_TIMEx_Break2Callback
 .text.UART_EndRxTransfer
                0x0000000008006cd6       0x22 Drivers/STM32WBxx_HAL_Driver/Src/stm32wbxx_hal_uart.o
 .text.UART_TxISR_16BIT
                0x0000000008006cf8       0x40 Drivers/STM32WBxx_HAL_Driver/Src/stm32wbxx_hal_uart.o
 .text.UART_TxISR_16BIT_FIFOEN
                0x0000000008006d38       0x52 Drivers/STM32WBxx_HAL_Driver/Src/stm32wbxx_hal_uart.o
 .text.UART_TxISR_8BIT
                0x0000000008006d8a       0x3c Drivers/STM32WBxx_HAL_Driver/Src/stm32wbxx_hal_uart.o
 .text.UART_TxISR_8BIT_FIFOEN
                0x0000000008006dc6       0x4e Drivers/STM32WBxx_HAL_Driver/Src/stm32wbxx_hal_uart.o
 .text.HAL_UART_Transmit_IT
                0x0000000008006e14       0xa4 Drivers/STM32WBxx_HAL_Driver/Src/stm32wbxx_hal_uart.o
                0x0000000008006e14                HAL_UART_Transmit_IT
 .text.HAL_UART_Receive_IT
                0x0000000008006eb8       0xf0 Drivers/STM32WBxx_HAL_Driver/Src/stm32wbxx_hal_uart.o
                0x0000000008006eb8                HAL_UART_Receive_IT
 .text.UART_RxISR_8BIT
                0x0000000008006fa8       0x5c Drivers/STM32WBxx_HAL_Driver/Src/stm32wbxx_hal_uart.o
 .text.UART_RxISR_16BIT
                0x0000000008007004       0x58 Drivers/STM32WBxx_HAL_Driver/Src/stm32wbxx_hal_uart.o
 .text.UART_RxISR_8BIT_FIFOEN
                0x000000000800705c       0xa4 Drivers/STM32WBxx_HAL_Driver/Src/stm32wbxx_hal_uart.o
 .text.UART_RxISR_16BIT_FIFOEN
                0x0000000008007100       0xa0 Drivers/STM32WBxx_HAL_Driver/Src/stm32wbxx_hal_uart.o
 .text.HAL_UART_IRQHandler
                0x00000000080071a0      0x19c Drivers/STM32WBxx_HAL_Driver/Src/stm32wbxx_hal_uart.o
                0x00000000080071a0                HAL_UART_IRQHandler
 .text.UART_DMAAbortOnError
                0x000000000800733c       0x14 Drivers/STM32WBxx_HAL_Driver/Src/stm32wbxx_hal_uart.o
 .text.UART_SetConfig
                0x0000000008007350      0x8b4 Drivers/STM32WBxx_HAL_Driver/Src/stm32wbxx_hal_uart.o
                0x0000000008007350                UART_SetConfig
 .text.UART_AdvFeatureConfig
                0x0000000008007c04       0xa8 Drivers/STM32WBxx_HAL_Driver/Src/stm32wbxx_hal_uart.o
                0x0000000008007c04                UART_AdvFeatureConfig
 .text.UART_WaitOnFlagUntilTimeout
                0x0000000008007cac       0x8e Drivers/STM32WBxx_HAL_Driver/Src/stm32wbxx_hal_uart.o
                0x0000000008007cac                UART_WaitOnFlagUntilTimeout
 .text.UART_CheckIdleState
                0x0000000008007d3a       0x66 Drivers/STM32WBxx_HAL_Driver/Src/stm32wbxx_hal_uart.o
                0x0000000008007d3a                UART_CheckIdleState
 .text.HAL_UART_Init
                0x0000000008007da0       0x60 Drivers/STM32WBxx_HAL_Driver/Src/stm32wbxx_hal_uart.o
                0x0000000008007da0                HAL_UART_Init
 .text.UARTEx_SetNbDataToProcess
                0x0000000008007e00       0x6c Drivers/STM32WBxx_HAL_Driver/Src/stm32wbxx_hal_uart_ex.o
 .text.HAL_UARTEx_WakeupCallback
                0x0000000008007e6c        0x2 Drivers/STM32WBxx_HAL_Driver/Src/stm32wbxx_hal_uart_ex.o
                0x0000000008007e6c                HAL_UARTEx_WakeupCallback
 .text.HAL_UARTEx_TxFifoEmptyCallback
                0x0000000008007e6e        0x2 Drivers/STM32WBxx_HAL_Driver/Src/stm32wbxx_hal_uart_ex.o
                0x0000000008007e6e                HAL_UARTEx_TxFifoEmptyCallback
 .text.HAL_UARTEx_EnableFifoMode
                0x0000000008007e70       0x46 Drivers/STM32WBxx_HAL_Driver/Src/stm32wbxx_hal_uart_ex.o
                0x0000000008007e70                HAL_UARTEx_EnableFifoMode
 .text.HAL_UARTEx_SetTxFifoThreshold
                0x0000000008007eb6       0x48 Drivers/STM32WBxx_HAL_Driver/Src/stm32wbxx_hal_uart_ex.o
                0x0000000008007eb6                HAL_UARTEx_SetTxFifoThreshold
 .text.HAL_UARTEx_SetRxFifoThreshold
                0x0000000008007efe       0x48 Drivers/STM32WBxx_HAL_Driver/Src/stm32wbxx_hal_uart_ex.o
                0x0000000008007efe                HAL_UARTEx_SetRxFifoThreshold
 .text.USB_EnableGlobalInt
                0x0000000008007f46       0x14 Drivers/STM32WBxx_HAL_Driver/Src/stm32wbxx_ll_usb.o
                0x0000000008007f46                USB_EnableGlobalInt
 .text.USB_DisableGlobalInt
                0x0000000008007f5a       0x14 Drivers/STM32WBxx_HAL_Driver/Src/stm32wbxx_ll_usb.o
                0x0000000008007f5a                USB_DisableGlobalInt
 .text.USB_DevInit
                0x0000000008007f6e       0x38 Drivers/STM32WBxx_HAL_Driver/Src/stm32wbxx_ll_usb.o
                0x0000000008007f6e                USB_DevInit
 *fill*         0x0000000008007fa6        0x2 
 .text.USB_ActivateEndpoint
                0x0000000008007fa8      0x2ac Drivers/STM32WBxx_HAL_Driver/Src/stm32wbxx_ll_usb.o
                0x0000000008007fa8                USB_ActivateEndpoint
 .text.USB_DeactivateEndpoint
                0x0000000008008254      0x18c Drivers/STM32WBxx_HAL_Driver/Src/stm32wbxx_ll_usb.o
                0x0000000008008254                USB_DeactivateEndpoint
 .text.USB_EPSetStall
                0x00000000080083e0       0x38 Drivers/STM32WBxx_HAL_Driver/Src/stm32wbxx_ll_usb.o
                0x00000000080083e0                USB_EPSetStall
 .text.USB_EPClearStall
                0x0000000008008418       0x86 Drivers/STM32WBxx_HAL_Driver/Src/stm32wbxx_ll_usb.o
                0x0000000008008418                USB_EPClearStall
 .text.USB_SetDevAddress
                0x000000000800849e        0xc Drivers/STM32WBxx_HAL_Driver/Src/stm32wbxx_ll_usb.o
                0x000000000800849e                USB_SetDevAddress
 .text.USB_DevConnect
                0x00000000080084aa       0x10 Drivers/STM32WBxx_HAL_Driver/Src/stm32wbxx_ll_usb.o
                0x00000000080084aa                USB_DevConnect
 .text.USB_ReadInterrupts
                0x00000000080084ba        0x6 Drivers/STM32WBxx_HAL_Driver/Src/stm32wbxx_ll_usb.o
                0x00000000080084ba                USB_ReadInterrupts
 .text.USB_EP0_OutStart
                0x00000000080084c0        0x4 Drivers/STM32WBxx_HAL_Driver/Src/stm32wbxx_ll_usb.o
                0x00000000080084c0                USB_EP0_OutStart
 .text.USB_WritePMA
                0x00000000080084c4       0x1e Drivers/STM32WBxx_HAL_Driver/Src/stm32wbxx_ll_usb.o
                0x00000000080084c4                USB_WritePMA
 *fill*         0x00000000080084e2        0x2 
 .text.USB_EPStartXfer
                0x00000000080084e4      0x19c Drivers/STM32WBxx_HAL_Driver/Src/stm32wbxx_ll_usb.o
                0x00000000080084e4                USB_EPStartXfer
 .text.USB_ReadPMA
                0x0000000008008680       0x36 Drivers/STM32WBxx_HAL_Driver/Src/stm32wbxx_ll_usb.o
                0x0000000008008680                USB_ReadPMA
 *fill*         0x00000000080086b6        0x2 
 .text.BSP_setLED1
                0x00000000080086b8       0x14 Forth/Src/bsp.o
                0x00000000080086b8                BSP_setLED1
 .text.BSP_getLED1
                0x00000000080086cc       0x1c Forth/Src/bsp.o
                0x00000000080086cc                BSP_getLED1
 .text.BSP_setLED2
                0x00000000080086e8       0x14 Forth/Src/bsp.o
                0x00000000080086e8                BSP_setLED2
 .text.BSP_getLED2
                0x00000000080086fc       0x1c Forth/Src/bsp.o
                0x00000000080086fc                BSP_getLED2
 .text.BSP_setLED3
                0x0000000008008718       0x14 Forth/Src/bsp.o
                0x0000000008008718                BSP_setLED3
 .text.BSP_getLED3
                0x000000000800872c       0x1c Forth/Src/bsp.o
                0x000000000800872c                BSP_getLED3
 .text.BSP_getSwitch1
                0x0000000008008748       0x18 Forth/Src/bsp.o
                0x0000000008008748                BSP_getSwitch1
 .text.BSP_blinkThread
                0x0000000008008760       0x28 Forth/Src/bsp.o
                0x0000000008008760                BSP_blinkThread
 .text.BSP_getSwitch2
                0x0000000008008788       0x18 Forth/Src/bsp.o
                0x0000000008008788                BSP_getSwitch2
 .text.BSP_getSwitch3
                0x00000000080087a0       0x18 Forth/Src/bsp.o
                0x00000000080087a0                BSP_getSwitch3
 .text.FLASH_init
                0x00000000080087b8       0x54 Forth/Src/flash.o
                0x00000000080087b8                FLASH_init
 .text.FLASH_programDouble
                0x000000000800880c       0xb8 Forth/Src/flash.o
                0x000000000800880c                FLASH_programDouble
 .text.FLASH_erasePage
                0x00000000080088c4       0x80 Forth/Src/flash.o
                0x00000000080088c4                FLASH_erasePage
 .text.HAL_FLASH_EndOfOperationCallback
                0x0000000008008944       0x14 Forth/Src/flash.o
                0x0000000008008944                HAL_FLASH_EndOfOperationCallback
 .text.HAL_FLASH_OperationErrorCallback
                0x0000000008008958       0x20 Forth/Src/flash.o
                0x0000000008008958                HAL_FLASH_OperationErrorCallback
 .text.UART_RxThread
                0x0000000008008978       0x7c Forth/Src/uart.o
 .text.UART_TxThread
                0x00000000080089f4       0x5c Forth/Src/uart.o
 .text.UART_init
                0x0000000008008a50       0x9c Forth/Src/uart.o
                0x0000000008008a50                UART_init
 .text.UART_getc
                0x0000000008008aec       0x30 Forth/Src/uart.o
                0x0000000008008aec                UART_getc
 .text.UART_RxReady
                0x0000000008008b1c       0x18 Forth/Src/uart.o
                0x0000000008008b1c                UART_RxReady
 .text.UART_putc
                0x0000000008008b34       0x2c Forth/Src/uart.o
                0x0000000008008b34                UART_putc
 .text.UART_TxReady
                0x0000000008008b60       0x18 Forth/Src/uart.o
                0x0000000008008b60                UART_TxReady
 .text.HAL_UART_TxCpltCallback
                0x0000000008008b78       0x10 Forth/Src/uart.o
                0x0000000008008b78                HAL_UART_TxCpltCallback
 .text.HAL_UART_RxCpltCallback
                0x0000000008008b88       0x10 Forth/Src/uart.o
                0x0000000008008b88                HAL_UART_RxCpltCallback
 .text.HAL_UART_ErrorCallback
                0x0000000008008b98        0x4 Forth/Src/uart.o
                0x0000000008008b98                HAL_UART_ErrorCallback
 .text.HAL_UARTEx_RxFifoFullCallback
                0x0000000008008b9c        0x4 Forth/Src/uart.o
                0x0000000008008b9c                HAL_UARTEx_RxFifoFullCallback
 .text.cdc_thread
                0x0000000008008ba0       0x54 Forth/Src/usb_cdc.o
 .text.CDC_init
                0x0000000008008bf4       0x78 Forth/Src/usb_cdc.o
                0x0000000008008bf4                CDC_init
 .text.CDC_getc
                0x0000000008008c6c       0x30 Forth/Src/usb_cdc.o
                0x0000000008008c6c                CDC_getc
 .text.CDC_RxReady
                0x0000000008008c9c       0x18 Forth/Src/usb_cdc.o
                0x0000000008008c9c                CDC_RxReady
 .text.CDC_putc
                0x0000000008008cb4       0x2c Forth/Src/usb_cdc.o
                0x0000000008008cb4                CDC_putc
 .text.CDC_TxReady
                0x0000000008008ce0       0x18 Forth/Src/usb_cdc.o
                0x0000000008008ce0                CDC_TxReady
 .text.USBD_CDC_EP0_RxReady
                0x0000000008008cf8       0x28 Middlewares/ST/STM32_USB_Device_Library/Class/CDC/Src/usbd_cdc.o
 .text.USBD_CDC_GetFSCfgDesc
                0x0000000008008d20        0xc Middlewares/ST/STM32_USB_Device_Library/Class/CDC/Src/usbd_cdc.o
 .text.USBD_CDC_GetHSCfgDesc
                0x0000000008008d2c        0xc Middlewares/ST/STM32_USB_Device_Library/Class/CDC/Src/usbd_cdc.o
 .text.USBD_CDC_GetOtherSpeedCfgDesc
                0x0000000008008d38        0xc Middlewares/ST/STM32_USB_Device_Library/Class/CDC/Src/usbd_cdc.o
 .text.USBD_CDC_GetDeviceQualifierDescriptor
                0x0000000008008d44        0xc Middlewares/ST/STM32_USB_Device_Library/Class/CDC/Src/usbd_cdc.o
                0x0000000008008d44                USBD_CDC_GetDeviceQualifierDescriptor
 .text.USBD_CDC_DataOut
                0x0000000008008d50       0x2e Middlewares/ST/STM32_USB_Device_Library/Class/CDC/Src/usbd_cdc.o
 *fill*         0x0000000008008d7e        0x2 
 .text.USBD_CDC_DataIn
                0x0000000008008d80       0x50 Middlewares/ST/STM32_USB_Device_Library/Class/CDC/Src/usbd_cdc.o
 .text.USBD_CDC_Setup
                0x0000000008008dd0       0xbc Middlewares/ST/STM32_USB_Device_Library/Class/CDC/Src/usbd_cdc.o
 .text.USBD_CDC_DeInit
                0x0000000008008e8c       0x42 Middlewares/ST/STM32_USB_Device_Library/Class/CDC/Src/usbd_cdc.o
 *fill*         0x0000000008008ece        0x2 
 .text.USBD_CDC_Init
                0x0000000008008ed0       0xb8 Middlewares/ST/STM32_USB_Device_Library/Class/CDC/Src/usbd_cdc.o
 .text.USBD_CDC_RegisterInterface
                0x0000000008008f88        0xe Middlewares/ST/STM32_USB_Device_Library/Class/CDC/Src/usbd_cdc.o
                0x0000000008008f88                USBD_CDC_RegisterInterface
 .text.USBD_CDC_SetTxBuffer
                0x0000000008008f96       0x10 Middlewares/ST/STM32_USB_Device_Library/Class/CDC/Src/usbd_cdc.o
                0x0000000008008f96                USBD_CDC_SetTxBuffer
 .text.USBD_CDC_SetRxBuffer
                0x0000000008008fa6        0xc Middlewares/ST/STM32_USB_Device_Library/Class/CDC/Src/usbd_cdc.o
                0x0000000008008fa6                USBD_CDC_SetRxBuffer
 *fill*         0x0000000008008fb2        0x2 
 .text.USBD_CDC_TransmitPacket
                0x0000000008008fb4       0x40 Middlewares/ST/STM32_USB_Device_Library/Class/CDC/Src/usbd_cdc.o
                0x0000000008008fb4                USBD_CDC_TransmitPacket
 .text.USBD_CDC_ReceivePacket
                0x0000000008008ff4       0x26 Middlewares/ST/STM32_USB_Device_Library/Class/CDC/Src/usbd_cdc.o
                0x0000000008008ff4                USBD_CDC_ReceivePacket
 .text.USBD_Init
                0x000000000800901a       0x2a Middlewares/ST/STM32_USB_Device_Library/Core/Src/usbd_core.o
                0x000000000800901a                USBD_Init
 .text.USBD_RegisterClass
                0x0000000008009044        0xe Middlewares/ST/STM32_USB_Device_Library/Core/Src/usbd_core.o
                0x0000000008009044                USBD_RegisterClass
 .text.USBD_Start
                0x0000000008009052        0xa Middlewares/ST/STM32_USB_Device_Library/Core/Src/usbd_core.o
                0x0000000008009052                USBD_Start
 .text.USBD_SetClassConfig
                0x000000000800905c       0x16 Middlewares/ST/STM32_USB_Device_Library/Core/Src/usbd_core.o
                0x000000000800905c                USBD_SetClassConfig
 .text.USBD_ClrClassConfig
                0x0000000008009072        0xe Middlewares/ST/STM32_USB_Device_Library/Core/Src/usbd_core.o
                0x0000000008009072                USBD_ClrClassConfig
 .text.USBD_LL_SetupStage
                0x0000000008009080       0x5a Middlewares/ST/STM32_USB_Device_Library/Core/Src/usbd_core.o
                0x0000000008009080                USBD_LL_SetupStage
 .text.USBD_LL_DataOutStage
                0x00000000080090da       0x74 Middlewares/ST/STM32_USB_Device_Library/Core/Src/usbd_core.o
                0x00000000080090da                USBD_LL_DataOutStage
 .text.USBD_LL_DataInStage
                0x000000000800914e       0xb8 Middlewares/ST/STM32_USB_Device_Library/Core/Src/usbd_core.o
                0x000000000800914e                USBD_LL_DataInStage
 .text.USBD_LL_Reset
                0x0000000008009206       0x4e Middlewares/ST/STM32_USB_Device_Library/Core/Src/usbd_core.o
                0x0000000008009206                USBD_LL_Reset
 .text.USBD_LL_SetSpeed
                0x0000000008009254        0x6 Middlewares/ST/STM32_USB_Device_Library/Core/Src/usbd_core.o
                0x0000000008009254                USBD_LL_SetSpeed
 .text.USBD_LL_Suspend
                0x000000000800925a       0x12 Middlewares/ST/STM32_USB_Device_Library/Core/Src/usbd_core.o
                0x000000000800925a                USBD_LL_Suspend
 .text.USBD_LL_Resume
                0x000000000800926c       0x14 Middlewares/ST/STM32_USB_Device_Library/Core/Src/usbd_core.o
                0x000000000800926c                USBD_LL_Resume
 .text.USBD_LL_SOF
                0x0000000008009280       0x18 Middlewares/ST/STM32_USB_Device_Library/Core/Src/usbd_core.o
                0x0000000008009280                USBD_LL_SOF
 .text.USBD_CtlError.constprop.1
                0x0000000008009298       0x16 Middlewares/ST/STM32_USB_Device_Library/Core/Src/usbd_ctlreq.o
 *fill*         0x00000000080092ae        0x2 
 .text.USBD_StdDevReq
                0x00000000080092b0      0x258 Middlewares/ST/STM32_USB_Device_Library/Core/Src/usbd_ctlreq.o
                0x00000000080092b0                USBD_StdDevReq
 .text.USBD_StdItfReq
                0x0000000008009508       0x4a Middlewares/ST/STM32_USB_Device_Library/Core/Src/usbd_ctlreq.o
                0x0000000008009508                USBD_StdItfReq
 .text.USBD_StdEPReq
                0x0000000008009552      0x10e Middlewares/ST/STM32_USB_Device_Library/Core/Src/usbd_ctlreq.o
                0x0000000008009552                USBD_StdEPReq
 .text.USBD_ParseSetupRequest
                0x0000000008009660       0x28 Middlewares/ST/STM32_USB_Device_Library/Core/Src/usbd_ctlreq.o
                0x0000000008009660                USBD_ParseSetupRequest
 .text.USBD_CtlError
                0x0000000008009688       0x16 Middlewares/ST/STM32_USB_Device_Library/Core/Src/usbd_ctlreq.o
                0x0000000008009688                USBD_CtlError
 .text.USBD_GetString
                0x000000000800969e       0x38 Middlewares/ST/STM32_USB_Device_Library/Core/Src/usbd_ctlreq.o
                0x000000000800969e                USBD_GetString
 .text.USBD_CtlSendData
                0x00000000080096d6       0x1a Middlewares/ST/STM32_USB_Device_Library/Core/Src/usbd_ioreq.o
                0x00000000080096d6                USBD_CtlSendData
 .text.USBD_CtlContinueSendData
                0x00000000080096f0       0x10 Middlewares/ST/STM32_USB_Device_Library/Core/Src/usbd_ioreq.o
                0x00000000080096f0                USBD_CtlContinueSendData
 .text.USBD_CtlPrepareRx
                0x0000000008009700       0x1e Middlewares/ST/STM32_USB_Device_Library/Core/Src/usbd_ioreq.o
                0x0000000008009700                USBD_CtlPrepareRx
 .text.USBD_CtlContinueRx
                0x000000000800971e       0x10 Middlewares/ST/STM32_USB_Device_Library/Core/Src/usbd_ioreq.o
                0x000000000800971e                USBD_CtlContinueRx
 .text.USBD_CtlSendStatus
                0x000000000800972e       0x16 Middlewares/ST/STM32_USB_Device_Library/Core/Src/usbd_ioreq.o
                0x000000000800972e                USBD_CtlSendStatus
 .text.USBD_CtlReceiveStatus
                0x0000000008009744       0x16 Middlewares/ST/STM32_USB_Device_Library/Core/Src/usbd_ioreq.o
                0x0000000008009744                USBD_CtlReceiveStatus
 .text.TimerCallback
                0x000000000800975a       0x14 Middlewares/Third_Party/FreeRTOS/Source/CMSIS_RTOS_V2/cmsis_os2.o
 *fill*         0x000000000800976e        0x2 
 .text.osKernelInitialize
                0x0000000008009770       0x34 Middlewares/Third_Party/FreeRTOS/Source/CMSIS_RTOS_V2/cmsis_os2.o
                0x0000000008009770                osKernelInitialize
 .text.osKernelStart
                0x00000000080097a4       0x40 Middlewares/Third_Party/FreeRTOS/Source/CMSIS_RTOS_V2/cmsis_os2.o
                0x00000000080097a4                osKernelStart
 .text.osKernelGetTickCount
                0x00000000080097e4       0x28 Middlewares/Third_Party/FreeRTOS/Source/CMSIS_RTOS_V2/cmsis_os2.o
                0x00000000080097e4                osKernelGetTickCount
 .text.osKernelGetTickFreq
                0x000000000800980c        0x6 Middlewares/Third_Party/FreeRTOS/Source/CMSIS_RTOS_V2/cmsis_os2.o
                0x000000000800980c                osKernelGetTickFreq
 *fill*         0x0000000008009812        0x2 
 .text.osKernelGetSysTimerCount
                0x0000000008009814       0x34 Middlewares/Third_Party/FreeRTOS/Source/CMSIS_RTOS_V2/cmsis_os2.o
                0x0000000008009814                osKernelGetSysTimerCount
 .text.osKernelGetSysTimerFreq
                0x0000000008009848        0xc Middlewares/Third_Party/FreeRTOS/Source/CMSIS_RTOS_V2/cmsis_os2.o
                0x0000000008009848                osKernelGetSysTimerFreq
 .text.osThreadNew
                0x0000000008009854       0xb0 Middlewares/Third_Party/FreeRTOS/Source/CMSIS_RTOS_V2/cmsis_os2.o
                0x0000000008009854                osThreadNew
 .text.osThreadGetId
                0x0000000008009904        0x4 Middlewares/Third_Party/FreeRTOS/Source/CMSIS_RTOS_V2/cmsis_os2.o
                0x0000000008009904                osThreadGetId
 .text.osThreadGetState
                0x0000000008009908       0x4c Middlewares/Third_Party/FreeRTOS/Source/CMSIS_RTOS_V2/cmsis_os2.o
                0x0000000008009908                osThreadGetState
 .text.osThreadGetStackSpace
                0x0000000008009954       0x28 Middlewares/Third_Party/FreeRTOS/Source/CMSIS_RTOS_V2/cmsis_os2.o
                0x0000000008009954                osThreadGetStackSpace
 .text.osThreadSetPriority
                0x000000000800997c       0x3c Middlewares/Third_Party/FreeRTOS/Source/CMSIS_RTOS_V2/cmsis_os2.o
                0x000000000800997c                osThreadSetPriority
 .text.osThreadGetPriority
                0x00000000080099b8       0x2c Middlewares/Third_Party/FreeRTOS/Source/CMSIS_RTOS_V2/cmsis_os2.o
                0x00000000080099b8                osThreadGetPriority
 .text.osThreadYield
                0x00000000080099e4       0x3c Middlewares/Third_Party/FreeRTOS/Source/CMSIS_RTOS_V2/cmsis_os2.o
                0x00000000080099e4                osThreadYield
 .text.osThreadSuspend
                0x0000000008009a20       0x38 Middlewares/Third_Party/FreeRTOS/Source/CMSIS_RTOS_V2/cmsis_os2.o
                0x0000000008009a20                osThreadSuspend
 .text.osThreadResume
                0x0000000008009a58       0x38 Middlewares/Third_Party/FreeRTOS/Source/CMSIS_RTOS_V2/cmsis_os2.o
                0x0000000008009a58                osThreadResume
 .text.osThreadExit
                0x0000000008009a90        0xa Middlewares/Third_Party/FreeRTOS/Source/CMSIS_RTOS_V2/cmsis_os2.o
                0x0000000008009a90                osThreadExit
 *fill*         0x0000000008009a9a        0x2 
 .text.osThreadTerminate
                0x0000000008009a9c       0x4c Middlewares/Third_Party/FreeRTOS/Source/CMSIS_RTOS_V2/cmsis_os2.o
                0x0000000008009a9c                osThreadTerminate
 .text.osThreadGetCount
                0x0000000008009ae8       0x28 Middlewares/Third_Party/FreeRTOS/Source/CMSIS_RTOS_V2/cmsis_os2.o
                0x0000000008009ae8                osThreadGetCount
 .text.osThreadEnumerate
                0x0000000008009b10       0x7c Middlewares/Third_Party/FreeRTOS/Source/CMSIS_RTOS_V2/cmsis_os2.o
                0x0000000008009b10                osThreadEnumerate
 .text.osThreadFlagsSet
                0x0000000008009b8c       0x94 Middlewares/Third_Party/FreeRTOS/Source/CMSIS_RTOS_V2/cmsis_os2.o
                0x0000000008009b8c                osThreadFlagsSet
 .text.osThreadFlagsWait
                0x0000000008009c20       0xac Middlewares/Third_Party/FreeRTOS/Source/CMSIS_RTOS_V2/cmsis_os2.o
                0x0000000008009c20                osThreadFlagsWait
 .text.osDelay  0x0000000008009ccc       0x34 Middlewares/Third_Party/FreeRTOS/Source/CMSIS_RTOS_V2/cmsis_os2.o
                0x0000000008009ccc                osDelay
 .text.osTimerNew
                0x0000000008009d00       0x7c Middlewares/Third_Party/FreeRTOS/Source/CMSIS_RTOS_V2/cmsis_os2.o
                0x0000000008009d00                osTimerNew
 .text.osTimerGetName
                0x0000000008009d7c       0x28 Middlewares/Third_Party/FreeRTOS/Source/CMSIS_RTOS_V2/cmsis_os2.o
                0x0000000008009d7c                osTimerGetName
 .text.osTimerStart
                0x0000000008009da4       0x4c Middlewares/Third_Party/FreeRTOS/Source/CMSIS_RTOS_V2/cmsis_os2.o
                0x0000000008009da4                osTimerStart
 .text.osTimerStop
                0x0000000008009df0       0x5c Middlewares/Third_Party/FreeRTOS/Source/CMSIS_RTOS_V2/cmsis_os2.o
                0x0000000008009df0                osTimerStop
 .text.osTimerIsRunning
                0x0000000008009e4c       0x28 Middlewares/Third_Party/FreeRTOS/Source/CMSIS_RTOS_V2/cmsis_os2.o
                0x0000000008009e4c                osTimerIsRunning
 .text.osTimerDelete
                0x0000000008009e74       0x60 Middlewares/Third_Party/FreeRTOS/Source/CMSIS_RTOS_V2/cmsis_os2.o
                0x0000000008009e74                osTimerDelete
 .text.osEventFlagsNew
                0x0000000008009ed4       0x3c Middlewares/Third_Party/FreeRTOS/Source/CMSIS_RTOS_V2/cmsis_os2.o
                0x0000000008009ed4                osEventFlagsNew
 .text.osEventFlagsSet
                0x0000000008009f10       0x70 Middlewares/Third_Party/FreeRTOS/Source/CMSIS_RTOS_V2/cmsis_os2.o
                0x0000000008009f10                osEventFlagsSet
 .text.osEventFlagsClear
                0x0000000008009f80       0x5c Middlewares/Third_Party/FreeRTOS/Source/CMSIS_RTOS_V2/cmsis_os2.o
                0x0000000008009f80                osEventFlagsClear
 .text.osEventFlagsGet
                0x0000000008009fdc       0x34 Middlewares/Third_Party/FreeRTOS/Source/CMSIS_RTOS_V2/cmsis_os2.o
                0x0000000008009fdc                osEventFlagsGet
 .text.osEventFlagsWait
                0x000000000800a010       0x6c Middlewares/Third_Party/FreeRTOS/Source/CMSIS_RTOS_V2/cmsis_os2.o
                0x000000000800a010                osEventFlagsWait
 .text.osEventFlagsDelete
                0x000000000800a07c       0x38 Middlewares/Third_Party/FreeRTOS/Source/CMSIS_RTOS_V2/cmsis_os2.o
                0x000000000800a07c                osEventFlagsDelete
 .text.osMutexNew
                0x000000000800a0b4       0x84 Middlewares/Third_Party/FreeRTOS/Source/CMSIS_RTOS_V2/cmsis_os2.o
                0x000000000800a0b4                osMutexNew
 .text.osMutexAcquire
                0x000000000800a138       0x60 Middlewares/Third_Party/FreeRTOS/Source/CMSIS_RTOS_V2/cmsis_os2.o
                0x000000000800a138                osMutexAcquire
 .text.osMutexRelease
                0x000000000800a198       0x54 Middlewares/Third_Party/FreeRTOS/Source/CMSIS_RTOS_V2/cmsis_os2.o
                0x000000000800a198                osMutexRelease
 .text.osMutexGetOwner
                0x000000000800a1ec       0x2c Middlewares/Third_Party/FreeRTOS/Source/CMSIS_RTOS_V2/cmsis_os2.o
                0x000000000800a1ec                osMutexGetOwner
 .text.osMutexDelete
                0x000000000800a218       0x44 Middlewares/Third_Party/FreeRTOS/Source/CMSIS_RTOS_V2/cmsis_os2.o
                0x000000000800a218                osMutexDelete
 .text.osSemaphoreNew
                0x000000000800a25c       0xac Middlewares/Third_Party/FreeRTOS/Source/CMSIS_RTOS_V2/cmsis_os2.o
                0x000000000800a25c                osSemaphoreNew
 .text.osSemaphoreAcquire
                0x000000000800a308       0x78 Middlewares/Third_Party/FreeRTOS/Source/CMSIS_RTOS_V2/cmsis_os2.o
                0x000000000800a308                osSemaphoreAcquire
 .text.osSemaphoreRelease
                0x000000000800a380       0x70 Middlewares/Third_Party/FreeRTOS/Source/CMSIS_RTOS_V2/cmsis_os2.o
                0x000000000800a380                osSemaphoreRelease
 .text.osSemaphoreGetCount
                0x000000000800a3f0       0x30 Middlewares/Third_Party/FreeRTOS/Source/CMSIS_RTOS_V2/cmsis_os2.o
                0x000000000800a3f0                osSemaphoreGetCount
 .text.osSemaphoreDelete
                0x000000000800a420       0x40 Middlewares/Third_Party/FreeRTOS/Source/CMSIS_RTOS_V2/cmsis_os2.o
                0x000000000800a420                osSemaphoreDelete
 .text.osMessageQueueNew
                0x000000000800a460       0x8c Middlewares/Third_Party/FreeRTOS/Source/CMSIS_RTOS_V2/cmsis_os2.o
                0x000000000800a460                osMessageQueueNew
 .text.osMessageQueuePut
                0x000000000800a4ec       0x84 Middlewares/Third_Party/FreeRTOS/Source/CMSIS_RTOS_V2/cmsis_os2.o
                0x000000000800a4ec                osMessageQueuePut
 .text.osMessageQueueGet
                0x000000000800a570       0x80 Middlewares/Third_Party/FreeRTOS/Source/CMSIS_RTOS_V2/cmsis_os2.o
                0x000000000800a570                osMessageQueueGet
 .text.osMessageQueueGetCapacity
                0x000000000800a5f0        0x6 Middlewares/Third_Party/FreeRTOS/Source/CMSIS_RTOS_V2/cmsis_os2.o
                0x000000000800a5f0                osMessageQueueGetCapacity
 .text.osMessageQueueGetMsgSize
                0x000000000800a5f6        0x6 Middlewares/Third_Party/FreeRTOS/Source/CMSIS_RTOS_V2/cmsis_os2.o
                0x000000000800a5f6                osMessageQueueGetMsgSize
 .text.osMessageQueueGetCount
                0x000000000800a5fc        0x4 Middlewares/Third_Party/FreeRTOS/Source/CMSIS_RTOS_V2/cmsis_os2.o
                0x000000000800a5fc                osMessageQueueGetCount
 .text.osMessageQueueGetSpace
                0x000000000800a600       0x48 Middlewares/Third_Party/FreeRTOS/Source/CMSIS_RTOS_V2/cmsis_os2.o
                0x000000000800a600                osMessageQueueGetSpace
 .text.osMessageQueueReset
                0x000000000800a648       0x38 Middlewares/Third_Party/FreeRTOS/Source/CMSIS_RTOS_V2/cmsis_os2.o
                0x000000000800a648                osMessageQueueReset
 .text.osMessageQueueDelete
                0x000000000800a680        0x4 Middlewares/Third_Party/FreeRTOS/Source/CMSIS_RTOS_V2/cmsis_os2.o
                0x000000000800a680                osMessageQueueDelete
 .text.vApplicationGetIdleTaskMemory
                0x000000000800a684       0x18 Middlewares/Third_Party/FreeRTOS/Source/CMSIS_RTOS_V2/cmsis_os2.o
                0x000000000800a684                vApplicationGetIdleTaskMemory
 .text.vApplicationGetTimerTaskMemory
                0x000000000800a69c       0x18 Middlewares/Third_Party/FreeRTOS/Source/CMSIS_RTOS_V2/cmsis_os2.o
                0x000000000800a69c                vApplicationGetTimerTaskMemory
 .text.xEventGroupCreateStatic
                0x000000000800a6b4       0x48 Middlewares/Third_Party/FreeRTOS/Source/event_groups.o
                0x000000000800a6b4                xEventGroupCreateStatic
 .text.xEventGroupCreate
                0x000000000800a6fc       0x1c Middlewares/Third_Party/FreeRTOS/Source/event_groups.o
                0x000000000800a6fc                xEventGroupCreate
 .text.xEventGroupWaitBits
                0x000000000800a718      0x114 Middlewares/Third_Party/FreeRTOS/Source/event_groups.o
                0x000000000800a718                xEventGroupWaitBits
 .text.xEventGroupClearBits
                0x000000000800a82c       0x46 Middlewares/Third_Party/FreeRTOS/Source/event_groups.o
                0x000000000800a82c                xEventGroupClearBits
 .text.vEventGroupClearBitsCallback
                0x000000000800a872        0x4 Middlewares/Third_Party/FreeRTOS/Source/event_groups.o
                0x000000000800a872                vEventGroupClearBitsCallback
 *fill*         0x000000000800a876        0x2 
 .text.xEventGroupClearBitsFromISR
                0x000000000800a878       0x10 Middlewares/Third_Party/FreeRTOS/Source/event_groups.o
                0x000000000800a878                xEventGroupClearBitsFromISR
 .text.xEventGroupGetBitsFromISR
                0x000000000800a888       0x1c Middlewares/Third_Party/FreeRTOS/Source/event_groups.o
                0x000000000800a888                xEventGroupGetBitsFromISR
 .text.xEventGroupSetBits
                0x000000000800a8a4       0x86 Middlewares/Third_Party/FreeRTOS/Source/event_groups.o
                0x000000000800a8a4                xEventGroupSetBits
 .text.vEventGroupSetBitsCallback
                0x000000000800a92a        0x4 Middlewares/Third_Party/FreeRTOS/Source/event_groups.o
                0x000000000800a92a                vEventGroupSetBitsCallback
 .text.vEventGroupDelete
                0x000000000800a92e       0x44 Middlewares/Third_Party/FreeRTOS/Source/event_groups.o
                0x000000000800a92e                vEventGroupDelete
 *fill*         0x000000000800a972        0x2 
 .text.xEventGroupSetBitsFromISR
                0x000000000800a974       0x10 Middlewares/Third_Party/FreeRTOS/Source/event_groups.o
                0x000000000800a974                xEventGroupSetBitsFromISR
 .text.vListInitialise
                0x000000000800a984       0x16 Middlewares/Third_Party/FreeRTOS/Source/list.o
                0x000000000800a984                vListInitialise
 .text.vListInitialiseItem
                0x000000000800a99a        0x6 Middlewares/Third_Party/FreeRTOS/Source/list.o
                0x000000000800a99a                vListInitialiseItem
 .text.vListInsertEnd
                0x000000000800a9a0       0x18 Middlewares/Third_Party/FreeRTOS/Source/list.o
                0x000000000800a9a0                vListInsertEnd
 .text.vListInsert
                0x000000000800a9b8       0x2e Middlewares/Third_Party/FreeRTOS/Source/list.o
                0x000000000800a9b8                vListInsert
 .text.uxListRemove
                0x000000000800a9e6       0x22 Middlewares/Third_Party/FreeRTOS/Source/list.o
                0x000000000800a9e6                uxListRemove
 .text.prvIsQueueEmpty
                0x000000000800aa08       0x16 Middlewares/Third_Party/FreeRTOS/Source/queue.o
 .text.prvCopyDataToQueue
                0x000000000800aa1e       0x66 Middlewares/Third_Party/FreeRTOS/Source/queue.o
 .text.prvCopyDataFromQueue
                0x000000000800aa84       0x2a Middlewares/Third_Party/FreeRTOS/Source/queue.o
 .text.prvUnlockQueue
                0x000000000800aaae       0x70 Middlewares/Third_Party/FreeRTOS/Source/queue.o
 *fill*         0x000000000800ab1e        0x2 
 .text.xQueueGenericReset
                0x000000000800ab20       0x80 Middlewares/Third_Party/FreeRTOS/Source/queue.o
                0x000000000800ab20                xQueueGenericReset
 .text.xQueueGenericCreateStatic
                0x000000000800aba0       0x9c Middlewares/Third_Party/FreeRTOS/Source/queue.o
                0x000000000800aba0                xQueueGenericCreateStatic
 .text.xQueueGenericCreate
                0x000000000800ac3c       0x4e Middlewares/Third_Party/FreeRTOS/Source/queue.o
                0x000000000800ac3c                xQueueGenericCreate
 .text.xQueueGetMutexHolder
                0x000000000800ac8a       0x1a Middlewares/Third_Party/FreeRTOS/Source/queue.o
                0x000000000800ac8a                xQueueGetMutexHolder
 .text.xQueueCreateCountingSemaphoreStatic
                0x000000000800aca4       0x44 Middlewares/Third_Party/FreeRTOS/Source/queue.o
                0x000000000800aca4                xQueueCreateCountingSemaphoreStatic
 .text.xQueueCreateCountingSemaphore
                0x000000000800ace8       0x3c Middlewares/Third_Party/FreeRTOS/Source/queue.o
                0x000000000800ace8                xQueueCreateCountingSemaphore
 .text.xQueueGenericSend
                0x000000000800ad24      0x164 Middlewares/Third_Party/FreeRTOS/Source/queue.o
                0x000000000800ad24                xQueueGenericSend
 .text.xQueueCreateMutexStatic
                0x000000000800ae88       0x2a Middlewares/Third_Party/FreeRTOS/Source/queue.o
                0x000000000800ae88                xQueueCreateMutexStatic
 .text.xQueueGiveMutexRecursive
                0x000000000800aeb2       0x3c Middlewares/Third_Party/FreeRTOS/Source/queue.o
                0x000000000800aeb2                xQueueGiveMutexRecursive
 .text.xQueueCreateMutex
                0x000000000800aeee       0x24 Middlewares/Third_Party/FreeRTOS/Source/queue.o
                0x000000000800aeee                xQueueCreateMutex
 .text.xQueueGenericSendFromISR
                0x000000000800af12       0xc2 Middlewares/Third_Party/FreeRTOS/Source/queue.o
                0x000000000800af12                xQueueGenericSendFromISR
 .text.xQueueGiveFromISR
                0x000000000800afd4       0xa8 Middlewares/Third_Party/FreeRTOS/Source/queue.o
                0x000000000800afd4                xQueueGiveFromISR
 .text.xQueueReceive
                0x000000000800b07c      0x140 Middlewares/Third_Party/FreeRTOS/Source/queue.o
                0x000000000800b07c                xQueueReceive
 .text.xQueueSemaphoreTake
                0x000000000800b1bc      0x184 Middlewares/Third_Party/FreeRTOS/Source/queue.o
                0x000000000800b1bc                xQueueSemaphoreTake
 .text.xQueueTakeMutexRecursive
                0x000000000800b340       0x42 Middlewares/Third_Party/FreeRTOS/Source/queue.o
                0x000000000800b340                xQueueTakeMutexRecursive
 .text.xQueueReceiveFromISR
                0x000000000800b382       0x9e Middlewares/Third_Party/FreeRTOS/Source/queue.o
                0x000000000800b382                xQueueReceiveFromISR
 .text.uxQueueMessagesWaiting
                0x000000000800b420       0x26 Middlewares/Third_Party/FreeRTOS/Source/queue.o
                0x000000000800b420                uxQueueMessagesWaiting
 .text.uxQueueSpacesAvailable
                0x000000000800b446       0x2a Middlewares/Third_Party/FreeRTOS/Source/queue.o
                0x000000000800b446                uxQueueSpacesAvailable
 .text.uxQueueMessagesWaitingFromISR
                0x000000000800b470       0x18 Middlewares/Third_Party/FreeRTOS/Source/queue.o
                0x000000000800b470                uxQueueMessagesWaitingFromISR
 .text.vQueueAddToRegistry
                0x000000000800b488       0x24 Middlewares/Third_Party/FreeRTOS/Source/queue.o
                0x000000000800b488                vQueueAddToRegistry
 .text.vQueueUnregisterQueue
                0x000000000800b4ac       0x28 Middlewares/Third_Party/FreeRTOS/Source/queue.o
                0x000000000800b4ac                vQueueUnregisterQueue
 .text.vQueueDelete
                0x000000000800b4d4       0x2e Middlewares/Third_Party/FreeRTOS/Source/queue.o
                0x000000000800b4d4                vQueueDelete
 .text.vQueueWaitForMessageRestricted
                0x000000000800b502       0x46 Middlewares/Third_Party/FreeRTOS/Source/queue.o
                0x000000000800b502                vQueueWaitForMessageRestricted
 .text.prvAddNewTaskToReadyList
                0x000000000800b548      0x100 Middlewares/Third_Party/FreeRTOS/Source/tasks.o
 .text.prvDeleteTCB
                0x000000000800b648       0x36 Middlewares/Third_Party/FreeRTOS/Source/tasks.o
 *fill*         0x000000000800b67e        0x2 
 .text.prvIdleTask
                0x000000000800b680       0x64 Middlewares/Third_Party/FreeRTOS/Source/tasks.o
 .text.prvTaskIsTaskSuspended
                0x000000000800b6e4       0x38 Middlewares/Third_Party/FreeRTOS/Source/tasks.o
 .text.prvResetNextTaskUnblockTime
                0x000000000800b71c       0x24 Middlewares/Third_Party/FreeRTOS/Source/tasks.o
 .text.prvInitialiseNewTask.isra.2
                0x000000000800b740       0x96 Middlewares/Third_Party/FreeRTOS/Source/tasks.o
 *fill*         0x000000000800b7d6        0x2 
 .text.prvAddCurrentTaskToDelayedList
                0x000000000800b7d8       0x74 Middlewares/Third_Party/FreeRTOS/Source/tasks.o
 .text.xTaskCreateStatic
                0x000000000800b84c       0x70 Middlewares/Third_Party/FreeRTOS/Source/tasks.o
                0x000000000800b84c                xTaskCreateStatic
 .text.xTaskCreate
                0x000000000800b8bc       0x5a Middlewares/Third_Party/FreeRTOS/Source/tasks.o
                0x000000000800b8bc                xTaskCreate
 *fill*         0x000000000800b916        0x2 
 .text.vTaskDelete
                0x000000000800b918       0xb0 Middlewares/Third_Party/FreeRTOS/Source/tasks.o
                0x000000000800b918                vTaskDelete
 .text.eTaskGetState
                0x000000000800b9c8       0x84 Middlewares/Third_Party/FreeRTOS/Source/tasks.o
                0x000000000800b9c8                eTaskGetState
 .text.uxTaskPriorityGet
                0x000000000800ba4c       0x1c Middlewares/Third_Party/FreeRTOS/Source/tasks.o
                0x000000000800ba4c                uxTaskPriorityGet
 .text.vTaskPrioritySet
                0x000000000800ba68       0xc0 Middlewares/Third_Party/FreeRTOS/Source/tasks.o
                0x000000000800ba68                vTaskPrioritySet
 .text.vTaskResume
                0x000000000800bb28       0x84 Middlewares/Third_Party/FreeRTOS/Source/tasks.o
                0x000000000800bb28                vTaskResume
 .text.vTaskStartScheduler
                0x000000000800bbac       0x88 Middlewares/Third_Party/FreeRTOS/Source/tasks.o
                0x000000000800bbac                vTaskStartScheduler
 .text.vTaskSuspendAll
                0x000000000800bc34       0x10 Middlewares/Third_Party/FreeRTOS/Source/tasks.o
                0x000000000800bc34                vTaskSuspendAll
 .text.xTaskGetTickCount
                0x000000000800bc44        0xc Middlewares/Third_Party/FreeRTOS/Source/tasks.o
                0x000000000800bc44                xTaskGetTickCount
 .text.xTaskGetTickCountFromISR
                0x000000000800bc50       0x10 Middlewares/Third_Party/FreeRTOS/Source/tasks.o
                0x000000000800bc50                xTaskGetTickCountFromISR
 .text.uxTaskGetNumberOfTasks
                0x000000000800bc60        0xc Middlewares/Third_Party/FreeRTOS/Source/tasks.o
                0x000000000800bc60                uxTaskGetNumberOfTasks
 .text.xTaskIncrementTick
                0x000000000800bc6c      0x120 Middlewares/Third_Party/FreeRTOS/Source/tasks.o
                0x000000000800bc6c                xTaskIncrementTick
 .text.xTaskResumeAll
                0x000000000800bd8c       0xe8 Middlewares/Third_Party/FreeRTOS/Source/tasks.o
                0x000000000800bd8c                xTaskResumeAll
 .text.vTaskDelay
                0x000000000800be74       0x48 Middlewares/Third_Party/FreeRTOS/Source/tasks.o
                0x000000000800be74                vTaskDelay
 .text.vTaskSwitchContext
                0x000000000800bebc       0x90 Middlewares/Third_Party/FreeRTOS/Source/tasks.o
                0x000000000800bebc                vTaskSwitchContext
 .text.vTaskSuspend
                0x000000000800bf4c       0xb4 Middlewares/Third_Party/FreeRTOS/Source/tasks.o
                0x000000000800bf4c                vTaskSuspend
 .text.vTaskPlaceOnEventList
                0x000000000800c000       0x34 Middlewares/Third_Party/FreeRTOS/Source/tasks.o
                0x000000000800c000                vTaskPlaceOnEventList
 .text.vTaskPlaceOnUnorderedEventList
                0x000000000800c034       0x58 Middlewares/Third_Party/FreeRTOS/Source/tasks.o
                0x000000000800c034                vTaskPlaceOnUnorderedEventList
 .text.vTaskPlaceOnEventListRestricted
                0x000000000800c08c       0x3c Middlewares/Third_Party/FreeRTOS/Source/tasks.o
                0x000000000800c08c                vTaskPlaceOnEventListRestricted
 .text.xTaskRemoveFromEventList
                0x000000000800c0c8       0x80 Middlewares/Third_Party/FreeRTOS/Source/tasks.o
                0x000000000800c0c8                xTaskRemoveFromEventList
 .text.vTaskRemoveFromUnorderedEventList
                0x000000000800c148       0x84 Middlewares/Third_Party/FreeRTOS/Source/tasks.o
                0x000000000800c148                vTaskRemoveFromUnorderedEventList
 .text.vTaskInternalSetTimeOutState
                0x000000000800c1cc       0x18 Middlewares/Third_Party/FreeRTOS/Source/tasks.o
                0x000000000800c1cc                vTaskInternalSetTimeOutState
 .text.xTaskCheckForTimeOut
                0x000000000800c1e4       0x78 Middlewares/Third_Party/FreeRTOS/Source/tasks.o
                0x000000000800c1e4                xTaskCheckForTimeOut
 .text.vTaskMissedYield
                0x000000000800c25c        0xc Middlewares/Third_Party/FreeRTOS/Source/tasks.o
                0x000000000800c25c                vTaskMissedYield
 .text.vTaskGetInfo
                0x000000000800c268       0x7c Middlewares/Third_Party/FreeRTOS/Source/tasks.o
                0x000000000800c268                vTaskGetInfo
 .text.prvListTasksWithinSingleList
                0x000000000800c2e4       0x5a Middlewares/Third_Party/FreeRTOS/Source/tasks.o
 *fill*         0x000000000800c33e        0x2 
 .text.uxTaskGetSystemState
                0x000000000800c340       0xa4 Middlewares/Third_Party/FreeRTOS/Source/tasks.o
                0x000000000800c340                uxTaskGetSystemState
 .text.uxTaskGetStackHighWaterMark
                0x000000000800c3e4       0x20 Middlewares/Third_Party/FreeRTOS/Source/tasks.o
                0x000000000800c3e4                uxTaskGetStackHighWaterMark
 .text.xTaskGetCurrentTaskHandle
                0x000000000800c404        0xc Middlewares/Third_Party/FreeRTOS/Source/tasks.o
                0x000000000800c404                xTaskGetCurrentTaskHandle
 .text.xTaskGetSchedulerState
                0x000000000800c410       0x20 Middlewares/Third_Party/FreeRTOS/Source/tasks.o
                0x000000000800c410                xTaskGetSchedulerState
 .text.xTaskPriorityInherit
                0x000000000800c430       0x80 Middlewares/Third_Party/FreeRTOS/Source/tasks.o
                0x000000000800c430                xTaskPriorityInherit
 .text.xTaskPriorityDisinherit
                0x000000000800c4b0       0x84 Middlewares/Third_Party/FreeRTOS/Source/tasks.o
                0x000000000800c4b0                xTaskPriorityDisinherit
 .text.vTaskPriorityDisinheritAfterTimeout
                0x000000000800c534       0x9c Middlewares/Third_Party/FreeRTOS/Source/tasks.o
                0x000000000800c534                vTaskPriorityDisinheritAfterTimeout
 .text.uxTaskResetEventItemValue
                0x000000000800c5d0       0x18 Middlewares/Third_Party/FreeRTOS/Source/tasks.o
                0x000000000800c5d0                uxTaskResetEventItemValue
 .text.pvTaskIncrementMutexHeldCount
                0x000000000800c5e8       0x18 Middlewares/Third_Party/FreeRTOS/Source/tasks.o
                0x000000000800c5e8                pvTaskIncrementMutexHeldCount
 .text.xTaskNotifyWait
                0x000000000800c600       0x8c Middlewares/Third_Party/FreeRTOS/Source/tasks.o
                0x000000000800c600                xTaskNotifyWait
 .text.xTaskGenericNotify
                0x000000000800c68c       0xe4 Middlewares/Third_Party/FreeRTOS/Source/tasks.o
                0x000000000800c68c                xTaskGenericNotify
 .text.xTaskGenericNotifyFromISR
                0x000000000800c770      0x114 Middlewares/Third_Party/FreeRTOS/Source/tasks.o
                0x000000000800c770                xTaskGenericNotifyFromISR
 .text.prvCheckForValidListAndQueue
                0x000000000800c884       0x68 Middlewares/Third_Party/FreeRTOS/Source/timers.o
 .text.prvInsertTimerInActiveList
                0x000000000800c8ec       0x3c Middlewares/Third_Party/FreeRTOS/Source/timers.o
 .text.xTimerCreateTimerTask
                0x000000000800c928       0x64 Middlewares/Third_Party/FreeRTOS/Source/timers.o
                0x000000000800c928                xTimerCreateTimerTask
 .text.xTimerCreate
                0x000000000800c98c       0x5a Middlewares/Third_Party/FreeRTOS/Source/timers.o
                0x000000000800c98c                xTimerCreate
 .text.xTimerCreateStatic
                0x000000000800c9e6       0x86 Middlewares/Third_Party/FreeRTOS/Source/timers.o
                0x000000000800c9e6                xTimerCreateStatic
 .text.xTimerGenericCommand
                0x000000000800ca6c       0x58 Middlewares/Third_Party/FreeRTOS/Source/timers.o
                0x000000000800ca6c                xTimerGenericCommand
 .text.prvSwitchTimerLists
                0x000000000800cac4       0x80 Middlewares/Third_Party/FreeRTOS/Source/timers.o
 .text.prvTimerTask
                0x000000000800cb44      0x220 Middlewares/Third_Party/FreeRTOS/Source/timers.o
 .text.pcTimerGetName
                0x000000000800cd64       0x18 Middlewares/Third_Party/FreeRTOS/Source/timers.o
                0x000000000800cd64                pcTimerGetName
 .text.xTimerIsTimerActive
                0x000000000800cd7c       0x2c Middlewares/Third_Party/FreeRTOS/Source/timers.o
                0x000000000800cd7c                xTimerIsTimerActive
 .text.pvTimerGetTimerID
                0x000000000800cda8       0x26 Middlewares/Third_Party/FreeRTOS/Source/timers.o
                0x000000000800cda8                pvTimerGetTimerID
 *fill*         0x000000000800cdce        0x2 
 .text.xTimerPendFunctionCallFromISR
                0x000000000800cdd0       0x28 Middlewares/Third_Party/FreeRTOS/Source/timers.o
                0x000000000800cdd0                xTimerPendFunctionCallFromISR
 .text.prvTaskExitError
                0x000000000800cdf8       0x40 Middlewares/Third_Party/FreeRTOS/Source/portable/GCC/ARM_CM4F/port.o
 .text.unlikely.prvPortStartFirstTask
                0x000000000800ce38       0x28 Middlewares/Third_Party/FreeRTOS/Source/portable/GCC/ARM_CM4F/port.o
 .text.unlikely.vPortEnableVFP
                0x000000000800ce60       0x14 Middlewares/Third_Party/FreeRTOS/Source/portable/GCC/ARM_CM4F/port.o
 .text.pxPortInitialiseStack
                0x000000000800ce74       0x2c Middlewares/Third_Party/FreeRTOS/Source/portable/GCC/ARM_CM4F/port.o
                0x000000000800ce74                pxPortInitialiseStack
 .text.SVC_Handler
                0x000000000800cea0       0x24 Middlewares/Third_Party/FreeRTOS/Source/portable/GCC/ARM_CM4F/port.o
                0x000000000800cea0                SVC_Handler
 .text.vPortEnterCritical
                0x000000000800cec4       0x44 Middlewares/Third_Party/FreeRTOS/Source/portable/GCC/ARM_CM4F/port.o
                0x000000000800cec4                vPortEnterCritical
 .text.vPortExitCritical
                0x000000000800cf08       0x28 Middlewares/Third_Party/FreeRTOS/Source/portable/GCC/ARM_CM4F/port.o
                0x000000000800cf08                vPortExitCritical
 .text.PendSV_Handler
                0x000000000800cf30       0x64 Middlewares/Third_Party/FreeRTOS/Source/portable/GCC/ARM_CM4F/port.o
                0x000000000800cf30                PendSV_Handler
 .text.SysTick_Handler
                0x000000000800cf94       0x2c Middlewares/Third_Party/FreeRTOS/Source/portable/GCC/ARM_CM4F/port.o
                0x000000000800cf94                SysTick_Handler
 .text.vPortSetupTimerInterrupt
                0x000000000800cfc0       0x34 Middlewares/Third_Party/FreeRTOS/Source/portable/GCC/ARM_CM4F/port.o
                0x000000000800cfc0                vPortSetupTimerInterrupt
 .text.xPortStartScheduler
                0x000000000800cff4      0x10c Middlewares/Third_Party/FreeRTOS/Source/portable/GCC/ARM_CM4F/port.o
                0x000000000800cff4                xPortStartScheduler
 .text.vPortValidateInterruptPriority
                0x000000000800d100       0x5c Middlewares/Third_Party/FreeRTOS/Source/portable/GCC/ARM_CM4F/port.o
                0x000000000800d100                vPortValidateInterruptPriority
 .text.unlikely.prvInsertBlockIntoFreeList
                0x000000000800d15c       0x48 Middlewares/Third_Party/FreeRTOS/Source/portable/MemMang/heap_4.o
 .text.pvPortMalloc
                0x000000000800d1a4      0x124 Middlewares/Third_Party/FreeRTOS/Source/portable/MemMang/heap_4.o
                0x000000000800d1a4                pvPortMalloc
 .text.vPortFree
                0x000000000800d2c8       0x70 Middlewares/Third_Party/FreeRTOS/Source/portable/MemMang/heap_4.o
                0x000000000800d2c8                vPortFree
 .text.xPortGetFreeHeapSize
                0x000000000800d338        0xc Middlewares/Third_Party/FreeRTOS/Source/portable/MemMang/heap_4.o
                0x000000000800d338                xPortGetFreeHeapSize
 .text.MX_USB_Device_Init
                0x000000000800d344       0x50 USB_Device/App/usb_device.o
                0x000000000800d344                MX_USB_Device_Init
 .text.CDC_Receive_FS
                0x000000000800d394       0x40 USB_Device/App/usbd_cdc_if.o
 .text.CDC_DeInit_FS
                0x000000000800d3d4       0x14 USB_Device/App/usbd_cdc_if.o
 .text.CDC_Init_FS
                0x000000000800d3e8       0x34 USB_Device/App/usbd_cdc_if.o
 .text.CDC_Control_FS
                0x000000000800d41c       0x48 USB_Device/App/usbd_cdc_if.o
 .text.CDC_Transmit_FS
                0x000000000800d464       0x30 USB_Device/App/usbd_cdc_if.o
                0x000000000800d464                CDC_Transmit_FS
 .text.USBD_CDC_DeviceDescriptor
                0x000000000800d494        0xc USB_Device/App/usbd_desc.o
                0x000000000800d494                USBD_CDC_DeviceDescriptor
 .text.USBD_CDC_LangIDStrDescriptor
                0x000000000800d4a0        0xc USB_Device/App/usbd_desc.o
                0x000000000800d4a0                USBD_CDC_LangIDStrDescriptor
 .text.IntToUnicode
                0x000000000800d4ac       0x2a USB_Device/App/usbd_desc.o
 *fill*         0x000000000800d4d6        0x2 
 .text.USBD_CDC_SerialStrDescriptor
                0x000000000800d4d8       0x40 USB_Device/App/usbd_desc.o
                0x000000000800d4d8                USBD_CDC_SerialStrDescriptor
 .text.USBD_CDC_ManufacturerStrDescriptor
                0x000000000800d518       0x1c USB_Device/App/usbd_desc.o
                0x000000000800d518                USBD_CDC_ManufacturerStrDescriptor
 .text.USBD_CDC_ProductStrDescriptor
                0x000000000800d534       0x1c USB_Device/App/usbd_desc.o
                0x000000000800d534                USBD_CDC_ProductStrDescriptor
 .text.USBD_CDC_ConfigStrDescriptor
                0x000000000800d550       0x1c USB_Device/App/usbd_desc.o
                0x000000000800d550                USBD_CDC_ConfigStrDescriptor
 .text.USBD_CDC_InterfaceStrDescriptor
                0x000000000800d56c       0x1c USB_Device/App/usbd_desc.o
                0x000000000800d56c                USBD_CDC_InterfaceStrDescriptor
 .text.HAL_PCD_MspInit
                0x000000000800d588       0x70 USB_Device/Target/usbd_conf.o
                0x000000000800d588                HAL_PCD_MspInit
 .text.HAL_PCD_SetupStageCallback
                0x000000000800d5f8        0xc USB_Device/Target/usbd_conf.o
                0x000000000800d5f8                HAL_PCD_SetupStageCallback
 .text.HAL_PCD_DataOutStageCallback
                0x000000000800d604       0x10 USB_Device/Target/usbd_conf.o
                0x000000000800d604                HAL_PCD_DataOutStageCallback
 .text.HAL_PCD_DataInStageCallback
                0x000000000800d614        0xe USB_Device/Target/usbd_conf.o
                0x000000000800d614                HAL_PCD_DataInStageCallback
 .text.HAL_PCD_SOFCallback
                0x000000000800d622        0x8 USB_Device/Target/usbd_conf.o
                0x000000000800d622                HAL_PCD_SOFCallback
 .text.HAL_PCD_ResetCallback
                0x000000000800d62a       0x24 USB_Device/Target/usbd_conf.o
                0x000000000800d62a                HAL_PCD_ResetCallback
 *fill*         0x000000000800d64e        0x2 
 .text.HAL_PCD_SuspendCallback
                0x000000000800d650       0x20 USB_Device/Target/usbd_conf.o
                0x000000000800d650                HAL_PCD_SuspendCallback
 .text.HAL_PCD_ResumeCallback
                0x000000000800d670       0x28 USB_Device/Target/usbd_conf.o
                0x000000000800d670                HAL_PCD_ResumeCallback
 .text.USBD_LL_Init
                0x000000000800d698       0x8c USB_Device/Target/usbd_conf.o
                0x000000000800d698                USBD_LL_Init
 .text.USBD_LL_Start
                0x000000000800d724       0x1c USB_Device/Target/usbd_conf.o
                0x000000000800d724                USBD_LL_Start
 .text.USBD_LL_OpenEP
                0x000000000800d740       0x20 USB_Device/Target/usbd_conf.o
                0x000000000800d740                USBD_LL_OpenEP
 .text.USBD_LL_CloseEP
                0x000000000800d760       0x1c USB_Device/Target/usbd_conf.o
                0x000000000800d760                USBD_LL_CloseEP
 .text.USBD_LL_StallEP
                0x000000000800d77c       0x1c USB_Device/Target/usbd_conf.o
                0x000000000800d77c                USBD_LL_StallEP
 .text.USBD_LL_ClearStallEP
                0x000000000800d798       0x1c USB_Device/Target/usbd_conf.o
                0x000000000800d798                USBD_LL_ClearStallEP
 .text.USBD_LL_IsStallEP
                0x000000000800d7b4       0x20 USB_Device/Target/usbd_conf.o
                0x000000000800d7b4                USBD_LL_IsStallEP
 .text.USBD_LL_SetUSBAddress
                0x000000000800d7d4       0x1c USB_Device/Target/usbd_conf.o
                0x000000000800d7d4                USBD_LL_SetUSBAddress
 .text.USBD_LL_Transmit
                0x000000000800d7f0       0x1c USB_Device/Target/usbd_conf.o
                0x000000000800d7f0                USBD_LL_Transmit
 .text.USBD_LL_PrepareReceive
                0x000000000800d80c       0x1c USB_Device/Target/usbd_conf.o
                0x000000000800d80c                USBD_LL_PrepareReceive
 .text.USBD_LL_GetRxDataSize
                0x000000000800d828        0x8 USB_Device/Target/usbd_conf.o
                0x000000000800d828                USBD_LL_GetRxDataSize
 .text.HAL_PCDEx_LPM_Callback
                0x000000000800d830       0x48 USB_Device/Target/usbd_conf.o
                0x000000000800d830                HAL_PCDEx_LPM_Callback
 .text.USBD_static_malloc
                0x000000000800d878        0x8 USB_Device/Target/usbd_conf.o
                0x000000000800d878                USBD_static_malloc
 .text.USBD_static_free
                0x000000000800d880        0x2 USB_Device/Target/usbd_conf.o
                0x000000000800d880                USBD_static_free
 *fill*         0x000000000800d882        0x2 
 .text.__libc_init_array
                0x000000000800d884       0x48 /opt/st/stm32cubeide_1.3.0/plugins/com.st.stm32cube.ide.mcu.externaltools.gnu-tools-for-stm32.7-2018-q2-update.linux64_1.0.0.201904181610/tools/bin/../lib/gcc/arm-none-eabi/7.3.1/../../../../arm-none-eabi/lib/thumb/v7e-m/fpv4-sp/hard/libc_nano.a(lib_a-init.o)
                0x000000000800d884                __libc_init_array
 .text.memcpy   0x000000000800d8cc       0x16 /opt/st/stm32cubeide_1.3.0/plugins/com.st.stm32cube.ide.mcu.externaltools.gnu-tools-for-stm32.7-2018-q2-update.linux64_1.0.0.201904181610/tools/bin/../lib/gcc/arm-none-eabi/7.3.1/../../../../arm-none-eabi/lib/thumb/v7e-m/fpv4-sp/hard/libc_nano.a(lib_a-memcpy-stub.o)
                0x000000000800d8cc                memcpy
 .text.memset   0x000000000800d8e2       0x10 /opt/st/stm32cubeide_1.3.0/plugins/com.st.stm32cube.ide.mcu.externaltools.gnu-tools-for-stm32.7-2018-q2-update.linux64_1.0.0.201904181610/tools/bin/../lib/gcc/arm-none-eabi/7.3.1/../../../../arm-none-eabi/lib/thumb/v7e-m/fpv4-sp/hard/libc_nano.a(lib_a-memset.o)
                0x000000000800d8e2                memset
 *(.glue_7)
 .glue_7        0x000000000800d8f2        0x0 linker stubs
 *(.glue_7t)
 .glue_7t       0x000000000800d8f2        0x0 linker stubs
 *(.eh_frame)
 *fill*         0x000000000800d8f2        0x2 
 .eh_frame      0x000000000800d8f4        0x0 /opt/st/stm32cubeide_1.3.0/plugins/com.st.stm32cube.ide.mcu.externaltools.gnu-tools-for-stm32.7-2018-q2-update.linux64_1.0.0.201904181610/tools/bin/../lib/gcc/arm-none-eabi/7.3.1/thumb/v7e-m/fpv4-sp/hard/crtbegin.o
 *(.init)
 .init          0x000000000800d8f4        0x4 /opt/st/stm32cubeide_1.3.0/plugins/com.st.stm32cube.ide.mcu.externaltools.gnu-tools-for-stm32.7-2018-q2-update.linux64_1.0.0.201904181610/tools/bin/../lib/gcc/arm-none-eabi/7.3.1/thumb/v7e-m/fpv4-sp/hard/crti.o
                0x000000000800d8f4                _init
 .init          0x000000000800d8f8        0x8 /opt/st/stm32cubeide_1.3.0/plugins/com.st.stm32cube.ide.mcu.externaltools.gnu-tools-for-stm32.7-2018-q2-update.linux64_1.0.0.201904181610/tools/bin/../lib/gcc/arm-none-eabi/7.3.1/thumb/v7e-m/fpv4-sp/hard/crtn.o
 *(.fini)