Archive member included to satisfy reference by file (symbol)

/opt/st/stm32cubeide_1.3.0/plugins/com.st.stm32cube.ide.mcu.externaltools.gnu-tools-for-stm32.7-2018-q2-update.linux64_1.0.0.201904181610/tools/bin/../lib/gcc/arm-none-eabi/7.3.1/../../../../arm-none-eabi/lib/thumb/v7e-m/fpv4-sp/hard/libc_nano.a(lib_a-errno.o)
                              Core/Src/syscalls.o (__errno)
/opt/st/stm32cubeide_1.3.0/plugins/com.st.stm32cube.ide.mcu.externaltools.gnu-tools-for-stm32.7-2018-q2-update.linux64_1.0.0.201904181610/tools/bin/../lib/gcc/arm-none-eabi/7.3.1/../../../../arm-none-eabi/lib/thumb/v7e-m/fpv4-sp/hard/libc_nano.a(lib_a-exit.o)
                              /opt/st/stm32cubeide_1.3.0/plugins/com.st.stm32cube.ide.mcu.externaltools.gnu-tools-for-stm32.7-2018-q2-update.linux64_1.0.0.201904181610/tools/bin/../lib/gcc/arm-none-eabi/7.3.1/../../../../arm-none-eabi/lib/thumb/v7e-m/fpv4-sp/hard/crt0.o (exit)
/opt/st/stm32cubeide_1.3.0/plugins/com.st.stm32cube.ide.mcu.externaltools.gnu-tools-for-stm32.7-2018-q2-update.linux64_1.0.0.201904181610/tools/bin/../lib/gcc/arm-none-eabi/7.3.1/../../../../arm-none-eabi/lib/thumb/v7e-m/fpv4-sp/hard/libc_nano.a(lib_a-impure.o)
                              /opt/st/stm32cubeide_1.3.0/plugins/com.st.stm32cube.ide.mcu.externaltools.gnu-tools-for-stm32.7-2018-q2-update.linux64_1.0.0.201904181610/tools/bin/../lib/gcc/arm-none-eabi/7.3.1/../../../../arm-none-eabi/lib/thumb/v7e-m/fpv4-sp/hard/libc_nano.a(lib_a-exit.o) (_global_impure_ptr)
/opt/st/stm32cubeide_1.3.0/plugins/com.st.stm32cube.ide.mcu.externaltools.gnu-tools-for-stm32.7-2018-q2-update.linux64_1.0.0.201904181610/tools/bin/../lib/gcc/arm-none-eabi/7.3.1/../../../../arm-none-eabi/lib/thumb/v7e-m/fpv4-sp/hard/libc_nano.a(lib_a-init.o)
                              /opt/st/stm32cubeide_1.3.0/plugins/com.st.stm32cube.ide.mcu.externaltools.gnu-tools-for-stm32.7-2018-q2-update.linux64_1.0.0.201904181610/tools/bin/../lib/gcc/arm-none-eabi/7.3.1/../../../../arm-none-eabi/lib/thumb/v7e-m/fpv4-sp/hard/crt0.o (__libc_init_array)
/opt/st/stm32cubeide_1.3.0/plugins/com.st.stm32cube.ide.mcu.externaltools.gnu-tools-for-stm32.7-2018-q2-update.linux64_1.0.0.201904181610/tools/bin/../lib/gcc/arm-none-eabi/7.3.1/../../../../arm-none-eabi/lib/thumb/v7e-m/fpv4-sp/hard/libc_nano.a(lib_a-memcpy-stub.o)
                              Middlewares/Third_Party/FreeRTOS/Source/CMSIS_RTOS_V2/cmsis_os2.o (memcpy)
/opt/st/stm32cubeide_1.3.0/plugins/com.st.stm32cube.ide.mcu.externaltools.gnu-tools-for-stm32.7-2018-q2-update.linux64_1.0.0.201904181610/tools/bin/../lib/gcc/arm-none-eabi/7.3.1/../../../../arm-none-eabi/lib/thumb/v7e-m/fpv4-sp/hard/libc_nano.a(lib_a-memset.o)
                              /opt/st/stm32cubeide_1.3.0/plugins/com.st.stm32cube.ide.mcu.externaltools.gnu-tools-for-stm32.7-2018-q2-update.linux64_1.0.0.201904181610/tools/bin/../lib/gcc/arm-none-eabi/7.3.1/../../../../arm-none-eabi/lib/thumb/v7e-m/fpv4-sp/hard/crt0.o (memset)
/opt/st/stm32cubeide_1.3.0/plugins/com.st.stm32cube.ide.mcu.externaltools.gnu-tools-for-stm32.7-2018-q2-update.linux64_1.0.0.201904181610/tools/bin/../lib/gcc/arm-none-eabi/7.3.1/thumb/v7e-m/fpv4-sp/hard/libgcc.a(_aeabi_ldivmod.o)
                              Drivers/STM32WBxx_HAL_Driver/Src/stm32wbxx_hal_uart.o (__aeabi_ldivmod)
/opt/st/stm32cubeide_1.3.0/plugins/com.st.stm32cube.ide.mcu.externaltools.gnu-tools-for-stm32.7-2018-q2-update.linux64_1.0.0.201904181610/tools/bin/../lib/gcc/arm-none-eabi/7.3.1/thumb/v7e-m/fpv4-sp/hard/libgcc.a(_aeabi_uldivmod.o)
                              Drivers/STM32WBxx_HAL_Driver/Src/stm32wbxx_hal_uart.o (__aeabi_uldivmod)
/opt/st/stm32cubeide_1.3.0/plugins/com.st.stm32cube.ide.mcu.externaltools.gnu-tools-for-stm32.7-2018-q2-update.linux64_1.0.0.201904181610/tools/bin/../lib/gcc/arm-none-eabi/7.3.1/thumb/v7e-m/fpv4-sp/hard/libgcc.a(_udivmoddi4.o)
                              /opt/st/stm32cubeide_1.3.0/plugins/com.st.stm32cube.ide.mcu.externaltools.gnu-tools-for-stm32.7-2018-q2-update.linux64_1.0.0.201904181610/tools/bin/../lib/gcc/arm-none-eabi/7.3.1/thumb/v7e-m/fpv4-sp/hard/libgcc.a(_aeabi_ldivmod.o) (__udivmoddi4)
/opt/st/stm32cubeide_1.3.0/plugins/com.st.stm32cube.ide.mcu.externaltools.gnu-tools-for-stm32.7-2018-q2-update.linux64_1.0.0.201904181610/tools/bin/../lib/gcc/arm-none-eabi/7.3.1/thumb/v7e-m/fpv4-sp/hard/libgcc.a(_dvmd_tls.o)
                              /opt/st/stm32cubeide_1.3.0/plugins/com.st.stm32cube.ide.mcu.externaltools.gnu-tools-for-stm32.7-2018-q2-update.linux64_1.0.0.201904181610/tools/bin/../lib/gcc/arm-none-eabi/7.3.1/thumb/v7e-m/fpv4-sp/hard/libgcc.a(_aeabi_ldivmod.o) (__aeabi_ldiv0)

Allocating common symbols
Common symbol       size              file

hUsbDeviceFS        0x2c4             USB_Device/App/usb_device.o
hcrc                0x24              Core/Src/main.o
htim17              0x40              Core/Src/stm32wbxx_hal_timebase_tim.o
BuffLength          0x4               USB_Device/App/usbd_cdc_if.o
[...]
Memory Configuration

Name             Origin             Length             Attributes
FLASH            0x0000000008000000 0x0000000000040000 xr
FLASH_FORTH      0x0000000008040000 0x0000000000080000 xr
FLASH_BLESTACK   0x00000000080c0000 0x0000000000040000 xr
RAM_FORTH        0x0000000020000000 0x0000000000010000 xrw
RAM1             0x0000000020010000 0x0000000000030000 xrw
RAM_SHARED       0x0000000020030000 0x0000000000002800 xrw
*default*        0x0000000000000000 0xffffffffffffffff

Linker script and memory map

LOAD /opt/st/stm32cubeide_1.3.0/plugins/com.st.stm32cube.ide.mcu.externaltools.gnu-tools-for-stm32.7-2018-q2-update.linux64_1.0.0.201904181610/tools/bin/../lib/gcc/arm-none-eabi/7.3.1/thumb/v7e-m/fpv4-sp/hard/crti.o
LOAD /opt/st/stm32cubeide_1.3.0/plugins/com.st.stm32cube.ide.mcu.externaltools.gnu-tools-for-stm32.7-2018-q2-update.linux64_1.0.0.201904181610/tools/bin/../lib/gcc/arm-none-eabi/7.3.1/thumb/v7e-m/fpv4-sp/hard/crtbegin.o
LOAD /opt/st/stm32cubeide_1.3.0/plugins/com.st.stm32cube.ide.mcu.externaltools.gnu-tools-for-stm32.7-2018-q2-update.linux64_1.0.0.201904181610/tools/bin/../lib/gcc/arm-none-eabi/7.3.1/../../../../arm-none-eabi/lib/thumb/v7e-m/fpv4-sp/hard/crt0.o
LOAD Core/Src/app_freertos.o
LOAD Core/Src/main.o
LOAD Core/Src/stm32wbxx_hal_msp.o
LOAD Core/Src/stm32wbxx_hal_timebase_tim.o
LOAD Core/Src/stm32wbxx_it.o
LOAD Core/Src/syscalls.o
LOAD Core/Src/sysmem.o
LOAD Core/Src/system_stm32wbxx.o
LOAD Core/Startup/startup_stm32wb55rgvx.o
LOAD Drivers/STM32WBxx_HAL_Driver/Src/stm32wbxx_hal.o
LOAD Drivers/STM32WBxx_HAL_Driver/Src/stm32wbxx_hal_cortex.o
LOAD Drivers/STM32WBxx_HAL_Driver/Src/stm32wbxx_hal_crc.o
LOAD Drivers/STM32WBxx_HAL_Driver/Src/stm32wbxx_hal_crc_ex.o
LOAD Drivers/STM32WBxx_HAL_Driver/Src/stm32wbxx_hal_dma.o
LOAD Drivers/STM32WBxx_HAL_Driver/Src/stm32wbxx_hal_dma_ex.o
LOAD Drivers/STM32WBxx_HAL_Driver/Src/stm32wbxx_hal_exti.o
LOAD Drivers/STM32WBxx_HAL_Driver/Src/stm32wbxx_hal_flash.o
LOAD Drivers/STM32WBxx_HAL_Driver/Src/stm32wbxx_hal_flash_ex.o
LOAD Drivers/STM32WBxx_HAL_Driver/Src/stm32wbxx_hal_gpio.o
LOAD Drivers/STM32WBxx_HAL_Driver/Src/stm32wbxx_hal_hsem.o
LOAD Drivers/STM32WBxx_HAL_Driver/Src/stm32wbxx_hal_pcd.o
LOAD Drivers/STM32WBxx_HAL_Driver/Src/stm32wbxx_hal_pcd_ex.o
LOAD Drivers/STM32WBxx_HAL_Driver/Src/stm32wbxx_hal_pka.o
LOAD Drivers/STM32WBxx_HAL_Driver/Src/stm32wbxx_hal_pwr.o
LOAD Drivers/STM32WBxx_HAL_Driver/Src/stm32wbxx_hal_pwr_ex.o
LOAD Drivers/STM32WBxx_HAL_Driver/Src/stm32wbxx_hal_rcc.o
LOAD Drivers/STM32WBxx_HAL_Driver/Src/stm32wbxx_hal_rcc_ex.o
LOAD Drivers/STM32WBxx_HAL_Driver/Src/stm32wbxx_hal_rng.o
LOAD Drivers/STM32WBxx_HAL_Driver/Src/stm32wbxx_hal_rtc.o
LOAD Drivers/STM32WBxx_HAL_Driver/Src/stm32wbxx_hal_rtc_ex.o
LOAD Drivers/STM32WBxx_HAL_Driver/Src/stm32wbxx_hal_tim.o
LOAD Drivers/STM32WBxx_HAL_Driver/Src/stm32wbxx_hal_tim_ex.o
LOAD Drivers/STM32WBxx_HAL_Driver/Src/stm32wbxx_hal_uart.o
LOAD Drivers/STM32WBxx_HAL_Driver/Src/stm32wbxx_hal_uart_ex.o
LOAD Drivers/STM32WBxx_HAL_Driver/Src/stm32wbxx_ll_usb.o
LOAD Forth/Src/ble_vsp.o
LOAD Forth/Src/bsp.o
LOAD Forth/Src/flash.o
LOAD Forth/Src/uart.o
LOAD Forth/Src/usb_cdc.o
LOAD Forth/cube/mecrisp.o
LOAD Middlewares/ST/STM32_USB_Device_Library/Class/CDC/Src/usbd_cdc.o
LOAD Middlewares/ST/STM32_USB_Device_Library/Core/Src/usbd_core.o
LOAD Middlewares/ST/STM32_USB_Device_Library/Core/Src/usbd_ctlreq.o
LOAD Middlewares/ST/STM32_USB_Device_Library/Core/Src/usbd_ioreq.o
LOAD Middlewares/Third_Party/FreeRTOS/Source/CMSIS_RTOS_V2/cmsis_os2.o
LOAD Middlewares/Third_Party/FreeRTOS/Source/croutine.o
LOAD Middlewares/Third_Party/FreeRTOS/Source/event_groups.o
LOAD Middlewares/Third_Party/FreeRTOS/Source/list.o
LOAD Middlewares/Third_Party/FreeRTOS/Source/queue.o
LOAD Middlewares/Third_Party/FreeRTOS/Source/stream_buffer.o
LOAD Middlewares/Third_Party/FreeRTOS/Source/tasks.o
LOAD Middlewares/Third_Party/FreeRTOS/Source/timers.o
LOAD Middlewares/Third_Party/FreeRTOS/Source/portable/GCC/ARM_CM4F/port.o
LOAD Middlewares/Third_Party/FreeRTOS/Source/portable/MemMang/heap_4.o
LOAD USB_Device/App/usb_device.o
LOAD USB_Device/App/usbd_cdc_if.o
LOAD USB_Device/App/usbd_desc.o
LOAD USB_Device/Target/usbd_conf.o
START GROUP
LOAD /opt/st/stm32cubeide_1.3.0/plugins/com.st.stm32cube.ide.mcu.externaltools.gnu-tools-for-stm32.7-2018-q2-update.linux64_1.0.0.201904181610/tools/bin/../lib/gcc/arm-none-eabi/7.3.1/../../../../arm-none-eabi/lib/thumb/v7e-m/fpv4-sp/hard/libc_nano.a
LOAD /opt/st/stm32cubeide_1.3.0/plugins/com.st.stm32cube.ide.mcu.externaltools.gnu-tools-for-stm32.7-2018-q2-update.linux64_1.0.0.201904181610/tools/bin/../lib/gcc/arm-none-eabi/7.3.1/../../../../arm-none-eabi/lib/thumb/v7e-m/fpv4-sp/hard/libm.a
END GROUP
START GROUP
LOAD /opt/st/stm32cubeide_1.3.0/plugins/com.st.stm32cube.ide.mcu.externaltools.gnu-tools-for-stm32.7-2018-q2-update.linux64_1.0.0.201904181610/tools/bin/../lib/gcc/arm-none-eabi/7.3.1/thumb/v7e-m/fpv4-sp/hard/libgcc.a
LOAD /opt/st/stm32cubeide_1.3.0/plugins/com.st.stm32cube.ide.mcu.externaltools.gnu-tools-for-stm32.7-2018-q2-update.linux64_1.0.0.201904181610/tools/bin/../lib/gcc/arm-none-eabi/7.3.1/../../../../arm-none-eabi/lib/thumb/v7e-m/fpv4-sp/hard/libc_nano.a
END GROUP
START GROUP
LOAD /opt/st/stm32cubeide_1.3.0/plugins/com.st.stm32cube.ide.mcu.externaltools.gnu-tools-for-stm32.7-2018-q2-update.linux64_1.0.0.201904181610/tools/bin/../lib/gcc/arm-none-eabi/7.3.1/thumb/v7e-m/fpv4-sp/hard/libgcc.a
LOAD /opt/st/stm32cubeide_1.3.0/plugins/com.st.stm32cube.ide.mcu.externaltools.gnu-tools-for-stm32.7-2018-q2-update.linux64_1.0.0.201904181610/tools/bin/../lib/gcc/arm-none-eabi/7.3.1/../../../../arm-none-eabi/lib/thumb/v7e-m/fpv4-sp/hard/libc_nano.a
LOAD /opt/st/stm32cubeide_1.3.0/plugins/com.st.stm32cube.ide.mcu.externaltools.gnu-tools-for-stm32.7-2018-q2-update.linux64_1.0.0.201904181610/tools/bin/../lib/gcc/arm-none-eabi/7.3.1/../../../../arm-none-eabi/lib/thumb/v7e-m/fpv4-sp/hard/libnosys.a
END GROUP
START GROUP
LOAD /opt/st/stm32cubeide_1.3.0/plugins/com.st.stm32cube.ide.mcu.externaltools.gnu-tools-for-stm32.7-2018-q2-update.linux64_1.0.0.201904181610/tools/bin/../lib/gcc/arm-none-eabi/7.3.1/thumb/v7e-m/fpv4-sp/hard/libgcc.a
LOAD /opt/st/stm32cubeide_1.3.0/plugins/com.st.stm32cube.ide.mcu.externaltools.gnu-tools-for-stm32.7-2018-q2-update.linux64_1.0.0.201904181610/tools/bin/../lib/gcc/arm-none-eabi/7.3.1/../../../../arm-none-eabi/lib/thumb/v7e-m/fpv4-sp/hard/libc_nano.a
LOAD /opt/st/stm32cubeide_1.3.0/plugins/com.st.stm32cube.ide.mcu.externaltools.gnu-tools-for-stm32.7-2018-q2-update.linux64_1.0.0.201904181610/tools/bin/../lib/gcc/arm-none-eabi/7.3.1/../../../../arm-none-eabi/lib/thumb/v7e-m/fpv4-sp/hard/libnosys.a
END GROUP
LOAD /opt/st/stm32cubeide_1.3.0/plugins/com.st.stm32cube.ide.mcu.externaltools.gnu-tools-for-stm32.7-2018-q2-update.linux64_1.0.0.201904181610/tools/bin/../lib/gcc/arm-none-eabi/7.3.1/thumb/v7e-m/fpv4-sp/hard/crtend.o
LOAD /opt/st/stm32cubeide_1.3.0/plugins/com.st.stm32cube.ide.mcu.externaltools.gnu-tools-for-stm32.7-2018-q2-update.linux64_1.0.0.201904181610/tools/bin/../lib/gcc/arm-none-eabi/7.3.1/thumb/v7e-m/fpv4-sp/hard/crtn.o
                0x0000000020030000                _estack = 0x20030000
                0x0000000000001000                _Min_Heap_Size = 0x1000
                0x0000000000001000                _Min_Stack_Size = 0x1000

.isr_vector     0x0000000008000000      0x13c
                0x0000000008000000                . = ALIGN (0x4)
 *(.isr_vector)
 .isr_vector    0x0000000008000000      0x13c Core/Startup/startup_stm32wb55rgvx.o
                0x0000000008000000                g_pfnVectors
                0x000000000800013c                . = ALIGN (0x4)

.text           0x0000000008000140     0xc3ac
                0x0000000008000140                . = ALIGN (0x4)
 *(.text)
 .text          0x0000000008000140       0x40 /opt/st/stm32cubeide_1.3.0/plugins/com.st.stm32cube.ide.mcu.externaltools.gnu-tools-for-stm32.7-2018-q2-update.linux64_1.0.0.201904181610/tools/bin/../lib/gcc/arm-none-eabi/7.3.1/thumb/v7e-m/fpv4-sp/hard/crtbegin.o
 .text          0x0000000008000180     0x3b1c Forth/cube/mecrisp.o
                0x0000000008003710                rtos_osThreadGetStackSpace
                0x0000000008003732                rtos_osMainThreadID
                0x000000000800375c                rtos_xPortGetFreeHeapSize
                0x0000000008003b10                Forth
 .text          0x0000000008003c9c       0x30 /opt/st/stm32cubeide_1.3.0/plugins/com.st.stm32cube.ide.mcu.externaltools.gnu-tools-for-stm32.7-2018-q2-update.linux64_1.0.0.201904181610/tools/bin/../lib/gcc/arm-none-eabi/7.3.1/thumb/v7e-m/fpv4-sp/hard/libgcc.a(_aeabi_uldivmod.o)
                0x0000000008003c9c                __aeabi_uldivmod
 .text          0x0000000008003ccc      0x2cc /opt/st/stm32cubeide_1.3.0/plugins/com.st.stm32cube.ide.mcu.externaltools.gnu-tools-for-stm32.7-2018-q2-update.linux64_1.0.0.201904181610/tools/bin/../lib/gcc/arm-none-eabi/7.3.1/thumb/v7e-m/fpv4-sp/hard/libgcc.a(_udivmoddi4.o)
                0x0000000008003ccc                __udivmoddi4
 .text          0x0000000008003f98        0x4 /opt/st/stm32cubeide_1.3.0/plugins/com.st.stm32cube.ide.mcu.externaltools.gnu-tools-for-stm32.7-2018-q2-update.linux64_1.0.0.201904181610/tools/bin/../lib/gcc/arm-none-eabi/7.3.1/thumb/v7e-m/fpv4-sp/hard/libgcc.a(_dvmd_tls.o)
                0x0000000008003f98                __aeabi_ldiv0
                0x0000000008003f98                __aeabi_idiv0
 *(.text*)
 .text.LL_AHB2_GRP1_EnableClock
                0x0000000008003f9c       0x18 Core/Src/main.o
 .text.HAL_TIM_PeriodElapsedCallback
                0x0000000008003fb4       0x14 Core/Src/main.o
                0x0000000008003fb4                HAL_TIM_PeriodElapsedCallback
 .text.Error_Handler
                0x0000000008003fc8        0x6 Core/Src/main.o
                0x0000000008003fc8                Error_Handler
 *fill*         0x0000000008003fce        0x2 
 .text.SystemClock_Config
                0x0000000008003fd0      0x118 Core/Src/main.o
                0x0000000008003fd0                SystemClock_Config
 .text.startup.main
                0x00000000080040e8      0x180 Core/Src/main.o
                0x00000000080040e8                main
 .text.vApplicationStackOverflowHook
                0x0000000008004268        0x8 Core/Src/main.o
                0x0000000008004268                vApplicationStackOverflowHook
 .text.vApplicationMallocFailedHook
                0x0000000008004270        0x4 Core/Src/main.o
                0x0000000008004270                vApplicationMallocFailedHook
 .text.MainThread
                0x0000000008004274       0x18 Core/Src/main.o
                0x0000000008004274                MainThread
 .text.LL_AHB3_GRP1_EnableClock
                0x000000000800428c       0x18 Core/Src/stm32wbxx_hal_msp.o
 .text.HAL_MspInit
                0x00000000080042a4       0x36 Core/Src/stm32wbxx_hal_msp.o
                0x00000000080042a4                HAL_MspInit
 *fill*         0x00000000080042da        0x2 
 .text.HAL_CRC_MspInit
                0x00000000080042dc       0x28 Core/Src/stm32wbxx_hal_msp.o
                0x00000000080042dc                HAL_CRC_MspInit
 .text.HAL_PKA_MspInit
                0x0000000008004304       0x18 Core/Src/stm32wbxx_hal_msp.o
                0x0000000008004304                HAL_PKA_MspInit
 .text.HAL_RNG_MspInit
                0x000000000800431c       0x18 Core/Src/stm32wbxx_hal_msp.o
                0x000000000800431c                HAL_RNG_MspInit
 .text.HAL_RTC_MspInit
                0x0000000008004334       0x34 Core/Src/stm32wbxx_hal_msp.o
                0x0000000008004334                HAL_RTC_MspInit
 .text.HAL_UART_MspInit
                0x0000000008004368       0x70 Core/Src/stm32wbxx_hal_msp.o
                0x0000000008004368                HAL_UART_MspInit
 .text.HAL_InitTick
                0x00000000080043d8       0x74 Core/Src/stm32wbxx_hal_timebase_tim.o
                0x00000000080043d8                HAL_InitTick
 .text.NMI_Handler
                0x000000000800444c        0x2 Core/Src/stm32wbxx_it.o
                0x000000000800444c                NMI_Handler
 .text.HardFault_Handler
                0x000000000800444e        0x2 Core/Src/stm32wbxx_it.o
                0x000000000800444e                HardFault_Handler
 .text.MemManage_Handler
                0x0000000008004450        0x2 Core/Src/stm32wbxx_it.o
                0x0000000008004450                MemManage_Handler
 .text.BusFault_Handler
                0x0000000008004452        0x2 Core/Src/stm32wbxx_it.o
                0x0000000008004452                BusFault_Handler
 .text.UsageFault_Handler
                0x0000000008004454        0x2 Core/Src/stm32wbxx_it.o
                0x0000000008004454                UsageFault_Handler
 .text.DebugMon_Handler
                0x0000000008004456        0x2 Core/Src/stm32wbxx_it.o
                0x0000000008004456                DebugMon_Handler
 .text.FLASH_IRQHandler
                0x0000000008004458        0x4 Core/Src/stm32wbxx_it.o
                0x0000000008004458                FLASH_IRQHandler
 .text.USB_LP_IRQHandler
                0x000000000800445c        0xc Core/Src/stm32wbxx_it.o
                0x000000000800445c                USB_LP_IRQHandler
 .text.TIM1_TRG_COM_TIM17_IRQHandler
                0x0000000008004468        0xc Core/Src/stm32wbxx_it.o
                0x0000000008004468                TIM1_TRG_COM_TIM17_IRQHandler
 .text.USART1_IRQHandler
                0x0000000008004474        0xc Core/Src/stm32wbxx_it.o
                0x0000000008004474                USART1_IRQHandler
 .text.SystemInit
                0x0000000008004480       0x68 Core/Src/system_stm32wbxx.o
                0x0000000008004480                SystemInit
 .text.SystemCoreClockUpdate
                0x00000000080044e8       0xa0 Core/Src/system_stm32wbxx.o
                0x00000000080044e8                SystemCoreClockUpdate
 .text.data_initializers
                0x0000000008004588       0x18 Core/Startup/startup_stm32wb55rgvx.o
 .text.Reset_Handler
                0x00000000080045a0       0x54 Core/Startup/startup_stm32wb55rgvx.o
                0x00000000080045a0                Reset_Handler
 .text.Default_Handler
                0x00000000080045f4        0x2 Core/Startup/startup_stm32wb55rgvx.o
                0x00000000080045f4                RTC_Alarm_IRQHandler
                0x00000000080045f4                EXTI2_IRQHandler
                0x00000000080045f4                TIM1_CC_IRQHandler
                0x00000000080045f4                TSC_IRQHandler
                0x00000000080045f4                USB_HP_IRQHandler
                0x00000000080045f4                EXTI3_IRQHandler
                0x00000000080045f4                LPTIM2_IRQHandler
                0x00000000080045f4                I2C3_ER_IRQHandler
                0x00000000080045f4                EXTI0_IRQHandler
                0x00000000080045f4                FPU_IRQHandler
                0x00000000080045f4                TIM1_UP_TIM16_IRQHandler
                0x00000000080045f4                AES1_IRQHandler
                0x00000000080045f4                SPI1_IRQHandler
                0x00000000080045f4                PWR_SOTF_BLEACT_802ACT_RFPHASE_IRQHandler
                0x00000000080045f4                DMA2_Channel2_IRQHandler
                0x00000000080045f4                DMA1_Channel4_IRQHandler
                0x00000000080045f4                ADC1_IRQHandler
                0x00000000080045f4                PKA_IRQHandler
                0x00000000080045f4                DMA1_Channel7_IRQHandler
                0x00000000080045f4                LCD_IRQHandler
                0x00000000080045f4                IPCC_C1_TX_IRQHandler
                0x00000000080045f4                DMA2_Channel1_IRQHandler
                0x00000000080045f4                QUADSPI_IRQHandler
                0x00000000080045f4                I2C1_EV_IRQHandler
                0x00000000080045f4                DMAMUX1_OVR_IRQHandler
                0x00000000080045f4                DMA1_Channel6_IRQHandler
                0x00000000080045f4                DMA2_Channel4_IRQHandler
                0x00000000080045f4                RCC_IRQHandler
                0x00000000080045f4                DMA1_Channel1_IRQHandler
                0x00000000080045f4                Default_Handler
                0x00000000080045f4                DMA2_Channel7_IRQHandler
                0x00000000080045f4                EXTI15_10_IRQHandler
                0x00000000080045f4                IPCC_C1_RX_IRQHandler
                0x00000000080045f4                C2SEV_PWR_C2H_IRQHandler
                0x00000000080045f4                AES2_IRQHandler
                0x00000000080045f4                I2C3_EV_IRQHandler
                0x00000000080045f4                EXTI9_5_IRQHandler
                0x00000000080045f4                RTC_WKUP_IRQHandler
                0x00000000080045f4                PVD_PVM_IRQHandler
                0x00000000080045f4                SPI2_IRQHandler
                0x00000000080045f4                DMA2_Channel5_IRQHandler
                0x00000000080045f4                CRS_IRQHandler
                0x00000000080045f4                DMA1_Channel5_IRQHandler
                0x00000000080045f4                EXTI4_IRQHandler
                0x00000000080045f4                RNG_IRQHandler
                0x00000000080045f4                TAMP_STAMP_LSECSS_IRQHandler
                0x00000000080045f4                DMA1_Channel3_IRQHandler
                0x00000000080045f4                COMP_IRQHandler
                0x00000000080045f4                HSEM_IRQHandler
                0x00000000080045f4                WWDG_IRQHandler
                0x00000000080045f4                LPUART1_IRQHandler
                0x00000000080045f4                DMA2_Channel6_IRQHandler
                0x00000000080045f4                TIM2_IRQHandler
                0x00000000080045f4                TIM1_BRK_IRQHandler
                0x00000000080045f4                EXTI1_IRQHandler
                0x00000000080045f4                DMA1_Channel2_IRQHandler
                0x00000000080045f4                I2C1_ER_IRQHandler
                0x00000000080045f4                LPTIM1_IRQHandler
                0x00000000080045f4                SAI1_IRQHandler
                0x00000000080045f4                DMA2_Channel3_IRQHandler
 *fill*         0x00000000080045f6        0x2 
 .text.HAL_Init
                0x00000000080045f8       0x2c Drivers/STM32WBxx_HAL_Driver/Src/stm32wbxx_hal.o
                0x00000000080045f8                HAL_Init
 .text.HAL_IncTick
                0x0000000008004624       0x18 Drivers/STM32WBxx_HAL_Driver/Src/stm32wbxx_hal.o
                0x0000000008004624                HAL_IncTick
 .text.HAL_GetTick
                0x000000000800463c        0xc Drivers/STM32WBxx_HAL_Driver/Src/stm32wbxx_hal.o
                0x000000000800463c                HAL_GetTick
 .text.HAL_GetTickPrio
                0x0000000008004648        0xc Drivers/STM32WBxx_HAL_Driver/Src/stm32wbxx_hal.o
                0x0000000008004648                HAL_GetTickPrio
 .text.HAL_NVIC_SetPriorityGrouping
                0x0000000008004654       0x24 Drivers/STM32WBxx_HAL_Driver/Src/stm32wbxx_hal_cortex.o
                0x0000000008004654                HAL_NVIC_SetPriorityGrouping
 .text.HAL_NVIC_SetPriority
                0x0000000008004678       0x68 Drivers/STM32WBxx_HAL_Driver/Src/stm32wbxx_hal_cortex.o
                0x0000000008004678                HAL_NVIC_SetPriority
 .text.HAL_NVIC_EnableIRQ
                0x00000000080046e0       0x1c Drivers/STM32WBxx_HAL_Driver/Src/stm32wbxx_hal_cortex.o
                0x00000000080046e0                HAL_NVIC_EnableIRQ
 .text.HAL_CRC_Init
                0x00000000080046fc       0x74 Drivers/STM32WBxx_HAL_Driver/Src/stm32wbxx_hal_crc.o
                0x00000000080046fc                HAL_CRC_Init
 .text.HAL_CRCEx_Polynomial_Set
                0x0000000008004770       0x44 Drivers/STM32WBxx_HAL_Driver/Src/stm32wbxx_hal_crc_ex.o
                0x0000000008004770                HAL_CRCEx_Polynomial_Set
 .text.HAL_DMA_Abort_IT
                0x00000000080047b4       0x6e Drivers/STM32WBxx_HAL_Driver/Src/stm32wbxx_hal_dma.o
                0x00000000080047b4                HAL_DMA_Abort_IT
 *fill*         0x0000000008004822        0x2 
 .text.HAL_FLASH_IRQHandler
                0x0000000008004824       0x98 Drivers/STM32WBxx_HAL_Driver/Src/stm32wbxx_hal_flash.o
                0x0000000008004824                HAL_FLASH_IRQHandler
 .text.HAL_FLASH_Unlock
                0x00000000080048bc       0x24 Drivers/STM32WBxx_HAL_Driver/Src/stm32wbxx_hal_flash.o
                0x00000000080048bc                HAL_FLASH_Unlock
 .text.HAL_FLASH_Lock
                0x00000000080048e0       0x18 Drivers/STM32WBxx_HAL_Driver/Src/stm32wbxx_hal_flash.o
                0x00000000080048e0                HAL_FLASH_Lock
 .text.FLASH_WaitForLastOperation
                0x00000000080048f8       0x5c Drivers/STM32WBxx_HAL_Driver/Src/stm32wbxx_hal_flash.o
                0x00000000080048f8                FLASH_WaitForLastOperation
 .text.HAL_FLASH_Program_IT
                0x0000000008004954       0x74 Drivers/STM32WBxx_HAL_Driver/Src/stm32wbxx_hal_flash.o
                0x0000000008004954                HAL_FLASH_Program_IT
 .text.HAL_FLASHEx_IsOperationSuspended
                0x00000000080049c8       0x10 Drivers/STM32WBxx_HAL_Driver/Src/stm32wbxx_hal_flash_ex.o
                0x00000000080049c8                HAL_FLASHEx_IsOperationSuspended
 .text.FLASH_PageErase
                0x00000000080049d8       0x1c Drivers/STM32WBxx_HAL_Driver/Src/stm32wbxx_hal_flash_ex.o
                0x00000000080049d8                FLASH_PageErase
 .text.HAL_FLASHEx_Erase_IT
                0x00000000080049f4       0x54 Drivers/STM32WBxx_HAL_Driver/Src/stm32wbxx_hal_flash_ex.o
                0x00000000080049f4                HAL_FLASHEx_Erase_IT
 .text.HAL_GPIO_Init
                0x0000000008004a48      0x16c Drivers/STM32WBxx_HAL_Driver/Src/stm32wbxx_hal_gpio.o
                0x0000000008004a48                HAL_GPIO_Init
 .text.HAL_GPIO_ReadPin
                0x0000000008004bb4        0xc Drivers/STM32WBxx_HAL_Driver/Src/stm32wbxx_hal_gpio.o
                0x0000000008004bb4                HAL_GPIO_ReadPin
 .text.HAL_GPIO_WritePin
                0x0000000008004bc0        0xa Drivers/STM32WBxx_HAL_Driver/Src/stm32wbxx_hal_gpio.o
                0x0000000008004bc0                HAL_GPIO_WritePin
 .text.HAL_PCD_Init
                0x0000000008004bca       0xc0 Drivers/STM32WBxx_HAL_Driver/Src/stm32wbxx_hal_pcd.o
                0x0000000008004bca                HAL_PCD_Init
 .text.HAL_PCD_Start
                0x0000000008004c8a       0x2a Drivers/STM32WBxx_HAL_Driver/Src/stm32wbxx_hal_pcd.o
                0x0000000008004c8a                HAL_PCD_Start
 .text.HAL_PCD_SetAddress
                0x0000000008004cb4       0x28 Drivers/STM32WBxx_HAL_Driver/Src/stm32wbxx_hal_pcd.o
                0x0000000008004cb4                HAL_PCD_SetAddress
 .text.HAL_PCD_EP_Open
                0x0000000008004cdc       0x66 Drivers/STM32WBxx_HAL_Driver/Src/stm32wbxx_hal_pcd.o
                0x0000000008004cdc                HAL_PCD_EP_Open
 .text.HAL_PCD_EP_Close
                0x0000000008004d42       0x52 Drivers/STM32WBxx_HAL_Driver/Src/stm32wbxx_hal_pcd.o
                0x0000000008004d42                HAL_PCD_EP_Close
 .text.HAL_PCD_EP_Receive
                0x0000000008004d94       0x32 Drivers/STM32WBxx_HAL_Driver/Src/stm32wbxx_hal_pcd.o
                0x0000000008004d94                HAL_PCD_EP_Receive
 .text.HAL_PCD_EP_GetRxCount
                0x0000000008004dc6        0xe Drivers/STM32WBxx_HAL_Driver/Src/stm32wbxx_hal_pcd.o
                0x0000000008004dc6                HAL_PCD_EP_GetRxCount
 .text.HAL_PCD_EP_Transmit
                0x0000000008004dd4       0x2e Drivers/STM32WBxx_HAL_Driver/Src/stm32wbxx_hal_pcd.o
                0x0000000008004dd4                HAL_PCD_EP_Transmit
 *fill*         0x0000000008004e02        0x2 
 .text.HAL_PCD_IRQHandler
                0x0000000008004e04      0x484 Drivers/STM32WBxx_HAL_Driver/Src/stm32wbxx_hal_pcd.o
                0x0000000008004e04                HAL_PCD_IRQHandler
 .text.HAL_PCD_EP_SetStall
                0x0000000008005288       0x72 Drivers/STM32WBxx_HAL_Driver/Src/stm32wbxx_hal_pcd.o
                0x0000000008005288                HAL_PCD_EP_SetStall
 .text.HAL_PCD_EP_ClrStall
                0x00000000080052fa       0x64 Drivers/STM32WBxx_HAL_Driver/Src/stm32wbxx_hal_pcd.o
                0x00000000080052fa                HAL_PCD_EP_ClrStall
 .text.HAL_PCDEx_PMAConfig
                0x000000000800535e       0x32 Drivers/STM32WBxx_HAL_Driver/Src/stm32wbxx_hal_pcd_ex.o
                0x000000000800535e                HAL_PCDEx_PMAConfig
 .text.HAL_PCDEx_ActivateLPM
                0x0000000008005390       0x28 Drivers/STM32WBxx_HAL_Driver/Src/stm32wbxx_hal_pcd_ex.o
                0x0000000008005390                HAL_PCDEx_ActivateLPM
 .text.HAL_PKA_Init
                0x00000000080053b8       0x2c Drivers/STM32WBxx_HAL_Driver/Src/stm32wbxx_hal_pka.o
                0x00000000080053b8                HAL_PKA_Init
 .text.HAL_PWR_EnableBkUpAccess
                0x00000000080053e4       0x10 Drivers/STM32WBxx_HAL_Driver/Src/stm32wbxx_hal_pwr.o
                0x00000000080053e4                HAL_PWR_EnableBkUpAccess
 .text.HAL_PWREx_GetVoltageRange
                0x00000000080053f4       0x10 Drivers/STM32WBxx_HAL_Driver/Src/stm32wbxx_hal_pwr_ex.o
                0x00000000080053f4                HAL_PWREx_GetVoltageRange
 .text.HAL_PWREx_EnableVddUSB
                0x0000000008005404       0x10 Drivers/STM32WBxx_HAL_Driver/Src/stm32wbxx_hal_pwr_ex.o
                0x0000000008005404                HAL_PWREx_EnableVddUSB
 .text.LL_RCC_HSE_IsReady
                0x0000000008005414        0xc Drivers/STM32WBxx_HAL_Driver/Src/stm32wbxx_hal_rcc.o
 .text.LL_RCC_HSI_IsReady
                0x0000000008005420        0xc Drivers/STM32WBxx_HAL_Driver/Src/stm32wbxx_hal_rcc.o
 .text.LL_RCC_LSI1_IsReady
                0x000000000800542c        0xe Drivers/STM32WBxx_HAL_Driver/Src/stm32wbxx_hal_rcc.o
 .text.LL_RCC_MSI_IsReady
                0x000000000800543a        0xc Drivers/STM32WBxx_HAL_Driver/Src/stm32wbxx_hal_rcc.o
 .text.LL_RCC_MSI_SetRange
                0x0000000008005446       0x10 Drivers/STM32WBxx_HAL_Driver/Src/stm32wbxx_hal_rcc.o
 .text.LL_RCC_MSI_GetRange
                0x0000000008005456       0x12 Drivers/STM32WBxx_HAL_Driver/Src/stm32wbxx_hal_rcc.o
 .text.LL_RCC_MSI_SetCalibTrimming
                0x0000000008005468       0x12 Drivers/STM32WBxx_HAL_Driver/Src/stm32wbxx_hal_rcc.o
 *fill*         0x000000000800547a        0x2 
 .text.RCC_SetFlashLatencyFromMSIRange
                0x000000000800547c       0xd0 Drivers/STM32WBxx_HAL_Driver/Src/stm32wbxx_hal_rcc.o
 .text.HAL_RCC_OscConfig
                0x000000000800554c      0x5b0 Drivers/STM32WBxx_HAL_Driver/Src/stm32wbxx_hal_rcc.o
                0x000000000800554c                HAL_RCC_OscConfig
 .text.HAL_RCC_ClockConfig
                0x0000000008005afc      0x1e8 Drivers/STM32WBxx_HAL_Driver/Src/stm32wbxx_hal_rcc.o
                0x0000000008005afc                HAL_RCC_ClockConfig
 .text.HAL_RCC_GetSysClockFreq
                0x0000000008005ce4       0x9c Drivers/STM32WBxx_HAL_Driver/Src/stm32wbxx_hal_rcc.o
                0x0000000008005ce4                HAL_RCC_GetSysClockFreq
 .text.HAL_RCC_GetHCLKFreq
                0x0000000008005d80       0x20 Drivers/STM32WBxx_HAL_Driver/Src/stm32wbxx_hal_rcc.o
                0x0000000008005d80                HAL_RCC_GetHCLKFreq
 .text.HAL_RCC_GetPCLK1Freq
                0x0000000008005da0       0x24 Drivers/STM32WBxx_HAL_Driver/Src/stm32wbxx_hal_rcc.o
                0x0000000008005da0                HAL_RCC_GetPCLK1Freq
 .text.HAL_RCC_GetPCLK2Freq
                0x0000000008005dc4       0x24 Drivers/STM32WBxx_HAL_Driver/Src/stm32wbxx_hal_rcc.o
                0x0000000008005dc4                HAL_RCC_GetPCLK2Freq
 .text.HAL_RCC_GetClockConfig
                0x0000000008005de8       0x4c Drivers/STM32WBxx_HAL_Driver/Src/stm32wbxx_hal_rcc.o
                0x0000000008005de8                HAL_RCC_GetClockConfig
 .text.LL_RCC_LSE_IsReady
                0x0000000008005e34        0xe Drivers/STM32WBxx_HAL_Driver/Src/stm32wbxx_hal_rcc_ex.o
 .text.LL_RCC_SetI2CClockSource
                0x0000000008005e42       0x20 Drivers/STM32WBxx_HAL_Driver/Src/stm32wbxx_hal_rcc_ex.o
 .text.LL_RCC_PLLSAI1_Enable
                0x0000000008005e62        0xe Drivers/STM32WBxx_HAL_Driver/Src/stm32wbxx_hal_rcc_ex.o
 .text.LL_RCC_PLLSAI1_Disable
                0x0000000008005e70        0xe Drivers/STM32WBxx_HAL_Driver/Src/stm32wbxx_hal_rcc_ex.o
 .text.LL_RCC_PLLSAI1_IsReady
                0x0000000008005e7e        0xc Drivers/STM32WBxx_HAL_Driver/Src/stm32wbxx_hal_rcc_ex.o
 .text.HAL_RCCEx_PeriphCLKConfig
                0x0000000008005e8a      0x386 Drivers/STM32WBxx_HAL_Driver/Src/stm32wbxx_hal_rcc_ex.o
                0x0000000008005e8a                HAL_RCCEx_PeriphCLKConfig
 .text.HAL_RCCEx_EnableMSIPLLMode
                0x0000000008006210        0xe Drivers/STM32WBxx_HAL_Driver/Src/stm32wbxx_hal_rcc_ex.o
                0x0000000008006210                HAL_RCCEx_EnableMSIPLLMode
 .text.HAL_RNG_Init
                0x000000000800621e       0x3c Drivers/STM32WBxx_HAL_Driver/Src/stm32wbxx_hal_rng.o
                0x000000000800621e                HAL_RNG_Init
 .text.HAL_RTC_WaitForSynchro
                0x000000000800625a       0x30 Drivers/STM32WBxx_HAL_Driver/Src/stm32wbxx_hal_rtc.o
                0x000000000800625a                HAL_RTC_WaitForSynchro
 .text.RTC_EnterInitMode
                0x000000000800628a       0x34 Drivers/STM32WBxx_HAL_Driver/Src/stm32wbxx_hal_rtc.o
                0x000000000800628a                RTC_EnterInitMode
 .text.HAL_RTC_Init
                0x00000000080062be       0xb8 Drivers/STM32WBxx_HAL_Driver/Src/stm32wbxx_hal_rtc.o
                0x00000000080062be                HAL_RTC_Init
 .text.HAL_TIM_Base_MspInit
                0x0000000008006376        0x2 Drivers/STM32WBxx_HAL_Driver/Src/stm32wbxx_hal_tim.o
                0x0000000008006376                HAL_TIM_Base_MspInit
 .text.HAL_TIM_Base_Start_IT
                0x0000000008006378       0x2c Drivers/STM32WBxx_HAL_Driver/Src/stm32wbxx_hal_tim.o
                0x0000000008006378                HAL_TIM_Base_Start_IT
 .text.HAL_TIM_OC_DelayElapsedCallback
                0x00000000080063a4        0x2 Drivers/STM32WBxx_HAL_Driver/Src/stm32wbxx_hal_tim.o
                0x00000000080063a4                HAL_TIM_OC_DelayElapsedCallback
 .text.HAL_TIM_IC_CaptureCallback
                0x00000000080063a6        0x2 Drivers/STM32WBxx_HAL_Driver/Src/stm32wbxx_hal_tim.o
                0x00000000080063a6                HAL_TIM_IC_CaptureCallback
 .text.HAL_TIM_PWM_PulseFinishedCallback
                0x00000000080063a8        0x2 Drivers/STM32WBxx_HAL_Driver/Src/stm32wbxx_hal_tim.o
                0x00000000080063a8                HAL_TIM_PWM_PulseFinishedCallback
 .text.HAL_TIM_TriggerCallback
                0x00000000080063aa        0x2 Drivers/STM32WBxx_HAL_Driver/Src/stm32wbxx_hal_tim.o
                0x00000000080063aa                HAL_TIM_TriggerCallback
 .text.HAL_TIM_IRQHandler
                0x00000000080063ac      0x160 Drivers/STM32WBxx_HAL_Driver/Src/stm32wbxx_hal_tim.o
                0x00000000080063ac                HAL_TIM_IRQHandler
 .text.TIM_Base_SetConfig
                0x000000000800650c       0x74 Drivers/STM32WBxx_HAL_Driver/Src/stm32wbxx_hal_tim.o
                0x000000000800650c                TIM_Base_SetConfig
 .text.HAL_TIM_Base_Init
                0x0000000008006580       0x34 Drivers/STM32WBxx_HAL_Driver/Src/stm32wbxx_hal_tim.o
                0x0000000008006580                HAL_TIM_Base_Init
 .text.HAL_TIMEx_CommutCallback
                0x00000000080065b4        0x2 Drivers/STM32WBxx_HAL_Driver/Src/stm32wbxx_hal_tim_ex.o
                0x00000000080065b4                HAL_TIMEx_CommutCallback
 .text.HAL_TIMEx_BreakCallback
                0x00000000080065b6        0x2 Drivers/STM32WBxx_HAL_Driver/Src/stm32wbxx_hal_tim_ex.o
                0x00000000080065b6                HAL_TIMEx_BreakCallback
 .text.HAL_TIMEx_Break2Callback
                0x00000000080065b8        0x2 Drivers/STM32WBxx_HAL_Driver/Src/stm32wbxx_hal_tim_ex.o
                0x00000000080065b8                HAL_TIMEx_Break2Callback
 .text.UART_EndRxTransfer
                0x00000000080065ba       0x22 Drivers/STM32WBxx_HAL_Driver/Src/stm32wbxx_hal_uart.o
 .text.UART_TxISR_16BIT
                0x00000000080065dc       0x40 Drivers/STM32WBxx_HAL_Driver/Src/stm32wbxx_hal_uart.o
 .text.UART_TxISR_16BIT_FIFOEN
                0x000000000800661c       0x52 Drivers/STM32WBxx_HAL_Driver/Src/stm32wbxx_hal_uart.o
 .text.UART_TxISR_8BIT
                0x000000000800666e       0x3c Drivers/STM32WBxx_HAL_Driver/Src/stm32wbxx_hal_uart.o
 .text.UART_TxISR_8BIT_FIFOEN
                0x00000000080066aa       0x4e Drivers/STM32WBxx_HAL_Driver/Src/stm32wbxx_hal_uart.o
 .text.HAL_UART_Transmit_IT
                0x00000000080066f8       0xa4 Drivers/STM32WBxx_HAL_Driver/Src/stm32wbxx_hal_uart.o
                0x00000000080066f8                HAL_UART_Transmit_IT
 .text.HAL_UART_Receive_IT
                0x000000000800679c       0xf0 Drivers/STM32WBxx_HAL_Driver/Src/stm32wbxx_hal_uart.o
                0x000000000800679c                HAL_UART_Receive_IT
 .text.UART_RxISR_8BIT
                0x000000000800688c       0x5c Drivers/STM32WBxx_HAL_Driver/Src/stm32wbxx_hal_uart.o
 .text.UART_RxISR_16BIT
                0x00000000080068e8       0x58 Drivers/STM32WBxx_HAL_Driver/Src/stm32wbxx_hal_uart.o
 .text.UART_RxISR_8BIT_FIFOEN
                0x0000000008006940       0xa4 Drivers/STM32WBxx_HAL_Driver/Src/stm32wbxx_hal_uart.o
 .text.UART_RxISR_16BIT_FIFOEN
                0x00000000080069e4       0xa0 Drivers/STM32WBxx_HAL_Driver/Src/stm32wbxx_hal_uart.o
 .text.HAL_UART_IRQHandler
                0x0000000008006a84      0x19c Drivers/STM32WBxx_HAL_Driver/Src/stm32wbxx_hal_uart.o
                0x0000000008006a84                HAL_UART_IRQHandler
 .text.UART_DMAAbortOnError
                0x0000000008006c20       0x14 Drivers/STM32WBxx_HAL_Driver/Src/stm32wbxx_hal_uart.o
 *fill*         0x0000000008006c34        0x4 
 .text.UART_SetConfig
                0x0000000008006c38      0x8b4 Drivers/STM32WBxx_HAL_Driver/Src/stm32wbxx_hal_uart.o
                0x0000000008006c38                UART_SetConfig
 .text.UART_AdvFeatureConfig
                0x00000000080074ec       0xa8 Drivers/STM32WBxx_HAL_Driver/Src/stm32wbxx_hal_uart.o
                0x00000000080074ec                UART_AdvFeatureConfig
 .text.UART_WaitOnFlagUntilTimeout
                0x0000000008007594       0x8e Drivers/STM32WBxx_HAL_Driver/Src/stm32wbxx_hal_uart.o
                0x0000000008007594                UART_WaitOnFlagUntilTimeout
 .text.UART_CheckIdleState
                0x0000000008007622       0x66 Drivers/STM32WBxx_HAL_Driver/Src/stm32wbxx_hal_uart.o
                0x0000000008007622                UART_CheckIdleState
 .text.HAL_UART_Init
                0x0000000008007688       0x60 Drivers/STM32WBxx_HAL_Driver/Src/stm32wbxx_hal_uart.o
                0x0000000008007688                HAL_UART_Init
 .text.UARTEx_SetNbDataToProcess
                0x00000000080076e8       0x6c Drivers/STM32WBxx_HAL_Driver/Src/stm32wbxx_hal_uart_ex.o
 .text.HAL_UARTEx_WakeupCallback
                0x0000000008007754        0x2 Drivers/STM32WBxx_HAL_Driver/Src/stm32wbxx_hal_uart_ex.o
                0x0000000008007754                HAL_UARTEx_WakeupCallback
 .text.HAL_UARTEx_TxFifoEmptyCallback
                0x0000000008007756        0x2 Drivers/STM32WBxx_HAL_Driver/Src/stm32wbxx_hal_uart_ex.o
                0x0000000008007756                HAL_UARTEx_TxFifoEmptyCallback
 .text.HAL_UARTEx_EnableFifoMode
                0x0000000008007758       0x46 Drivers/STM32WBxx_HAL_Driver/Src/stm32wbxx_hal_uart_ex.o
                0x0000000008007758                HAL_UARTEx_EnableFifoMode
 .text.HAL_UARTEx_SetTxFifoThreshold
                0x000000000800779e       0x48 Drivers/STM32WBxx_HAL_Driver/Src/stm32wbxx_hal_uart_ex.o
                0x000000000800779e                HAL_UARTEx_SetTxFifoThreshold
 .text.HAL_UARTEx_SetRxFifoThreshold
                0x00000000080077e6       0x48 Drivers/STM32WBxx_HAL_Driver/Src/stm32wbxx_hal_uart_ex.o
                0x00000000080077e6                HAL_UARTEx_SetRxFifoThreshold
 .text.USB_EnableGlobalInt
                0x000000000800782e       0x14 Drivers/STM32WBxx_HAL_Driver/Src/stm32wbxx_ll_usb.o
                0x000000000800782e                USB_EnableGlobalInt
 .text.USB_DisableGlobalInt
                0x0000000008007842       0x14 Drivers/STM32WBxx_HAL_Driver/Src/stm32wbxx_ll_usb.o
                0x0000000008007842                USB_DisableGlobalInt
 .text.USB_DevInit
                0x0000000008007856       0x38 Drivers/STM32WBxx_HAL_Driver/Src/stm32wbxx_ll_usb.o
                0x0000000008007856                USB_DevInit
 *fill*         0x000000000800788e        0x2 
 .text.USB_ActivateEndpoint
                0x0000000008007890      0x2ac Drivers/STM32WBxx_HAL_Driver/Src/stm32wbxx_ll_usb.o
                0x0000000008007890                USB_ActivateEndpoint
 .text.USB_DeactivateEndpoint
                0x0000000008007b3c      0x18c Drivers/STM32WBxx_HAL_Driver/Src/stm32wbxx_ll_usb.o
                0x0000000008007b3c                USB_DeactivateEndpoint
 .text.USB_EPSetStall
                0x0000000008007cc8       0x38 Drivers/STM32WBxx_HAL_Driver/Src/stm32wbxx_ll_usb.o
                0x0000000008007cc8                USB_EPSetStall
 .text.USB_EPClearStall
                0x0000000008007d00       0x86 Drivers/STM32WBxx_HAL_Driver/Src/stm32wbxx_ll_usb.o
                0x0000000008007d00                USB_EPClearStall
 .text.USB_SetDevAddress
                0x0000000008007d86        0xc Drivers/STM32WBxx_HAL_Driver/Src/stm32wbxx_ll_usb.o
                0x0000000008007d86                USB_SetDevAddress
 .text.USB_DevConnect
                0x0000000008007d92       0x10 Drivers/STM32WBxx_HAL_Driver/Src/stm32wbxx_ll_usb.o
                0x0000000008007d92                USB_DevConnect
 .text.USB_ReadInterrupts
                0x0000000008007da2        0x6 Drivers/STM32WBxx_HAL_Driver/Src/stm32wbxx_ll_usb.o
                0x0000000008007da2                USB_ReadInterrupts
 .text.USB_EP0_OutStart
                0x0000000008007da8        0x4 Drivers/STM32WBxx_HAL_Driver/Src/stm32wbxx_ll_usb.o
                0x0000000008007da8                USB_EP0_OutStart
 .text.USB_WritePMA
                0x0000000008007dac       0x1e Drivers/STM32WBxx_HAL_Driver/Src/stm32wbxx_ll_usb.o
                0x0000000008007dac                USB_WritePMA
 *fill*         0x0000000008007dca        0x2 
 .text.USB_EPStartXfer
                0x0000000008007dcc      0x19c Drivers/STM32WBxx_HAL_Driver/Src/stm32wbxx_ll_usb.o
                0x0000000008007dcc                USB_EPStartXfer
 .text.USB_ReadPMA
                0x0000000008007f68       0x36 Drivers/STM32WBxx_HAL_Driver/Src/stm32wbxx_ll_usb.o
                0x0000000008007f68                USB_ReadPMA
 *fill*         0x0000000008007f9e        0x2 
 .text.BSP_setLED1
                0x0000000008007fa0       0x14 Forth/Src/bsp.o
                0x0000000008007fa0                BSP_setLED1
 .text.BSP_getLED1
                0x0000000008007fb4       0x18 Forth/Src/bsp.o
                0x0000000008007fb4                BSP_getLED1
 .text.BSP_setLED2
                0x0000000008007fcc       0x14 Forth/Src/bsp.o
                0x0000000008007fcc                BSP_setLED2
 .text.BSP_getLED2
                0x0000000008007fe0       0x18 Forth/Src/bsp.o
                0x0000000008007fe0                BSP_getLED2
 .text.BSP_setLED3
                0x0000000008007ff8       0x14 Forth/Src/bsp.o
                0x0000000008007ff8                BSP_setLED3
 .text.BSP_getLED3
                0x000000000800800c       0x18 Forth/Src/bsp.o
                0x000000000800800c                BSP_getLED3
 .text.BSP_getSwitch1
                0x0000000008008024       0x18 Forth/Src/bsp.o
                0x0000000008008024                BSP_getSwitch1
 .text.BSP_getSwitch2
                0x000000000800803c       0x18 Forth/Src/bsp.o
                0x000000000800803c                BSP_getSwitch2
 .text.BSP_getSwitch3
                0x0000000008008054       0x18 Forth/Src/bsp.o
                0x0000000008008054                BSP_getSwitch3
 .text.FLASH_init
                0x000000000800806c       0x54 Forth/Src/flash.o
                0x000000000800806c                FLASH_init
 .text.FLASH_programDouble
                0x00000000080080c0       0xb8 Forth/Src/flash.o
                0x00000000080080c0                FLASH_programDouble
 .text.FLASH_erasePage
                0x0000000008008178       0x80 Forth/Src/flash.o
                0x0000000008008178                FLASH_erasePage
 .text.HAL_FLASH_EndOfOperationCallback
                0x00000000080081f8       0x14 Forth/Src/flash.o
                0x00000000080081f8                HAL_FLASH_EndOfOperationCallback
 .text.HAL_FLASH_OperationErrorCallback
                0x000000000800820c       0x20 Forth/Src/flash.o
                0x000000000800820c                HAL_FLASH_OperationErrorCallback
 .text.UART_RxThread
                0x000000000800822c       0x7c Forth/Src/uart.o
 .text.UART_TxThread
                0x00000000080082a8       0x5c Forth/Src/uart.o
 .text.UART_init
                0x0000000008008304       0x9c Forth/Src/uart.o
                0x0000000008008304                UART_init
 .text.UART_getc
                0x00000000080083a0       0x30 Forth/Src/uart.o
                0x00000000080083a0                UART_getc
 .text.UART_RxReady
                0x00000000080083d0       0x18 Forth/Src/uart.o
                0x00000000080083d0                UART_RxReady
 .text.UART_putc
                0x00000000080083e8       0x2c Forth/Src/uart.o
                0x00000000080083e8                UART_putc
 .text.UART_TxReady
                0x0000000008008414       0x18 Forth/Src/uart.o
                0x0000000008008414                UART_TxReady
 .text.HAL_UART_TxCpltCallback
                0x000000000800842c       0x10 Forth/Src/uart.o
                0x000000000800842c                HAL_UART_TxCpltCallback
 .text.HAL_UART_RxCpltCallback
                0x000000000800843c       0x10 Forth/Src/uart.o
                0x000000000800843c                HAL_UART_RxCpltCallback
 .text.HAL_UART_ErrorCallback
                0x000000000800844c        0x4 Forth/Src/uart.o
                0x000000000800844c                HAL_UART_ErrorCallback
 .text.HAL_UARTEx_RxFifoFullCallback
                0x0000000008008450        0x4 Forth/Src/uart.o
                0x0000000008008450                HAL_UARTEx_RxFifoFullCallback
 .text.cdc_thread
                0x0000000008008454       0x54 Forth/Src/usb_cdc.o
 .text.CDC_init
                0x00000000080084a8       0x78 Forth/Src/usb_cdc.o
                0x00000000080084a8                CDC_init
 .text.CDC_getc
                0x0000000008008520       0x30 Forth/Src/usb_cdc.o
                0x0000000008008520                CDC_getc
 .text.CDC_RxReady
                0x0000000008008550       0x18 Forth/Src/usb_cdc.o
                0x0000000008008550                CDC_RxReady
 .text.CDC_putc
                0x0000000008008568       0x2c Forth/Src/usb_cdc.o
                0x0000000008008568                CDC_putc
 .text.CDC_TxReady
                0x0000000008008594       0x18 Forth/Src/usb_cdc.o
                0x0000000008008594                CDC_TxReady
 .text.USBD_CDC_EP0_RxReady
                0x00000000080085ac       0x28 Middlewares/ST/STM32_USB_Device_Library/Class/CDC/Src/usbd_cdc.o
 .text.USBD_CDC_GetFSCfgDesc
                0x00000000080085d4        0xc Middlewares/ST/STM32_USB_Device_Library/Class/CDC/Src/usbd_cdc.o
 .text.USBD_CDC_GetHSCfgDesc
                0x00000000080085e0        0xc Middlewares/ST/STM32_USB_Device_Library/Class/CDC/Src/usbd_cdc.o
 .text.USBD_CDC_GetOtherSpeedCfgDesc
                0x00000000080085ec        0xc Middlewares/ST/STM32_USB_Device_Library/Class/CDC/Src/usbd_cdc.o
 .text.USBD_CDC_GetDeviceQualifierDescriptor
                0x00000000080085f8        0xc Middlewares/ST/STM32_USB_Device_Library/Class/CDC/Src/usbd_cdc.o
                0x00000000080085f8                USBD_CDC_GetDeviceQualifierDescriptor
 .text.USBD_CDC_DataOut
                0x0000000008008604       0x2e Middlewares/ST/STM32_USB_Device_Library/Class/CDC/Src/usbd_cdc.o
 *fill*         0x0000000008008632        0x2 
 .text.USBD_CDC_DataIn
                0x0000000008008634       0x50 Middlewares/ST/STM32_USB_Device_Library/Class/CDC/Src/usbd_cdc.o
 .text.USBD_CDC_Setup
                0x0000000008008684       0xbc Middlewares/ST/STM32_USB_Device_Library/Class/CDC/Src/usbd_cdc.o
 .text.USBD_CDC_DeInit
                0x0000000008008740       0x42 Middlewares/ST/STM32_USB_Device_Library/Class/CDC/Src/usbd_cdc.o
 *fill*         0x0000000008008782        0x2 
 .text.USBD_CDC_Init
                0x0000000008008784       0xb8 Middlewares/ST/STM32_USB_Device_Library/Class/CDC/Src/usbd_cdc.o
 .text.USBD_CDC_RegisterInterface
                0x000000000800883c        0xe Middlewares/ST/STM32_USB_Device_Library/Class/CDC/Src/usbd_cdc.o
                0x000000000800883c                USBD_CDC_RegisterInterface
 .text.USBD_CDC_SetTxBuffer
                0x000000000800884a       0x10 Middlewares/ST/STM32_USB_Device_Library/Class/CDC/Src/usbd_cdc.o
                0x000000000800884a                USBD_CDC_SetTxBuffer
 .text.USBD_CDC_SetRxBuffer
                0x000000000800885a        0xc Middlewares/ST/STM32_USB_Device_Library/Class/CDC/Src/usbd_cdc.o
                0x000000000800885a                USBD_CDC_SetRxBuffer
 *fill*         0x0000000008008866        0x2 
 .text.USBD_CDC_TransmitPacket
                0x0000000008008868       0x40 Middlewares/ST/STM32_USB_Device_Library/Class/CDC/Src/usbd_cdc.o
                0x0000000008008868                USBD_CDC_TransmitPacket
 .text.USBD_CDC_ReceivePacket
                0x00000000080088a8       0x26 Middlewares/ST/STM32_USB_Device_Library/Class/CDC/Src/usbd_cdc.o
                0x00000000080088a8                USBD_CDC_ReceivePacket
 .text.USBD_Init
                0x00000000080088ce       0x2a Middlewares/ST/STM32_USB_Device_Library/Core/Src/usbd_core.o
                0x00000000080088ce                USBD_Init
 .text.USBD_RegisterClass
                0x00000000080088f8        0xe Middlewares/ST/STM32_USB_Device_Library/Core/Src/usbd_core.o
                0x00000000080088f8                USBD_RegisterClass
 .text.USBD_Start
                0x0000000008008906        0xa Middlewares/ST/STM32_USB_Device_Library/Core/Src/usbd_core.o
                0x0000000008008906                USBD_Start
 .text.USBD_SetClassConfig
                0x0000000008008910       0x16 Middlewares/ST/STM32_USB_Device_Library/Core/Src/usbd_core.o
                0x0000000008008910                USBD_SetClassConfig
 .text.USBD_ClrClassConfig
                0x0000000008008926        0xe Middlewares/ST/STM32_USB_Device_Library/Core/Src/usbd_core.o
                0x0000000008008926                USBD_ClrClassConfig
 .text.USBD_LL_SetupStage
                0x0000000008008934       0x5a Middlewares/ST/STM32_USB_Device_Library/Core/Src/usbd_core.o
                0x0000000008008934                USBD_LL_SetupStage
 .text.USBD_LL_DataOutStage
                0x000000000800898e       0x74 Middlewares/ST/STM32_USB_Device_Library/Core/Src/usbd_core.o
                0x000000000800898e                USBD_LL_DataOutStage
 .text.USBD_LL_DataInStage
                0x0000000008008a02       0xb8 Middlewares/ST/STM32_USB_Device_Library/Core/Src/usbd_core.o
                0x0000000008008a02                USBD_LL_DataInStage
 .text.USBD_LL_Reset
                0x0000000008008aba       0x4e Middlewares/ST/STM32_USB_Device_Library/Core/Src/usbd_core.o
                0x0000000008008aba                USBD_LL_Reset
 .text.USBD_LL_SetSpeed
                0x0000000008008b08        0x6 Middlewares/ST/STM32_USB_Device_Library/Core/Src/usbd_core.o
                0x0000000008008b08                USBD_LL_SetSpeed
 .text.USBD_LL_Suspend
                0x0000000008008b0e       0x12 Middlewares/ST/STM32_USB_Device_Library/Core/Src/usbd_core.o
                0x0000000008008b0e                USBD_LL_Suspend
 .text.USBD_LL_Resume
                0x0000000008008b20       0x14 Middlewares/ST/STM32_USB_Device_Library/Core/Src/usbd_core.o
                0x0000000008008b20                USBD_LL_Resume
 .text.USBD_LL_SOF
                0x0000000008008b34       0x18 Middlewares/ST/STM32_USB_Device_Library/Core/Src/usbd_core.o
                0x0000000008008b34                USBD_LL_SOF
 .text.USBD_CtlError.constprop.1
                0x0000000008008b4c       0x16 Middlewares/ST/STM32_USB_Device_Library/Core/Src/usbd_ctlreq.o
 *fill*         0x0000000008008b62        0x2 
 .text.USBD_StdDevReq
                0x0000000008008b64      0x258 Middlewares/ST/STM32_USB_Device_Library/Core/Src/usbd_ctlreq.o
                0x0000000008008b64                USBD_StdDevReq
 .text.USBD_StdItfReq
                0x0000000008008dbc       0x4a Middlewares/ST/STM32_USB_Device_Library/Core/Src/usbd_ctlreq.o
                0x0000000008008dbc                USBD_StdItfReq
 .text.USBD_StdEPReq
                0x0000000008008e06      0x10e Middlewares/ST/STM32_USB_Device_Library/Core/Src/usbd_ctlreq.o
                0x0000000008008e06                USBD_StdEPReq
 .text.USBD_ParseSetupRequest
                0x0000000008008f14       0x28 Middlewares/ST/STM32_USB_Device_Library/Core/Src/usbd_ctlreq.o
                0x0000000008008f14                USBD_ParseSetupRequest
 .text.USBD_CtlError
                0x0000000008008f3c       0x16 Middlewares/ST/STM32_USB_Device_Library/Core/Src/usbd_ctlreq.o
                0x0000000008008f3c                USBD_CtlError
 .text.USBD_GetString
                0x0000000008008f52       0x38 Middlewares/ST/STM32_USB_Device_Library/Core/Src/usbd_ctlreq.o
                0x0000000008008f52                USBD_GetString
 .text.USBD_CtlSendData
                0x0000000008008f8a       0x1a Middlewares/ST/STM32_USB_Device_Library/Core/Src/usbd_ioreq.o
                0x0000000008008f8a                USBD_CtlSendData
 .text.USBD_CtlContinueSendData
                0x0000000008008fa4       0x10 Middlewares/ST/STM32_USB_Device_Library/Core/Src/usbd_ioreq.o
                0x0000000008008fa4                USBD_CtlContinueSendData
 .text.USBD_CtlPrepareRx
                0x0000000008008fb4       0x1e Middlewares/ST/STM32_USB_Device_Library/Core/Src/usbd_ioreq.o
                0x0000000008008fb4                USBD_CtlPrepareRx
 .text.USBD_CtlContinueRx
                0x0000000008008fd2       0x10 Middlewares/ST/STM32_USB_Device_Library/Core/Src/usbd_ioreq.o
                0x0000000008008fd2                USBD_CtlContinueRx
 .text.USBD_CtlSendStatus
                0x0000000008008fe2       0x16 Middlewares/ST/STM32_USB_Device_Library/Core/Src/usbd_ioreq.o
                0x0000000008008fe2                USBD_CtlSendStatus
 .text.USBD_CtlReceiveStatus
                0x0000000008008ff8       0x16 Middlewares/ST/STM32_USB_Device_Library/Core/Src/usbd_ioreq.o
                0x0000000008008ff8                USBD_CtlReceiveStatus
 *fill*         0x000000000800900e        0x2 
 .text.osKernelInitialize
                0x0000000008009010       0x34 Middlewares/Third_Party/FreeRTOS/Source/CMSIS_RTOS_V2/cmsis_os2.o
                0x0000000008009010                osKernelInitialize
 .text.osKernelStart
                0x0000000008009044       0x40 Middlewares/Third_Party/FreeRTOS/Source/CMSIS_RTOS_V2/cmsis_os2.o
                0x0000000008009044                osKernelStart
 .text.osThreadNew
                0x0000000008009084       0xb0 Middlewares/Third_Party/FreeRTOS/Source/CMSIS_RTOS_V2/cmsis_os2.o
                0x0000000008009084                osThreadNew
 .text.osThreadGetStackSpace
                0x0000000008009134       0x28 Middlewares/Third_Party/FreeRTOS/Source/CMSIS_RTOS_V2/cmsis_os2.o
                0x0000000008009134                osThreadGetStackSpace
 .text.osThreadFlagsSet
                0x000000000800915c       0x94 Middlewares/Third_Party/FreeRTOS/Source/CMSIS_RTOS_V2/cmsis_os2.o
                0x000000000800915c                osThreadFlagsSet
 .text.osThreadFlagsWait
                0x00000000080091f0       0xac Middlewares/Third_Party/FreeRTOS/Source/CMSIS_RTOS_V2/cmsis_os2.o
                0x00000000080091f0                osThreadFlagsWait
 .text.osDelay  0x000000000800929c       0x34 Middlewares/Third_Party/FreeRTOS/Source/CMSIS_RTOS_V2/cmsis_os2.o
                0x000000000800929c                osDelay
 .text.osEventFlagsNew
                0x00000000080092d0       0x3c Middlewares/Third_Party/FreeRTOS/Source/CMSIS_RTOS_V2/cmsis_os2.o
                0x00000000080092d0                osEventFlagsNew
 .text.osEventFlagsSet
                0x000000000800930c       0x70 Middlewares/Third_Party/FreeRTOS/Source/CMSIS_RTOS_V2/cmsis_os2.o
                0x000000000800930c                osEventFlagsSet
 .text.osEventFlagsClear
                0x000000000800937c       0x5c Middlewares/Third_Party/FreeRTOS/Source/CMSIS_RTOS_V2/cmsis_os2.o
                0x000000000800937c                osEventFlagsClear
 .text.osEventFlagsWait
                0x00000000080093d8       0x6c Middlewares/Third_Party/FreeRTOS/Source/CMSIS_RTOS_V2/cmsis_os2.o
                0x00000000080093d8                osEventFlagsWait
 .text.osMutexNew
                0x0000000008009444       0x84 Middlewares/Third_Party/FreeRTOS/Source/CMSIS_RTOS_V2/cmsis_os2.o
                0x0000000008009444                osMutexNew
 .text.osMutexAcquire
                0x00000000080094c8       0x60 Middlewares/Third_Party/FreeRTOS/Source/CMSIS_RTOS_V2/cmsis_os2.o
                0x00000000080094c8                osMutexAcquire
 .text.osMutexRelease
                0x0000000008009528       0x54 Middlewares/Third_Party/FreeRTOS/Source/CMSIS_RTOS_V2/cmsis_os2.o
                0x0000000008009528                osMutexRelease
 .text.osSemaphoreNew
                0x000000000800957c       0xac Middlewares/Third_Party/FreeRTOS/Source/CMSIS_RTOS_V2/cmsis_os2.o
                0x000000000800957c                osSemaphoreNew
 .text.osSemaphoreAcquire
                0x0000000008009628       0x78 Middlewares/Third_Party/FreeRTOS/Source/CMSIS_RTOS_V2/cmsis_os2.o
                0x0000000008009628                osSemaphoreAcquire
 .text.osSemaphoreRelease
                0x00000000080096a0       0x70 Middlewares/Third_Party/FreeRTOS/Source/CMSIS_RTOS_V2/cmsis_os2.o
                0x00000000080096a0                osSemaphoreRelease
 .text.osSemaphoreGetCount
                0x0000000008009710       0x30 Middlewares/Third_Party/FreeRTOS/Source/CMSIS_RTOS_V2/cmsis_os2.o
                0x0000000008009710                osSemaphoreGetCount
 .text.osMessageQueueNew
                0x0000000008009740       0x8c Middlewares/Third_Party/FreeRTOS/Source/CMSIS_RTOS_V2/cmsis_os2.o
                0x0000000008009740                osMessageQueueNew
 .text.osMessageQueuePut
                0x00000000080097cc       0x84 Middlewares/Third_Party/FreeRTOS/Source/CMSIS_RTOS_V2/cmsis_os2.o
                0x00000000080097cc                osMessageQueuePut
 .text.osMessageQueueGet
                0x0000000008009850       0x80 Middlewares/Third_Party/FreeRTOS/Source/CMSIS_RTOS_V2/cmsis_os2.o
                0x0000000008009850                osMessageQueueGet
 .text.osMessageQueueGetCount
                0x00000000080098d0        0x4 Middlewares/Third_Party/FreeRTOS/Source/CMSIS_RTOS_V2/cmsis_os2.o
                0x00000000080098d0                osMessageQueueGetCount
 .text.osMessageQueueGetSpace
                0x00000000080098d4       0x48 Middlewares/Third_Party/FreeRTOS/Source/CMSIS_RTOS_V2/cmsis_os2.o
                0x00000000080098d4                osMessageQueueGetSpace
 .text.vApplicationGetIdleTaskMemory
                0x000000000800991c       0x18 Middlewares/Third_Party/FreeRTOS/Source/CMSIS_RTOS_V2/cmsis_os2.o
                0x000000000800991c                vApplicationGetIdleTaskMemory
 .text.vApplicationGetTimerTaskMemory
                0x0000000008009934       0x18 Middlewares/Third_Party/FreeRTOS/Source/CMSIS_RTOS_V2/cmsis_os2.o
                0x0000000008009934                vApplicationGetTimerTaskMemory
 .text.xEventGroupCreateStatic
                0x000000000800994c       0x48 Middlewares/Third_Party/FreeRTOS/Source/event_groups.o
                0x000000000800994c                xEventGroupCreateStatic
 .text.xEventGroupCreate
                0x0000000008009994       0x1c Middlewares/Third_Party/FreeRTOS/Source/event_groups.o
                0x0000000008009994                xEventGroupCreate
 .text.xEventGroupWaitBits
                0x00000000080099b0      0x114 Middlewares/Third_Party/FreeRTOS/Source/event_groups.o
                0x00000000080099b0                xEventGroupWaitBits
 .text.xEventGroupClearBits
                0x0000000008009ac4       0x46 Middlewares/Third_Party/FreeRTOS/Source/event_groups.o
                0x0000000008009ac4                xEventGroupClearBits
 .text.vEventGroupClearBitsCallback
                0x0000000008009b0a        0x4 Middlewares/Third_Party/FreeRTOS/Source/event_groups.o
                0x0000000008009b0a                vEventGroupClearBitsCallback
 *fill*         0x0000000008009b0e        0x2 
 .text.xEventGroupClearBitsFromISR
                0x0000000008009b10       0x10 Middlewares/Third_Party/FreeRTOS/Source/event_groups.o
                0x0000000008009b10                xEventGroupClearBitsFromISR
 .text.xEventGroupGetBitsFromISR
                0x0000000008009b20       0x1c Middlewares/Third_Party/FreeRTOS/Source/event_groups.o
                0x0000000008009b20                xEventGroupGetBitsFromISR
 .text.xEventGroupSetBits
                0x0000000008009b3c       0x86 Middlewares/Third_Party/FreeRTOS/Source/event_groups.o
                0x0000000008009b3c                xEventGroupSetBits
 .text.vEventGroupSetBitsCallback
                0x0000000008009bc2        0x4 Middlewares/Third_Party/FreeRTOS/Source/event_groups.o
                0x0000000008009bc2                vEventGroupSetBitsCallback
 *fill*         0x0000000008009bc6        0x2 
 .text.xEventGroupSetBitsFromISR
                0x0000000008009bc8       0x10 Middlewares/Third_Party/FreeRTOS/Source/event_groups.o
                0x0000000008009bc8                xEventGroupSetBitsFromISR
 .text.vListInitialise
                0x0000000008009bd8       0x16 Middlewares/Third_Party/FreeRTOS/Source/list.o
                0x0000000008009bd8                vListInitialise
 .text.vListInitialiseItem
                0x0000000008009bee        0x6 Middlewares/Third_Party/FreeRTOS/Source/list.o
                0x0000000008009bee                vListInitialiseItem
 .text.vListInsertEnd
                0x0000000008009bf4       0x18 Middlewares/Third_Party/FreeRTOS/Source/list.o
                0x0000000008009bf4                vListInsertEnd
 .text.vListInsert
                0x0000000008009c0c       0x2e Middlewares/Third_Party/FreeRTOS/Source/list.o
                0x0000000008009c0c                vListInsert
 .text.uxListRemove
                0x0000000008009c3a       0x22 Middlewares/Third_Party/FreeRTOS/Source/list.o
                0x0000000008009c3a                uxListRemove
 .text.prvIsQueueEmpty
                0x0000000008009c5c       0x16 Middlewares/Third_Party/FreeRTOS/Source/queue.o
 .text.prvCopyDataToQueue
                0x0000000008009c72       0x66 Middlewares/Third_Party/FreeRTOS/Source/queue.o
 .text.prvCopyDataFromQueue
                0x0000000008009cd8       0x2a Middlewares/Third_Party/FreeRTOS/Source/queue.o
 .text.prvUnlockQueue
                0x0000000008009d02       0x70 Middlewares/Third_Party/FreeRTOS/Source/queue.o
 *fill*         0x0000000008009d72        0x2 
 .text.xQueueGenericReset
                0x0000000008009d74       0x80 Middlewares/Third_Party/FreeRTOS/Source/queue.o
                0x0000000008009d74                xQueueGenericReset
 .text.xQueueGenericCreateStatic
                0x0000000008009df4       0x9c Middlewares/Third_Party/FreeRTOS/Source/queue.o
                0x0000000008009df4                xQueueGenericCreateStatic
 .text.xQueueGenericCreate
                0x0000000008009e90       0x4e Middlewares/Third_Party/FreeRTOS/Source/queue.o
                0x0000000008009e90                xQueueGenericCreate
 .text.xQueueCreateCountingSemaphoreStatic
                0x0000000008009ede       0x44 Middlewares/Third_Party/FreeRTOS/Source/queue.o
                0x0000000008009ede                xQueueCreateCountingSemaphoreStatic
 .text.xQueueCreateCountingSemaphore
                0x0000000008009f22       0x3c Middlewares/Third_Party/FreeRTOS/Source/queue.o
                0x0000000008009f22                xQueueCreateCountingSemaphore
 *fill*         0x0000000008009f5e        0x2 
 .text.xQueueGenericSend
                0x0000000008009f60      0x164 Middlewares/Third_Party/FreeRTOS/Source/queue.o
                0x0000000008009f60                xQueueGenericSend
 .text.xQueueCreateMutexStatic
                0x000000000800a0c4       0x2a Middlewares/Third_Party/FreeRTOS/Source/queue.o
                0x000000000800a0c4                xQueueCreateMutexStatic
 .text.xQueueGiveMutexRecursive
                0x000000000800a0ee       0x3c Middlewares/Third_Party/FreeRTOS/Source/queue.o
                0x000000000800a0ee                xQueueGiveMutexRecursive
 .text.xQueueCreateMutex
                0x000000000800a12a       0x24 Middlewares/Third_Party/FreeRTOS/Source/queue.o
                0x000000000800a12a                xQueueCreateMutex
 .text.xQueueGenericSendFromISR
                0x000000000800a14e       0xc2 Middlewares/Third_Party/FreeRTOS/Source/queue.o
                0x000000000800a14e                xQueueGenericSendFromISR
 .text.xQueueGiveFromISR
                0x000000000800a210       0xa8 Middlewares/Third_Party/FreeRTOS/Source/queue.o
                0x000000000800a210                xQueueGiveFromISR
 .text.xQueueReceive
                0x000000000800a2b8      0x140 Middlewares/Third_Party/FreeRTOS/Source/queue.o
                0x000000000800a2b8                xQueueReceive
 .text.xQueueSemaphoreTake
                0x000000000800a3f8      0x184 Middlewares/Third_Party/FreeRTOS/Source/queue.o
                0x000000000800a3f8                xQueueSemaphoreTake
 .text.xQueueTakeMutexRecursive
                0x000000000800a57c       0x42 Middlewares/Third_Party/FreeRTOS/Source/queue.o
                0x000000000800a57c                xQueueTakeMutexRecursive
 .text.xQueueReceiveFromISR
                0x000000000800a5be       0x9e Middlewares/Third_Party/FreeRTOS/Source/queue.o
                0x000000000800a5be                xQueueReceiveFromISR
 .text.uxQueueMessagesWaiting
                0x000000000800a65c       0x26 Middlewares/Third_Party/FreeRTOS/Source/queue.o
                0x000000000800a65c                uxQueueMessagesWaiting
 .text.uxQueueSpacesAvailable
                0x000000000800a682       0x2a Middlewares/Third_Party/FreeRTOS/Source/queue.o
                0x000000000800a682                uxQueueSpacesAvailable
 .text.uxQueueMessagesWaitingFromISR
                0x000000000800a6ac       0x18 Middlewares/Third_Party/FreeRTOS/Source/queue.o
                0x000000000800a6ac                uxQueueMessagesWaitingFromISR
 .text.vQueueAddToRegistry
                0x000000000800a6c4       0x24 Middlewares/Third_Party/FreeRTOS/Source/queue.o
                0x000000000800a6c4                vQueueAddToRegistry
 .text.vQueueUnregisterQueue
                0x000000000800a6e8       0x28 Middlewares/Third_Party/FreeRTOS/Source/queue.o
                0x000000000800a6e8                vQueueUnregisterQueue
 .text.vQueueDelete
                0x000000000800a710       0x2e Middlewares/Third_Party/FreeRTOS/Source/queue.o
                0x000000000800a710                vQueueDelete
 .text.vQueueWaitForMessageRestricted
                0x000000000800a73e       0x46 Middlewares/Third_Party/FreeRTOS/Source/queue.o
                0x000000000800a73e                vQueueWaitForMessageRestricted
 .text.prvAddNewTaskToReadyList
                0x000000000800a784      0x100 Middlewares/Third_Party/FreeRTOS/Source/tasks.o
 .text.prvDeleteTCB
                0x000000000800a884       0x36 Middlewares/Third_Party/FreeRTOS/Source/tasks.o
 *fill*         0x000000000800a8ba        0x2 
 .text.prvIdleTask
                0x000000000800a8bc       0x64 Middlewares/Third_Party/FreeRTOS/Source/tasks.o
 .text.prvResetNextTaskUnblockTime
                0x000000000800a920       0x24 Middlewares/Third_Party/FreeRTOS/Source/tasks.o
 .text.prvInitialiseNewTask.isra.2
                0x000000000800a944       0x96 Middlewares/Third_Party/FreeRTOS/Source/tasks.o
 *fill*         0x000000000800a9da        0x2 
 .text.prvAddCurrentTaskToDelayedList
                0x000000000800a9dc       0x74 Middlewares/Third_Party/FreeRTOS/Source/tasks.o
 .text.xTaskCreateStatic
                0x000000000800aa50       0x70 Middlewares/Third_Party/FreeRTOS/Source/tasks.o
                0x000000000800aa50                xTaskCreateStatic
 .text.xTaskCreate
                0x000000000800aac0       0x5a Middlewares/Third_Party/FreeRTOS/Source/tasks.o
                0x000000000800aac0                xTaskCreate
 *fill*         0x000000000800ab1a        0x2 
 .text.vTaskStartScheduler
                0x000000000800ab1c       0x88 Middlewares/Third_Party/FreeRTOS/Source/tasks.o
                0x000000000800ab1c                vTaskStartScheduler
 .text.vTaskSuspendAll
                0x000000000800aba4       0x10 Middlewares/Third_Party/FreeRTOS/Source/tasks.o
                0x000000000800aba4                vTaskSuspendAll
 .text.xTaskGetTickCount
                0x000000000800abb4        0xc Middlewares/Third_Party/FreeRTOS/Source/tasks.o
                0x000000000800abb4                xTaskGetTickCount
 .text.xTaskIncrementTick
                0x000000000800abc0      0x120 Middlewares/Third_Party/FreeRTOS/Source/tasks.o
                0x000000000800abc0                xTaskIncrementTick
 .text.xTaskResumeAll
                0x000000000800ace0       0xe8 Middlewares/Third_Party/FreeRTOS/Source/tasks.o
                0x000000000800ace0                xTaskResumeAll
 .text.vTaskDelay
                0x000000000800adc8       0x48 Middlewares/Third_Party/FreeRTOS/Source/tasks.o
                0x000000000800adc8                vTaskDelay
 .text.vTaskSwitchContext
                0x000000000800ae10       0x90 Middlewares/Third_Party/FreeRTOS/Source/tasks.o
                0x000000000800ae10                vTaskSwitchContext
 .text.vTaskPlaceOnEventList
                0x000000000800aea0       0x34 Middlewares/Third_Party/FreeRTOS/Source/tasks.o
                0x000000000800aea0                vTaskPlaceOnEventList
 .text.vTaskPlaceOnUnorderedEventList
                0x000000000800aed4       0x58 Middlewares/Third_Party/FreeRTOS/Source/tasks.o
                0x000000000800aed4                vTaskPlaceOnUnorderedEventList
 .text.vTaskPlaceOnEventListRestricted
                0x000000000800af2c       0x3c Middlewares/Third_Party/FreeRTOS/Source/tasks.o
                0x000000000800af2c                vTaskPlaceOnEventListRestricted
 .text.xTaskRemoveFromEventList
                0x000000000800af68       0x80 Middlewares/Third_Party/FreeRTOS/Source/tasks.o
                0x000000000800af68                xTaskRemoveFromEventList
 .text.vTaskRemoveFromUnorderedEventList
                0x000000000800afe8       0x84 Middlewares/Third_Party/FreeRTOS/Source/tasks.o
                0x000000000800afe8                vTaskRemoveFromUnorderedEventList
 .text.vTaskInternalSetTimeOutState
                0x000000000800b06c       0x18 Middlewares/Third_Party/FreeRTOS/Source/tasks.o
                0x000000000800b06c                vTaskInternalSetTimeOutState
 .text.xTaskCheckForTimeOut
                0x000000000800b084       0x78 Middlewares/Third_Party/FreeRTOS/Source/tasks.o
                0x000000000800b084                xTaskCheckForTimeOut
 .text.vTaskMissedYield
                0x000000000800b0fc        0xc Middlewares/Third_Party/FreeRTOS/Source/tasks.o
                0x000000000800b0fc                vTaskMissedYield
 .text.uxTaskGetStackHighWaterMark
                0x000000000800b108       0x20 Middlewares/Third_Party/FreeRTOS/Source/tasks.o
                0x000000000800b108                uxTaskGetStackHighWaterMark
 .text.xTaskGetCurrentTaskHandle
                0x000000000800b128        0xc Middlewares/Third_Party/FreeRTOS/Source/tasks.o
                0x000000000800b128                xTaskGetCurrentTaskHandle
 .text.xTaskGetSchedulerState
                0x000000000800b134       0x20 Middlewares/Third_Party/FreeRTOS/Source/tasks.o
                0x000000000800b134                xTaskGetSchedulerState
 .text.xTaskPriorityInherit
                0x000000000800b154       0x80 Middlewares/Third_Party/FreeRTOS/Source/tasks.o
                0x000000000800b154                xTaskPriorityInherit
 .text.xTaskPriorityDisinherit
                0x000000000800b1d4       0x84 Middlewares/Third_Party/FreeRTOS/Source/tasks.o
                0x000000000800b1d4                xTaskPriorityDisinherit
 .text.vTaskPriorityDisinheritAfterTimeout
                0x000000000800b258       0x9c Middlewares/Third_Party/FreeRTOS/Source/tasks.o
                0x000000000800b258                vTaskPriorityDisinheritAfterTimeout
 .text.uxTaskResetEventItemValue
                0x000000000800b2f4       0x18 Middlewares/Third_Party/FreeRTOS/Source/tasks.o
                0x000000000800b2f4                uxTaskResetEventItemValue
 .text.pvTaskIncrementMutexHeldCount
                0x000000000800b30c       0x18 Middlewares/Third_Party/FreeRTOS/Source/tasks.o
                0x000000000800b30c                pvTaskIncrementMutexHeldCount
 .text.xTaskNotifyWait
                0x000000000800b324       0x8c Middlewares/Third_Party/FreeRTOS/Source/tasks.o
                0x000000000800b324                xTaskNotifyWait
 .text.xTaskGenericNotify
                0x000000000800b3b0       0xe4 Middlewares/Third_Party/FreeRTOS/Source/tasks.o
                0x000000000800b3b0                xTaskGenericNotify
 .text.xTaskGenericNotifyFromISR
                0x000000000800b494      0x114 Middlewares/Third_Party/FreeRTOS/Source/tasks.o
                0x000000000800b494                xTaskGenericNotifyFromISR
 .text.prvCheckForValidListAndQueue
                0x000000000800b5a8       0x68 Middlewares/Third_Party/FreeRTOS/Source/timers.o
 .text.prvInsertTimerInActiveList
                0x000000000800b610       0x3c Middlewares/Third_Party/FreeRTOS/Source/timers.o
 .text.xTimerCreateTimerTask
                0x000000000800b64c       0x64 Middlewares/Third_Party/FreeRTOS/Source/timers.o
                0x000000000800b64c                xTimerCreateTimerTask
 .text.xTimerGenericCommand
                0x000000000800b6b0       0x58 Middlewares/Third_Party/FreeRTOS/Source/timers.o
                0x000000000800b6b0                xTimerGenericCommand
 .text.prvSwitchTimerLists
                0x000000000800b708       0x80 Middlewares/Third_Party/FreeRTOS/Source/timers.o
 .text.prvTimerTask
                0x000000000800b788      0x220 Middlewares/Third_Party/FreeRTOS/Source/timers.o
 .text.xTimerPendFunctionCallFromISR
                0x000000000800b9a8       0x28 Middlewares/Third_Party/FreeRTOS/Source/timers.o
                0x000000000800b9a8                xTimerPendFunctionCallFromISR
 .text.prvTaskExitError
                0x000000000800b9d0       0x40 Middlewares/Third_Party/FreeRTOS/Source/portable/GCC/ARM_CM4F/port.o
 .text.unlikely.prvPortStartFirstTask
                0x000000000800ba10       0x28 Middlewares/Third_Party/FreeRTOS/Source/portable/GCC/ARM_CM4F/port.o
 .text.unlikely.vPortEnableVFP
                0x000000000800ba38       0x14 Middlewares/Third_Party/FreeRTOS/Source/portable/GCC/ARM_CM4F/port.o
 .text.pxPortInitialiseStack
                0x000000000800ba4c       0x2c Middlewares/Third_Party/FreeRTOS/Source/portable/GCC/ARM_CM4F/port.o
                0x000000000800ba4c                pxPortInitialiseStack
 *fill*         0x000000000800ba78        0x8 
 .text.SVC_Handler
                0x000000000800ba80       0x24 Middlewares/Third_Party/FreeRTOS/Source/portable/GCC/ARM_CM4F/port.o
                0x000000000800ba80                SVC_Handler
 .text.vPortEnterCritical
                0x000000000800baa4       0x44 Middlewares/Third_Party/FreeRTOS/Source/portable/GCC/ARM_CM4F/port.o
                0x000000000800baa4                vPortEnterCritical
 .text.vPortExitCritical
                0x000000000800bae8       0x28 Middlewares/Third_Party/FreeRTOS/Source/portable/GCC/ARM_CM4F/port.o
                0x000000000800bae8                vPortExitCritical
 .text.PendSV_Handler
                0x000000000800bb10       0x64 Middlewares/Third_Party/FreeRTOS/Source/portable/GCC/ARM_CM4F/port.o
                0x000000000800bb10                PendSV_Handler
 .text.SysTick_Handler
                0x000000000800bb74       0x2c Middlewares/Third_Party/FreeRTOS/Source/portable/GCC/ARM_CM4F/port.o
                0x000000000800bb74                SysTick_Handler
 .text.vPortSetupTimerInterrupt
                0x000000000800bba0       0x34 Middlewares/Third_Party/FreeRTOS/Source/portable/GCC/ARM_CM4F/port.o
                0x000000000800bba0                vPortSetupTimerInterrupt
 .text.xPortStartScheduler
                0x000000000800bbd4      0x10c Middlewares/Third_Party/FreeRTOS/Source/portable/GCC/ARM_CM4F/port.o
                0x000000000800bbd4                xPortStartScheduler
 .text.vPortValidateInterruptPriority
                0x000000000800bce0       0x5c Middlewares/Third_Party/FreeRTOS/Source/portable/GCC/ARM_CM4F/port.o
                0x000000000800bce0                vPortValidateInterruptPriority
 .text.unlikely.prvInsertBlockIntoFreeList
                0x000000000800bd3c       0x48 Middlewares/Third_Party/FreeRTOS/Source/portable/MemMang/heap_4.o
 .text.pvPortMalloc
                0x000000000800bd84      0x124 Middlewares/Third_Party/FreeRTOS/Source/portable/MemMang/heap_4.o
                0x000000000800bd84                pvPortMalloc
 .text.vPortFree
                0x000000000800bea8       0x70 Middlewares/Third_Party/FreeRTOS/Source/portable/MemMang/heap_4.o
                0x000000000800bea8                vPortFree
 .text.xPortGetFreeHeapSize
                0x000000000800bf18        0xc Middlewares/Third_Party/FreeRTOS/Source/portable/MemMang/heap_4.o
                0x000000000800bf18                xPortGetFreeHeapSize
 .text.MX_USB_Device_Init
                0x000000000800bf24       0x50 USB_Device/App/usb_device.o
                0x000000000800bf24                MX_USB_Device_Init
 .text.CDC_Receive_FS
                0x000000000800bf74       0x40 USB_Device/App/usbd_cdc_if.o
 .text.CDC_DeInit_FS
                0x000000000800bfb4       0x14 USB_Device/App/usbd_cdc_if.o
 .text.CDC_Init_FS
                0x000000000800bfc8       0x34 USB_Device/App/usbd_cdc_if.o
 .text.CDC_Control_FS
                0x000000000800bffc       0x48 USB_Device/App/usbd_cdc_if.o
 .text.CDC_Transmit_FS
                0x000000000800c044       0x30 USB_Device/App/usbd_cdc_if.o
                0x000000000800c044                CDC_Transmit_FS
 .text.USBD_CDC_DeviceDescriptor
                0x000000000800c074        0xc USB_Device/App/usbd_desc.o
                0x000000000800c074                USBD_CDC_DeviceDescriptor
 .text.USBD_CDC_LangIDStrDescriptor
                0x000000000800c080        0xc USB_Device/App/usbd_desc.o
                0x000000000800c080                USBD_CDC_LangIDStrDescriptor
 .text.IntToUnicode
                0x000000000800c08c       0x2a USB_Device/App/usbd_desc.o
 *fill*         0x000000000800c0b6        0x2 
 .text.USBD_CDC_SerialStrDescriptor
                0x000000000800c0b8       0x40 USB_Device/App/usbd_desc.o
                0x000000000800c0b8                USBD_CDC_SerialStrDescriptor
 .text.USBD_CDC_ManufacturerStrDescriptor
                0x000000000800c0f8       0x1c USB_Device/App/usbd_desc.o
                0x000000000800c0f8                USBD_CDC_ManufacturerStrDescriptor
 .text.USBD_CDC_ProductStrDescriptor
                0x000000000800c114       0x1c USB_Device/App/usbd_desc.o
                0x000000000800c114                USBD_CDC_ProductStrDescriptor
 .text.USBD_CDC_ConfigStrDescriptor
                0x000000000800c130       0x1c USB_Device/App/usbd_desc.o
                0x000000000800c130                USBD_CDC_ConfigStrDescriptor
 .text.USBD_CDC_InterfaceStrDescriptor
                0x000000000800c14c       0x1c USB_Device/App/usbd_desc.o
                0x000000000800c14c                USBD_CDC_InterfaceStrDescriptor
 .text.HAL_PCD_MspInit
                0x000000000800c168       0x70 USB_Device/Target/usbd_conf.o
                0x000000000800c168                HAL_PCD_MspInit
 .text.HAL_PCD_SetupStageCallback
                0x000000000800c1d8        0xc USB_Device/Target/usbd_conf.o
                0x000000000800c1d8                HAL_PCD_SetupStageCallback
 .text.HAL_PCD_DataOutStageCallback
                0x000000000800c1e4       0x10 USB_Device/Target/usbd_conf.o
                0x000000000800c1e4                HAL_PCD_DataOutStageCallback
 .text.HAL_PCD_DataInStageCallback
                0x000000000800c1f4        0xe USB_Device/Target/usbd_conf.o
                0x000000000800c1f4                HAL_PCD_DataInStageCallback
 .text.HAL_PCD_SOFCallback
                0x000000000800c202        0x8 USB_Device/Target/usbd_conf.o
                0x000000000800c202                HAL_PCD_SOFCallback
 .text.HAL_PCD_ResetCallback
                0x000000000800c20a       0x24 USB_Device/Target/usbd_conf.o
                0x000000000800c20a                HAL_PCD_ResetCallback
 *fill*         0x000000000800c22e        0x2 
 .text.HAL_PCD_SuspendCallback
                0x000000000800c230       0x20 USB_Device/Target/usbd_conf.o
                0x000000000800c230                HAL_PCD_SuspendCallback
 .text.HAL_PCD_ResumeCallback
                0x000000000800c250       0x28 USB_Device/Target/usbd_conf.o
                0x000000000800c250                HAL_PCD_ResumeCallback
 .text.USBD_LL_Init
                0x000000000800c278       0x8c USB_Device/Target/usbd_conf.o
                0x000000000800c278                USBD_LL_Init
 .text.USBD_LL_Start
                0x000000000800c304       0x1c USB_Device/Target/usbd_conf.o
                0x000000000800c304                USBD_LL_Start
 .text.USBD_LL_OpenEP
                0x000000000800c320       0x20 USB_Device/Target/usbd_conf.o
                0x000000000800c320                USBD_LL_OpenEP
 .text.USBD_LL_CloseEP
                0x000000000800c340       0x1c USB_Device/Target/usbd_conf.o
                0x000000000800c340                USBD_LL_CloseEP
 .text.USBD_LL_StallEP
                0x000000000800c35c       0x1c USB_Device/Target/usbd_conf.o
                0x000000000800c35c                USBD_LL_StallEP
 .text.USBD_LL_ClearStallEP
                0x000000000800c378       0x1c USB_Device/Target/usbd_conf.o
                0x000000000800c378                USBD_LL_ClearStallEP
 .text.USBD_LL_IsStallEP
                0x000000000800c394       0x20 USB_Device/Target/usbd_conf.o
                0x000000000800c394                USBD_LL_IsStallEP
 .text.USBD_LL_SetUSBAddress
                0x000000000800c3b4       0x1c USB_Device/Target/usbd_conf.o
                0x000000000800c3b4                USBD_LL_SetUSBAddress
 .text.USBD_LL_Transmit
                0x000000000800c3d0       0x1c USB_Device/Target/usbd_conf.o
                0x000000000800c3d0                USBD_LL_Transmit
 .text.USBD_LL_PrepareReceive
                0x000000000800c3ec       0x1c USB_Device/Target/usbd_conf.o
                0x000000000800c3ec                USBD_LL_PrepareReceive
 .text.USBD_LL_GetRxDataSize
                0x000000000800c408        0x8 USB_Device/Target/usbd_conf.o
                0x000000000800c408                USBD_LL_GetRxDataSize
 .text.HAL_PCDEx_LPM_Callback
                0x000000000800c410       0x48 USB_Device/Target/usbd_conf.o
                0x000000000800c410                HAL_PCDEx_LPM_Callback
 .text.USBD_static_malloc
                0x000000000800c458        0x8 USB_Device/Target/usbd_conf.o
                0x000000000800c458                USBD_static_malloc
 .text.USBD_static_free
                0x000000000800c460        0x2 USB_Device/Target/usbd_conf.o
                0x000000000800c460                USBD_static_free
 *fill*         0x000000000800c462        0x2 
 .text.__libc_init_array
                0x000000000800c464       0x48 /opt/st/stm32cubeide_1.3.0/plugins/com.st.stm32cube.ide.mcu.externaltools.gnu-tools-for-stm32.7-2018-q2-update.linux64_1.0.0.201904181610/tools/bin/../lib/gcc/arm-none-eabi/7.3.1/../../../../arm-none-eabi/lib/thumb/v7e-m/fpv4-sp/hard/libc_nano.a(lib_a-init.o)
                0x000000000800c464                __libc_init_array
 .text.memcpy   0x000000000800c4ac       0x16 /opt/st/stm32cubeide_1.3.0/plugins/com.st.stm32cube.ide.mcu.externaltools.gnu-tools-for-stm32.7-2018-q2-update.linux64_1.0.0.201904181610/tools/bin/../lib/gcc/arm-none-eabi/7.3.1/../../../../arm-none-eabi/lib/thumb/v7e-m/fpv4-sp/hard/libc_nano.a(lib_a-memcpy-stub.o)
                0x000000000800c4ac                memcpy
 .text.memset   0x000000000800c4c2       0x10 /opt/st/stm32cubeide_1.3.0/plugins/com.st.stm32cube.ide.mcu.externaltools.gnu-tools-for-stm32.7-2018-q2-update.linux64_1.0.0.201904181610/tools/bin/../lib/gcc/arm-none-eabi/7.3.1/../../../../arm-none-eabi/lib/thumb/v7e-m/fpv4-sp/hard/libc_nano.a(lib_a-memset.o)
                0x000000000800c4c2                memset
 *(.glue_7)
 .glue_7        0x000000000800c4d2        0x0 linker stubs
 *(.glue_7t)
 .glue_7t       0x000000000800c4d2        0x0 linker stubs
 *(.eh_frame)
 *fill*         0x000000000800c4d2        0x2 
 .eh_frame      0x000000000800c4d4        0x0 /opt/st/stm32cubeide_1.3.0/plugins/com.st.stm32cube.ide.mcu.externaltools.gnu-tools-for-stm32.7-2018-q2-update.linux64_1.0.0.201904181610/tools/bin/../lib/gcc/arm-none-eabi/7.3.1/thumb/v7e-m/fpv4-sp/hard/crtbegin.o
 *(.init)
 .init          0x000000000800c4d4        0x4 /opt/st/stm32cubeide_1.3.0/plugins/com.st.stm32cube.ide.mcu.externaltools.gnu-tools-for-stm32.7-2018-q2-update.linux64_1.0.0.201904181610/tools/bin/../lib/gcc/arm-none-eabi/7.3.1/thumb/v7e-m/fpv4-sp/hard/crti.o
                0x000000000800c4d4                _init
 .init          0x000000000800c4d8        0x8 /opt/st/stm32cubeide_1.3.0/plugins/com.st.stm32cube.ide.mcu.externaltools.gnu-tools-for-stm32.7-2018-q2-update.linux64_1.0.0.201904181610/tools/bin/../lib/gcc/arm-none-eabi/7.3.1/thumb/v7e-m/fpv4-sp/hard/crtn.o
 *(.fini)
 .fini          0x000000000800c4e0        0x4 /opt/st/stm32cubeide_1.3.0/plugins/com.st.stm32cube.ide.mcu.externaltools.gnu-tools-for-stm32.7-2018-q2-update.linux64_1.0.0.201904181610/tools/bin/../lib/gcc/arm-none-eabi/7.3.1/thumb/v7e-m/fpv4-sp/hard/crti.o
                0x000000000800c4e0                _fini
 .fini          0x000000000800c4e4        0x8 /opt/st/stm32cubeide_1.3.0/plugins/com.st.stm32cube.ide.mcu.externaltools.gnu-tools-for-stm32.7-2018-q2-update.linux64_1.0.0.201904181610/tools/bin/../lib/gcc/arm-none-eabi/7.3.1/thumb/v7e-m/fpv4-sp/hard/crtn.o
                0x000000000800c4ec                . = ALIGN (0x4)
                0x000000000800c4ec                _etext = .

.vfp11_veneer   0x000000000800c4ec        0x0
 .vfp11_veneer  0x000000000800c4ec        0x0 linker stubs

.v4_bx          0x000000000800c4ec        0x0
 .v4_bx         0x000000000800c4ec        0x0 linker stubs

.iplt           0x000000000800c4ec        0x0
 .iplt          0x000000000800c4ec        0x0 /opt/st/stm32cubeide_1.3.0/plugins/com.st.stm32cube.ide.mcu.externaltools.gnu-tools-for-stm32.7-2018-q2-update.linux64_1.0.0.201904181610/tools/bin/../lib/gcc/arm-none-eabi/7.3.1/thumb/v7e-m/fpv4-sp/hard/crtbegin.o

.RamFunc        0x000000000800c4ec       0x34
 .RamFunc       0x000000000800c4ec       0x34 Drivers/STM32WBxx_HAL_Driver/Src/stm32wbxx_hal_flash.o

.rodata         0x000000000800c520      0x290
                0x000000000800c520                . = ALIGN (0x4)
 *(.rodata)
 .rodata        0x000000000800c520       0x20 Drivers/STM32WBxx_HAL_Driver/Src/stm32wbxx_hal_rcc.o
 *(.rodata*)
 .rodata.Main_attributes
                0x000000000800c540       0x24 Core/Src/main.o
                0x000000000800c540                Main_attributes
 .rodata.str1.1
                0x000000000800c564        0x5 Core/Src/main.o
 *fill*         0x000000000800c569        0x3 
 .rodata.AHBPrescTable
                0x000000000800c56c       0x40 Core/Src/system_stm32wbxx.o
                0x000000000800c56c                AHBPrescTable
 .rodata.APBPrescTable
                0x000000000800c5ac       0x20 Core/Src/system_stm32wbxx.o
                0x000000000800c5ac                APBPrescTable
 .rodata.MSIRangeTable
                0x000000000800c5cc       0x40 Core/Src/system_stm32wbxx.o
                0x000000000800c5cc                MSIRangeTable
 .rodata.CSWTCH.255
                0x000000000800c60c        0x4 Drivers/STM32WBxx_HAL_Driver/Src/stm32wbxx_hal_uart.o
 .rodata.FLASH_MutexAttr
                0x000000000800c610       0x10 Forth/Src/flash.o
 .rodata.UART_MutexAttr
                0x000000000800c620       0x10 Forth/Src/uart.o
                0x000000000800c620                UART_MutexAttr
 .rodata.UART_RxThreadAttr
                0x000000000800c630       0x24 Forth/Src/uart.o
 .rodata.UART_TxThreadAttr
                0x000000000800c654       0x24 Forth/Src/uart.o
 .rodata.str1.1
                0x000000000800c678       0x36 Forth/Src/uart.o
 *fill*         0x000000000800c6ae        0x2 
 .rodata.uart_RxQueue_attributes
                0x000000000800c6b0       0x18 Forth/Src/uart.o
 .rodata.uart_TxQueue_attributes
                0x000000000800c6c8       0x18 Forth/Src/uart.o
 .rodata.cdc_RxQueue_attributes
                0x000000000800c6e0       0x18 Forth/Src/usb_cdc.o
 .rodata.cdc_TxQueue_attributes
                0x000000000800c6f8       0x18 Forth/Src/usb_cdc.o
 .rodata.cdc_thread_attributes
                0x000000000800c710       0x24 Forth/Src/usb_cdc.o
                0x000000000800c710                cdc_thread_attributes
 .rodata.str1.1
                0x000000000800c734       0x23 Forth/Src/usb_cdc.o
 .rodata.vTaskStartScheduler.str1.1
                0x000000000800c757        0x5 Middlewares/Third_Party/FreeRTOS/Source/tasks.o
 .rodata.prvCheckForValidListAndQueue.str1.1
                0x000000000800c75c        0x5 Middlewares/Third_Party/FreeRTOS/Source/timers.o
 .rodata.xTimerCreateTimerTask.str1.1
                0x000000000800c761        0x8 Middlewares/Third_Party/FreeRTOS/Source/timers.o
 .rodata.USBD_CDC_ConfigStrDescriptor.str1.1
                0x000000000800c769        0xb USB_Device/App/usbd_desc.o
 .rodata.USBD_CDC_InterfaceStrDescriptor.str1.1
                0x000000000800c774        0xe USB_Device/App/usbd_desc.o
 .rodata.USBD_CDC_ManufacturerStrDescriptor.str1.1
                0x000000000800c782       0x13 USB_Device/App/usbd_desc.o
 .rodata.USBD_CDC_ProductStrDescriptor.str1.1
                0x000000000800c795       0x16 USB_Device/App/usbd_desc.o
 .rodata.CSWTCH.7
                0x000000000800c7ab        0x4 USB_Device/Target/usbd_conf.o
                0x000000000800c7b0                . = ALIGN (0x4)
 *fill*         0x000000000800c7af        0x1 

.ARM.extab
 *(.ARM.extab* .gnu.linkonce.armextab.*)

.ARM            0x000000000800c7b0        0x8
                0x000000000800c7b0                __exidx_start = .
 *(.ARM.exidx*)
 .ARM.exidx     0x000000000800c7b0        0x8 /opt/st/stm32cubeide_1.3.0/plugins/com.st.stm32cube.ide.mcu.externaltools.gnu-tools-for-stm32.7-2018-q2-update.linux64_1.0.0.201904181610/tools/bin/../lib/gcc/arm-none-eabi/7.3.1/thumb/v7e-m/fpv4-sp/hard/libgcc.a(_udivmoddi4.o)
                0x000000000800c7b8                __exidx_end = .

.rel.dyn        0x000000000800c7b8        0x0
 .rel.iplt      0x000000000800c7b8        0x0 /opt/st/stm32cubeide_1.3.0/plugins/com.st.stm32cube.ide.mcu.externaltools.gnu-tools-for-stm32.7-2018-q2-update.linux64_1.0.0.201904181610/tools/bin/../lib/gcc/arm-none-eabi/7.3.1/thumb/v7e-m/fpv4-sp/hard/crtbegin.o

.preinit_array  0x000000000800c7b8        0x0
                0x000000000800c7b8                PROVIDE (__preinit_array_start = .)
 *(.preinit_array*)
                0x000000000800c7b8                PROVIDE (__preinit_array_end = .)

.init_array     0x000000000800c7b8        0x4
                0x000000000800c7b8                PROVIDE (__init_array_start = .)
 *(SORT_BY_NAME(.init_array.*))
 *(.init_array*)
 .init_array    0x000000000800c7b8        0x4 /opt/st/stm32cubeide_1.3.0/plugins/com.st.stm32cube.ide.mcu.externaltools.gnu-tools-for-stm32.7-2018-q2-update.linux64_1.0.0.201904181610/tools/bin/../lib/gcc/arm-none-eabi/7.3.1/thumb/v7e-m/fpv4-sp/hard/crtbegin.o
                0x000000000800c7bc                PROVIDE (__init_array_end = .)

.fini_array     0x000000000800c7bc        0x4
                [!provide]                        PROVIDE (__fini_array_start = .)
 *(SORT_BY_NAME(.fini_array.*))
 *(.fini_array*)
 .fini_array    0x000000000800c7bc        0x4 /opt/st/stm32cubeide_1.3.0/plugins/com.st.stm32cube.ide.mcu.externaltools.gnu-tools-for-stm32.7-2018-q2-update.linux64_1.0.0.201904181610/tools/bin/../lib/gcc/arm-none-eabi/7.3.1/thumb/v7e-m/fpv4-sp/hard/crtbegin.o
                [!provide]                        PROVIDE (__fini_array_end = .)
                0x000000000800c7c0                _sidata = LOADADDR (.data)

.data           0x0000000020010000      0x18c load address 0x000000000800c7c0
                0x0000000020010000                . = ALIGN (0x4)
                0x0000000020010000                _sdata = .
 *(.data)
 *(.data*)
 .data.SystemCoreClock
                0x0000000020010000        0x4 Core/Src/system_stm32wbxx.o
                0x0000000020010000                SystemCoreClock
 .data.uwTickFreq
                0x0000000020010004        0x1 Drivers/STM32WBxx_HAL_Driver/Src/stm32wbxx_hal.o
                0x0000000020010004                uwTickFreq
 *fill*         0x0000000020010005        0x3 
 .data.uwTickPrio
                0x0000000020010008        0x4 Drivers/STM32WBxx_HAL_Driver/Src/stm32wbxx_hal.o
                0x0000000020010008                uwTickPrio
 .data.USBD_CDC
                0x000000002001000c       0x38 Middlewares/ST/STM32_USB_Device_Library/Class/CDC/Src/usbd_cdc.o
                0x000000002001000c                USBD_CDC
 .data.USBD_CDC_CfgFSDesc
                0x0000000020010044       0x43 Middlewares/ST/STM32_USB_Device_Library/Class/CDC/Src/usbd_cdc.o
                0x0000000020010044                USBD_CDC_CfgFSDesc
 *fill*         0x0000000020010087        0x1 
 .data.USBD_CDC_CfgHSDesc
                0x0000000020010088       0x43 Middlewares/ST/STM32_USB_Device_Library/Class/CDC/Src/usbd_cdc.o
                0x0000000020010088                USBD_CDC_CfgHSDesc
 *fill*         0x00000000200100cb        0x1 
 .data.USBD_CDC_DeviceQualifierDesc
                0x00000000200100cc        0xa Middlewares/ST/STM32_USB_Device_Library/Class/CDC/Src/usbd_cdc.o
 *fill*         0x00000000200100d6        0x2 
 .data.USBD_CDC_OtherSpeedCfgDesc
                0x00000000200100d8       0x43 Middlewares/ST/STM32_USB_Device_Library/Class/CDC/Src/usbd_cdc.o
                0x00000000200100d8                USBD_CDC_OtherSpeedCfgDesc
 *fill*         0x000000002001011b        0x1 
 .data.uxCriticalNesting
                0x000000002001011c        0x4 Middlewares/Third_Party/FreeRTOS/Source/portable/GCC/ARM_CM4F/port.o
 .data.LineCoding
                0x0000000020010120        0x8 USB_Device/App/usbd_cdc_if.o
                0x0000000020010120                LineCoding
 .data.USBD_Interface_fops_FS
                0x0000000020010128       0x10 USB_Device/App/usbd_cdc_if.o
                0x0000000020010128                USBD_Interface_fops_FS
 .data.CDC_Desc
                0x0000000020010138       0x20 USB_Device/App/usbd_desc.o
                0x0000000020010138                CDC_Desc
 .data.USBD_CDC_DeviceDesc
                0x0000000020010158       0x12 USB_Device/App/usbd_desc.o
                0x0000000020010158                USBD_CDC_DeviceDesc
 *fill*         0x000000002001016a        0x2 
 .data.USBD_LangIDDesc
                0x000000002001016c        0x4 USB_Device/App/usbd_desc.o
                0x000000002001016c                USBD_LangIDDesc
 .data.USBD_StringSerial
                0x0000000020010170       0x1a USB_Device/App/usbd_desc.o
                0x0000000020010170                USBD_StringSerial
                0x000000002001018c                . = ALIGN (0x4)
 *fill*         0x000000002001018a        0x2 
                0x000000002001018c                _edata = .

.igot.plt       0x000000002001018c        0x0 load address 0x000000000800c94c
 .igot.plt      0x000000002001018c        0x0 /opt/st/stm32cubeide_1.3.0/plugins/com.st.stm32cube.ide.mcu.externaltools.gnu-tools-for-stm32.7-2018-q2-update.linux64_1.0.0.201904181610/tools/bin/../lib/gcc/arm-none-eabi/7.3.1/thumb/v7e-m/fpv4-sp/hard/crtbegin.o
                0x000000002001018c                . = ALIGN (0x4)

.bss            0x000000002001018c    0x12e68 load address 0x000000000800c94c
                0x000000002001018c                _sbss = .