Archive member included to satisfy reference by file (symbol)

/opt/st/stm32cubeide_1.3.0/plugins/com.st.stm32cube.ide.mcu.externaltools.gnu-tools-for-stm32.7-2018-q2-update.linux64_1.0.0.201904181610/tools/bin/../lib/gcc/arm-none-eabi/7.3.1/../../../../arm-none-eabi/lib/thumb/v7e-m/fpv4-sp/hard/libc_nano.a(lib_a-errno.o)
                              Core/Src/syscalls.o (__errno)
/opt/st/stm32cubeide_1.3.0/plugins/com.st.stm32cube.ide.mcu.externaltools.gnu-tools-for-stm32.7-2018-q2-update.linux64_1.0.0.201904181610/tools/bin/../lib/gcc/arm-none-eabi/7.3.1/../../../../arm-none-eabi/lib/thumb/v7e-m/fpv4-sp/hard/libc_nano.a(lib_a-exit.o)
                              /opt/st/stm32cubeide_1.3.0/plugins/com.st.stm32cube.ide.mcu.externaltools.gnu-tools-for-stm32.7-2018-q2-update.linux64_1.0.0.201904181610/tools/bin/../lib/gcc/arm-none-eabi/7.3.1/../../../../arm-none-eabi/lib/thumb/v7e-m/fpv4-sp/hard/crt0.o (exit)
/opt/st/stm32cubeide_1.3.0/plugins/com.st.stm32cube.ide.mcu.externaltools.gnu-tools-for-stm32.7-2018-q2-update.linux64_1.0.0.201904181610/tools/bin/../lib/gcc/arm-none-eabi/7.3.1/../../../../arm-none-eabi/lib/thumb/v7e-m/fpv4-sp/hard/libc_nano.a(lib_a-impure.o)
                              /opt/st/stm32cubeide_1.3.0/plugins/com.st.stm32cube.ide.mcu.externaltools.gnu-tools-for-stm32.7-2018-q2-update.linux64_1.0.0.201904181610/tools/bin/../lib/gcc/arm-none-eabi/7.3.1/../../../../arm-none-eabi/lib/thumb/v7e-m/fpv4-sp/hard/libc_nano.a(lib_a-exit.o) (_global_impure_ptr)
/opt/st/stm32cubeide_1.3.0/plugins/com.st.stm32cube.ide.mcu.externaltools.gnu-tools-for-stm32.7-2018-q2-update.linux64_1.0.0.201904181610/tools/bin/../lib/gcc/arm-none-eabi/7.3.1/../../../../arm-none-eabi/lib/thumb/v7e-m/fpv4-sp/hard/libc_nano.a(lib_a-init.o)
                              /opt/st/stm32cubeide_1.3.0/plugins/com.st.stm32cube.ide.mcu.externaltools.gnu-tools-for-stm32.7-2018-q2-update.linux64_1.0.0.201904181610/tools/bin/../lib/gcc/arm-none-eabi/7.3.1/../../../../arm-none-eabi/lib/thumb/v7e-m/fpv4-sp/hard/crt0.o (__libc_init_array)
/opt/st/stm32cubeide_1.3.0/plugins/com.st.stm32cube.ide.mcu.externaltools.gnu-tools-for-stm32.7-2018-q2-update.linux64_1.0.0.201904181610/tools/bin/../lib/gcc/arm-none-eabi/7.3.1/../../../../arm-none-eabi/lib/thumb/v7e-m/fpv4-sp/hard/libc_nano.a(lib_a-memcmp.o)
                              Middlewares/ST/STM32_WPAN/ble/core/template/osal.o (memcmp)
/opt/st/stm32cubeide_1.3.0/plugins/com.st.stm32cube.ide.mcu.externaltools.gnu-tools-for-stm32.7-2018-q2-update.linux64_1.0.0.201904181610/tools/bin/../lib/gcc/arm-none-eabi/7.3.1/../../../../arm-none-eabi/lib/thumb/v7e-m/fpv4-sp/hard/libc_nano.a(lib_a-memcpy-stub.o)
                              Middlewares/ST/STM32_WPAN/ble/core/template/osal.o (memcpy)
/opt/st/stm32cubeide_1.3.0/plugins/com.st.stm32cube.ide.mcu.externaltools.gnu-tools-for-stm32.7-2018-q2-update.linux64_1.0.0.201904181610/tools/bin/../lib/gcc/arm-none-eabi/7.3.1/../../../../arm-none-eabi/lib/thumb/v7e-m/fpv4-sp/hard/libc_nano.a(lib_a-memset.o)
                              /opt/st/stm32cubeide_1.3.0/plugins/com.st.stm32cube.ide.mcu.externaltools.gnu-tools-for-stm32.7-2018-q2-update.linux64_1.0.0.201904181610/tools/bin/../lib/gcc/arm-none-eabi/7.3.1/../../../../arm-none-eabi/lib/thumb/v7e-m/fpv4-sp/hard/crt0.o (memset)
/opt/st/stm32cubeide_1.3.0/plugins/com.st.stm32cube.ide.mcu.externaltools.gnu-tools-for-stm32.7-2018-q2-update.linux64_1.0.0.201904181610/tools/bin/../lib/gcc/arm-none-eabi/7.3.1/../../../../arm-none-eabi/lib/thumb/v7e-m/fpv4-sp/hard/libc_nano.a(lib_a-printf.o)
                              Middlewares/ST/STM32_WPAN/utilities/dbg_trace.o (printf)
/opt/st/stm32cubeide_1.3.0/plugins/com.st.stm32cube.ide.mcu.externaltools.gnu-tools-for-stm32.7-2018-q2-update.linux64_1.0.0.201904181610/tools/bin/../lib/gcc/arm-none-eabi/7.3.1/../../../../arm-none-eabi/lib/thumb/v7e-m/fpv4-sp/hard/libc_nano.a(lib_a-strrchr.o)
                              Middlewares/ST/STM32_WPAN/utilities/dbg_trace.o (strrchr)
/opt/st/stm32cubeide_1.3.0/plugins/com.st.stm32cube.ide.mcu.externaltools.gnu-tools-for-stm32.7-2018-q2-update.linux64_1.0.0.201904181610/tools/bin/../lib/gcc/arm-none-eabi/7.3.1/../../../../arm-none-eabi/lib/thumb/v7e-m/fpv4-sp/hard/libc_nano.a(lib_a-vprintf.o)
                              Middlewares/ST/STM32_WPAN/utilities/dbg_trace.o (vprintf)
/opt/st/stm32cubeide_1.3.0/plugins/com.st.stm32cube.ide.mcu.externaltools.gnu-tools-for-stm32.7-2018-q2-update.linux64_1.0.0.201904181610/tools/bin/../lib/gcc/arm-none-eabi/7.3.1/../../../../arm-none-eabi/lib/thumb/v7e-m/fpv4-sp/hard/libc_nano.a(lib_a-findfp.o)
                              /opt/st/stm32cubeide_1.3.0/plugins/com.st.stm32cube.ide.mcu.externaltools.gnu-tools-for-stm32.7-2018-q2-update.linux64_1.0.0.201904181610/tools/bin/../lib/gcc/arm-none-eabi/7.3.1/../../../../arm-none-eabi/lib/thumb/v7e-m/fpv4-sp/hard/libc_nano.a(lib_a-printf.o) (__sinit)
[...]
Memory Configuration

Name             Origin             Length             Attributes
FLASH            0x0000000008000000 0x0000000000040000 xr
FLASH_FORTH      0x0000000008040000 0x0000000000080000 xr
FLASH_BLESTACK   0x00000000080c0000 0x0000000000040000 xr
RAM_FORTH        0x0000000020000000 0x0000000000010000 xrw
RAM1             0x0000000020010000 0x0000000000030000 xrw
RAM_SHARED       0x0000000020030000 0x0000000000002800 xrw
*default*        0x0000000000000000 0xffffffffffffffff

Linker script and memory map

LOAD /opt/st/stm32cubeide_1.3.0/plugins/com.st.stm32cube.ide.mcu.externaltools.gnu-tools-for-stm32.7-2018-q2-update.linux64_1.0.0.201904181610/tools/bin/../lib/gcc/arm-none-eabi/7.3.1/thumb/v7e-m/fpv4-sp/hard/crti.o
LOAD /opt/st/stm32cubeide_1.3.0/plugins/com.st.stm32cube.ide.mcu.externaltools.gnu-tools-for-stm32.7-2018-q2-update.linux64_1.0.0.201904181610/tools/bin/../lib/gcc/arm-none-eabi/7.3.1/thumb/v7e-m/fpv4-sp/hard/crtbegin.o
LOAD /opt/st/stm32cubeide_1.3.0/plugins/com.st.stm32cube.ide.mcu.externaltools.gnu-tools-for-stm32.7-2018-q2-update.linux64_1.0.0.201904181610/tools/bin/../lib/gcc/arm-none-eabi/7.3.1/../../../../arm-none-eabi/lib/thumb/v7e-m/fpv4-sp/hard/crt0.o
LOAD Core/Src/app_debug.o
LOAD Core/Src/app_entry.o
LOAD Core/Src/app_freertos.o
LOAD Core/Src/freertos_port.o
LOAD Core/Src/hw_timerserver.o
LOAD Core/Src/main.o
LOAD Core/Src/stm32_lpm_if.o
LOAD Core/Src/stm32wbxx_hal_msp.o
LOAD Core/Src/stm32wbxx_hal_timebase_tim.o
LOAD Core/Src/stm32wbxx_it.o
LOAD Core/Src/syscalls.o
LOAD Core/Src/sysmem.o
LOAD Core/Src/system_stm32wbxx.o
LOAD Core/Startup/startup_stm32wb55rgvx.o
LOAD Drivers/STM32WBxx_HAL_Driver/Src/stm32wbxx_hal.o
LOAD Drivers/STM32WBxx_HAL_Driver/Src/stm32wbxx_hal_adc.o
LOAD Drivers/STM32WBxx_HAL_Driver/Src/stm32wbxx_hal_adc_ex.o
LOAD Drivers/STM32WBxx_HAL_Driver/Src/stm32wbxx_hal_cortex.o
LOAD Drivers/STM32WBxx_HAL_Driver/Src/stm32wbxx_hal_crc.o
LOAD Drivers/STM32WBxx_HAL_Driver/Src/stm32wbxx_hal_crc_ex.o
LOAD Drivers/STM32WBxx_HAL_Driver/Src/stm32wbxx_hal_dma.o
LOAD Drivers/STM32WBxx_HAL_Driver/Src/stm32wbxx_hal_dma_ex.o
LOAD Drivers/STM32WBxx_HAL_Driver/Src/stm32wbxx_hal_exti.o
LOAD Drivers/STM32WBxx_HAL_Driver/Src/stm32wbxx_hal_flash.o
LOAD Drivers/STM32WBxx_HAL_Driver/Src/stm32wbxx_hal_flash_ex.o
LOAD Drivers/STM32WBxx_HAL_Driver/Src/stm32wbxx_hal_gpio.o
LOAD Drivers/STM32WBxx_HAL_Driver/Src/stm32wbxx_hal_hsem.o
LOAD Drivers/STM32WBxx_HAL_Driver/Src/stm32wbxx_hal_pcd.o
LOAD Drivers/STM32WBxx_HAL_Driver/Src/stm32wbxx_hal_pcd_ex.o
LOAD Drivers/STM32WBxx_HAL_Driver/Src/stm32wbxx_hal_pka.o
LOAD Drivers/STM32WBxx_HAL_Driver/Src/stm32wbxx_hal_pwr.o
LOAD Drivers/STM32WBxx_HAL_Driver/Src/stm32wbxx_hal_pwr_ex.o
LOAD Drivers/STM32WBxx_HAL_Driver/Src/stm32wbxx_hal_rcc.o
LOAD Drivers/STM32WBxx_HAL_Driver/Src/stm32wbxx_hal_rcc_ex.o
LOAD Drivers/STM32WBxx_HAL_Driver/Src/stm32wbxx_hal_rng.o
LOAD Drivers/STM32WBxx_HAL_Driver/Src/stm32wbxx_hal_rtc.o
LOAD Drivers/STM32WBxx_HAL_Driver/Src/stm32wbxx_hal_rtc_ex.o
LOAD Drivers/STM32WBxx_HAL_Driver/Src/stm32wbxx_hal_tim.o
LOAD Drivers/STM32WBxx_HAL_Driver/Src/stm32wbxx_hal_tim_ex.o
LOAD Drivers/STM32WBxx_HAL_Driver/Src/stm32wbxx_hal_uart.o
LOAD Drivers/STM32WBxx_HAL_Driver/Src/stm32wbxx_hal_uart_ex.o
LOAD Drivers/STM32WBxx_HAL_Driver/Src/stm32wbxx_ll_adc.o
LOAD Drivers/STM32WBxx_HAL_Driver/Src/stm32wbxx_ll_usb.o
LOAD Forth/Src/ble_vsp.o
LOAD Forth/Src/bsp.o
LOAD Forth/Src/flash.o
LOAD Forth/Src/uart.o
LOAD Forth/Src/usb_cdc.o
LOAD Forth/cube/mecrisp.o
LOAD Middlewares/ST/STM32_USB_Device_Library/Class/CDC/Src/usbd_cdc.o
LOAD Middlewares/ST/STM32_USB_Device_Library/Core/Src/usbd_core.o
LOAD Middlewares/ST/STM32_USB_Device_Library/Core/Src/usbd_ctlreq.o
LOAD Middlewares/ST/STM32_USB_Device_Library/Core/Src/usbd_ioreq.o
LOAD Middlewares/ST/STM32_WPAN/ble/core/auto/ble_gap_aci.o
LOAD Middlewares/ST/STM32_WPAN/ble/core/auto/ble_gatt_aci.o
LOAD Middlewares/ST/STM32_WPAN/ble/core/auto/ble_hal_aci.o
LOAD Middlewares/ST/STM32_WPAN/ble/core/auto/ble_hci_le.o
LOAD Middlewares/ST/STM32_WPAN/ble/core/auto/ble_l2cap_aci.o
LOAD Middlewares/ST/STM32_WPAN/ble/core/template/osal.o
LOAD Middlewares/ST/STM32_WPAN/ble/svc/Src/dis.o
LOAD Middlewares/ST/STM32_WPAN/ble/svc/Src/hrs.o
LOAD Middlewares/ST/STM32_WPAN/ble/svc/Src/svc_ctl.o
LOAD Middlewares/ST/STM32_WPAN/interface/patterns/ble_thread/shci/shci.o
LOAD Middlewares/ST/STM32_WPAN/interface/patterns/ble_thread/tl/hci_tl.o
LOAD Middlewares/ST/STM32_WPAN/interface/patterns/ble_thread/tl/hci_tl_if.o
LOAD Middlewares/ST/STM32_WPAN/interface/patterns/ble_thread/tl/shci_tl.o
LOAD Middlewares/ST/STM32_WPAN/interface/patterns/ble_thread/tl/shci_tl_if.o
LOAD Middlewares/ST/STM32_WPAN/interface/patterns/ble_thread/tl/tl_mbox.o
LOAD Middlewares/ST/STM32_WPAN/utilities/dbg_trace.o
LOAD Middlewares/ST/STM32_WPAN/utilities/otp.o
LOAD Middlewares/ST/STM32_WPAN/utilities/stm_list.o
LOAD Middlewares/ST/STM32_WPAN/utilities/stm_queue.o
LOAD Middlewares/Third_Party/FreeRTOS/Source/CMSIS_RTOS_V2/cmsis_os2.o
LOAD Middlewares/Third_Party/FreeRTOS/Source/croutine.o
LOAD Middlewares/Third_Party/FreeRTOS/Source/event_groups.o
LOAD Middlewares/Third_Party/FreeRTOS/Source/list.o
LOAD Middlewares/Third_Party/FreeRTOS/Source/queue.o
LOAD Middlewares/Third_Party/FreeRTOS/Source/stream_buffer.o
LOAD Middlewares/Third_Party/FreeRTOS/Source/tasks.o
LOAD Middlewares/Third_Party/FreeRTOS/Source/timers.o
LOAD Middlewares/Third_Party/FreeRTOS/Source/portable/GCC/ARM_CM4F/port.o
LOAD Middlewares/Third_Party/FreeRTOS/Source/portable/MemMang/heap_4.o
LOAD STM32_WPAN/App/app_ble.o
LOAD STM32_WPAN/App/dis_app.o
LOAD STM32_WPAN/App/hrs_app.o
LOAD STM32_WPAN/Target/hw_ipcc.o
LOAD USB_Device/App/usb_device.o
LOAD USB_Device/App/usbd_cdc_if.o
LOAD USB_Device/App/usbd_desc.o
LOAD USB_Device/Target/usbd_conf.o
LOAD Utilities/lpm/tiny_lpm/stm32_lpm.o
START GROUP
LOAD /opt/st/stm32cubeide_1.3.0/plugins/com.st.stm32cube.ide.mcu.externaltools.gnu-tools-for-stm32.7-2018-q2-update.linux64_1.0.0.201904181610/tools/bin/../lib/gcc/arm-none-eabi/7.3.1/../../../../arm-none-eabi/lib/thumb/v7e-m/fpv4-sp/hard/libc_nano.a
LOAD /opt/st/stm32cubeide_1.3.0/plugins/com.st.stm32cube.ide.mcu.externaltools.gnu-tools-for-stm32.7-2018-q2-update.linux64_1.0.0.201904181610/tools/bin/../lib/gcc/arm-none-eabi/7.3.1/../../../../arm-none-eabi/lib/thumb/v7e-m/fpv4-sp/hard/libm.a
END GROUP
START GROUP
LOAD /opt/st/stm32cubeide_1.3.0/plugins/com.st.stm32cube.ide.mcu.externaltools.gnu-tools-for-stm32.7-2018-q2-update.linux64_1.0.0.201904181610/tools/bin/../lib/gcc/arm-none-eabi/7.3.1/thumb/v7e-m/fpv4-sp/hard/libgcc.a
LOAD /opt/st/stm32cubeide_1.3.0/plugins/com.st.stm32cube.ide.mcu.externaltools.gnu-tools-for-stm32.7-2018-q2-update.linux64_1.0.0.201904181610/tools/bin/../lib/gcc/arm-none-eabi/7.3.1/../../../../arm-none-eabi/lib/thumb/v7e-m/fpv4-sp/hard/libc_nano.a
END GROUP
START GROUP
LOAD /opt/st/stm32cubeide_1.3.0/plugins/com.st.stm32cube.ide.mcu.externaltools.gnu-tools-for-stm32.7-2018-q2-update.linux64_1.0.0.201904181610/tools/bin/../lib/gcc/arm-none-eabi/7.3.1/thumb/v7e-m/fpv4-sp/hard/libgcc.a
LOAD /opt/st/stm32cubeide_1.3.0/plugins/com.st.stm32cube.ide.mcu.externaltools.gnu-tools-for-stm32.7-2018-q2-update.linux64_1.0.0.201904181610/tools/bin/../lib/gcc/arm-none-eabi/7.3.1/../../../../arm-none-eabi/lib/thumb/v7e-m/fpv4-sp/hard/libc_nano.a
LOAD /opt/st/stm32cubeide_1.3.0/plugins/com.st.stm32cube.ide.mcu.externaltools.gnu-tools-for-stm32.7-2018-q2-update.linux64_1.0.0.201904181610/tools/bin/../lib/gcc/arm-none-eabi/7.3.1/../../../../arm-none-eabi/lib/thumb/v7e-m/fpv4-sp/hard/libnosys.a
END GROUP
START GROUP
LOAD /opt/st/stm32cubeide_1.3.0/plugins/com.st.stm32cube.ide.mcu.externaltools.gnu-tools-for-stm32.7-2018-q2-update.linux64_1.0.0.201904181610/tools/bin/../lib/gcc/arm-none-eabi/7.3.1/thumb/v7e-m/fpv4-sp/hard/libgcc.a
LOAD /opt/st/stm32cubeide_1.3.0/plugins/com.st.stm32cube.ide.mcu.externaltools.gnu-tools-for-stm32.7-2018-q2-update.linux64_1.0.0.201904181610/tools/bin/../lib/gcc/arm-none-eabi/7.3.1/../../../../arm-none-eabi/lib/thumb/v7e-m/fpv4-sp/hard/libc_nano.a
LOAD /opt/st/stm32cubeide_1.3.0/plugins/com.st.stm32cube.ide.mcu.externaltools.gnu-tools-for-stm32.7-2018-q2-update.linux64_1.0.0.201904181610/tools/bin/../lib/gcc/arm-none-eabi/7.3.1/../../../../arm-none-eabi/lib/thumb/v7e-m/fpv4-sp/hard/libnosys.a
END GROUP
LOAD /opt/st/stm32cubeide_1.3.0/plugins/com.st.stm32cube.ide.mcu.externaltools.gnu-tools-for-stm32.7-2018-q2-update.linux64_1.0.0.201904181610/tools/bin/../lib/gcc/arm-none-eabi/7.3.1/thumb/v7e-m/fpv4-sp/hard/crtend.o
LOAD /opt/st/stm32cubeide_1.3.0/plugins/com.st.stm32cube.ide.mcu.externaltools.gnu-tools-for-stm32.7-2018-q2-update.linux64_1.0.0.201904181610/tools/bin/../lib/gcc/arm-none-eabi/7.3.1/thumb/v7e-m/fpv4-sp/hard/crtn.o
                0x0000000020030000                _estack = 0x20030000
                0x0000000000001000                _Min_Heap_Size = 0x1000
                0x0000000000001000                _Min_Stack_Size = 0x1000

.isr_vector     0x0000000008000000      0x13c
                0x0000000008000000                . = ALIGN (0x4)
 *(.isr_vector)
 .isr_vector    0x0000000008000000      0x13c Core/Startup/startup_stm32wb55rgvx.o
                0x0000000008000000                g_pfnVectors
                0x000000000800013c                . = ALIGN (0x4)

.text           0x0000000008000140    0x10528
                0x0000000008000140                . = ALIGN (0x4)
 *(.text)
 .text          0x0000000008000140       0x40 /opt/st/stm32cubeide_1.3.0/plugins/com.st.stm32cube.ide.mcu.externaltools.gnu-tools-for-stm32.7-2018-q2-update.linux64_1.0.0.201904181610/tools/bin/../lib/gcc/arm-none-eabi/7.3.1/thumb/v7e-m/fpv4-sp/hard/crtbegin.o
 .text          0x0000000008000180     0x42bc Forth/cube/mecrisp.o
                0x00000000080037e4                rtos_osThreadGetId
                0x000000000800380a                rtos_osThreadGetState
                0x0000000008003830                rtos_osThreadSetPriority
                0x000000000800385a                rtos_osThreadGetPriority
                0x000000000800387a                rtos_osThreadYield
                0x000000000800389e                rtos_osThreadSuspend
                0x00000000080038c0                rtos_osThreadResume
                0x00000000080038e0                rtos_osThreadExit
                0x0000000008003900                rtos_osThreadTerminate
                0x0000000008003928                rtos_osThreadGetStackSpace
                0x000000000800394c                rtos_osThreadGetCount
                0x0000000008003972                rtos_osThreadEnumerate
                0x000000000800399e                rtos_xPortGetFreeHeapSize
                0x0000000008004296                Forth
 .text          0x000000000800443c       0x30 /opt/st/stm32cubeide_1.3.0/plugins/com.st.stm32cube.ide.mcu.externaltools.gnu-tools-for-stm32.7-2018-q2-update.linux64_1.0.0.201904181610/tools/bin/../lib/gcc/arm-none-eabi/7.3.1/thumb/v7e-m/fpv4-sp/hard/libgcc.a(_aeabi_uldivmod.o)
                0x000000000800443c                __aeabi_uldivmod
 .text          0x000000000800446c      0x2cc /opt/st/stm32cubeide_1.3.0/plugins/com.st.stm32cube.ide.mcu.externaltools.gnu-tools-for-stm32.7-2018-q2-update.linux64_1.0.0.201904181610/tools/bin/../lib/gcc/arm-none-eabi/7.3.1/thumb/v7e-m/fpv4-sp/hard/libgcc.a(_udivmoddi4.o)
                0x000000000800446c                __udivmoddi4
 .text          0x0000000008004738        0x4 /opt/st/stm32cubeide_1.3.0/plugins/com.st.stm32cube.ide.mcu.externaltools.gnu-tools-for-stm32.7-2018-q2-update.linux64_1.0.0.201904181610/tools/bin/../lib/gcc/arm-none-eabi/7.3.1/thumb/v7e-m/fpv4-sp/hard/libgcc.a(_dvmd_tls.o)
                0x0000000008004738                __aeabi_ldiv0
                0x0000000008004738                __aeabi_idiv0
 *(.text*)
 .text.APPD_EnableCPU2
                0x000000000800473c       0x38 Core/Src/app_debug.o
                0x000000000800473c                APPD_EnableCPU2
 .text.APPE_SysUserEvtRx
                0x0000000008004774       0x16 Core/Src/app_entry.o
 .text.ShciUserEvtProcess
                0x000000000800478a       0x14 Core/Src/app_entry.o
 *fill*         0x000000000800479e        0x2 
 .text.APPE_SysStatusNot
                0x00000000080047a0       0x20 Core/Src/app_entry.o
 .text.APPE_Init
                0x00000000080047c0       0xa0 Core/Src/app_entry.o
                0x00000000080047c0                APPE_Init
 .text.shci_notify_asynch_evt
                0x0000000008004860       0x10 Core/Src/app_entry.o
                0x0000000008004860                shci_notify_asynch_evt
 .text.shci_cmd_resp_release
                0x0000000008004870        0xc Core/Src/app_entry.o
                0x0000000008004870                shci_cmd_resp_release
 .text.shci_cmd_resp_wait
                0x000000000800487c       0x10 Core/Src/app_entry.o
                0x000000000800487c                shci_cmd_resp_wait
 .text.LpTimerCb
                0x000000000800488c        0x2 Core/Src/freertos_port.o
 *fill*         0x000000000800488e        0x2 
 .text.vPortSetupTimerInterrupt
                0x0000000008004890       0x48 Core/Src/freertos_port.o
                0x0000000008004890                vPortSetupTimerInterrupt
 .text.ReadRtcSsrValue
                0x00000000080048d8       0x1c Core/Src/hw_timerserver.o
 .text.UnlinkTimer
                0x00000000080048f4       0x64 Core/Src/hw_timerserver.o
 .text.ReturnTimeElapsed
                0x0000000008004958       0x50 Core/Src/hw_timerserver.o
 .text.RescheduleTimerList
                0x00000000080049a8      0x118 Core/Src/hw_timerserver.o
 .text.HW_TS_Init
                0x0000000008004ac0      0x128 Core/Src/hw_timerserver.o
                0x0000000008004ac0                HW_TS_Init
 .text.HW_TS_Create
                0x0000000008004be8       0x54 Core/Src/hw_timerserver.o
                0x0000000008004be8                HW_TS_Create
 .text.HW_TS_Stop
                0x0000000008004c3c       0xac Core/Src/hw_timerserver.o
                0x0000000008004c3c                HW_TS_Stop
 .text.HW_TS_Start
                0x0000000008004ce8      0x13c Core/Src/hw_timerserver.o
                0x0000000008004ce8                HW_TS_Start
 .text.HW_TS_RTC_Int_AppNot
                0x0000000008004e24        0x2 Core/Src/hw_timerserver.o
                0x0000000008004e24                HW_TS_RTC_Int_AppNot
 *fill*         0x0000000008004e26        0x2 
 .text.HW_TS_RTC_Wakeup_Handler
                0x0000000008004e28       0xc0 Core/Src/hw_timerserver.o
                0x0000000008004e28                HW_TS_RTC_Wakeup_Handler
 .text.LL_AHB2_GRP1_EnableClock
                0x0000000008004ee8       0x18 Core/Src/main.o
 .text.HAL_TIM_PeriodElapsedCallback
                0x0000000008004f00       0x14 Core/Src/main.o
                0x0000000008004f00                HAL_TIM_PeriodElapsedCallback
 .text.Error_Handler
                0x0000000008004f14        0x6 Core/Src/main.o
                0x0000000008004f14                Error_Handler
 *fill*         0x0000000008004f1a        0x2 
 .text.SystemClock_Config
                0x0000000008004f1c      0x11c Core/Src/main.o
                0x0000000008004f1c                SystemClock_Config
 .text.startup.main
                0x0000000008005038      0x264 Core/Src/main.o
                0x0000000008005038                main
 .text.vApplicationStackOverflowHook
                0x000000000800529c        0x8 Core/Src/main.o
                0x000000000800529c                vApplicationStackOverflowHook
 .text.vApplicationMallocFailedHook
                0x00000000080052a4        0x4 Core/Src/main.o
                0x00000000080052a4                vApplicationMallocFailedHook
 .text.MainThread
                0x00000000080052a8       0x1c Core/Src/main.o
                0x00000000080052a8                MainThread
 .text.LL_AHB2_GRP1_EnableClock
                0x00000000080052c4       0x18 Core/Src/stm32wbxx_hal_msp.o
 .text.LL_AHB3_GRP1_EnableClock
                0x00000000080052dc       0x18 Core/Src/stm32wbxx_hal_msp.o
 .text.HAL_MspInit
                0x00000000080052f4       0x4a Core/Src/stm32wbxx_hal_msp.o
                0x00000000080052f4                HAL_MspInit
 *fill*         0x000000000800533e        0x2 
 .text.HAL_ADC_MspInit
                0x0000000008005340       0x6c Core/Src/stm32wbxx_hal_msp.o
                0x0000000008005340                HAL_ADC_MspInit
 .text.HAL_CRC_MspInit
                0x00000000080053ac       0x28 Core/Src/stm32wbxx_hal_msp.o
                0x00000000080053ac                HAL_CRC_MspInit
 .text.HAL_PKA_MspInit
                0x00000000080053d4       0x18 Core/Src/stm32wbxx_hal_msp.o
                0x00000000080053d4                HAL_PKA_MspInit
 .text.HAL_RNG_MspInit
                0x00000000080053ec       0x18 Core/Src/stm32wbxx_hal_msp.o
                0x00000000080053ec                HAL_RNG_MspInit
 .text.HAL_RTC_MspInit
                0x0000000008005404       0x34 Core/Src/stm32wbxx_hal_msp.o
                0x0000000008005404                HAL_RTC_MspInit
 .text.HAL_UART_MspInit
                0x0000000008005438       0x6c Core/Src/stm32wbxx_hal_msp.o
                0x0000000008005438                HAL_UART_MspInit
 .text.HAL_InitTick
                0x00000000080054a4       0x74 Core/Src/stm32wbxx_hal_timebase_tim.o
                0x00000000080054a4                HAL_InitTick
 .text.NMI_Handler
                0x0000000008005518        0x2 Core/Src/stm32wbxx_it.o
                0x0000000008005518                NMI_Handler
 .text.HardFault_Handler
                0x000000000800551a        0x2 Core/Src/stm32wbxx_it.o
                0x000000000800551a                HardFault_Handler
 .text.MemManage_Handler
                0x000000000800551c        0x2 Core/Src/stm32wbxx_it.o
                0x000000000800551c                MemManage_Handler
 .text.BusFault_Handler
                0x000000000800551e        0x2 Core/Src/stm32wbxx_it.o
                0x000000000800551e                BusFault_Handler
 .text.UsageFault_Handler
                0x0000000008005520        0x2 Core/Src/stm32wbxx_it.o
                0x0000000008005520                UsageFault_Handler
 .text.DebugMon_Handler
                0x0000000008005522        0x2 Core/Src/stm32wbxx_it.o
                0x0000000008005522                DebugMon_Handler
 .text.FLASH_IRQHandler
                0x0000000008005524        0x4 Core/Src/stm32wbxx_it.o
                0x0000000008005524                FLASH_IRQHandler
 .text.ADC1_IRQHandler
                0x0000000008005528        0xc Core/Src/stm32wbxx_it.o
                0x0000000008005528                ADC1_IRQHandler
 .text.USB_LP_IRQHandler
                0x0000000008005534        0xc Core/Src/stm32wbxx_it.o
                0x0000000008005534                USB_LP_IRQHandler
 .text.TIM1_TRG_COM_TIM17_IRQHandler
                0x0000000008005540        0xc Core/Src/stm32wbxx_it.o
                0x0000000008005540                TIM1_TRG_COM_TIM17_IRQHandler
 .text.USART1_IRQHandler
                0x000000000800554c        0xc Core/Src/stm32wbxx_it.o
                0x000000000800554c                USART1_IRQHandler
 .text.RTC_WKUP_IRQHandler
                0x0000000008005558        0x4 Core/Src/stm32wbxx_it.o
                0x0000000008005558                RTC_WKUP_IRQHandler
 .text.IPCC_C1_TX_IRQHandler
                0x000000000800555c        0x4 Core/Src/stm32wbxx_it.o
                0x000000000800555c                IPCC_C1_TX_IRQHandler
 .text.IPCC_C1_RX_IRQHandler
                0x0000000008005560        0x4 Core/Src/stm32wbxx_it.o
                0x0000000008005560                IPCC_C1_RX_IRQHandler
 .text.SystemInit
                0x0000000008005564       0x68 Core/Src/system_stm32wbxx.o
                0x0000000008005564                SystemInit
 .text.SystemCoreClockUpdate
                0x00000000080055cc       0xa0 Core/Src/system_stm32wbxx.o
                0x00000000080055cc                SystemCoreClockUpdate
 .text.data_initializers
                0x000000000800566c       0x18 Core/Startup/startup_stm32wb55rgvx.o
 .text.Reset_Handler
                0x0000000008005684       0x54 Core/Startup/startup_stm32wb55rgvx.o
                0x0000000008005684                Reset_Handler
 .text.Default_Handler
                0x00000000080056d8        0x2 Core/Startup/startup_stm32wb55rgvx.o
                0x00000000080056d8                RTC_Alarm_IRQHandler
                0x00000000080056d8                EXTI2_IRQHandler
                0x00000000080056d8                TIM1_CC_IRQHandler
                0x00000000080056d8                TSC_IRQHandler
                0x00000000080056d8                USB_HP_IRQHandler
                0x00000000080056d8                EXTI3_IRQHandler
                0x00000000080056d8                LPTIM2_IRQHandler
                0x00000000080056d8                I2C3_ER_IRQHandler
                0x00000000080056d8                EXTI0_IRQHandler
                0x00000000080056d8                FPU_IRQHandler
                0x00000000080056d8                TIM1_UP_TIM16_IRQHandler
                0x00000000080056d8                AES1_IRQHandler
                0x00000000080056d8                SPI1_IRQHandler
                0x00000000080056d8                PWR_SOTF_BLEACT_802ACT_RFPHASE_IRQHandler
                0x00000000080056d8                DMA2_Channel2_IRQHandler
                0x00000000080056d8                DMA1_Channel4_IRQHandler
                0x00000000080056d8                PKA_IRQHandler
                0x00000000080056d8                DMA1_Channel7_IRQHandler
                0x00000000080056d8                LCD_IRQHandler
                0x00000000080056d8                DMA2_Channel1_IRQHandler
                0x00000000080056d8                QUADSPI_IRQHandler
                0x00000000080056d8                I2C1_EV_IRQHandler
                0x00000000080056d8                DMAMUX1_OVR_IRQHandler
                0x00000000080056d8                DMA1_Channel6_IRQHandler
                0x00000000080056d8                DMA2_Channel4_IRQHandler
                0x00000000080056d8                RCC_IRQHandler
                0x00000000080056d8                DMA1_Channel1_IRQHandler
                0x00000000080056d8                Default_Handler
                0x00000000080056d8                DMA2_Channel7_IRQHandler
                0x00000000080056d8                EXTI15_10_IRQHandler
                0x00000000080056d8                C2SEV_PWR_C2H_IRQHandler
                0x00000000080056d8                AES2_IRQHandler
                0x00000000080056d8                I2C3_EV_IRQHandler
                0x00000000080056d8                EXTI9_5_IRQHandler
                0x00000000080056d8                PVD_PVM_IRQHandler
                0x00000000080056d8                SPI2_IRQHandler
                0x00000000080056d8                DMA2_Channel5_IRQHandler
                0x00000000080056d8                CRS_IRQHandler
                0x00000000080056d8                DMA1_Channel5_IRQHandler
                0x00000000080056d8                EXTI4_IRQHandler
                0x00000000080056d8                RNG_IRQHandler
                0x00000000080056d8                TAMP_STAMP_LSECSS_IRQHandler
                0x00000000080056d8                DMA1_Channel3_IRQHandler
                0x00000000080056d8                COMP_IRQHandler
                0x00000000080056d8                HSEM_IRQHandler
                0x00000000080056d8                WWDG_IRQHandler
                0x00000000080056d8                LPUART1_IRQHandler
                0x00000000080056d8                DMA2_Channel6_IRQHandler
                0x00000000080056d8                TIM2_IRQHandler
                0x00000000080056d8                TIM1_BRK_IRQHandler
                0x00000000080056d8                EXTI1_IRQHandler
                0x00000000080056d8                DMA1_Channel2_IRQHandler
                0x00000000080056d8                I2C1_ER_IRQHandler
                0x00000000080056d8                LPTIM1_IRQHandler
                0x00000000080056d8                SAI1_IRQHandler
                0x00000000080056d8                DMA2_Channel3_IRQHandler
 *fill*         0x00000000080056da        0x2 
 .text.HAL_Init
                0x00000000080056dc       0x2c Drivers/STM32WBxx_HAL_Driver/Src/stm32wbxx_hal.o
                0x00000000080056dc                HAL_Init
 .text.HAL_IncTick
                0x0000000008005708       0x18 Drivers/STM32WBxx_HAL_Driver/Src/stm32wbxx_hal.o
                0x0000000008005708                HAL_IncTick
 .text.HAL_GetTick
                0x0000000008005720        0xc Drivers/STM32WBxx_HAL_Driver/Src/stm32wbxx_hal.o
                0x0000000008005720                HAL_GetTick
 .text.HAL_GetTickPrio
                0x000000000800572c        0xc Drivers/STM32WBxx_HAL_Driver/Src/stm32wbxx_hal.o
                0x000000000800572c                HAL_GetTickPrio
 .text.LL_ADC_SetChannelSamplingTime
                0x0000000008005738       0x22 Drivers/STM32WBxx_HAL_Driver/Src/stm32wbxx_hal_adc.o
 .text.LL_ADC_IsEnabled
                0x000000000800575a        0x8 Drivers/STM32WBxx_HAL_Driver/Src/stm32wbxx_hal_adc.o
 .text.LL_ADC_REG_IsConversionOngoing
                0x0000000008005762        0x8 Drivers/STM32WBxx_HAL_Driver/Src/stm32wbxx_hal_adc.o
 *fill*         0x000000000800576a        0x2 
 .text.HAL_ADC_Init
                0x000000000800576c      0x1a0 Drivers/STM32WBxx_HAL_Driver/Src/stm32wbxx_hal_adc.o
                0x000000000800576c                HAL_ADC_Init
 .text.HAL_ADC_GetValue
                0x000000000800590c        0x6 Drivers/STM32WBxx_HAL_Driver/Src/stm32wbxx_hal_adc.o
                0x000000000800590c                HAL_ADC_GetValue
 .text.HAL_ADC_LevelOutOfWindowCallback
                0x0000000008005912        0x2 Drivers/STM32WBxx_HAL_Driver/Src/stm32wbxx_hal_adc.o
                0x0000000008005912                HAL_ADC_LevelOutOfWindowCallback
 .text.HAL_ADC_IRQHandler
                0x0000000008005914      0x1e6 Drivers/STM32WBxx_HAL_Driver/Src/stm32wbxx_hal_adc.o
                0x0000000008005914                HAL_ADC_IRQHandler
 *fill*         0x0000000008005afa        0x2 
 .text.HAL_ADC_ConfigChannel
                0x0000000008005afc      0x38c Drivers/STM32WBxx_HAL_Driver/Src/stm32wbxx_hal_adc.o
                0x0000000008005afc                HAL_ADC_ConfigChannel
 .text.ADC_ConversionStop
                0x0000000008005e88       0xcc Drivers/STM32WBxx_HAL_Driver/Src/stm32wbxx_hal_adc.o
                0x0000000008005e88                ADC_ConversionStop
 .text.ADC_Enable
                0x0000000008005f54       0x70 Drivers/STM32WBxx_HAL_Driver/Src/stm32wbxx_hal_adc.o
                0x0000000008005f54                ADC_Enable
 .text.HAL_ADC_Start_IT
                0x0000000008005fc4       0x96 Drivers/STM32WBxx_HAL_Driver/Src/stm32wbxx_hal_adc.o
                0x0000000008005fc4                HAL_ADC_Start_IT
 .text.ADC_Disable
                0x000000000800605a       0x66 Drivers/STM32WBxx_HAL_Driver/Src/stm32wbxx_hal_adc.o
                0x000000000800605a                ADC_Disable
 .text.HAL_ADC_Stop_IT
                0x00000000080060c0       0x48 Drivers/STM32WBxx_HAL_Driver/Src/stm32wbxx_hal_adc.o
                0x00000000080060c0                HAL_ADC_Stop_IT
 .text.HAL_ADCEx_InjectedConvCpltCallback
                0x0000000008006108        0x2 Drivers/STM32WBxx_HAL_Driver/Src/stm32wbxx_hal_adc_ex.o
                0x0000000008006108                HAL_ADCEx_InjectedConvCpltCallback
 .text.HAL_ADCEx_InjectedQueueOverflowCallback
                0x000000000800610a        0x2 Drivers/STM32WBxx_HAL_Driver/Src/stm32wbxx_hal_adc_ex.o
                0x000000000800610a                HAL_ADCEx_InjectedQueueOverflowCallback
 .text.HAL_ADCEx_LevelOutOfWindow2Callback
                0x000000000800610c        0x2 Drivers/STM32WBxx_HAL_Driver/Src/stm32wbxx_hal_adc_ex.o
                0x000000000800610c                HAL_ADCEx_LevelOutOfWindow2Callback
 .text.HAL_ADCEx_LevelOutOfWindow3Callback
                0x000000000800610e        0x2 Drivers/STM32WBxx_HAL_Driver/Src/stm32wbxx_hal_adc_ex.o
                0x000000000800610e                HAL_ADCEx_LevelOutOfWindow3Callback
 .text.HAL_ADCEx_EndOfSamplingCallback
                0x0000000008006110        0x2 Drivers/STM32WBxx_HAL_Driver/Src/stm32wbxx_hal_adc_ex.o
                0x0000000008006110                HAL_ADCEx_EndOfSamplingCallback
 *fill*         0x0000000008006112        0x2 
 .text.HAL_NVIC_SetPriorityGrouping
                0x0000000008006114       0x24 Drivers/STM32WBxx_HAL_Driver/Src/stm32wbxx_hal_cortex.o
                0x0000000008006114                HAL_NVIC_SetPriorityGrouping
 .text.HAL_NVIC_SetPriority
                0x0000000008006138       0x68 Drivers/STM32WBxx_HAL_Driver/Src/stm32wbxx_hal_cortex.o
                0x0000000008006138                HAL_NVIC_SetPriority
 .text.HAL_NVIC_EnableIRQ
                0x00000000080061a0       0x1c Drivers/STM32WBxx_HAL_Driver/Src/stm32wbxx_hal_cortex.o
                0x00000000080061a0                HAL_NVIC_EnableIRQ
 .text.HAL_NVIC_DisableIRQ
                0x00000000080061bc       0x28 Drivers/STM32WBxx_HAL_Driver/Src/stm32wbxx_hal_cortex.o
                0x00000000080061bc                HAL_NVIC_DisableIRQ
 .text.HAL_NVIC_SetPendingIRQ
                0x00000000080061e4       0x20 Drivers/STM32WBxx_HAL_Driver/Src/stm32wbxx_hal_cortex.o
                0x00000000080061e4                HAL_NVIC_SetPendingIRQ
 .text.HAL_NVIC_ClearPendingIRQ
                0x0000000008006204       0x20 Drivers/STM32WBxx_HAL_Driver/Src/stm32wbxx_hal_cortex.o
                0x0000000008006204                HAL_NVIC_ClearPendingIRQ
 .text.HAL_CRC_Init
                0x0000000008006224       0x74 Drivers/STM32WBxx_HAL_Driver/Src/stm32wbxx_hal_crc.o
                0x0000000008006224                HAL_CRC_Init
 .text.HAL_CRCEx_Polynomial_Set
                0x0000000008006298       0x44 Drivers/STM32WBxx_HAL_Driver/Src/stm32wbxx_hal_crc_ex.o
                0x0000000008006298                HAL_CRCEx_Polynomial_Set
 .text.HAL_DMA_Abort_IT
                0x00000000080062dc       0x6e Drivers/STM32WBxx_HAL_Driver/Src/stm32wbxx_hal_dma.o
                0x00000000080062dc                HAL_DMA_Abort_IT
 *fill*         0x000000000800634a        0x2 
 .text.HAL_FLASH_IRQHandler
                0x000000000800634c       0x98 Drivers/STM32WBxx_HAL_Driver/Src/stm32wbxx_hal_flash.o
                0x000000000800634c                HAL_FLASH_IRQHandler
 .text.HAL_FLASH_Unlock
                0x00000000080063e4       0x24 Drivers/STM32WBxx_HAL_Driver/Src/stm32wbxx_hal_flash.o
                0x00000000080063e4                HAL_FLASH_Unlock
 .text.HAL_FLASH_Lock
                0x0000000008006408       0x18 Drivers/STM32WBxx_HAL_Driver/Src/stm32wbxx_hal_flash.o
                0x0000000008006408                HAL_FLASH_Lock
 .text.FLASH_WaitForLastOperation
                0x0000000008006420       0x5c Drivers/STM32WBxx_HAL_Driver/Src/stm32wbxx_hal_flash.o
                0x0000000008006420                FLASH_WaitForLastOperation
 .text.HAL_FLASH_Program_IT
                0x000000000800647c       0x74 Drivers/STM32WBxx_HAL_Driver/Src/stm32wbxx_hal_flash.o
                0x000000000800647c                HAL_FLASH_Program_IT
 .text.HAL_FLASHEx_IsOperationSuspended
                0x00000000080064f0       0x10 Drivers/STM32WBxx_HAL_Driver/Src/stm32wbxx_hal_flash_ex.o
                0x00000000080064f0                HAL_FLASHEx_IsOperationSuspended
 .text.FLASH_PageErase
                0x0000000008006500       0x1c Drivers/STM32WBxx_HAL_Driver/Src/stm32wbxx_hal_flash_ex.o
                0x0000000008006500                FLASH_PageErase
 .text.HAL_FLASHEx_Erase_IT
                0x000000000800651c       0x54 Drivers/STM32WBxx_HAL_Driver/Src/stm32wbxx_hal_flash_ex.o
                0x000000000800651c                HAL_FLASHEx_Erase_IT
 .text.HAL_GPIO_Init
                0x0000000008006570      0x16c Drivers/STM32WBxx_HAL_Driver/Src/stm32wbxx_hal_gpio.o
                0x0000000008006570                HAL_GPIO_Init
 .text.HAL_GPIO_ReadPin
                0x00000000080066dc        0xc Drivers/STM32WBxx_HAL_Driver/Src/stm32wbxx_hal_gpio.o
                0x00000000080066dc                HAL_GPIO_ReadPin
 .text.HAL_GPIO_WritePin
                0x00000000080066e8        0xa Drivers/STM32WBxx_HAL_Driver/Src/stm32wbxx_hal_gpio.o
                0x00000000080066e8                HAL_GPIO_WritePin
 .text.HAL_PCD_Init
                0x00000000080066f2       0xc0 Drivers/STM32WBxx_HAL_Driver/Src/stm32wbxx_hal_pcd.o
                0x00000000080066f2                HAL_PCD_Init
 .text.HAL_PCD_Start
                0x00000000080067b2       0x2a Drivers/STM32WBxx_HAL_Driver/Src/stm32wbxx_hal_pcd.o
                0x00000000080067b2                HAL_PCD_Start
 .text.HAL_PCD_SetAddress
                0x00000000080067dc       0x28 Drivers/STM32WBxx_HAL_Driver/Src/stm32wbxx_hal_pcd.o
                0x00000000080067dc                HAL_PCD_SetAddress
 .text.HAL_PCD_EP_Open
                0x0000000008006804       0x66 Drivers/STM32WBxx_HAL_Driver/Src/stm32wbxx_hal_pcd.o
                0x0000000008006804                HAL_PCD_EP_Open
 .text.HAL_PCD_EP_Close
                0x000000000800686a       0x52 Drivers/STM32WBxx_HAL_Driver/Src/stm32wbxx_hal_pcd.o
                0x000000000800686a                HAL_PCD_EP_Close
 .text.HAL_PCD_EP_Receive
                0x00000000080068bc       0x32 Drivers/STM32WBxx_HAL_Driver/Src/stm32wbxx_hal_pcd.o
                0x00000000080068bc                HAL_PCD_EP_Receive
 .text.HAL_PCD_EP_GetRxCount
                0x00000000080068ee        0xe Drivers/STM32WBxx_HAL_Driver/Src/stm32wbxx_hal_pcd.o
                0x00000000080068ee                HAL_PCD_EP_GetRxCount
 .text.HAL_PCD_EP_Transmit
                0x00000000080068fc       0x2e Drivers/STM32WBxx_HAL_Driver/Src/stm32wbxx_hal_pcd.o
                0x00000000080068fc                HAL_PCD_EP_Transmit
 *fill*         0x000000000800692a        0x2 
 .text.HAL_PCD_IRQHandler
                0x000000000800692c      0x484 Drivers/STM32WBxx_HAL_Driver/Src/stm32wbxx_hal_pcd.o
                0x000000000800692c                HAL_PCD_IRQHandler
 .text.HAL_PCD_EP_SetStall
                0x0000000008006db0       0x72 Drivers/STM32WBxx_HAL_Driver/Src/stm32wbxx_hal_pcd.o
                0x0000000008006db0                HAL_PCD_EP_SetStall
 .text.HAL_PCD_EP_ClrStall
                0x0000000008006e22       0x64 Drivers/STM32WBxx_HAL_Driver/Src/stm32wbxx_hal_pcd.o
                0x0000000008006e22                HAL_PCD_EP_ClrStall
 .text.HAL_PCDEx_PMAConfig
                0x0000000008006e86       0x32 Drivers/STM32WBxx_HAL_Driver/Src/stm32wbxx_hal_pcd_ex.o
                0x0000000008006e86                HAL_PCDEx_PMAConfig
 .text.HAL_PCDEx_ActivateLPM
                0x0000000008006eb8       0x28 Drivers/STM32WBxx_HAL_Driver/Src/stm32wbxx_hal_pcd_ex.o
                0x0000000008006eb8                HAL_PCDEx_ActivateLPM
 .text.HAL_PKA_Init
                0x0000000008006ee0       0x2c Drivers/STM32WBxx_HAL_Driver/Src/stm32wbxx_hal_pka.o
                0x0000000008006ee0                HAL_PKA_Init
 .text.HAL_PWR_EnableBkUpAccess
                0x0000000008006f0c       0x10 Drivers/STM32WBxx_HAL_Driver/Src/stm32wbxx_hal_pwr.o
                0x0000000008006f0c                HAL_PWR_EnableBkUpAccess
 .text.HAL_PWREx_GetVoltageRange
                0x0000000008006f1c       0x10 Drivers/STM32WBxx_HAL_Driver/Src/stm32wbxx_hal_pwr_ex.o
                0x0000000008006f1c                HAL_PWREx_GetVoltageRange
 .text.HAL_PWREx_EnableVddUSB
                0x0000000008006f2c       0x10 Drivers/STM32WBxx_HAL_Driver/Src/stm32wbxx_hal_pwr_ex.o
                0x0000000008006f2c                HAL_PWREx_EnableVddUSB
 .text.LL_RCC_HSE_IsReady
                0x0000000008006f3c        0xc Drivers/STM32WBxx_HAL_Driver/Src/stm32wbxx_hal_rcc.o
 .text.LL_RCC_HSI_IsReady
                0x0000000008006f48        0xc Drivers/STM32WBxx_HAL_Driver/Src/stm32wbxx_hal_rcc.o
 .text.LL_RCC_LSI1_IsReady
                0x0000000008006f54        0xe Drivers/STM32WBxx_HAL_Driver/Src/stm32wbxx_hal_rcc.o
 .text.LL_RCC_MSI_IsReady
                0x0000000008006f62        0xc Drivers/STM32WBxx_HAL_Driver/Src/stm32wbxx_hal_rcc.o
 .text.LL_RCC_MSI_SetRange
                0x0000000008006f6e       0x10 Drivers/STM32WBxx_HAL_Driver/Src/stm32wbxx_hal_rcc.o
 .text.LL_RCC_MSI_GetRange
                0x0000000008006f7e       0x12 Drivers/STM32WBxx_HAL_Driver/Src/stm32wbxx_hal_rcc.o
 .text.LL_RCC_MSI_SetCalibTrimming
                0x0000000008006f90       0x12 Drivers/STM32WBxx_HAL_Driver/Src/stm32wbxx_hal_rcc.o
 *fill*         0x0000000008006fa2        0x2 
 .text.RCC_SetFlashLatencyFromMSIRange
                0x0000000008006fa4       0xd0 Drivers/STM32WBxx_HAL_Driver/Src/stm32wbxx_hal_rcc.o
 .text.HAL_RCC_OscConfig
                0x0000000008007074      0x5b0 Drivers/STM32WBxx_HAL_Driver/Src/stm32wbxx_hal_rcc.o
                0x0000000008007074                HAL_RCC_OscConfig
 .text.HAL_RCC_ClockConfig
                0x0000000008007624      0x1e8 Drivers/STM32WBxx_HAL_Driver/Src/stm32wbxx_hal_rcc.o
                0x0000000008007624                HAL_RCC_ClockConfig
 .text.HAL_RCC_GetSysClockFreq
                0x000000000800780c       0x9c Drivers/STM32WBxx_HAL_Driver/Src/stm32wbxx_hal_rcc.o
                0x000000000800780c                HAL_RCC_GetSysClockFreq
 .text.HAL_RCC_GetHCLKFreq
                0x00000000080078a8       0x20 Drivers/STM32WBxx_HAL_Driver/Src/stm32wbxx_hal_rcc.o
                0x00000000080078a8                HAL_RCC_GetHCLKFreq
 .text.HAL_RCC_GetPCLK1Freq
                0x00000000080078c8       0x24 Drivers/STM32WBxx_HAL_Driver/Src/stm32wbxx_hal_rcc.o
                0x00000000080078c8                HAL_RCC_GetPCLK1Freq
 .text.HAL_RCC_GetPCLK2Freq
                0x00000000080078ec       0x24 Drivers/STM32WBxx_HAL_Driver/Src/stm32wbxx_hal_rcc.o
                0x00000000080078ec                HAL_RCC_GetPCLK2Freq
 .text.HAL_RCC_GetClockConfig
                0x0000000008007910       0x4c Drivers/STM32WBxx_HAL_Driver/Src/stm32wbxx_hal_rcc.o
                0x0000000008007910                HAL_RCC_GetClockConfig
 .text.LL_RCC_LSE_IsReady
                0x000000000800795c        0xe Drivers/STM32WBxx_HAL_Driver/Src/stm32wbxx_hal_rcc_ex.o
 .text.LL_RCC_SetI2CClockSource
                0x000000000800796a       0x20 Drivers/STM32WBxx_HAL_Driver/Src/stm32wbxx_hal_rcc_ex.o
 .text.LL_RCC_PLLSAI1_Enable
                0x000000000800798a        0xe Drivers/STM32WBxx_HAL_Driver/Src/stm32wbxx_hal_rcc_ex.o
 .text.LL_RCC_PLLSAI1_Disable
                0x0000000008007998        0xe Drivers/STM32WBxx_HAL_Driver/Src/stm32wbxx_hal_rcc_ex.o
 .text.LL_RCC_PLLSAI1_IsReady
                0x00000000080079a6        0xc Drivers/STM32WBxx_HAL_Driver/Src/stm32wbxx_hal_rcc_ex.o
 .text.HAL_RCCEx_PeriphCLKConfig
                0x00000000080079b2      0x386 Drivers/STM32WBxx_HAL_Driver/Src/stm32wbxx_hal_rcc_ex.o
                0x00000000080079b2                HAL_RCCEx_PeriphCLKConfig
 .text.HAL_RCCEx_EnableMSIPLLMode
                0x0000000008007d38        0xe Drivers/STM32WBxx_HAL_Driver/Src/stm32wbxx_hal_rcc_ex.o
                0x0000000008007d38                HAL_RCCEx_EnableMSIPLLMode
 .text.HAL_RNG_Init
                0x0000000008007d46       0x3c Drivers/STM32WBxx_HAL_Driver/Src/stm32wbxx_hal_rng.o
                0x0000000008007d46                HAL_RNG_Init
 .text.HAL_RTC_WaitForSynchro
                0x0000000008007d82       0x30 Drivers/STM32WBxx_HAL_Driver/Src/stm32wbxx_hal_rtc.o
                0x0000000008007d82                HAL_RTC_WaitForSynchro
 .text.RTC_EnterInitMode
                0x0000000008007db2       0x34 Drivers/STM32WBxx_HAL_Driver/Src/stm32wbxx_hal_rtc.o
                0x0000000008007db2                RTC_EnterInitMode
 .text.HAL_RTC_Init
                0x0000000008007de6       0xb8 Drivers/STM32WBxx_HAL_Driver/Src/stm32wbxx_hal_rtc.o
                0x0000000008007de6                HAL_RTC_Init
 .text.HAL_TIM_Base_MspInit
                0x0000000008007e9e        0x2 Drivers/STM32WBxx_HAL_Driver/Src/stm32wbxx_hal_tim.o
                0x0000000008007e9e                HAL_TIM_Base_MspInit
 .text.HAL_TIM_Base_Start_IT
                0x0000000008007ea0       0x2c Drivers/STM32WBxx_HAL_Driver/Src/stm32wbxx_hal_tim.o
                0x0000000008007ea0                HAL_TIM_Base_Start_IT
 .text.HAL_TIM_OC_DelayElapsedCallback
                0x0000000008007ecc        0x2 Drivers/STM32WBxx_HAL_Driver/Src/stm32wbxx_hal_tim.o
                0x0000000008007ecc                HAL_TIM_OC_DelayElapsedCallback
 .text.HAL_TIM_IC_CaptureCallback
                0x0000000008007ece        0x2 Drivers/STM32WBxx_HAL_Driver/Src/stm32wbxx_hal_tim.o
                0x0000000008007ece                HAL_TIM_IC_CaptureCallback
 .text.HAL_TIM_PWM_PulseFinishedCallback
                0x0000000008007ed0        0x2 Drivers/STM32WBxx_HAL_Driver/Src/stm32wbxx_hal_tim.o
                0x0000000008007ed0                HAL_TIM_PWM_PulseFinishedCallback
 .text.HAL_TIM_TriggerCallback
                0x0000000008007ed2        0x2 Drivers/STM32WBxx_HAL_Driver/Src/stm32wbxx_hal_tim.o
                0x0000000008007ed2                HAL_TIM_TriggerCallback
 .text.HAL_TIM_IRQHandler
                0x0000000008007ed4      0x160 Drivers/STM32WBxx_HAL_Driver/Src/stm32wbxx_hal_tim.o
                0x0000000008007ed4                HAL_TIM_IRQHandler
 .text.TIM_Base_SetConfig
                0x0000000008008034       0x74 Drivers/STM32WBxx_HAL_Driver/Src/stm32wbxx_hal_tim.o
                0x0000000008008034                TIM_Base_SetConfig
 .text.HAL_TIM_Base_Init
                0x00000000080080a8       0x34 Drivers/STM32WBxx_HAL_Driver/Src/stm32wbxx_hal_tim.o
                0x00000000080080a8                HAL_TIM_Base_Init
 .text.HAL_TIMEx_CommutCallback
                0x00000000080080dc        0x2 Drivers/STM32WBxx_HAL_Driver/Src/stm32wbxx_hal_tim_ex.o
                0x00000000080080dc                HAL_TIMEx_CommutCallback
 .text.HAL_TIMEx_BreakCallback
                0x00000000080080de        0x2 Drivers/STM32WBxx_HAL_Driver/Src/stm32wbxx_hal_tim_ex.o
                0x00000000080080de                HAL_TIMEx_BreakCallback
 .text.HAL_TIMEx_Break2Callback
                0x00000000080080e0        0x2 Drivers/STM32WBxx_HAL_Driver/Src/stm32wbxx_hal_tim_ex.o
                0x00000000080080e0                HAL_TIMEx_Break2Callback
 .text.UART_EndRxTransfer
                0x00000000080080e2       0x22 Drivers/STM32WBxx_HAL_Driver/Src/stm32wbxx_hal_uart.o
 .text.UART_TxISR_16BIT
                0x0000000008008104       0x40 Drivers/STM32WBxx_HAL_Driver/Src/stm32wbxx_hal_uart.o
 .text.UART_TxISR_16BIT_FIFOEN
                0x0000000008008144       0x52 Drivers/STM32WBxx_HAL_Driver/Src/stm32wbxx_hal_uart.o
 .text.UART_TxISR_8BIT
                0x0000000008008196       0x3c Drivers/STM32WBxx_HAL_Driver/Src/stm32wbxx_hal_uart.o
 .text.UART_TxISR_8BIT_FIFOEN
                0x00000000080081d2       0x4e Drivers/STM32WBxx_HAL_Driver/Src/stm32wbxx_hal_uart.o
 .text.HAL_UART_Transmit_IT
                0x0000000008008220       0xa4 Drivers/STM32WBxx_HAL_Driver/Src/stm32wbxx_hal_uart.o
                0x0000000008008220                HAL_UART_Transmit_IT
 .text.HAL_UART_Receive_IT
                0x00000000080082c4       0xf0 Drivers/STM32WBxx_HAL_Driver/Src/stm32wbxx_hal_uart.o
                0x00000000080082c4                HAL_UART_Receive_IT
 .text.UART_RxISR_8BIT
                0x00000000080083b4       0x5c Drivers/STM32WBxx_HAL_Driver/Src/stm32wbxx_hal_uart.o
 .text.UART_RxISR_16BIT
                0x0000000008008410       0x58 Drivers/STM32WBxx_HAL_Driver/Src/stm32wbxx_hal_uart.o
 .text.UART_RxISR_8BIT_FIFOEN
                0x0000000008008468       0xa4 Drivers/STM32WBxx_HAL_Driver/Src/stm32wbxx_hal_uart.o
 .text.UART_RxISR_16BIT_FIFOEN
                0x000000000800850c       0xa0 Drivers/STM32WBxx_HAL_Driver/Src/stm32wbxx_hal_uart.o
 .text.HAL_UART_IRQHandler
                0x00000000080085ac      0x19c Drivers/STM32WBxx_HAL_Driver/Src/stm32wbxx_hal_uart.o
                0x00000000080085ac                HAL_UART_IRQHandler
 .text.UART_DMAAbortOnError
                0x0000000008008748       0x14 Drivers/STM32WBxx_HAL_Driver/Src/stm32wbxx_hal_uart.o
 *fill*         0x000000000800875c        0x4 
 .text.UART_SetConfig
                0x0000000008008760      0x8b4 Drivers/STM32WBxx_HAL_Driver/Src/stm32wbxx_hal_uart.o
                0x0000000008008760                UART_SetConfig
 .text.UART_AdvFeatureConfig
                0x0000000008009014       0xa8 Drivers/STM32WBxx_HAL_Driver/Src/stm32wbxx_hal_uart.o
                0x0000000008009014                UART_AdvFeatureConfig
 .text.UART_WaitOnFlagUntilTimeout
                0x00000000080090bc       0x8e Drivers/STM32WBxx_HAL_Driver/Src/stm32wbxx_hal_uart.o
                0x00000000080090bc                UART_WaitOnFlagUntilTimeout
 .text.UART_CheckIdleState
                0x000000000800914a       0x66 Drivers/STM32WBxx_HAL_Driver/Src/stm32wbxx_hal_uart.o
                0x000000000800914a                UART_CheckIdleState
 .text.HAL_UART_Init
                0x00000000080091b0       0x60 Drivers/STM32WBxx_HAL_Driver/Src/stm32wbxx_hal_uart.o
                0x00000000080091b0                HAL_UART_Init
 .text.UARTEx_SetNbDataToProcess
                0x0000000008009210       0x6c Drivers/STM32WBxx_HAL_Driver/Src/stm32wbxx_hal_uart_ex.o
 .text.HAL_UARTEx_WakeupCallback
                0x000000000800927c        0x2 Drivers/STM32WBxx_HAL_Driver/Src/stm32wbxx_hal_uart_ex.o
                0x000000000800927c                HAL_UARTEx_WakeupCallback
 .text.HAL_UARTEx_TxFifoEmptyCallback
                0x000000000800927e        0x2 Drivers/STM32WBxx_HAL_Driver/Src/stm32wbxx_hal_uart_ex.o
                0x000000000800927e                HAL_UARTEx_TxFifoEmptyCallback
 .text.HAL_UARTEx_EnableFifoMode
                0x0000000008009280       0x46 Drivers/STM32WBxx_HAL_Driver/Src/stm32wbxx_hal_uart_ex.o
                0x0000000008009280                HAL_UARTEx_EnableFifoMode
 .text.HAL_UARTEx_SetTxFifoThreshold
                0x00000000080092c6       0x48 Drivers/STM32WBxx_HAL_Driver/Src/stm32wbxx_hal_uart_ex.o
                0x00000000080092c6                HAL_UARTEx_SetTxFifoThreshold
 .text.HAL_UARTEx_SetRxFifoThreshold
                0x000000000800930e       0x48 Drivers/STM32WBxx_HAL_Driver/Src/stm32wbxx_hal_uart_ex.o
                0x000000000800930e                HAL_UARTEx_SetRxFifoThreshold
 .text.USB_EnableGlobalInt
                0x0000000008009356       0x14 Drivers/STM32WBxx_HAL_Driver/Src/stm32wbxx_ll_usb.o
                0x0000000008009356                USB_EnableGlobalInt
 .text.USB_DisableGlobalInt
                0x000000000800936a       0x14 Drivers/STM32WBxx_HAL_Driver/Src/stm32wbxx_ll_usb.o
                0x000000000800936a                USB_DisableGlobalInt
 .text.USB_DevInit
                0x000000000800937e       0x38 Drivers/STM32WBxx_HAL_Driver/Src/stm32wbxx_ll_usb.o
                0x000000000800937e                USB_DevInit
 *fill*         0x00000000080093b6        0x2 
 .text.USB_ActivateEndpoint
                0x00000000080093b8      0x2ac Drivers/STM32WBxx_HAL_Driver/Src/stm32wbxx_ll_usb.o
                0x00000000080093b8                USB_ActivateEndpoint
 .text.USB_DeactivateEndpoint
                0x0000000008009664      0x18c Drivers/STM32WBxx_HAL_Driver/Src/stm32wbxx_ll_usb.o
                0x0000000008009664                USB_DeactivateEndpoint
 .text.USB_EPSetStall
                0x00000000080097f0       0x38 Drivers/STM32WBxx_HAL_Driver/Src/stm32wbxx_ll_usb.o
                0x00000000080097f0                USB_EPSetStall
 .text.USB_EPClearStall
                0x0000000008009828       0x86 Drivers/STM32WBxx_HAL_Driver/Src/stm32wbxx_ll_usb.o
                0x0000000008009828                USB_EPClearStall
 .text.USB_SetDevAddress
                0x00000000080098ae        0xc Drivers/STM32WBxx_HAL_Driver/Src/stm32wbxx_ll_usb.o
                0x00000000080098ae                USB_SetDevAddress
 .text.USB_DevConnect
                0x00000000080098ba       0x10 Drivers/STM32WBxx_HAL_Driver/Src/stm32wbxx_ll_usb.o
                0x00000000080098ba                USB_DevConnect
 .text.USB_ReadInterrupts
                0x00000000080098ca        0x6 Drivers/STM32WBxx_HAL_Driver/Src/stm32wbxx_ll_usb.o
                0x00000000080098ca                USB_ReadInterrupts
 .text.USB_EP0_OutStart
                0x00000000080098d0        0x4 Drivers/STM32WBxx_HAL_Driver/Src/stm32wbxx_ll_usb.o
                0x00000000080098d0                USB_EP0_OutStart
 .text.USB_WritePMA
                0x00000000080098d4       0x1e Drivers/STM32WBxx_HAL_Driver/Src/stm32wbxx_ll_usb.o
                0x00000000080098d4                USB_WritePMA
 *fill*         0x00000000080098f2        0x2 
 .text.USB_EPStartXfer
                0x00000000080098f4      0x19c Drivers/STM32WBxx_HAL_Driver/Src/stm32wbxx_ll_usb.o
                0x00000000080098f4                USB_EPStartXfer
 .text.USB_ReadPMA
                0x0000000008009a90       0x36 Drivers/STM32WBxx_HAL_Driver/Src/stm32wbxx_ll_usb.o
                0x0000000008009a90                USB_ReadPMA
 *fill*         0x0000000008009ac6        0x2 
 .text.BSP_init
                0x0000000008009ac8       0x80 Forth/Src/bsp.o
                0x0000000008009ac8                BSP_init
 .text.BSP_setLED1
                0x0000000008009b48       0x34 Forth/Src/bsp.o
                0x0000000008009b48                BSP_setLED1
 .text.BSP_getLED1
                0x0000000008009b7c       0x34 Forth/Src/bsp.o
                0x0000000008009b7c                BSP_getLED1
 .text.BSP_setLED2
                0x0000000008009bb0       0x34 Forth/Src/bsp.o
                0x0000000008009bb0                BSP_setLED2
 .text.BSP_getLED2
                0x0000000008009be4       0x34 Forth/Src/bsp.o
                0x0000000008009be4                BSP_getLED2
 .text.BSP_setLED3
                0x0000000008009c18       0x34 Forth/Src/bsp.o
                0x0000000008009c18                BSP_setLED3
 .text.BSP_getLED3
                0x0000000008009c4c       0x34 Forth/Src/bsp.o
                0x0000000008009c4c                BSP_getLED3
 .text.BSP_getSwitch1
                0x0000000008009c80       0x30 Forth/Src/bsp.o
                0x0000000008009c80                BSP_getSwitch1
 .text.BSP_blinkThread
                0x0000000008009cb0       0x28 Forth/Src/bsp.o
                0x0000000008009cb0                BSP_blinkThread
 .text.BSP_getSwitch2
                0x0000000008009cd8       0x30 Forth/Src/bsp.o
                0x0000000008009cd8                BSP_getSwitch2
 .text.BSP_getSwitch3
                0x0000000008009d08       0x30 Forth/Src/bsp.o
                0x0000000008009d08                BSP_getSwitch3
 .text.BSP_setDigitalPort
                0x0000000008009d38       0x40 Forth/Src/bsp.o
                0x0000000008009d38                BSP_setDigitalPort
 .text.BSP_getDigitalPort
                0x0000000008009d78       0x40 Forth/Src/bsp.o
                0x0000000008009d78                BSP_getDigitalPort
 .text.BSP_setDigitalPin
                0x0000000008009db8       0x38 Forth/Src/bsp.o
                0x0000000008009db8                BSP_setDigitalPin
 .text.BSP_getDigitalPin
                0x0000000008009df0       0x34 Forth/Src/bsp.o
                0x0000000008009df0                BSP_getDigitalPin
 .text.BSP_getAnalogPin
                0x0000000008009e24       0x6c Forth/Src/bsp.o
                0x0000000008009e24                BSP_getAnalogPin
 .text.HAL_ADC_ConvCpltCallback
                0x0000000008009e90        0xc Forth/Src/bsp.o
                0x0000000008009e90                HAL_ADC_ConvCpltCallback
 .text.HAL_ADC_ErrorCallback
                0x0000000008009e9c       0x18 Forth/Src/bsp.o
                0x0000000008009e9c                HAL_ADC_ErrorCallback
 .text.FLASH_init
                0x0000000008009eb4       0x54 Forth/Src/flash.o
                0x0000000008009eb4                FLASH_init
 .text.FLASH_programDouble
                0x0000000008009f08       0xb8 Forth/Src/flash.o
                0x0000000008009f08                FLASH_programDouble
 .text.FLASH_erasePage
                0x0000000008009fc0       0x80 Forth/Src/flash.o
                0x0000000008009fc0                FLASH_erasePage
 .text.HAL_FLASH_EndOfOperationCallback
                0x000000000800a040       0x14 Forth/Src/flash.o
                0x000000000800a040                HAL_FLASH_EndOfOperationCallback
 .text.HAL_FLASH_OperationErrorCallback
                0x000000000800a054       0x20 Forth/Src/flash.o
                0x000000000800a054                HAL_FLASH_OperationErrorCallback
 .text.UART_RxThread
                0x000000000800a074       0x7c Forth/Src/uart.o
 .text.UART_TxThread
                0x000000000800a0f0       0x5c Forth/Src/uart.o
 .text.UART_init
                0x000000000800a14c       0x9c Forth/Src/uart.o
                0x000000000800a14c                UART_init
 .text.UART_getc
                0x000000000800a1e8       0x30 Forth/Src/uart.o
                0x000000000800a1e8                UART_getc
 .text.UART_RxReady
                0x000000000800a218       0x18 Forth/Src/uart.o
                0x000000000800a218                UART_RxReady
 .text.UART_putc
                0x000000000800a230       0x2c Forth/Src/uart.o
                0x000000000800a230                UART_putc
 .text.UART_TxReady
                0x000000000800a25c       0x18 Forth/Src/uart.o
                0x000000000800a25c                UART_TxReady
 .text.HAL_UART_TxCpltCallback
                0x000000000800a274       0x10 Forth/Src/uart.o
                0x000000000800a274                HAL_UART_TxCpltCallback
 .text.HAL_UART_RxCpltCallback
                0x000000000800a284       0x10 Forth/Src/uart.o
                0x000000000800a284                HAL_UART_RxCpltCallback
 .text.HAL_UART_ErrorCallback
                0x000000000800a294        0x4 Forth/Src/uart.o
                0x000000000800a294                HAL_UART_ErrorCallback
 .text.HAL_UARTEx_RxFifoFullCallback
                0x000000000800a298        0x4 Forth/Src/uart.o
                0x000000000800a298                HAL_UARTEx_RxFifoFullCallback
 .text.cdc_thread
                0x000000000800a29c       0x54 Forth/Src/usb_cdc.o
 .text.CDC_init
                0x000000000800a2f0       0x78 Forth/Src/usb_cdc.o
                0x000000000800a2f0                CDC_init
 .text.CDC_getc
                0x000000000800a368       0x30 Forth/Src/usb_cdc.o
                0x000000000800a368                CDC_getc
 .text.CDC_RxReady
                0x000000000800a398       0x18 Forth/Src/usb_cdc.o
                0x000000000800a398                CDC_RxReady
 .text.CDC_putc
                0x000000000800a3b0       0x2c Forth/Src/usb_cdc.o
                0x000000000800a3b0                CDC_putc
 .text.CDC_TxReady
                0x000000000800a3dc       0x18 Forth/Src/usb_cdc.o
                0x000000000800a3dc                CDC_TxReady
 .text.USBD_CDC_EP0_RxReady
                0x000000000800a3f4       0x28 Middlewares/ST/STM32_USB_Device_Library/Class/CDC/Src/usbd_cdc.o
 .text.USBD_CDC_GetFSCfgDesc
                0x000000000800a41c        0xc Middlewares/ST/STM32_USB_Device_Library/Class/CDC/Src/usbd_cdc.o
 .text.USBD_CDC_GetHSCfgDesc
                0x000000000800a428        0xc Middlewares/ST/STM32_USB_Device_Library/Class/CDC/Src/usbd_cdc.o
 .text.USBD_CDC_GetOtherSpeedCfgDesc
                0x000000000800a434        0xc Middlewares/ST/STM32_USB_Device_Library/Class/CDC/Src/usbd_cdc.o
 .text.USBD_CDC_GetDeviceQualifierDescriptor
                0x000000000800a440        0xc Middlewares/ST/STM32_USB_Device_Library/Class/CDC/Src/usbd_cdc.o
                0x000000000800a440                USBD_CDC_GetDeviceQualifierDescriptor
 .text.USBD_CDC_DataOut
                0x000000000800a44c       0x2e Middlewares/ST/STM32_USB_Device_Library/Class/CDC/Src/usbd_cdc.o
 *fill*         0x000000000800a47a        0x2 
 .text.USBD_CDC_DataIn
                0x000000000800a47c       0x50 Middlewares/ST/STM32_USB_Device_Library/Class/CDC/Src/usbd_cdc.o
 .text.USBD_CDC_Setup
                0x000000000800a4cc       0xbc Middlewares/ST/STM32_USB_Device_Library/Class/CDC/Src/usbd_cdc.o
 .text.USBD_CDC_DeInit
                0x000000000800a588       0x42 Middlewares/ST/STM32_USB_Device_Library/Class/CDC/Src/usbd_cdc.o
 *fill*         0x000000000800a5ca        0x2 
 .text.USBD_CDC_Init
                0x000000000800a5cc       0xb8 Middlewares/ST/STM32_USB_Device_Library/Class/CDC/Src/usbd_cdc.o
 .text.USBD_CDC_RegisterInterface
                0x000000000800a684        0xe Middlewares/ST/STM32_USB_Device_Library/Class/CDC/Src/usbd_cdc.o
                0x000000000800a684                USBD_CDC_RegisterInterface
 .text.USBD_CDC_SetTxBuffer
                0x000000000800a692       0x10 Middlewares/ST/STM32_USB_Device_Library/Class/CDC/Src/usbd_cdc.o
                0x000000000800a692                USBD_CDC_SetTxBuffer
 .text.USBD_CDC_SetRxBuffer
                0x000000000800a6a2        0xc Middlewares/ST/STM32_USB_Device_Library/Class/CDC/Src/usbd_cdc.o
                0x000000000800a6a2                USBD_CDC_SetRxBuffer
 *fill*         0x000000000800a6ae        0x2 
 .text.USBD_CDC_TransmitPacket
                0x000000000800a6b0       0x40 Middlewares/ST/STM32_USB_Device_Library/Class/CDC/Src/usbd_cdc.o
                0x000000000800a6b0                USBD_CDC_TransmitPacket
 .text.USBD_CDC_ReceivePacket
                0x000000000800a6f0       0x26 Middlewares/ST/STM32_USB_Device_Library/Class/CDC/Src/usbd_cdc.o
                0x000000000800a6f0                USBD_CDC_ReceivePacket
 .text.USBD_Init
                0x000000000800a716       0x2a Middlewares/ST/STM32_USB_Device_Library/Core/Src/usbd_core.o
                0x000000000800a716                USBD_Init
 .text.USBD_RegisterClass
                0x000000000800a740        0xe Middlewares/ST/STM32_USB_Device_Library/Core/Src/usbd_core.o
                0x000000000800a740                USBD_RegisterClass
 .text.USBD_Start
                0x000000000800a74e        0xa Middlewares/ST/STM32_USB_Device_Library/Core/Src/usbd_core.o
                0x000000000800a74e                USBD_Start
 .text.USBD_SetClassConfig
                0x000000000800a758       0x16 Middlewares/ST/STM32_USB_Device_Library/Core/Src/usbd_core.o
                0x000000000800a758                USBD_SetClassConfig
 .text.USBD_ClrClassConfig
                0x000000000800a76e        0xe Middlewares/ST/STM32_USB_Device_Library/Core/Src/usbd_core.o
                0x000000000800a76e                USBD_ClrClassConfig
 .text.USBD_LL_SetupStage
                0x000000000800a77c       0x5a Middlewares/ST/STM32_USB_Device_Library/Core/Src/usbd_core.o
                0x000000000800a77c                USBD_LL_SetupStage
 .text.USBD_LL_DataOutStage
                0x000000000800a7d6       0x74 Middlewares/ST/STM32_USB_Device_Library/Core/Src/usbd_core.o
                0x000000000800a7d6                USBD_LL_DataOutStage
 .text.USBD_LL_DataInStage
                0x000000000800a84a       0xb8 Middlewares/ST/STM32_USB_Device_Library/Core/Src/usbd_core.o
                0x000000000800a84a                USBD_LL_DataInStage
 .text.USBD_LL_Reset
                0x000000000800a902       0x4e Middlewares/ST/STM32_USB_Device_Library/Core/Src/usbd_core.o
                0x000000000800a902                USBD_LL_Reset
 .text.USBD_LL_SetSpeed
                0x000000000800a950        0x6 Middlewares/ST/STM32_USB_Device_Library/Core/Src/usbd_core.o
                0x000000000800a950                USBD_LL_SetSpeed
 .text.USBD_LL_Suspend
                0x000000000800a956       0x12 Middlewares/ST/STM32_USB_Device_Library/Core/Src/usbd_core.o
                0x000000000800a956                USBD_LL_Suspend
 .text.USBD_LL_Resume
                0x000000000800a968       0x14 Middlewares/ST/STM32_USB_Device_Library/Core/Src/usbd_core.o
                0x000000000800a968                USBD_LL_Resume
 .text.USBD_LL_SOF
                0x000000000800a97c       0x18 Middlewares/ST/STM32_USB_Device_Library/Core/Src/usbd_core.o
                0x000000000800a97c                USBD_LL_SOF
 .text.USBD_CtlError.constprop.1
                0x000000000800a994       0x16 Middlewares/ST/STM32_USB_Device_Library/Core/Src/usbd_ctlreq.o
 *fill*         0x000000000800a9aa        0x2 
 .text.USBD_StdDevReq
                0x000000000800a9ac      0x258 Middlewares/ST/STM32_USB_Device_Library/Core/Src/usbd_ctlreq.o
                0x000000000800a9ac                USBD_StdDevReq
 .text.USBD_StdItfReq
                0x000000000800ac04       0x4a Middlewares/ST/STM32_USB_Device_Library/Core/Src/usbd_ctlreq.o
                0x000000000800ac04                USBD_StdItfReq
 .text.USBD_StdEPReq
                0x000000000800ac4e      0x10e Middlewares/ST/STM32_USB_Device_Library/Core/Src/usbd_ctlreq.o
                0x000000000800ac4e                USBD_StdEPReq
 .text.USBD_ParseSetupRequest
                0x000000000800ad5c       0x28 Middlewares/ST/STM32_USB_Device_Library/Core/Src/usbd_ctlreq.o
                0x000000000800ad5c                USBD_ParseSetupRequest
 .text.USBD_CtlError
                0x000000000800ad84       0x16 Middlewares/ST/STM32_USB_Device_Library/Core/Src/usbd_ctlreq.o
                0x000000000800ad84                USBD_CtlError
 .text.USBD_GetString
                0x000000000800ad9a       0x38 Middlewares/ST/STM32_USB_Device_Library/Core/Src/usbd_ctlreq.o
                0x000000000800ad9a                USBD_GetString
 .text.USBD_CtlSendData
                0x000000000800add2       0x1a Middlewares/ST/STM32_USB_Device_Library/Core/Src/usbd_ioreq.o
                0x000000000800add2                USBD_CtlSendData
 .text.USBD_CtlContinueSendData
                0x000000000800adec       0x10 Middlewares/ST/STM32_USB_Device_Library/Core/Src/usbd_ioreq.o
                0x000000000800adec                USBD_CtlContinueSendData
 .text.USBD_CtlPrepareRx
                0x000000000800adfc       0x1e Middlewares/ST/STM32_USB_Device_Library/Core/Src/usbd_ioreq.o
                0x000000000800adfc                USBD_CtlPrepareRx
 .text.USBD_CtlContinueRx
                0x000000000800ae1a       0x10 Middlewares/ST/STM32_USB_Device_Library/Core/Src/usbd_ioreq.o
                0x000000000800ae1a                USBD_CtlContinueRx
 .text.USBD_CtlSendStatus
                0x000000000800ae2a       0x16 Middlewares/ST/STM32_USB_Device_Library/Core/Src/usbd_ioreq.o
                0x000000000800ae2a                USBD_CtlSendStatus
 .text.USBD_CtlReceiveStatus
                0x000000000800ae40       0x16 Middlewares/ST/STM32_USB_Device_Library/Core/Src/usbd_ioreq.o
                0x000000000800ae40                USBD_CtlReceiveStatus
 *fill*         0x000000000800ae56        0x2 
 .text.aci_gap_set_non_discoverable
                0x000000000800ae58       0x3c Middlewares/ST/STM32_WPAN/ble/core/auto/ble_gap_aci.o
                0x000000000800ae58                aci_gap_set_non_discoverable
 .text.aci_gap_set_discoverable
                0x000000000800ae94       0xb8 Middlewares/ST/STM32_WPAN/ble/core/auto/ble_gap_aci.o
                0x000000000800ae94                aci_gap_set_discoverable
 .text.aci_gap_set_io_capability
                0x000000000800af4c       0x44 Middlewares/ST/STM32_WPAN/ble/core/auto/ble_gap_aci.o
                0x000000000800af4c                aci_gap_set_io_capability
 .text.aci_gap_set_authentication_requirement
                0x000000000800af90       0x78 Middlewares/ST/STM32_WPAN/ble/core/auto/ble_gap_aci.o
                0x000000000800af90                aci_gap_set_authentication_requirement
 .text.aci_gap_init
                0x000000000800b008       0x84 Middlewares/ST/STM32_WPAN/ble/core/auto/ble_gap_aci.o
                0x000000000800b008                aci_gap_init
 .text.aci_gap_update_adv_data
                0x000000000800b08c       0x54 Middlewares/ST/STM32_WPAN/ble/core/auto/ble_gap_aci.o
                0x000000000800b08c                aci_gap_update_adv_data
 .text.aci_gap_configure_whitelist
                0x000000000800b0e0       0x3c Middlewares/ST/STM32_WPAN/ble/core/auto/ble_gap_aci.o
                0x000000000800b0e0                aci_gap_configure_whitelist
 .text.aci_gatt_init
                0x000000000800b11c       0x3c Middlewares/ST/STM32_WPAN/ble/core/auto/ble_gatt_aci.o
                0x000000000800b11c                aci_gatt_init
 .text.aci_gatt_add_service
                0x000000000800b158       0x9c Middlewares/ST/STM32_WPAN/ble/core/auto/ble_gatt_aci.o
                0x000000000800b158                aci_gatt_add_service
 .text.aci_gatt_add_char
                0x000000000800b1f4       0xb4 Middlewares/ST/STM32_WPAN/ble/core/auto/ble_gatt_aci.o
                0x000000000800b1f4                aci_gatt_add_char
 .text.aci_gatt_update_char_value
                0x000000000800b2a8       0x60 Middlewares/ST/STM32_WPAN/ble/core/auto/ble_gatt_aci.o
                0x000000000800b2a8                aci_gatt_update_char_value
 .text.aci_gatt_write_resp
                0x000000000800b308       0x68 Middlewares/ST/STM32_WPAN/ble/core/auto/ble_gatt_aci.o
                0x000000000800b308                aci_gatt_write_resp
 .text.aci_hal_write_config_data
                0x000000000800b370       0x58 Middlewares/ST/STM32_WPAN/ble/core/auto/ble_hal_aci.o
                0x000000000800b370                aci_hal_write_config_data
 .text.aci_hal_set_tx_power_level
                0x000000000800b3c8       0x4c Middlewares/ST/STM32_WPAN/ble/core/auto/ble_hal_aci.o
                0x000000000800b3c8                aci_hal_set_tx_power_level
 .text.hci_reset
                0x000000000800b414       0x3a Middlewares/ST/STM32_WPAN/ble/core/auto/ble_hci_le.o
                0x000000000800b414                hci_reset
 *fill*         0x000000000800b44e        0x2 
 .text.hci_le_read_phy
                0x000000000800b450       0x60 Middlewares/ST/STM32_WPAN/ble/core/auto/ble_hci_le.o
                0x000000000800b450                hci_le_read_phy
 .text.hci_le_set_default_phy
                0x000000000800b4b0       0x50 Middlewares/ST/STM32_WPAN/ble/core/auto/ble_hci_le.o
                0x000000000800b4b0                hci_le_set_default_phy
 .text.Osal_MemCpy
                0x000000000800b500        0x4 Middlewares/ST/STM32_WPAN/ble/core/template/osal.o
                0x000000000800b500                Osal_MemCpy
 .text.Osal_MemSet
                0x000000000800b504        0x4 Middlewares/ST/STM32_WPAN/ble/core/template/osal.o
                0x000000000800b504                Osal_MemSet
 .text.DIS_Init
                0x000000000800b508      0x13c Middlewares/ST/STM32_WPAN/ble/svc/Src/dis.o
                0x000000000800b508                DIS_Init
 .text.HearRate_Event_Handler
                0x000000000800b644       0x94 Middlewares/ST/STM32_WPAN/ble/svc/Src/hrs.o
 .text.HRS_Init
                0x000000000800b6d8       0xb0 Middlewares/ST/STM32_WPAN/ble/svc/Src/hrs.o
                0x000000000800b6d8                HRS_Init
 .text.BLS_Init
                0x000000000800b788        0x2 Middlewares/ST/STM32_WPAN/ble/svc/Src/svc_ctl.o
                0x000000000800b788                BLS_Init
 .text.CRS_STM_Init
                0x000000000800b78a        0x2 Middlewares/ST/STM32_WPAN/ble/svc/Src/svc_ctl.o
                0x000000000800b78a                CRS_STM_Init
 .text.EDS_STM_Init
                0x000000000800b78c        0x2 Middlewares/ST/STM32_WPAN/ble/svc/Src/svc_ctl.o
                0x000000000800b78c                EDS_STM_Init
 .text.HIDS_Init
                0x000000000800b78e        0x2 Middlewares/ST/STM32_WPAN/ble/svc/Src/svc_ctl.o
                0x000000000800b78e                HIDS_Init
 .text.HTS_Init
                0x000000000800b790        0x2 Middlewares/ST/STM32_WPAN/ble/svc/Src/svc_ctl.o
                0x000000000800b790                HTS_Init
 .text.IAS_Init
                0x000000000800b792        0x2 Middlewares/ST/STM32_WPAN/ble/svc/Src/svc_ctl.o
                0x000000000800b792                IAS_Init
 .text.LLS_Init
                0x000000000800b794        0x2 Middlewares/ST/STM32_WPAN/ble/svc/Src/svc_ctl.o
                0x000000000800b794                LLS_Init
 .text.TPS_Init
                0x000000000800b796        0x2 Middlewares/ST/STM32_WPAN/ble/svc/Src/svc_ctl.o
                0x000000000800b796                TPS_Init
 .text.MOTENV_STM_Init
                0x000000000800b798        0x2 Middlewares/ST/STM32_WPAN/ble/svc/Src/svc_ctl.o
                0x000000000800b798                MOTENV_STM_Init
 .text.P2PS_STM_Init
                0x000000000800b79a        0x2 Middlewares/ST/STM32_WPAN/ble/svc/Src/svc_ctl.o
                0x000000000800b79a                P2PS_STM_Init
 .text.OTAS_STM_Init
                0x000000000800b79c        0x2 Middlewares/ST/STM32_WPAN/ble/svc/Src/svc_ctl.o
                0x000000000800b79c                OTAS_STM_Init
 .text.MESH_Init
                0x000000000800b79e        0x2 Middlewares/ST/STM32_WPAN/ble/svc/Src/svc_ctl.o
                0x000000000800b79e                MESH_Init
 .text.BVOPUS_STM_Init
                0x000000000800b7a0        0x2 Middlewares/ST/STM32_WPAN/ble/svc/Src/svc_ctl.o
                0x000000000800b7a0                BVOPUS_STM_Init
 .text.SVCCTL_InitCustomSvc
                0x000000000800b7a2        0x2 Middlewares/ST/STM32_WPAN/ble/svc/Src/svc_ctl.o
                0x000000000800b7a2                SVCCTL_InitCustomSvc
 .text.SVCCTL_SvcInit
                0x000000000800b7a4       0x44 Middlewares/ST/STM32_WPAN/ble/svc/Src/svc_ctl.o
                0x000000000800b7a4                SVCCTL_SvcInit
 .text.SVCCTL_Init
                0x000000000800b7e8       0x18 Middlewares/ST/STM32_WPAN/ble/svc/Src/svc_ctl.o
                0x000000000800b7e8                SVCCTL_Init
 .text.SVCCTL_RegisterSvcHandler
                0x000000000800b800       0x14 Middlewares/ST/STM32_WPAN/ble/svc/Src/svc_ctl.o
                0x000000000800b800                SVCCTL_RegisterSvcHandler
 .text.SVCCTL_UserEvtRx
                0x000000000800b814       0x48 Middlewares/ST/STM32_WPAN/ble/svc/Src/svc_ctl.o
                0x000000000800b814                SVCCTL_UserEvtRx
 .text.SHCI_C2_BLE_Init
                0x000000000800b85c       0x1c Middlewares/ST/STM32_WPAN/interface/patterns/ble_thread/shci/shci.o
                0x000000000800b85c                SHCI_C2_BLE_Init
 .text.SHCI_C2_DEBUG_Init
                0x000000000800b878       0x1c Middlewares/ST/STM32_WPAN/interface/patterns/ble_thread/shci/shci.o
                0x000000000800b878                SHCI_C2_DEBUG_Init
 .text.hci_init
                0x000000000800b894       0x54 Middlewares/ST/STM32_WPAN/interface/patterns/ble_thread/tl/hci_tl.o
                0x000000000800b894                hci_init
 .text.hci_user_evt_proc
                0x000000000800b8e8       0x68 Middlewares/ST/STM32_WPAN/interface/patterns/ble_thread/tl/hci_tl.o
                0x000000000800b8e8                hci_user_evt_proc
 .text.hci_send_req
                0x000000000800b950       0xcc Middlewares/ST/STM32_WPAN/interface/patterns/ble_thread/tl/hci_tl.o
                0x000000000800b950                hci_send_req
 .text.TlEvtReceived
                0x000000000800ba1c       0x34 Middlewares/ST/STM32_WPAN/interface/patterns/ble_thread/tl/hci_tl.o
 .text.hci_register_io_bus
                0x000000000800ba50       0x14 Middlewares/ST/STM32_WPAN/interface/patterns/ble_thread/tl/hci_tl_if.o
                0x000000000800ba50                hci_register_io_bus
 .text.TlUserEvtReceived
                0x000000000800ba64       0x1c Middlewares/ST/STM32_WPAN/interface/patterns/ble_thread/tl/shci_tl.o
 .text.Cmd_SetStatus.constprop.1
                0x000000000800ba80       0x18 Middlewares/ST/STM32_WPAN/interface/patterns/ble_thread/tl/shci_tl.o
 .text.shci_init
                0x000000000800ba98       0x54 Middlewares/ST/STM32_WPAN/interface/patterns/ble_thread/tl/shci_tl.o
                0x000000000800ba98                shci_init
 .text.shci_user_evt_proc
                0x000000000800baec       0x64 Middlewares/ST/STM32_WPAN/interface/patterns/ble_thread/tl/shci_tl.o
                0x000000000800baec                shci_user_evt_proc
 .text.shci_send
                0x000000000800bb50       0x64 Middlewares/ST/STM32_WPAN/interface/patterns/ble_thread/tl/shci_tl.o
                0x000000000800bb50                shci_send
 .text.TlCmdEvtReceived
                0x000000000800bbb4        0xa Middlewares/ST/STM32_WPAN/interface/patterns/ble_thread/tl/shci_tl.o
 *fill*         0x000000000800bbbe        0x2 
 .text.shci_register_io_bus
                0x000000000800bbc0       0x14 Middlewares/ST/STM32_WPAN/interface/patterns/ble_thread/tl/shci_tl_if.o
                0x000000000800bbc0                shci_register_io_bus
 .text.SendFreeBuf
                0x000000000800bbd4       0x30 Middlewares/ST/STM32_WPAN/interface/patterns/ble_thread/tl/tl_mbox.o
 .text.TL_Enable
                0x000000000800bc04        0x4 Middlewares/ST/STM32_WPAN/interface/patterns/ble_thread/tl/tl_mbox.o
                0x000000000800bc04                TL_Enable
 .text.TL_Init  0x000000000800bc08       0x40 Middlewares/ST/STM32_WPAN/interface/patterns/ble_thread/tl/tl_mbox.o
                0x000000000800bc08                TL_Init
 .text.TL_BLE_Init
                0x000000000800bc48       0x44 Middlewares/ST/STM32_WPAN/interface/patterns/ble_thread/tl/tl_mbox.o
                0x000000000800bc48                TL_BLE_Init
 .text.TL_BLE_SendCmd
                0x000000000800bc8c       0x18 Middlewares/ST/STM32_WPAN/interface/patterns/ble_thread/tl/tl_mbox.o
                0x000000000800bc8c                TL_BLE_SendCmd
 .text.HW_IPCC_BLE_RxEvtNot
                0x000000000800bca4       0x2c Middlewares/ST/STM32_WPAN/interface/patterns/ble_thread/tl/tl_mbox.o
                0x000000000800bca4                HW_IPCC_BLE_RxEvtNot
 .text.HW_IPCC_BLE_AclDataAckNot
                0x000000000800bcd0        0xc Middlewares/ST/STM32_WPAN/interface/patterns/ble_thread/tl/tl_mbox.o
                0x000000000800bcd0                HW_IPCC_BLE_AclDataAckNot
 .text.TL_SYS_Init
                0x000000000800bcdc       0x3c Middlewares/ST/STM32_WPAN/interface/patterns/ble_thread/tl/tl_mbox.o
                0x000000000800bcdc                TL_SYS_Init
 .text.TL_SYS_SendCmd
                0x000000000800bd18       0x18 Middlewares/ST/STM32_WPAN/interface/patterns/ble_thread/tl/tl_mbox.o
                0x000000000800bd18                TL_SYS_SendCmd
 .text.HW_IPCC_SYS_CmdEvtNot
                0x000000000800bd30       0x14 Middlewares/ST/STM32_WPAN/interface/patterns/ble_thread/tl/tl_mbox.o
                0x000000000800bd30                HW_IPCC_SYS_CmdEvtNot
 .text.HW_IPCC_SYS_EvtNot
                0x000000000800bd44       0x2c Middlewares/ST/STM32_WPAN/interface/patterns/ble_thread/tl/tl_mbox.o
                0x000000000800bd44                HW_IPCC_SYS_EvtNot
 .text.TL_MM_Init
                0x000000000800bd70       0x40 Middlewares/ST/STM32_WPAN/interface/patterns/ble_thread/tl/tl_mbox.o
                0x000000000800bd70                TL_MM_Init
 .text.TL_MM_EvtDone
                0x000000000800bdb0       0x1c Middlewares/ST/STM32_WPAN/interface/patterns/ble_thread/tl/tl_mbox.o
                0x000000000800bdb0                TL_MM_EvtDone
 .text.TL_TRACES_Init
                0x000000000800bdcc       0x20 Middlewares/ST/STM32_WPAN/interface/patterns/ble_thread/tl/tl_mbox.o
                0x000000000800bdcc                TL_TRACES_Init
 .text.TL_TRACES_EvtReceived
                0x000000000800bdec        0x2 Middlewares/ST/STM32_WPAN/interface/patterns/ble_thread/tl/tl_mbox.o
                0x000000000800bdec                TL_TRACES_EvtReceived
 *fill*         0x000000000800bdee        0x2 
 .text.HW_IPCC_TRACES_EvtNot
                0x000000000800bdf0       0x24 Middlewares/ST/STM32_WPAN/interface/patterns/ble_thread/tl/tl_mbox.o
                0x000000000800bdf0                HW_IPCC_TRACES_EvtNot
 .text.OTP_Read
                0x000000000800be14       0x20 Middlewares/ST/STM32_WPAN/utilities/otp.o
                0x000000000800be14                OTP_Read
 .text.LST_init_head
                0x000000000800be34        0x6 Middlewares/ST/STM32_WPAN/utilities/stm_list.o
                0x000000000800be34                LST_init_head
 .text.LST_is_empty
                0x000000000800be3a       0x14 Middlewares/ST/STM32_WPAN/utilities/stm_list.o
                0x000000000800be3a                LST_is_empty
 .text.LST_insert_head
                0x000000000800be4e       0x18 Middlewares/ST/STM32_WPAN/utilities/stm_list.o
                0x000000000800be4e                LST_insert_head
 .text.LST_insert_tail
                0x000000000800be66       0x18 Middlewares/ST/STM32_WPAN/utilities/stm_list.o
                0x000000000800be66                LST_insert_tail
 .text.LST_remove_node
                0x000000000800be7e       0x16 Middlewares/ST/STM32_WPAN/utilities/stm_list.o
                0x000000000800be7e                LST_remove_node
 .text.LST_remove_head
                0x000000000800be94       0x18 Middlewares/ST/STM32_WPAN/utilities/stm_list.o
                0x000000000800be94                LST_remove_head
 .text.TimerCallback
                0x000000000800beac       0x14 Middlewares/Third_Party/FreeRTOS/Source/CMSIS_RTOS_V2/cmsis_os2.o
 .text.osKernelInitialize
                0x000000000800bec0       0x34 Middlewares/Third_Party/FreeRTOS/Source/CMSIS_RTOS_V2/cmsis_os2.o
                0x000000000800bec0                osKernelInitialize
 .text.osKernelStart
                0x000000000800bef4       0x40 Middlewares/Third_Party/FreeRTOS/Source/CMSIS_RTOS_V2/cmsis_os2.o
                0x000000000800bef4                osKernelStart
 .text.osKernelGetTickCount
                0x000000000800bf34       0x28 Middlewares/Third_Party/FreeRTOS/Source/CMSIS_RTOS_V2/cmsis_os2.o
                0x000000000800bf34                osKernelGetTickCount
 .text.osKernelGetTickFreq
                0x000000000800bf5c        0x6 Middlewares/Third_Party/FreeRTOS/Source/CMSIS_RTOS_V2/cmsis_os2.o
                0x000000000800bf5c                osKernelGetTickFreq
 *fill*         0x000000000800bf62        0x2 
 .text.osKernelGetSysTimerCount
                0x000000000800bf64       0x34 Middlewares/Third_Party/FreeRTOS/Source/CMSIS_RTOS_V2/cmsis_os2.o
                0x000000000800bf64                osKernelGetSysTimerCount
 .text.osKernelGetSysTimerFreq
                0x000000000800bf98        0xc Middlewares/Third_Party/FreeRTOS/Source/CMSIS_RTOS_V2/cmsis_os2.o
                0x000000000800bf98                osKernelGetSysTimerFreq
 .text.osThreadNew
                0x000000000800bfa4       0xb0 Middlewares/Third_Party/FreeRTOS/Source/CMSIS_RTOS_V2/cmsis_os2.o
                0x000000000800bfa4                osThreadNew
 .text.osThreadGetId
                0x000000000800c054        0x4 Middlewares/Third_Party/FreeRTOS/Source/CMSIS_RTOS_V2/cmsis_os2.o
                0x000000000800c054                osThreadGetId
 .text.osThreadGetState
                0x000000000800c058       0x4c Middlewares/Third_Party/FreeRTOS/Source/CMSIS_RTOS_V2/cmsis_os2.o
                0x000000000800c058                osThreadGetState
 .text.osThreadGetStackSpace
                0x000000000800c0a4       0x28 Middlewares/Third_Party/FreeRTOS/Source/CMSIS_RTOS_V2/cmsis_os2.o
                0x000000000800c0a4                osThreadGetStackSpace
 .text.osThreadSetPriority
                0x000000000800c0cc       0x3c Middlewares/Third_Party/FreeRTOS/Source/CMSIS_RTOS_V2/cmsis_os2.o
                0x000000000800c0cc                osThreadSetPriority
 .text.osThreadGetPriority
                0x000000000800c108       0x2c Middlewares/Third_Party/FreeRTOS/Source/CMSIS_RTOS_V2/cmsis_os2.o
                0x000000000800c108                osThreadGetPriority
 .text.osThreadYield
                0x000000000800c134       0x3c Middlewares/Third_Party/FreeRTOS/Source/CMSIS_RTOS_V2/cmsis_os2.o
                0x000000000800c134                osThreadYield
 .text.osThreadSuspend
                0x000000000800c170       0x38 Middlewares/Third_Party/FreeRTOS/Source/CMSIS_RTOS_V2/cmsis_os2.o
                0x000000000800c170                osThreadSuspend
 .text.osThreadResume
                0x000000000800c1a8       0x38 Middlewares/Third_Party/FreeRTOS/Source/CMSIS_RTOS_V2/cmsis_os2.o
                0x000000000800c1a8                osThreadResume
 .text.osThreadExit
                0x000000000800c1e0        0xa Middlewares/Third_Party/FreeRTOS/Source/CMSIS_RTOS_V2/cmsis_os2.o
                0x000000000800c1e0                osThreadExit
 *fill*         0x000000000800c1ea        0x2 
 .text.osThreadTerminate
                0x000000000800c1ec       0x4c Middlewares/Third_Party/FreeRTOS/Source/CMSIS_RTOS_V2/cmsis_os2.o
                0x000000000800c1ec                osThreadTerminate
 .text.osThreadGetCount
                0x000000000800c238       0x28 Middlewares/Third_Party/FreeRTOS/Source/CMSIS_RTOS_V2/cmsis_os2.o
                0x000000000800c238                osThreadGetCount
 .text.osThreadEnumerate
                0x000000000800c260       0x7c Middlewares/Third_Party/FreeRTOS/Source/CMSIS_RTOS_V2/cmsis_os2.o
                0x000000000800c260                osThreadEnumerate
 .text.osThreadFlagsSet
                0x000000000800c2dc       0x94 Middlewares/Third_Party/FreeRTOS/Source/CMSIS_RTOS_V2/cmsis_os2.o
                0x000000000800c2dc                osThreadFlagsSet
 .text.osThreadFlagsWait
                0x000000000800c370       0xac Middlewares/Third_Party/FreeRTOS/Source/CMSIS_RTOS_V2/cmsis_os2.o
                0x000000000800c370                osThreadFlagsWait
 .text.osDelay  0x000000000800c41c       0x34 Middlewares/Third_Party/FreeRTOS/Source/CMSIS_RTOS_V2/cmsis_os2.o
                0x000000000800c41c                osDelay
 .text.osTimerNew
                0x000000000800c450       0x7c Middlewares/Third_Party/FreeRTOS/Source/CMSIS_RTOS_V2/cmsis_os2.o
                0x000000000800c450                osTimerNew
 .text.osTimerGetName
                0x000000000800c4cc       0x28 Middlewares/Third_Party/FreeRTOS/Source/CMSIS_RTOS_V2/cmsis_os2.o
                0x000000000800c4cc                osTimerGetName
 .text.osTimerStart
                0x000000000800c4f4       0x4c Middlewares/Third_Party/FreeRTOS/Source/CMSIS_RTOS_V2/cmsis_os2.o
                0x000000000800c4f4                osTimerStart
 .text.osTimerStop
                0x000000000800c540       0x5c Middlewares/Third_Party/FreeRTOS/Source/CMSIS_RTOS_V2/cmsis_os2.o
                0x000000000800c540                osTimerStop
 .text.osTimerIsRunning
                0x000000000800c59c       0x28 Middlewares/Third_Party/FreeRTOS/Source/CMSIS_RTOS_V2/cmsis_os2.o
                0x000000000800c59c                osTimerIsRunning
 .text.osTimerDelete
                0x000000000800c5c4       0x60 Middlewares/Third_Party/FreeRTOS/Source/CMSIS_RTOS_V2/cmsis_os2.o
                0x000000000800c5c4                osTimerDelete
 .text.osEventFlagsNew
                0x000000000800c624       0x3c Middlewares/Third_Party/FreeRTOS/Source/CMSIS_RTOS_V2/cmsis_os2.o
                0x000000000800c624                osEventFlagsNew
 .text.osEventFlagsSet
                0x000000000800c660       0x70 Middlewares/Third_Party/FreeRTOS/Source/CMSIS_RTOS_V2/cmsis_os2.o
                0x000000000800c660                osEventFlagsSet
 .text.osEventFlagsClear
                0x000000000800c6d0       0x5c Middlewares/Third_Party/FreeRTOS/Source/CMSIS_RTOS_V2/cmsis_os2.o
                0x000000000800c6d0                osEventFlagsClear
 .text.osEventFlagsGet
                0x000000000800c72c       0x34 Middlewares/Third_Party/FreeRTOS/Source/CMSIS_RTOS_V2/cmsis_os2.o
                0x000000000800c72c                osEventFlagsGet
 .text.osEventFlagsWait
                0x000000000800c760       0x6c Middlewares/Third_Party/FreeRTOS/Source/CMSIS_RTOS_V2/cmsis_os2.o
                0x000000000800c760                osEventFlagsWait
 .text.osEventFlagsDelete
                0x000000000800c7cc       0x38 Middlewares/Third_Party/FreeRTOS/Source/CMSIS_RTOS_V2/cmsis_os2.o
                0x000000000800c7cc                osEventFlagsDelete
 .text.osMutexNew
                0x000000000800c804       0x84 Middlewares/Third_Party/FreeRTOS/Source/CMSIS_RTOS_V2/cmsis_os2.o
                0x000000000800c804                osMutexNew
 .text.osMutexAcquire
                0x000000000800c888       0x60 Middlewares/Third_Party/FreeRTOS/Source/CMSIS_RTOS_V2/cmsis_os2.o
                0x000000000800c888                osMutexAcquire
 .text.osMutexRelease
                0x000000000800c8e8       0x54 Middlewares/Third_Party/FreeRTOS/Source/CMSIS_RTOS_V2/cmsis_os2.o
                0x000000000800c8e8                osMutexRelease
 .text.osMutexGetOwner
                0x000000000800c93c       0x2c Middlewares/Third_Party/FreeRTOS/Source/CMSIS_RTOS_V2/cmsis_os2.o
                0x000000000800c93c                osMutexGetOwner
 .text.osMutexDelete
                0x000000000800c968       0x44 Middlewares/Third_Party/FreeRTOS/Source/CMSIS_RTOS_V2/cmsis_os2.o
                0x000000000800c968                osMutexDelete
 .text.osSemaphoreNew
                0x000000000800c9ac       0xac Middlewares/Third_Party/FreeRTOS/Source/CMSIS_RTOS_V2/cmsis_os2.o
                0x000000000800c9ac                osSemaphoreNew
 .text.osSemaphoreAcquire
                0x000000000800ca58       0x78 Middlewares/Third_Party/FreeRTOS/Source/CMSIS_RTOS_V2/cmsis_os2.o
                0x000000000800ca58                osSemaphoreAcquire
 .text.osSemaphoreRelease
                0x000000000800cad0       0x70 Middlewares/Third_Party/FreeRTOS/Source/CMSIS_RTOS_V2/cmsis_os2.o
                0x000000000800cad0                osSemaphoreRelease
 .text.osSemaphoreGetCount
                0x000000000800cb40       0x30 Middlewares/Third_Party/FreeRTOS/Source/CMSIS_RTOS_V2/cmsis_os2.o
                0x000000000800cb40                osSemaphoreGetCount
 .text.osSemaphoreDelete
                0x000000000800cb70       0x40 Middlewares/Third_Party/FreeRTOS/Source/CMSIS_RTOS_V2/cmsis_os2.o
                0x000000000800cb70                osSemaphoreDelete
 .text.osMessageQueueNew
                0x000000000800cbb0       0x8c Middlewares/Third_Party/FreeRTOS/Source/CMSIS_RTOS_V2/cmsis_os2.o
                0x000000000800cbb0                osMessageQueueNew
 .text.osMessageQueuePut
                0x000000000800cc3c       0x84 Middlewares/Third_Party/FreeRTOS/Source/CMSIS_RTOS_V2/cmsis_os2.o
                0x000000000800cc3c                osMessageQueuePut
 .text.osMessageQueueGet
                0x000000000800ccc0       0x80 Middlewares/Third_Party/FreeRTOS/Source/CMSIS_RTOS_V2/cmsis_os2.o
                0x000000000800ccc0                osMessageQueueGet
 .text.osMessageQueueGetCapacity
                0x000000000800cd40        0x6 Middlewares/Third_Party/FreeRTOS/Source/CMSIS_RTOS_V2/cmsis_os2.o
                0x000000000800cd40                osMessageQueueGetCapacity
 .text.osMessageQueueGetMsgSize
                0x000000000800cd46        0x6 Middlewares/Third_Party/FreeRTOS/Source/CMSIS_RTOS_V2/cmsis_os2.o
                0x000000000800cd46                osMessageQueueGetMsgSize
 .text.osMessageQueueGetCount
                0x000000000800cd4c        0x4 Middlewares/Third_Party/FreeRTOS/Source/CMSIS_RTOS_V2/cmsis_os2.o
                0x000000000800cd4c                osMessageQueueGetCount
 .text.osMessageQueueGetSpace
                0x000000000800cd50       0x48 Middlewares/Third_Party/FreeRTOS/Source/CMSIS_RTOS_V2/cmsis_os2.o
                0x000000000800cd50                osMessageQueueGetSpace
 .text.osMessageQueueReset
                0x000000000800cd98       0x38 Middlewares/Third_Party/FreeRTOS/Source/CMSIS_RTOS_V2/cmsis_os2.o
                0x000000000800cd98                osMessageQueueReset
 .text.osMessageQueueDelete
                0x000000000800cdd0        0x4 Middlewares/Third_Party/FreeRTOS/Source/CMSIS_RTOS_V2/cmsis_os2.o
                0x000000000800cdd0                osMessageQueueDelete
 .text.vApplicationGetIdleTaskMemory
                0x000000000800cdd4       0x18 Middlewares/Third_Party/FreeRTOS/Source/CMSIS_RTOS_V2/cmsis_os2.o
                0x000000000800cdd4                vApplicationGetIdleTaskMemory
 .text.vApplicationGetTimerTaskMemory
                0x000000000800cdec       0x18 Middlewares/Third_Party/FreeRTOS/Source/CMSIS_RTOS_V2/cmsis_os2.o
                0x000000000800cdec                vApplicationGetTimerTaskMemory
 .text.xEventGroupCreateStatic
                0x000000000800ce04       0x48 Middlewares/Third_Party/FreeRTOS/Source/event_groups.o
                0x000000000800ce04                xEventGroupCreateStatic
 .text.xEventGroupCreate
                0x000000000800ce4c       0x1c Middlewares/Third_Party/FreeRTOS/Source/event_groups.o
                0x000000000800ce4c                xEventGroupCreate
 .text.xEventGroupWaitBits
                0x000000000800ce68      0x114 Middlewares/Third_Party/FreeRTOS/Source/event_groups.o
                0x000000000800ce68                xEventGroupWaitBits
 .text.xEventGroupClearBits
                0x000000000800cf7c       0x46 Middlewares/Third_Party/FreeRTOS/Source/event_groups.o
                0x000000000800cf7c                xEventGroupClearBits
 .text.vEventGroupClearBitsCallback
                0x000000000800cfc2        0x4 Middlewares/Third_Party/FreeRTOS/Source/event_groups.o
                0x000000000800cfc2                vEventGroupClearBitsCallback
 *fill*         0x000000000800cfc6        0x2 
 .text.xEventGroupClearBitsFromISR
                0x000000000800cfc8       0x10 Middlewares/Third_Party/FreeRTOS/Source/event_groups.o
                0x000000000800cfc8                xEventGroupClearBitsFromISR
 .text.xEventGroupGetBitsFromISR
                0x000000000800cfd8       0x1c Middlewares/Third_Party/FreeRTOS/Source/event_groups.o
                0x000000000800cfd8                xEventGroupGetBitsFromISR
 .text.xEventGroupSetBits
                0x000000000800cff4       0x86 Middlewares/Third_Party/FreeRTOS/Source/event_groups.o
                0x000000000800cff4                xEventGroupSetBits
 .text.vEventGroupSetBitsCallback
                0x000000000800d07a        0x4 Middlewares/Third_Party/FreeRTOS/Source/event_groups.o
                0x000000000800d07a                vEventGroupSetBitsCallback
 .text.vEventGroupDelete
                0x000000000800d07e       0x44 Middlewares/Third_Party/FreeRTOS/Source/event_groups.o
                0x000000000800d07e                vEventGroupDelete
 *fill*         0x000000000800d0c2        0x2 
 .text.xEventGroupSetBitsFromISR
                0x000000000800d0c4       0x10 Middlewares/Third_Party/FreeRTOS/Source/event_groups.o
                0x000000000800d0c4                xEventGroupSetBitsFromISR
 .text.vListInitialise
                0x000000000800d0d4       0x16 Middlewares/Third_Party/FreeRTOS/Source/list.o
                0x000000000800d0d4                vListInitialise
 .text.vListInitialiseItem
                0x000000000800d0ea        0x6 Middlewares/Third_Party/FreeRTOS/Source/list.o
                0x000000000800d0ea                vListInitialiseItem
 .text.vListInsertEnd
                0x000000000800d0f0       0x18 Middlewares/Third_Party/FreeRTOS/Source/list.o
                0x000000000800d0f0                vListInsertEnd
 .text.vListInsert
                0x000000000800d108       0x2e Middlewares/Third_Party/FreeRTOS/Source/list.o
                0x000000000800d108                vListInsert
 .text.uxListRemove
                0x000000000800d136       0x22 Middlewares/Third_Party/FreeRTOS/Source/list.o
                0x000000000800d136                uxListRemove
 .text.prvIsQueueEmpty
                0x000000000800d158       0x16 Middlewares/Third_Party/FreeRTOS/Source/queue.o
 .text.prvCopyDataToQueue
                0x000000000800d16e       0x66 Middlewares/Third_Party/FreeRTOS/Source/queue.o
 .text.prvCopyDataFromQueue
                0x000000000800d1d4       0x2a Middlewares/Third_Party/FreeRTOS/Source/queue.o
 .text.prvUnlockQueue
                0x000000000800d1fe       0x70 Middlewares/Third_Party/FreeRTOS/Source/queue.o
 *fill*         0x000000000800d26e        0x2 
 .text.xQueueGenericReset
                0x000000000800d270       0x80 Middlewares/Third_Party/FreeRTOS/Source/queue.o
                0x000000000800d270                xQueueGenericReset
 .text.xQueueGenericCreateStatic
                0x000000000800d2f0       0x9c Middlewares/Third_Party/FreeRTOS/Source/queue.o
                0x000000000800d2f0                xQueueGenericCreateStatic
 .text.xQueueGenericCreate
                0x000000000800d38c       0x4e Middlewares/Third_Party/FreeRTOS/Source/queue.o
                0x000000000800d38c                xQueueGenericCreate
 .text.xQueueGetMutexHolder
                0x000000000800d3da       0x1a Middlewares/Third_Party/FreeRTOS/Source/queue.o
                0x000000000800d3da                xQueueGetMutexHolder
 .text.xQueueCreateCountingSemaphoreStatic
                0x000000000800d3f4       0x44 Middlewares/Third_Party/FreeRTOS/Source/queue.o
                0x000000000800d3f4                xQueueCreateCountingSemaphoreStatic
 .text.xQueueCreateCountingSemaphore
                0x000000000800d438       0x3c Middlewares/Third_Party/FreeRTOS/Source/queue.o
                0x000000000800d438                xQueueCreateCountingSemaphore
 .text.xQueueGenericSend
                0x000000000800d474      0x164 Middlewares/Third_Party/FreeRTOS/Source/queue.o
                0x000000000800d474                xQueueGenericSend
 .text.xQueueCreateMutexStatic