Archive member included to satisfy reference by file (symbol)

/opt/st/stm32cubeide_1.3.0/plugins/com.st.stm32cube.ide.mcu.externaltools.gnu-tools-for-stm32.7-2018-q2-update.linux64_1.0.0.201904181610/tools/bin/../lib/gcc/arm-none-eabi/7.3.1/../../../../arm-none-eabi/lib/thumb/v7e-m/fpv4-sp/hard/libc_nano.a(lib_a-errno.o)
                              Core/Src/syscalls.o (__errno)
/opt/st/stm32cubeide_1.3.0/plugins/com.st.stm32cube.ide.mcu.externaltools.gnu-tools-for-stm32.7-2018-q2-update.linux64_1.0.0.201904181610/tools/bin/../lib/gcc/arm-none-eabi/7.3.1/../../../../arm-none-eabi/lib/thumb/v7e-m/fpv4-sp/hard/libc_nano.a(lib_a-exit.o)
                              /opt/st/stm32cubeide_1.3.0/plugins/com.st.stm32cube.ide.mcu.externaltools.gnu-tools-for-stm32.7-2018-q2-update.linux64_1.0.0.201904181610/tools/bin/../lib/gcc/arm-none-eabi/7.3.1/../../../../arm-none-eabi/lib/thumb/v7e-m/fpv4-sp/hard/crt0.o (exit)
/opt/st/stm32cubeide_1.3.0/plugins/com.st.stm32cube.ide.mcu.externaltools.gnu-tools-for-stm32.7-2018-q2-update.linux64_1.0.0.201904181610/tools/bin/../lib/gcc/arm-none-eabi/7.3.1/../../../../arm-none-eabi/lib/thumb/v7e-m/fpv4-sp/hard/libc_nano.a(lib_a-impure.o)
                              /opt/st/stm32cubeide_1.3.0/plugins/com.st.stm32cube.ide.mcu.externaltools.gnu-tools-for-stm32.7-2018-q2-update.linux64_1.0.0.201904181610/tools/bin/../lib/gcc/arm-none-eabi/7.3.1/../../../../arm-none-eabi/lib/thumb/v7e-m/fpv4-sp/hard/libc_nano.a(lib_a-exit.o) (_global_impure_ptr)
/opt/st/stm32cubeide_1.3.0/plugins/com.st.stm32cube.ide.mcu.externaltools.gnu-tools-for-stm32.7-2018-q2-update.linux64_1.0.0.201904181610/tools/bin/../lib/gcc/arm-none-eabi/7.3.1/../../../../arm-none-eabi/lib/thumb/v7e-m/fpv4-sp/hard/libc_nano.a(lib_a-init.o)
                              /opt/st/stm32cubeide_1.3.0/plugins/com.st.stm32cube.ide.mcu.externaltools.gnu-tools-for-stm32.7-2018-q2-update.linux64_1.0.0.201904181610/tools/bin/../lib/gcc/arm-none-eabi/7.3.1/../../../../arm-none-eabi/lib/thumb/v7e-m/fpv4-sp/hard/crt0.o (__libc_init_array)
/opt/st/stm32cubeide_1.3.0/plugins/com.st.stm32cube.ide.mcu.externaltools.gnu-tools-for-stm32.7-2018-q2-update.linux64_1.0.0.201904181610/tools/bin/../lib/gcc/arm-none-eabi/7.3.1/../../../../arm-none-eabi/lib/thumb/v7e-m/fpv4-sp/hard/libc_nano.a(lib_a-memcmp.o)
                              Middlewares/ST/STM32_WPAN/ble/core/template/osal.o (memcmp)
/opt/st/stm32cubeide_1.3.0/plugins/com.st.stm32cube.ide.mcu.externaltools.gnu-tools-for-stm32.7-2018-q2-update.linux64_1.0.0.201904181610/tools/bin/../lib/gcc/arm-none-eabi/7.3.1/../../../../arm-none-eabi/lib/thumb/v7e-m/fpv4-sp/hard/libc_nano.a(lib_a-memcpy-stub.o)
                              Middlewares/ST/STM32_WPAN/ble/core/template/osal.o (memcpy)
/opt/st/stm32cubeide_1.3.0/plugins/com.st.stm32cube.ide.mcu.externaltools.gnu-tools-for-stm32.7-2018-q2-update.linux64_1.0.0.201904181610/tools/bin/../lib/gcc/arm-none-eabi/7.3.1/../../../../arm-none-eabi/lib/thumb/v7e-m/fpv4-sp/hard/libc_nano.a(lib_a-memset.o)
                              /opt/st/stm32cubeide_1.3.0/plugins/com.st.stm32cube.ide.mcu.externaltools.gnu-tools-for-stm32.7-2018-q2-update.linux64_1.0.0.201904181610/tools/bin/../lib/gcc/arm-none-eabi/7.3.1/../../../../arm-none-eabi/lib/thumb/v7e-m/fpv4-sp/hard/crt0.o (memset)
/opt/st/stm32cubeide_1.3.0/plugins/com.st.stm32cube.ide.mcu.externaltools.gnu-tools-for-stm32.7-2018-q2-update.linux64_1.0.0.201904181610/tools/bin/../lib/gcc/arm-none-eabi/7.3.1/../../../../arm-none-eabi/lib/thumb/v7e-m/fpv4-sp/hard/libc_nano.a(lib_a-printf.o)
                              Middlewares/ST/STM32_WPAN/utilities/dbg_trace.o (printf)
/opt/st/stm32cubeide_1.3.0/plugins/com.st.stm32cube.ide.mcu.externaltools.gnu-tools-for-stm32.7-2018-q2-update.linux64_1.0.0.201904181610/tools/bin/../lib/gcc/arm-none-eabi/7.3.1/../../../../arm-none-eabi/lib/thumb/v7e-m/fpv4-sp/hard/libc_nano.a(lib_a-strrchr.o)
                              Middlewares/ST/STM32_WPAN/utilities/dbg_trace.o (strrchr)
/opt/st/stm32cubeide_1.3.0/plugins/com.st.stm32cube.ide.mcu.externaltools.gnu-tools-for-stm32.7-2018-q2-update.linux64_1.0.0.201904181610/tools/bin/../lib/gcc/arm-none-eabi/7.3.1/../../../../arm-none-eabi/lib/thumb/v7e-m/fpv4-sp/hard/libc_nano.a(lib_a-vprintf.o)
                              Middlewares/ST/STM32_WPAN/utilities/dbg_trace.o (vprintf)
/opt/st/stm32cubeide_1.3.0/plugins/com.st.stm32cube.ide.mcu.externaltools.gnu-tools-for-stm32.7-2018-q2-update.linux64_1.0.0.201904181610/tools/bin/../lib/gcc/arm-none-eabi/7.3.1/../../../../arm-none-eabi/lib/thumb/v7e-m/fpv4-sp/hard/libc_nano.a(lib_a-findfp.o)
                              /opt/st/stm32cubeide_1.3.0/plugins/com.st.stm32cube.ide.mcu.externaltools.gnu-tools-for-stm32.7-2018-q2-update.linux64_1.0.0.201904181610/tools/bin/../lib/gcc/arm-none-eabi/7.3.1/../../../../arm-none-eabi/lib/thumb/v7e-m/fpv4-sp/hard/libc_nano.a(lib_a-printf.o) (__sinit)
[...]
Memory Configuration

Name             Origin             Length             Attributes
FLASH            0x0000000008000000 0x0000000000040000 xr
FLASH_FORTH      0x0000000008040000 0x0000000000080000 xr
FLASH_BLESTACK   0x00000000080c0000 0x0000000000040000 xr
RAM_FORTH        0x0000000020000000 0x0000000000010000 xrw
RAM1             0x0000000020010000 0x0000000000030000 xrw
RAM_SHARED       0x0000000020030000 0x0000000000002800 xrw
*default*        0x0000000000000000 0xffffffffffffffff

Linker script and memory map

LOAD /opt/st/stm32cubeide_1.3.0/plugins/com.st.stm32cube.ide.mcu.externaltools.gnu-tools-for-stm32.7-2018-q2-update.linux64_1.0.0.201904181610/tools/bin/../lib/gcc/arm-none-eabi/7.3.1/thumb/v7e-m/fpv4-sp/hard/crti.o
LOAD /opt/st/stm32cubeide_1.3.0/plugins/com.st.stm32cube.ide.mcu.externaltools.gnu-tools-for-stm32.7-2018-q2-update.linux64_1.0.0.201904181610/tools/bin/../lib/gcc/arm-none-eabi/7.3.1/thumb/v7e-m/fpv4-sp/hard/crtbegin.o
LOAD /opt/st/stm32cubeide_1.3.0/plugins/com.st.stm32cube.ide.mcu.externaltools.gnu-tools-for-stm32.7-2018-q2-update.linux64_1.0.0.201904181610/tools/bin/../lib/gcc/arm-none-eabi/7.3.1/../../../../arm-none-eabi/lib/thumb/v7e-m/fpv4-sp/hard/crt0.o
LOAD Core/Src/app_debug.o
LOAD Core/Src/app_entry.o
LOAD Core/Src/app_freertos.o
LOAD Core/Src/freertos_port.o
LOAD Core/Src/hw_timerserver.o
LOAD Core/Src/main.o
LOAD Core/Src/stm32_lpm_if.o
LOAD Core/Src/stm32wbxx_hal_msp.o
LOAD Core/Src/stm32wbxx_hal_timebase_tim.o
LOAD Core/Src/stm32wbxx_it.o
LOAD Core/Src/syscalls.o
LOAD Core/Src/sysmem.o
LOAD Core/Src/system_stm32wbxx.o
LOAD Core/Startup/startup_stm32wb55rgvx.o
LOAD Drivers/STM32WBxx_HAL_Driver/Src/stm32wbxx_hal.o
LOAD Drivers/STM32WBxx_HAL_Driver/Src/stm32wbxx_hal_cortex.o
LOAD Drivers/STM32WBxx_HAL_Driver/Src/stm32wbxx_hal_crc.o
LOAD Drivers/STM32WBxx_HAL_Driver/Src/stm32wbxx_hal_crc_ex.o
LOAD Drivers/STM32WBxx_HAL_Driver/Src/stm32wbxx_hal_dma.o
LOAD Drivers/STM32WBxx_HAL_Driver/Src/stm32wbxx_hal_dma_ex.o
LOAD Drivers/STM32WBxx_HAL_Driver/Src/stm32wbxx_hal_exti.o
LOAD Drivers/STM32WBxx_HAL_Driver/Src/stm32wbxx_hal_flash.o
LOAD Drivers/STM32WBxx_HAL_Driver/Src/stm32wbxx_hal_flash_ex.o
LOAD Drivers/STM32WBxx_HAL_Driver/Src/stm32wbxx_hal_gpio.o
LOAD Drivers/STM32WBxx_HAL_Driver/Src/stm32wbxx_hal_hsem.o
LOAD Drivers/STM32WBxx_HAL_Driver/Src/stm32wbxx_hal_pcd.o
LOAD Drivers/STM32WBxx_HAL_Driver/Src/stm32wbxx_hal_pcd_ex.o
LOAD Drivers/STM32WBxx_HAL_Driver/Src/stm32wbxx_hal_pka.o
LOAD Drivers/STM32WBxx_HAL_Driver/Src/stm32wbxx_hal_pwr.o
LOAD Drivers/STM32WBxx_HAL_Driver/Src/stm32wbxx_hal_pwr_ex.o
LOAD Drivers/STM32WBxx_HAL_Driver/Src/stm32wbxx_hal_rcc.o
LOAD Drivers/STM32WBxx_HAL_Driver/Src/stm32wbxx_hal_rcc_ex.o
LOAD Drivers/STM32WBxx_HAL_Driver/Src/stm32wbxx_hal_rng.o
LOAD Drivers/STM32WBxx_HAL_Driver/Src/stm32wbxx_hal_rtc.o
LOAD Drivers/STM32WBxx_HAL_Driver/Src/stm32wbxx_hal_rtc_ex.o
LOAD Drivers/STM32WBxx_HAL_Driver/Src/stm32wbxx_hal_tim.o
LOAD Drivers/STM32WBxx_HAL_Driver/Src/stm32wbxx_hal_tim_ex.o
LOAD Drivers/STM32WBxx_HAL_Driver/Src/stm32wbxx_hal_uart.o
LOAD Drivers/STM32WBxx_HAL_Driver/Src/stm32wbxx_hal_uart_ex.o
LOAD Drivers/STM32WBxx_HAL_Driver/Src/stm32wbxx_ll_usb.o
LOAD Forth/Src/ble_vsp.o
LOAD Forth/Src/bsp.o
LOAD Forth/Src/flash.o
LOAD Forth/Src/uart.o
LOAD Forth/Src/usb_cdc.o
LOAD Forth/cube/mecrisp.o
LOAD Middlewares/ST/STM32_USB_Device_Library/Class/CDC/Src/usbd_cdc.o
LOAD Middlewares/ST/STM32_USB_Device_Library/Core/Src/usbd_core.o
LOAD Middlewares/ST/STM32_USB_Device_Library/Core/Src/usbd_ctlreq.o
LOAD Middlewares/ST/STM32_USB_Device_Library/Core/Src/usbd_ioreq.o
LOAD Middlewares/ST/STM32_WPAN/ble/core/auto/ble_gap_aci.o
LOAD Middlewares/ST/STM32_WPAN/ble/core/auto/ble_gatt_aci.o
LOAD Middlewares/ST/STM32_WPAN/ble/core/auto/ble_hal_aci.o
LOAD Middlewares/ST/STM32_WPAN/ble/core/auto/ble_hci_le.o
LOAD Middlewares/ST/STM32_WPAN/ble/core/auto/ble_l2cap_aci.o
LOAD Middlewares/ST/STM32_WPAN/ble/core/template/osal.o
LOAD Middlewares/ST/STM32_WPAN/ble/svc/Src/dis.o
LOAD Middlewares/ST/STM32_WPAN/ble/svc/Src/hrs.o
LOAD Middlewares/ST/STM32_WPAN/ble/svc/Src/svc_ctl.o
LOAD Middlewares/ST/STM32_WPAN/interface/patterns/ble_thread/shci/shci.o
LOAD Middlewares/ST/STM32_WPAN/interface/patterns/ble_thread/tl/hci_tl.o
LOAD Middlewares/ST/STM32_WPAN/interface/patterns/ble_thread/tl/hci_tl_if.o
LOAD Middlewares/ST/STM32_WPAN/interface/patterns/ble_thread/tl/shci_tl.o
LOAD Middlewares/ST/STM32_WPAN/interface/patterns/ble_thread/tl/shci_tl_if.o
LOAD Middlewares/ST/STM32_WPAN/interface/patterns/ble_thread/tl/tl_mbox.o
LOAD Middlewares/ST/STM32_WPAN/utilities/dbg_trace.o
LOAD Middlewares/ST/STM32_WPAN/utilities/otp.o
LOAD Middlewares/ST/STM32_WPAN/utilities/stm_list.o
LOAD Middlewares/ST/STM32_WPAN/utilities/stm_queue.o
LOAD Middlewares/Third_Party/FreeRTOS/Source/CMSIS_RTOS_V2/cmsis_os2.o
LOAD Middlewares/Third_Party/FreeRTOS/Source/croutine.o
LOAD Middlewares/Third_Party/FreeRTOS/Source/event_groups.o
LOAD Middlewares/Third_Party/FreeRTOS/Source/list.o
LOAD Middlewares/Third_Party/FreeRTOS/Source/queue.o
LOAD Middlewares/Third_Party/FreeRTOS/Source/stream_buffer.o
LOAD Middlewares/Third_Party/FreeRTOS/Source/tasks.o
LOAD Middlewares/Third_Party/FreeRTOS/Source/timers.o
LOAD Middlewares/Third_Party/FreeRTOS/Source/portable/GCC/ARM_CM4F/port.o
LOAD Middlewares/Third_Party/FreeRTOS/Source/portable/MemMang/heap_4.o
LOAD STM32_WPAN/App/app_ble.o
LOAD STM32_WPAN/App/dis_app.o
LOAD STM32_WPAN/App/hrs_app.o
LOAD STM32_WPAN/Target/hw_ipcc.o
LOAD USB_Device/App/usb_device.o
LOAD USB_Device/App/usbd_cdc_if.o
LOAD USB_Device/App/usbd_desc.o
LOAD USB_Device/Target/usbd_conf.o
LOAD Utilities/lpm/tiny_lpm/stm32_lpm.o
START GROUP
LOAD /opt/st/stm32cubeide_1.3.0/plugins/com.st.stm32cube.ide.mcu.externaltools.gnu-tools-for-stm32.7-2018-q2-update.linux64_1.0.0.201904181610/tools/bin/../lib/gcc/arm-none-eabi/7.3.1/../../../../arm-none-eabi/lib/thumb/v7e-m/fpv4-sp/hard/libc_nano.a
LOAD /opt/st/stm32cubeide_1.3.0/plugins/com.st.stm32cube.ide.mcu.externaltools.gnu-tools-for-stm32.7-2018-q2-update.linux64_1.0.0.201904181610/tools/bin/../lib/gcc/arm-none-eabi/7.3.1/../../../../arm-none-eabi/lib/thumb/v7e-m/fpv4-sp/hard/libm.a
END GROUP
START GROUP
LOAD /opt/st/stm32cubeide_1.3.0/plugins/com.st.stm32cube.ide.mcu.externaltools.gnu-tools-for-stm32.7-2018-q2-update.linux64_1.0.0.201904181610/tools/bin/../lib/gcc/arm-none-eabi/7.3.1/thumb/v7e-m/fpv4-sp/hard/libgcc.a
LOAD /opt/st/stm32cubeide_1.3.0/plugins/com.st.stm32cube.ide.mcu.externaltools.gnu-tools-for-stm32.7-2018-q2-update.linux64_1.0.0.201904181610/tools/bin/../lib/gcc/arm-none-eabi/7.3.1/../../../../arm-none-eabi/lib/thumb/v7e-m/fpv4-sp/hard/libc_nano.a
END GROUP
START GROUP
LOAD /opt/st/stm32cubeide_1.3.0/plugins/com.st.stm32cube.ide.mcu.externaltools.gnu-tools-for-stm32.7-2018-q2-update.linux64_1.0.0.201904181610/tools/bin/../lib/gcc/arm-none-eabi/7.3.1/thumb/v7e-m/fpv4-sp/hard/libgcc.a
LOAD /opt/st/stm32cubeide_1.3.0/plugins/com.st.stm32cube.ide.mcu.externaltools.gnu-tools-for-stm32.7-2018-q2-update.linux64_1.0.0.201904181610/tools/bin/../lib/gcc/arm-none-eabi/7.3.1/../../../../arm-none-eabi/lib/thumb/v7e-m/fpv4-sp/hard/libc_nano.a
LOAD /opt/st/stm32cubeide_1.3.0/plugins/com.st.stm32cube.ide.mcu.externaltools.gnu-tools-for-stm32.7-2018-q2-update.linux64_1.0.0.201904181610/tools/bin/../lib/gcc/arm-none-eabi/7.3.1/../../../../arm-none-eabi/lib/thumb/v7e-m/fpv4-sp/hard/libnosys.a
END GROUP
START GROUP
LOAD /opt/st/stm32cubeide_1.3.0/plugins/com.st.stm32cube.ide.mcu.externaltools.gnu-tools-for-stm32.7-2018-q2-update.linux64_1.0.0.201904181610/tools/bin/../lib/gcc/arm-none-eabi/7.3.1/thumb/v7e-m/fpv4-sp/hard/libgcc.a
LOAD /opt/st/stm32cubeide_1.3.0/plugins/com.st.stm32cube.ide.mcu.externaltools.gnu-tools-for-stm32.7-2018-q2-update.linux64_1.0.0.201904181610/tools/bin/../lib/gcc/arm-none-eabi/7.3.1/../../../../arm-none-eabi/lib/thumb/v7e-m/fpv4-sp/hard/libc_nano.a
LOAD /opt/st/stm32cubeide_1.3.0/plugins/com.st.stm32cube.ide.mcu.externaltools.gnu-tools-for-stm32.7-2018-q2-update.linux64_1.0.0.201904181610/tools/bin/../lib/gcc/arm-none-eabi/7.3.1/../../../../arm-none-eabi/lib/thumb/v7e-m/fpv4-sp/hard/libnosys.a
END GROUP
LOAD /opt/st/stm32cubeide_1.3.0/plugins/com.st.stm32cube.ide.mcu.externaltools.gnu-tools-for-stm32.7-2018-q2-update.linux64_1.0.0.201904181610/tools/bin/../lib/gcc/arm-none-eabi/7.3.1/thumb/v7e-m/fpv4-sp/hard/crtend.o
LOAD /opt/st/stm32cubeide_1.3.0/plugins/com.st.stm32cube.ide.mcu.externaltools.gnu-tools-for-stm32.7-2018-q2-update.linux64_1.0.0.201904181610/tools/bin/../lib/gcc/arm-none-eabi/7.3.1/thumb/v7e-m/fpv4-sp/hard/crtn.o
                0x0000000020030000                _estack = 0x20030000
                0x0000000000001000                _Min_Heap_Size = 0x1000
                0x0000000000001000                _Min_Stack_Size = 0x1000

.isr_vector     0x0000000008000000      0x13c
                0x0000000008000000                . = ALIGN (0x4)
 *(.isr_vector)
 .isr_vector    0x0000000008000000      0x13c Core/Startup/startup_stm32wb55rgvx.o
                0x0000000008000000                g_pfnVectors
                0x000000000800013c                . = ALIGN (0x4)

.text           0x0000000008000140     0xf798
                0x0000000008000140                . = ALIGN (0x4)
 *(.text)
 .text          0x0000000008000140       0x40 /opt/st/stm32cubeide_1.3.0/plugins/com.st.stm32cube.ide.mcu.externaltools.gnu-tools-for-stm32.7-2018-q2-update.linux64_1.0.0.201904181610/tools/bin/../lib/gcc/arm-none-eabi/7.3.1/thumb/v7e-m/fpv4-sp/hard/crtbegin.o
 .text          0x0000000008000180     0x42a8 Forth/cube/mecrisp.o
                0x00000000080037e4                rtos_osThreadGetId
                0x000000000800380a                rtos_osThreadGetState
                0x0000000008003830                rtos_osThreadSetPriority
                0x000000000800385a                rtos_osThreadGetPriority
                0x000000000800387a                rtos_osThreadYield
                0x000000000800389e                rtos_osThreadSuspend
                0x00000000080038c0                rtos_osThreadResume
                0x00000000080038e0                rtos_osThreadExit
                0x0000000008003900                rtos_osThreadTerminate
                0x0000000008003928                rtos_osThreadGetStackSpace
                0x000000000800394c                rtos_osThreadGetCount
                0x0000000008003972                rtos_osThreadEnumerate
                0x000000000800399e                rtos_xPortGetFreeHeapSize
                0x0000000008004282                Forth
 .text          0x0000000008004428       0x30 /opt/st/stm32cubeide_1.3.0/plugins/com.st.stm32cube.ide.mcu.externaltools.gnu-tools-for-stm32.7-2018-q2-update.linux64_1.0.0.201904181610/tools/bin/../lib/gcc/arm-none-eabi/7.3.1/thumb/v7e-m/fpv4-sp/hard/libgcc.a(_aeabi_uldivmod.o)
                0x0000000008004428                __aeabi_uldivmod
 .text          0x0000000008004458      0x2cc /opt/st/stm32cubeide_1.3.0/plugins/com.st.stm32cube.ide.mcu.externaltools.gnu-tools-for-stm32.7-2018-q2-update.linux64_1.0.0.201904181610/tools/bin/../lib/gcc/arm-none-eabi/7.3.1/thumb/v7e-m/fpv4-sp/hard/libgcc.a(_udivmoddi4.o)
                0x0000000008004458                __udivmoddi4
 .text          0x0000000008004724        0x4 /opt/st/stm32cubeide_1.3.0/plugins/com.st.stm32cube.ide.mcu.externaltools.gnu-tools-for-stm32.7-2018-q2-update.linux64_1.0.0.201904181610/tools/bin/../lib/gcc/arm-none-eabi/7.3.1/thumb/v7e-m/fpv4-sp/hard/libgcc.a(_dvmd_tls.o)
                0x0000000008004724                __aeabi_ldiv0
                0x0000000008004724                __aeabi_idiv0
 *(.text*)
 .text.APPD_EnableCPU2
                0x0000000008004728       0x38 Core/Src/app_debug.o
                0x0000000008004728                APPD_EnableCPU2
 .text.APPE_SysUserEvtRx
                0x0000000008004760       0x16 Core/Src/app_entry.o
 .text.ShciUserEvtProcess
                0x0000000008004776       0x14 Core/Src/app_entry.o
 *fill*         0x000000000800478a        0x2 
 .text.APPE_SysStatusNot
                0x000000000800478c       0x20 Core/Src/app_entry.o
 .text.APPE_Init
                0x00000000080047ac       0xa0 Core/Src/app_entry.o
                0x00000000080047ac                APPE_Init
 .text.shci_notify_asynch_evt
                0x000000000800484c       0x10 Core/Src/app_entry.o
                0x000000000800484c                shci_notify_asynch_evt
 .text.shci_cmd_resp_release
                0x000000000800485c        0xc Core/Src/app_entry.o
                0x000000000800485c                shci_cmd_resp_release
 .text.shci_cmd_resp_wait
                0x0000000008004868       0x10 Core/Src/app_entry.o
                0x0000000008004868                shci_cmd_resp_wait
 .text.LpTimerCb
                0x0000000008004878        0x2 Core/Src/freertos_port.o
 *fill*         0x000000000800487a        0x2 
 .text.vPortSetupTimerInterrupt
                0x000000000800487c       0x48 Core/Src/freertos_port.o
                0x000000000800487c                vPortSetupTimerInterrupt
 .text.ReadRtcSsrValue
                0x00000000080048c4       0x1c Core/Src/hw_timerserver.o
 .text.UnlinkTimer
                0x00000000080048e0       0x64 Core/Src/hw_timerserver.o
 .text.ReturnTimeElapsed
                0x0000000008004944       0x50 Core/Src/hw_timerserver.o
 .text.RescheduleTimerList
                0x0000000008004994      0x118 Core/Src/hw_timerserver.o
 .text.HW_TS_Init
                0x0000000008004aac      0x128 Core/Src/hw_timerserver.o
                0x0000000008004aac                HW_TS_Init
 .text.HW_TS_Create
                0x0000000008004bd4       0x54 Core/Src/hw_timerserver.o
                0x0000000008004bd4                HW_TS_Create
 .text.HW_TS_Stop
                0x0000000008004c28       0xac Core/Src/hw_timerserver.o
                0x0000000008004c28                HW_TS_Stop
 .text.HW_TS_Start
                0x0000000008004cd4      0x13c Core/Src/hw_timerserver.o
                0x0000000008004cd4                HW_TS_Start
 .text.HW_TS_RTC_Int_AppNot
                0x0000000008004e10        0x2 Core/Src/hw_timerserver.o
                0x0000000008004e10                HW_TS_RTC_Int_AppNot
 *fill*         0x0000000008004e12        0x2 
 .text.HW_TS_RTC_Wakeup_Handler
                0x0000000008004e14       0xc0 Core/Src/hw_timerserver.o
                0x0000000008004e14                HW_TS_RTC_Wakeup_Handler
 .text.LL_AHB2_GRP1_EnableClock
                0x0000000008004ed4       0x18 Core/Src/main.o
 .text.HAL_TIM_PeriodElapsedCallback
                0x0000000008004eec       0x14 Core/Src/main.o
                0x0000000008004eec                HAL_TIM_PeriodElapsedCallback
 .text.Error_Handler
                0x0000000008004f00        0x6 Core/Src/main.o
                0x0000000008004f00                Error_Handler
 *fill*         0x0000000008004f06        0x2 
 .text.SystemClock_Config
                0x0000000008004f08      0x118 Core/Src/main.o
                0x0000000008004f08                SystemClock_Config
 .text.startup.main
                0x0000000008005020      0x1f0 Core/Src/main.o
                0x0000000008005020                main
 .text.vApplicationStackOverflowHook
                0x0000000008005210        0x8 Core/Src/main.o
                0x0000000008005210                vApplicationStackOverflowHook
 .text.vApplicationMallocFailedHook
                0x0000000008005218        0x4 Core/Src/main.o
                0x0000000008005218                vApplicationMallocFailedHook
 .text.MainThread
                0x000000000800521c       0x18 Core/Src/main.o
                0x000000000800521c                MainThread
 .text.LL_AHB3_GRP1_EnableClock
                0x0000000008005234       0x18 Core/Src/stm32wbxx_hal_msp.o
 .text.HAL_MspInit
                0x000000000800524c       0x36 Core/Src/stm32wbxx_hal_msp.o
                0x000000000800524c                HAL_MspInit
 *fill*         0x0000000008005282        0x2 
 .text.HAL_CRC_MspInit
                0x0000000008005284       0x28 Core/Src/stm32wbxx_hal_msp.o
                0x0000000008005284                HAL_CRC_MspInit
 .text.HAL_PKA_MspInit
                0x00000000080052ac       0x18 Core/Src/stm32wbxx_hal_msp.o
                0x00000000080052ac                HAL_PKA_MspInit
 .text.HAL_RNG_MspInit
                0x00000000080052c4       0x18 Core/Src/stm32wbxx_hal_msp.o
                0x00000000080052c4                HAL_RNG_MspInit
 .text.HAL_RTC_MspInit
                0x00000000080052dc       0x34 Core/Src/stm32wbxx_hal_msp.o
                0x00000000080052dc                HAL_RTC_MspInit
 .text.HAL_UART_MspInit
                0x0000000008005310       0x70 Core/Src/stm32wbxx_hal_msp.o
                0x0000000008005310                HAL_UART_MspInit
 .text.HAL_InitTick
                0x0000000008005380       0x74 Core/Src/stm32wbxx_hal_timebase_tim.o
                0x0000000008005380                HAL_InitTick
 .text.NMI_Handler
                0x00000000080053f4        0x2 Core/Src/stm32wbxx_it.o
                0x00000000080053f4                NMI_Handler
 .text.HardFault_Handler
                0x00000000080053f6        0x2 Core/Src/stm32wbxx_it.o
                0x00000000080053f6                HardFault_Handler
 .text.MemManage_Handler
                0x00000000080053f8        0x2 Core/Src/stm32wbxx_it.o
                0x00000000080053f8                MemManage_Handler
 .text.BusFault_Handler
                0x00000000080053fa        0x2 Core/Src/stm32wbxx_it.o
                0x00000000080053fa                BusFault_Handler
 .text.UsageFault_Handler
                0x00000000080053fc        0x2 Core/Src/stm32wbxx_it.o
                0x00000000080053fc                UsageFault_Handler
 .text.DebugMon_Handler
                0x00000000080053fe        0x2 Core/Src/stm32wbxx_it.o
                0x00000000080053fe                DebugMon_Handler
 .text.FLASH_IRQHandler
                0x0000000008005400        0x4 Core/Src/stm32wbxx_it.o
                0x0000000008005400                FLASH_IRQHandler
 .text.USB_LP_IRQHandler
                0x0000000008005404        0xc Core/Src/stm32wbxx_it.o
                0x0000000008005404                USB_LP_IRQHandler
 .text.TIM1_TRG_COM_TIM17_IRQHandler
                0x0000000008005410        0xc Core/Src/stm32wbxx_it.o
                0x0000000008005410                TIM1_TRG_COM_TIM17_IRQHandler
 .text.USART1_IRQHandler
                0x000000000800541c        0xc Core/Src/stm32wbxx_it.o
                0x000000000800541c                USART1_IRQHandler
 .text.RTC_WKUP_IRQHandler
                0x0000000008005428        0x4 Core/Src/stm32wbxx_it.o
                0x0000000008005428                RTC_WKUP_IRQHandler
 .text.IPCC_C1_TX_IRQHandler
                0x000000000800542c        0x4 Core/Src/stm32wbxx_it.o
                0x000000000800542c                IPCC_C1_TX_IRQHandler
 .text.IPCC_C1_RX_IRQHandler
                0x0000000008005430        0x4 Core/Src/stm32wbxx_it.o
                0x0000000008005430                IPCC_C1_RX_IRQHandler
 .text.SystemInit
                0x0000000008005434       0x68 Core/Src/system_stm32wbxx.o
                0x0000000008005434                SystemInit
 .text.SystemCoreClockUpdate
                0x000000000800549c       0xa0 Core/Src/system_stm32wbxx.o
                0x000000000800549c                SystemCoreClockUpdate
 .text.data_initializers
                0x000000000800553c       0x18 Core/Startup/startup_stm32wb55rgvx.o
 .text.Reset_Handler
                0x0000000008005554       0x54 Core/Startup/startup_stm32wb55rgvx.o
                0x0000000008005554                Reset_Handler
 .text.Default_Handler
                0x00000000080055a8        0x2 Core/Startup/startup_stm32wb55rgvx.o
                0x00000000080055a8                RTC_Alarm_IRQHandler
                0x00000000080055a8                EXTI2_IRQHandler
                0x00000000080055a8                TIM1_CC_IRQHandler
                0x00000000080055a8                TSC_IRQHandler
                0x00000000080055a8                USB_HP_IRQHandler
                0x00000000080055a8                EXTI3_IRQHandler
                0x00000000080055a8                LPTIM2_IRQHandler
                0x00000000080055a8                I2C3_ER_IRQHandler
                0x00000000080055a8                EXTI0_IRQHandler
                0x00000000080055a8                FPU_IRQHandler
                0x00000000080055a8                TIM1_UP_TIM16_IRQHandler
                0x00000000080055a8                AES1_IRQHandler
                0x00000000080055a8                SPI1_IRQHandler
                0x00000000080055a8                PWR_SOTF_BLEACT_802ACT_RFPHASE_IRQHandler
                0x00000000080055a8                DMA2_Channel2_IRQHandler
                0x00000000080055a8                DMA1_Channel4_IRQHandler
                0x00000000080055a8                ADC1_IRQHandler
                0x00000000080055a8                PKA_IRQHandler
                0x00000000080055a8                DMA1_Channel7_IRQHandler
                0x00000000080055a8                LCD_IRQHandler
                0x00000000080055a8                DMA2_Channel1_IRQHandler
                0x00000000080055a8                QUADSPI_IRQHandler
                0x00000000080055a8                I2C1_EV_IRQHandler
                0x00000000080055a8                DMAMUX1_OVR_IRQHandler
                0x00000000080055a8                DMA1_Channel6_IRQHandler
                0x00000000080055a8                DMA2_Channel4_IRQHandler
                0x00000000080055a8                RCC_IRQHandler
                0x00000000080055a8                DMA1_Channel1_IRQHandler
                0x00000000080055a8                Default_Handler
                0x00000000080055a8                DMA2_Channel7_IRQHandler
                0x00000000080055a8                EXTI15_10_IRQHandler
                0x00000000080055a8                C2SEV_PWR_C2H_IRQHandler
                0x00000000080055a8                AES2_IRQHandler
                0x00000000080055a8                I2C3_EV_IRQHandler
                0x00000000080055a8                EXTI9_5_IRQHandler
                0x00000000080055a8                PVD_PVM_IRQHandler
                0x00000000080055a8                SPI2_IRQHandler
                0x00000000080055a8                DMA2_Channel5_IRQHandler
                0x00000000080055a8                CRS_IRQHandler
                0x00000000080055a8                DMA1_Channel5_IRQHandler
                0x00000000080055a8                EXTI4_IRQHandler
                0x00000000080055a8                RNG_IRQHandler
                0x00000000080055a8                TAMP_STAMP_LSECSS_IRQHandler
                0x00000000080055a8                DMA1_Channel3_IRQHandler
                0x00000000080055a8                COMP_IRQHandler
                0x00000000080055a8                HSEM_IRQHandler
                0x00000000080055a8                WWDG_IRQHandler
                0x00000000080055a8                LPUART1_IRQHandler
                0x00000000080055a8                DMA2_Channel6_IRQHandler
                0x00000000080055a8                TIM2_IRQHandler
                0x00000000080055a8                TIM1_BRK_IRQHandler
                0x00000000080055a8                EXTI1_IRQHandler
                0x00000000080055a8                DMA1_Channel2_IRQHandler
                0x00000000080055a8                I2C1_ER_IRQHandler
                0x00000000080055a8                LPTIM1_IRQHandler
                0x00000000080055a8                SAI1_IRQHandler
                0x00000000080055a8                DMA2_Channel3_IRQHandler
 *fill*         0x00000000080055aa        0x2 
 .text.HAL_Init
                0x00000000080055ac       0x2c Drivers/STM32WBxx_HAL_Driver/Src/stm32wbxx_hal.o
                0x00000000080055ac                HAL_Init
 .text.HAL_IncTick
                0x00000000080055d8       0x18 Drivers/STM32WBxx_HAL_Driver/Src/stm32wbxx_hal.o
                0x00000000080055d8                HAL_IncTick
 .text.HAL_GetTick
                0x00000000080055f0        0xc Drivers/STM32WBxx_HAL_Driver/Src/stm32wbxx_hal.o
                0x00000000080055f0                HAL_GetTick
 .text.HAL_GetTickPrio
                0x00000000080055fc        0xc Drivers/STM32WBxx_HAL_Driver/Src/stm32wbxx_hal.o
                0x00000000080055fc                HAL_GetTickPrio
 .text.HAL_NVIC_SetPriorityGrouping
                0x0000000008005608       0x24 Drivers/STM32WBxx_HAL_Driver/Src/stm32wbxx_hal_cortex.o
                0x0000000008005608                HAL_NVIC_SetPriorityGrouping
 .text.HAL_NVIC_SetPriority
                0x000000000800562c       0x68 Drivers/STM32WBxx_HAL_Driver/Src/stm32wbxx_hal_cortex.o
                0x000000000800562c                HAL_NVIC_SetPriority
 .text.HAL_NVIC_EnableIRQ
                0x0000000008005694       0x1c Drivers/STM32WBxx_HAL_Driver/Src/stm32wbxx_hal_cortex.o
                0x0000000008005694                HAL_NVIC_EnableIRQ
 .text.HAL_NVIC_DisableIRQ
                0x00000000080056b0       0x28 Drivers/STM32WBxx_HAL_Driver/Src/stm32wbxx_hal_cortex.o
                0x00000000080056b0                HAL_NVIC_DisableIRQ
 .text.HAL_NVIC_SetPendingIRQ
                0x00000000080056d8       0x20 Drivers/STM32WBxx_HAL_Driver/Src/stm32wbxx_hal_cortex.o
                0x00000000080056d8                HAL_NVIC_SetPendingIRQ
 .text.HAL_NVIC_ClearPendingIRQ
                0x00000000080056f8       0x20 Drivers/STM32WBxx_HAL_Driver/Src/stm32wbxx_hal_cortex.o
                0x00000000080056f8                HAL_NVIC_ClearPendingIRQ
 .text.HAL_CRC_Init
                0x0000000008005718       0x74 Drivers/STM32WBxx_HAL_Driver/Src/stm32wbxx_hal_crc.o
                0x0000000008005718                HAL_CRC_Init
 .text.HAL_CRCEx_Polynomial_Set
                0x000000000800578c       0x44 Drivers/STM32WBxx_HAL_Driver/Src/stm32wbxx_hal_crc_ex.o
                0x000000000800578c                HAL_CRCEx_Polynomial_Set
 .text.HAL_DMA_Abort_IT
                0x00000000080057d0       0x6e Drivers/STM32WBxx_HAL_Driver/Src/stm32wbxx_hal_dma.o
                0x00000000080057d0                HAL_DMA_Abort_IT
 *fill*         0x000000000800583e        0x2 
 .text.HAL_FLASH_IRQHandler
                0x0000000008005840       0x98 Drivers/STM32WBxx_HAL_Driver/Src/stm32wbxx_hal_flash.o
                0x0000000008005840                HAL_FLASH_IRQHandler
 .text.HAL_FLASH_Unlock
                0x00000000080058d8       0x24 Drivers/STM32WBxx_HAL_Driver/Src/stm32wbxx_hal_flash.o
                0x00000000080058d8                HAL_FLASH_Unlock
 .text.HAL_FLASH_Lock
                0x00000000080058fc       0x18 Drivers/STM32WBxx_HAL_Driver/Src/stm32wbxx_hal_flash.o
                0x00000000080058fc                HAL_FLASH_Lock
 .text.FLASH_WaitForLastOperation
                0x0000000008005914       0x5c Drivers/STM32WBxx_HAL_Driver/Src/stm32wbxx_hal_flash.o
                0x0000000008005914                FLASH_WaitForLastOperation
 .text.HAL_FLASH_Program_IT
                0x0000000008005970       0x74 Drivers/STM32WBxx_HAL_Driver/Src/stm32wbxx_hal_flash.o
                0x0000000008005970                HAL_FLASH_Program_IT
 .text.HAL_FLASHEx_IsOperationSuspended
                0x00000000080059e4       0x10 Drivers/STM32WBxx_HAL_Driver/Src/stm32wbxx_hal_flash_ex.o
                0x00000000080059e4                HAL_FLASHEx_IsOperationSuspended
 .text.FLASH_PageErase
                0x00000000080059f4       0x1c Drivers/STM32WBxx_HAL_Driver/Src/stm32wbxx_hal_flash_ex.o
                0x00000000080059f4                FLASH_PageErase
 .text.HAL_FLASHEx_Erase_IT
                0x0000000008005a10       0x54 Drivers/STM32WBxx_HAL_Driver/Src/stm32wbxx_hal_flash_ex.o
                0x0000000008005a10                HAL_FLASHEx_Erase_IT
 .text.HAL_GPIO_Init
                0x0000000008005a64      0x16c Drivers/STM32WBxx_HAL_Driver/Src/stm32wbxx_hal_gpio.o
                0x0000000008005a64                HAL_GPIO_Init
 .text.HAL_GPIO_ReadPin
                0x0000000008005bd0        0xc Drivers/STM32WBxx_HAL_Driver/Src/stm32wbxx_hal_gpio.o
                0x0000000008005bd0                HAL_GPIO_ReadPin
 .text.HAL_GPIO_WritePin
                0x0000000008005bdc        0xa Drivers/STM32WBxx_HAL_Driver/Src/stm32wbxx_hal_gpio.o
                0x0000000008005bdc                HAL_GPIO_WritePin
 .text.HAL_PCD_Init
                0x0000000008005be6       0xc0 Drivers/STM32WBxx_HAL_Driver/Src/stm32wbxx_hal_pcd.o
                0x0000000008005be6                HAL_PCD_Init
 .text.HAL_PCD_Start
                0x0000000008005ca6       0x2a Drivers/STM32WBxx_HAL_Driver/Src/stm32wbxx_hal_pcd.o
                0x0000000008005ca6                HAL_PCD_Start
 .text.HAL_PCD_SetAddress
                0x0000000008005cd0       0x28 Drivers/STM32WBxx_HAL_Driver/Src/stm32wbxx_hal_pcd.o
                0x0000000008005cd0                HAL_PCD_SetAddress
 .text.HAL_PCD_EP_Open
                0x0000000008005cf8       0x66 Drivers/STM32WBxx_HAL_Driver/Src/stm32wbxx_hal_pcd.o
                0x0000000008005cf8                HAL_PCD_EP_Open
 .text.HAL_PCD_EP_Close
                0x0000000008005d5e       0x52 Drivers/STM32WBxx_HAL_Driver/Src/stm32wbxx_hal_pcd.o
                0x0000000008005d5e                HAL_PCD_EP_Close
 .text.HAL_PCD_EP_Receive
                0x0000000008005db0       0x32 Drivers/STM32WBxx_HAL_Driver/Src/stm32wbxx_hal_pcd.o
                0x0000000008005db0                HAL_PCD_EP_Receive
 .text.HAL_PCD_EP_GetRxCount
                0x0000000008005de2        0xe Drivers/STM32WBxx_HAL_Driver/Src/stm32wbxx_hal_pcd.o
                0x0000000008005de2                HAL_PCD_EP_GetRxCount
 .text.HAL_PCD_EP_Transmit
                0x0000000008005df0       0x2e Drivers/STM32WBxx_HAL_Driver/Src/stm32wbxx_hal_pcd.o
                0x0000000008005df0                HAL_PCD_EP_Transmit
 *fill*         0x0000000008005e1e        0x2 
 .text.HAL_PCD_IRQHandler
                0x0000000008005e20      0x484 Drivers/STM32WBxx_HAL_Driver/Src/stm32wbxx_hal_pcd.o
                0x0000000008005e20                HAL_PCD_IRQHandler
 .text.HAL_PCD_EP_SetStall
                0x00000000080062a4       0x72 Drivers/STM32WBxx_HAL_Driver/Src/stm32wbxx_hal_pcd.o
                0x00000000080062a4                HAL_PCD_EP_SetStall
 .text.HAL_PCD_EP_ClrStall
                0x0000000008006316       0x64 Drivers/STM32WBxx_HAL_Driver/Src/stm32wbxx_hal_pcd.o
                0x0000000008006316                HAL_PCD_EP_ClrStall
 .text.HAL_PCDEx_PMAConfig
                0x000000000800637a       0x32 Drivers/STM32WBxx_HAL_Driver/Src/stm32wbxx_hal_pcd_ex.o
                0x000000000800637a                HAL_PCDEx_PMAConfig
 .text.HAL_PCDEx_ActivateLPM
                0x00000000080063ac       0x28 Drivers/STM32WBxx_HAL_Driver/Src/stm32wbxx_hal_pcd_ex.o
                0x00000000080063ac                HAL_PCDEx_ActivateLPM
 .text.HAL_PKA_Init
                0x00000000080063d4       0x2c Drivers/STM32WBxx_HAL_Driver/Src/stm32wbxx_hal_pka.o
                0x00000000080063d4                HAL_PKA_Init
 .text.HAL_PWR_EnableBkUpAccess
                0x0000000008006400       0x10 Drivers/STM32WBxx_HAL_Driver/Src/stm32wbxx_hal_pwr.o
                0x0000000008006400                HAL_PWR_EnableBkUpAccess
 .text.HAL_PWREx_GetVoltageRange
                0x0000000008006410       0x10 Drivers/STM32WBxx_HAL_Driver/Src/stm32wbxx_hal_pwr_ex.o
                0x0000000008006410                HAL_PWREx_GetVoltageRange
 .text.HAL_PWREx_EnableVddUSB
                0x0000000008006420       0x10 Drivers/STM32WBxx_HAL_Driver/Src/stm32wbxx_hal_pwr_ex.o
                0x0000000008006420                HAL_PWREx_EnableVddUSB
 .text.LL_RCC_HSE_IsReady
                0x0000000008006430        0xc Drivers/STM32WBxx_HAL_Driver/Src/stm32wbxx_hal_rcc.o
 .text.LL_RCC_HSI_IsReady
                0x000000000800643c        0xc Drivers/STM32WBxx_HAL_Driver/Src/stm32wbxx_hal_rcc.o
 .text.LL_RCC_LSI1_IsReady
                0x0000000008006448        0xe Drivers/STM32WBxx_HAL_Driver/Src/stm32wbxx_hal_rcc.o
 .text.LL_RCC_MSI_IsReady
                0x0000000008006456        0xc Drivers/STM32WBxx_HAL_Driver/Src/stm32wbxx_hal_rcc.o
 .text.LL_RCC_MSI_SetRange
                0x0000000008006462       0x10 Drivers/STM32WBxx_HAL_Driver/Src/stm32wbxx_hal_rcc.o
 .text.LL_RCC_MSI_GetRange
                0x0000000008006472       0x12 Drivers/STM32WBxx_HAL_Driver/Src/stm32wbxx_hal_rcc.o
 .text.LL_RCC_MSI_SetCalibTrimming
                0x0000000008006484       0x12 Drivers/STM32WBxx_HAL_Driver/Src/stm32wbxx_hal_rcc.o
 *fill*         0x0000000008006496        0x2 
 .text.RCC_SetFlashLatencyFromMSIRange
                0x0000000008006498       0xd0 Drivers/STM32WBxx_HAL_Driver/Src/stm32wbxx_hal_rcc.o
 .text.HAL_RCC_OscConfig
                0x0000000008006568      0x5b0 Drivers/STM32WBxx_HAL_Driver/Src/stm32wbxx_hal_rcc.o
                0x0000000008006568                HAL_RCC_OscConfig
 .text.HAL_RCC_ClockConfig
                0x0000000008006b18      0x1e8 Drivers/STM32WBxx_HAL_Driver/Src/stm32wbxx_hal_rcc.o
                0x0000000008006b18                HAL_RCC_ClockConfig
 .text.HAL_RCC_GetSysClockFreq
                0x0000000008006d00       0x9c Drivers/STM32WBxx_HAL_Driver/Src/stm32wbxx_hal_rcc.o
                0x0000000008006d00                HAL_RCC_GetSysClockFreq
 .text.HAL_RCC_GetHCLKFreq
                0x0000000008006d9c       0x20 Drivers/STM32WBxx_HAL_Driver/Src/stm32wbxx_hal_rcc.o
                0x0000000008006d9c                HAL_RCC_GetHCLKFreq
 .text.HAL_RCC_GetPCLK1Freq
                0x0000000008006dbc       0x24 Drivers/STM32WBxx_HAL_Driver/Src/stm32wbxx_hal_rcc.o
                0x0000000008006dbc                HAL_RCC_GetPCLK1Freq
 .text.HAL_RCC_GetPCLK2Freq
                0x0000000008006de0       0x24 Drivers/STM32WBxx_HAL_Driver/Src/stm32wbxx_hal_rcc.o
                0x0000000008006de0                HAL_RCC_GetPCLK2Freq
 .text.HAL_RCC_GetClockConfig
                0x0000000008006e04       0x4c Drivers/STM32WBxx_HAL_Driver/Src/stm32wbxx_hal_rcc.o
                0x0000000008006e04                HAL_RCC_GetClockConfig
 .text.LL_RCC_LSE_IsReady
                0x0000000008006e50        0xe Drivers/STM32WBxx_HAL_Driver/Src/stm32wbxx_hal_rcc_ex.o
 .text.LL_RCC_SetI2CClockSource
                0x0000000008006e5e       0x20 Drivers/STM32WBxx_HAL_Driver/Src/stm32wbxx_hal_rcc_ex.o
 .text.LL_RCC_PLLSAI1_Enable
                0x0000000008006e7e        0xe Drivers/STM32WBxx_HAL_Driver/Src/stm32wbxx_hal_rcc_ex.o
 .text.LL_RCC_PLLSAI1_Disable
                0x0000000008006e8c        0xe Drivers/STM32WBxx_HAL_Driver/Src/stm32wbxx_hal_rcc_ex.o
 .text.LL_RCC_PLLSAI1_IsReady
                0x0000000008006e9a        0xc Drivers/STM32WBxx_HAL_Driver/Src/stm32wbxx_hal_rcc_ex.o
 .text.HAL_RCCEx_PeriphCLKConfig
                0x0000000008006ea6      0x386 Drivers/STM32WBxx_HAL_Driver/Src/stm32wbxx_hal_rcc_ex.o
                0x0000000008006ea6                HAL_RCCEx_PeriphCLKConfig
 .text.HAL_RCCEx_EnableMSIPLLMode
                0x000000000800722c        0xe Drivers/STM32WBxx_HAL_Driver/Src/stm32wbxx_hal_rcc_ex.o
                0x000000000800722c                HAL_RCCEx_EnableMSIPLLMode
 .text.HAL_RNG_Init
                0x000000000800723a       0x3c Drivers/STM32WBxx_HAL_Driver/Src/stm32wbxx_hal_rng.o
                0x000000000800723a                HAL_RNG_Init
 .text.HAL_RTC_WaitForSynchro
                0x0000000008007276       0x30 Drivers/STM32WBxx_HAL_Driver/Src/stm32wbxx_hal_rtc.o
                0x0000000008007276                HAL_RTC_WaitForSynchro
 .text.RTC_EnterInitMode
                0x00000000080072a6       0x34 Drivers/STM32WBxx_HAL_Driver/Src/stm32wbxx_hal_rtc.o
                0x00000000080072a6                RTC_EnterInitMode
 .text.HAL_RTC_Init
                0x00000000080072da       0xb8 Drivers/STM32WBxx_HAL_Driver/Src/stm32wbxx_hal_rtc.o
                0x00000000080072da                HAL_RTC_Init
 .text.HAL_TIM_Base_MspInit
                0x0000000008007392        0x2 Drivers/STM32WBxx_HAL_Driver/Src/stm32wbxx_hal_tim.o
                0x0000000008007392                HAL_TIM_Base_MspInit
 .text.HAL_TIM_Base_Start_IT
                0x0000000008007394       0x2c Drivers/STM32WBxx_HAL_Driver/Src/stm32wbxx_hal_tim.o
                0x0000000008007394                HAL_TIM_Base_Start_IT
 .text.HAL_TIM_OC_DelayElapsedCallback
                0x00000000080073c0        0x2 Drivers/STM32WBxx_HAL_Driver/Src/stm32wbxx_hal_tim.o
                0x00000000080073c0                HAL_TIM_OC_DelayElapsedCallback
 .text.HAL_TIM_IC_CaptureCallback
                0x00000000080073c2        0x2 Drivers/STM32WBxx_HAL_Driver/Src/stm32wbxx_hal_tim.o
                0x00000000080073c2                HAL_TIM_IC_CaptureCallback
 .text.HAL_TIM_PWM_PulseFinishedCallback
                0x00000000080073c4        0x2 Drivers/STM32WBxx_HAL_Driver/Src/stm32wbxx_hal_tim.o
                0x00000000080073c4                HAL_TIM_PWM_PulseFinishedCallback
 .text.HAL_TIM_TriggerCallback
                0x00000000080073c6        0x2 Drivers/STM32WBxx_HAL_Driver/Src/stm32wbxx_hal_tim.o
                0x00000000080073c6                HAL_TIM_TriggerCallback
 .text.HAL_TIM_IRQHandler
                0x00000000080073c8      0x160 Drivers/STM32WBxx_HAL_Driver/Src/stm32wbxx_hal_tim.o
                0x00000000080073c8                HAL_TIM_IRQHandler
 .text.TIM_Base_SetConfig
                0x0000000008007528       0x74 Drivers/STM32WBxx_HAL_Driver/Src/stm32wbxx_hal_tim.o
                0x0000000008007528                TIM_Base_SetConfig
 .text.HAL_TIM_Base_Init
                0x000000000800759c       0x34 Drivers/STM32WBxx_HAL_Driver/Src/stm32wbxx_hal_tim.o
                0x000000000800759c                HAL_TIM_Base_Init
 .text.HAL_TIMEx_CommutCallback
                0x00000000080075d0        0x2 Drivers/STM32WBxx_HAL_Driver/Src/stm32wbxx_hal_tim_ex.o
                0x00000000080075d0                HAL_TIMEx_CommutCallback
 .text.HAL_TIMEx_BreakCallback
                0x00000000080075d2        0x2 Drivers/STM32WBxx_HAL_Driver/Src/stm32wbxx_hal_tim_ex.o
                0x00000000080075d2                HAL_TIMEx_BreakCallback
 .text.HAL_TIMEx_Break2Callback
                0x00000000080075d4        0x2 Drivers/STM32WBxx_HAL_Driver/Src/stm32wbxx_hal_tim_ex.o
                0x00000000080075d4                HAL_TIMEx_Break2Callback
 .text.UART_EndRxTransfer
                0x00000000080075d6       0x22 Drivers/STM32WBxx_HAL_Driver/Src/stm32wbxx_hal_uart.o
 .text.UART_TxISR_16BIT
                0x00000000080075f8       0x40 Drivers/STM32WBxx_HAL_Driver/Src/stm32wbxx_hal_uart.o
 .text.UART_TxISR_16BIT_FIFOEN
                0x0000000008007638       0x52 Drivers/STM32WBxx_HAL_Driver/Src/stm32wbxx_hal_uart.o
 .text.UART_TxISR_8BIT
                0x000000000800768a       0x3c Drivers/STM32WBxx_HAL_Driver/Src/stm32wbxx_hal_uart.o
 .text.UART_TxISR_8BIT_FIFOEN
                0x00000000080076c6       0x4e Drivers/STM32WBxx_HAL_Driver/Src/stm32wbxx_hal_uart.o
 .text.HAL_UART_Transmit_IT
                0x0000000008007714       0xa4 Drivers/STM32WBxx_HAL_Driver/Src/stm32wbxx_hal_uart.o
                0x0000000008007714                HAL_UART_Transmit_IT
 .text.HAL_UART_Receive_IT
                0x00000000080077b8       0xf0 Drivers/STM32WBxx_HAL_Driver/Src/stm32wbxx_hal_uart.o
                0x00000000080077b8                HAL_UART_Receive_IT
 .text.UART_RxISR_8BIT
                0x00000000080078a8       0x5c Drivers/STM32WBxx_HAL_Driver/Src/stm32wbxx_hal_uart.o
 .text.UART_RxISR_16BIT
                0x0000000008007904       0x58 Drivers/STM32WBxx_HAL_Driver/Src/stm32wbxx_hal_uart.o
 .text.UART_RxISR_8BIT_FIFOEN
                0x000000000800795c       0xa4 Drivers/STM32WBxx_HAL_Driver/Src/stm32wbxx_hal_uart.o
 .text.UART_RxISR_16BIT_FIFOEN
                0x0000000008007a00       0xa0 Drivers/STM32WBxx_HAL_Driver/Src/stm32wbxx_hal_uart.o
 .text.HAL_UART_IRQHandler
                0x0000000008007aa0      0x19c Drivers/STM32WBxx_HAL_Driver/Src/stm32wbxx_hal_uart.o
                0x0000000008007aa0                HAL_UART_IRQHandler
 .text.UART_DMAAbortOnError
                0x0000000008007c3c       0x14 Drivers/STM32WBxx_HAL_Driver/Src/stm32wbxx_hal_uart.o
 .text.UART_SetConfig
                0x0000000008007c50      0x8b4 Drivers/STM32WBxx_HAL_Driver/Src/stm32wbxx_hal_uart.o
                0x0000000008007c50                UART_SetConfig
 .text.UART_AdvFeatureConfig
                0x0000000008008504       0xa8 Drivers/STM32WBxx_HAL_Driver/Src/stm32wbxx_hal_uart.o
                0x0000000008008504                UART_AdvFeatureConfig
 .text.UART_WaitOnFlagUntilTimeout
                0x00000000080085ac       0x8e Drivers/STM32WBxx_HAL_Driver/Src/stm32wbxx_hal_uart.o
                0x00000000080085ac                UART_WaitOnFlagUntilTimeout
 .text.UART_CheckIdleState
                0x000000000800863a       0x66 Drivers/STM32WBxx_HAL_Driver/Src/stm32wbxx_hal_uart.o
                0x000000000800863a                UART_CheckIdleState
 .text.HAL_UART_Init
                0x00000000080086a0       0x60 Drivers/STM32WBxx_HAL_Driver/Src/stm32wbxx_hal_uart.o
                0x00000000080086a0                HAL_UART_Init
 .text.UARTEx_SetNbDataToProcess
                0x0000000008008700       0x6c Drivers/STM32WBxx_HAL_Driver/Src/stm32wbxx_hal_uart_ex.o
 .text.HAL_UARTEx_WakeupCallback
                0x000000000800876c        0x2 Drivers/STM32WBxx_HAL_Driver/Src/stm32wbxx_hal_uart_ex.o
                0x000000000800876c                HAL_UARTEx_WakeupCallback
 .text.HAL_UARTEx_TxFifoEmptyCallback
                0x000000000800876e        0x2 Drivers/STM32WBxx_HAL_Driver/Src/stm32wbxx_hal_uart_ex.o
                0x000000000800876e                HAL_UARTEx_TxFifoEmptyCallback
 .text.HAL_UARTEx_EnableFifoMode
                0x0000000008008770       0x46 Drivers/STM32WBxx_HAL_Driver/Src/stm32wbxx_hal_uart_ex.o
                0x0000000008008770                HAL_UARTEx_EnableFifoMode
 .text.HAL_UARTEx_SetTxFifoThreshold
                0x00000000080087b6       0x48 Drivers/STM32WBxx_HAL_Driver/Src/stm32wbxx_hal_uart_ex.o
                0x00000000080087b6                HAL_UARTEx_SetTxFifoThreshold
 .text.HAL_UARTEx_SetRxFifoThreshold
                0x00000000080087fe       0x48 Drivers/STM32WBxx_HAL_Driver/Src/stm32wbxx_hal_uart_ex.o
                0x00000000080087fe                HAL_UARTEx_SetRxFifoThreshold
 .text.USB_EnableGlobalInt
                0x0000000008008846       0x14 Drivers/STM32WBxx_HAL_Driver/Src/stm32wbxx_ll_usb.o
                0x0000000008008846                USB_EnableGlobalInt
 .text.USB_DisableGlobalInt
                0x000000000800885a       0x14 Drivers/STM32WBxx_HAL_Driver/Src/stm32wbxx_ll_usb.o
                0x000000000800885a                USB_DisableGlobalInt
 .text.USB_DevInit
                0x000000000800886e       0x38 Drivers/STM32WBxx_HAL_Driver/Src/stm32wbxx_ll_usb.o
                0x000000000800886e                USB_DevInit
 *fill*         0x00000000080088a6        0x2 
 .text.USB_ActivateEndpoint
                0x00000000080088a8      0x2ac Drivers/STM32WBxx_HAL_Driver/Src/stm32wbxx_ll_usb.o
                0x00000000080088a8                USB_ActivateEndpoint
 .text.USB_DeactivateEndpoint
                0x0000000008008b54      0x18c Drivers/STM32WBxx_HAL_Driver/Src/stm32wbxx_ll_usb.o
                0x0000000008008b54                USB_DeactivateEndpoint
 .text.USB_EPSetStall
                0x0000000008008ce0       0x38 Drivers/STM32WBxx_HAL_Driver/Src/stm32wbxx_ll_usb.o
                0x0000000008008ce0                USB_EPSetStall
 .text.USB_EPClearStall
                0x0000000008008d18       0x86 Drivers/STM32WBxx_HAL_Driver/Src/stm32wbxx_ll_usb.o
                0x0000000008008d18                USB_EPClearStall
 .text.USB_SetDevAddress
                0x0000000008008d9e        0xc Drivers/STM32WBxx_HAL_Driver/Src/stm32wbxx_ll_usb.o
                0x0000000008008d9e                USB_SetDevAddress
 .text.USB_DevConnect
                0x0000000008008daa       0x10 Drivers/STM32WBxx_HAL_Driver/Src/stm32wbxx_ll_usb.o
                0x0000000008008daa                USB_DevConnect
 .text.USB_ReadInterrupts
                0x0000000008008dba        0x6 Drivers/STM32WBxx_HAL_Driver/Src/stm32wbxx_ll_usb.o
                0x0000000008008dba                USB_ReadInterrupts
 .text.USB_EP0_OutStart
                0x0000000008008dc0        0x4 Drivers/STM32WBxx_HAL_Driver/Src/stm32wbxx_ll_usb.o
                0x0000000008008dc0                USB_EP0_OutStart
 .text.USB_WritePMA
                0x0000000008008dc4       0x1e Drivers/STM32WBxx_HAL_Driver/Src/stm32wbxx_ll_usb.o
                0x0000000008008dc4                USB_WritePMA
 *fill*         0x0000000008008de2        0x2 
 .text.USB_EPStartXfer
                0x0000000008008de4      0x19c Drivers/STM32WBxx_HAL_Driver/Src/stm32wbxx_ll_usb.o
                0x0000000008008de4                USB_EPStartXfer
 .text.USB_ReadPMA
                0x0000000008008f80       0x36 Drivers/STM32WBxx_HAL_Driver/Src/stm32wbxx_ll_usb.o
                0x0000000008008f80                USB_ReadPMA
 *fill*         0x0000000008008fb6        0x2 
 .text.BSP_setLED1
                0x0000000008008fb8       0x14 Forth/Src/bsp.o
                0x0000000008008fb8                BSP_setLED1
 .text.BSP_getLED1
                0x0000000008008fcc       0x1c Forth/Src/bsp.o
                0x0000000008008fcc                BSP_getLED1
 .text.BSP_setLED2
                0x0000000008008fe8       0x14 Forth/Src/bsp.o
                0x0000000008008fe8                BSP_setLED2
 .text.BSP_getLED2
                0x0000000008008ffc       0x1c Forth/Src/bsp.o
                0x0000000008008ffc                BSP_getLED2
 .text.BSP_setLED3
                0x0000000008009018       0x14 Forth/Src/bsp.o
                0x0000000008009018                BSP_setLED3
 .text.BSP_getLED3
                0x000000000800902c       0x1c Forth/Src/bsp.o
                0x000000000800902c                BSP_getLED3
 .text.BSP_getSwitch1
                0x0000000008009048       0x18 Forth/Src/bsp.o
                0x0000000008009048                BSP_getSwitch1
 .text.BSP_blinkThread
                0x0000000008009060       0x28 Forth/Src/bsp.o
                0x0000000008009060                BSP_blinkThread
 .text.BSP_getSwitch2
                0x0000000008009088       0x18 Forth/Src/bsp.o
                0x0000000008009088                BSP_getSwitch2
 .text.BSP_getSwitch3
                0x00000000080090a0       0x18 Forth/Src/bsp.o
                0x00000000080090a0                BSP_getSwitch3
 .text.BSP_getDigitalPort
                0x00000000080090b8       0x30 Forth/Src/bsp.o
                0x00000000080090b8                BSP_getDigitalPort
 .text.BSP_setDigitalPin
                0x00000000080090e8       0x1c Forth/Src/bsp.o
                0x00000000080090e8                BSP_setDigitalPin
 .text.BSP_getDigitalPin
                0x0000000008009104       0x18 Forth/Src/bsp.o
                0x0000000008009104                BSP_getDigitalPin
 .text.FLASH_init
                0x000000000800911c       0x54 Forth/Src/flash.o
                0x000000000800911c                FLASH_init
 .text.FLASH_programDouble
                0x0000000008009170       0xb8 Forth/Src/flash.o
                0x0000000008009170                FLASH_programDouble
 .text.FLASH_erasePage
                0x0000000008009228       0x80 Forth/Src/flash.o
                0x0000000008009228                FLASH_erasePage
 .text.HAL_FLASH_EndOfOperationCallback
                0x00000000080092a8       0x14 Forth/Src/flash.o
                0x00000000080092a8                HAL_FLASH_EndOfOperationCallback
 .text.HAL_FLASH_OperationErrorCallback
                0x00000000080092bc       0x20 Forth/Src/flash.o
                0x00000000080092bc                HAL_FLASH_OperationErrorCallback
 .text.UART_RxThread
                0x00000000080092dc       0x7c Forth/Src/uart.o
 .text.UART_TxThread
                0x0000000008009358       0x5c Forth/Src/uart.o
 .text.UART_init
                0x00000000080093b4       0x9c Forth/Src/uart.o
                0x00000000080093b4                UART_init
 .text.UART_getc
                0x0000000008009450       0x30 Forth/Src/uart.o
                0x0000000008009450                UART_getc
 .text.UART_RxReady
                0x0000000008009480       0x18 Forth/Src/uart.o
                0x0000000008009480                UART_RxReady
 .text.UART_putc
                0x0000000008009498       0x2c Forth/Src/uart.o
                0x0000000008009498                UART_putc
 .text.UART_TxReady
                0x00000000080094c4       0x18 Forth/Src/uart.o
                0x00000000080094c4                UART_TxReady
 .text.HAL_UART_TxCpltCallback
                0x00000000080094dc       0x10 Forth/Src/uart.o
                0x00000000080094dc                HAL_UART_TxCpltCallback
 .text.HAL_UART_RxCpltCallback
                0x00000000080094ec       0x10 Forth/Src/uart.o
                0x00000000080094ec                HAL_UART_RxCpltCallback
 .text.HAL_UART_ErrorCallback
                0x00000000080094fc        0x4 Forth/Src/uart.o
                0x00000000080094fc                HAL_UART_ErrorCallback
 .text.HAL_UARTEx_RxFifoFullCallback
                0x0000000008009500        0x4 Forth/Src/uart.o
                0x0000000008009500                HAL_UARTEx_RxFifoFullCallback
 .text.cdc_thread
                0x0000000008009504       0x54 Forth/Src/usb_cdc.o
 .text.CDC_init
                0x0000000008009558       0x78 Forth/Src/usb_cdc.o
                0x0000000008009558                CDC_init
 .text.CDC_getc
                0x00000000080095d0       0x30 Forth/Src/usb_cdc.o
                0x00000000080095d0                CDC_getc
 .text.CDC_RxReady
                0x0000000008009600       0x18 Forth/Src/usb_cdc.o
                0x0000000008009600                CDC_RxReady
 .text.CDC_putc
                0x0000000008009618       0x2c Forth/Src/usb_cdc.o
                0x0000000008009618                CDC_putc
 .text.CDC_TxReady
                0x0000000008009644       0x18 Forth/Src/usb_cdc.o
                0x0000000008009644                CDC_TxReady
 .text.USBD_CDC_EP0_RxReady
                0x000000000800965c       0x28 Middlewares/ST/STM32_USB_Device_Library/Class/CDC/Src/usbd_cdc.o
 .text.USBD_CDC_GetFSCfgDesc
                0x0000000008009684        0xc Middlewares/ST/STM32_USB_Device_Library/Class/CDC/Src/usbd_cdc.o
 .text.USBD_CDC_GetHSCfgDesc
                0x0000000008009690        0xc Middlewares/ST/STM32_USB_Device_Library/Class/CDC/Src/usbd_cdc.o
 .text.USBD_CDC_GetOtherSpeedCfgDesc
                0x000000000800969c        0xc Middlewares/ST/STM32_USB_Device_Library/Class/CDC/Src/usbd_cdc.o
 .text.USBD_CDC_GetDeviceQualifierDescriptor
                0x00000000080096a8        0xc Middlewares/ST/STM32_USB_Device_Library/Class/CDC/Src/usbd_cdc.o
                0x00000000080096a8                USBD_CDC_GetDeviceQualifierDescriptor
 .text.USBD_CDC_DataOut
                0x00000000080096b4       0x2e Middlewares/ST/STM32_USB_Device_Library/Class/CDC/Src/usbd_cdc.o
 *fill*         0x00000000080096e2        0x2 
 .text.USBD_CDC_DataIn
                0x00000000080096e4       0x50 Middlewares/ST/STM32_USB_Device_Library/Class/CDC/Src/usbd_cdc.o
 .text.USBD_CDC_Setup
                0x0000000008009734       0xbc Middlewares/ST/STM32_USB_Device_Library/Class/CDC/Src/usbd_cdc.o
 .text.USBD_CDC_DeInit
                0x00000000080097f0       0x42 Middlewares/ST/STM32_USB_Device_Library/Class/CDC/Src/usbd_cdc.o
 *fill*         0x0000000008009832        0x2 
 .text.USBD_CDC_Init
                0x0000000008009834       0xb8 Middlewares/ST/STM32_USB_Device_Library/Class/CDC/Src/usbd_cdc.o
 .text.USBD_CDC_RegisterInterface
                0x00000000080098ec        0xe Middlewares/ST/STM32_USB_Device_Library/Class/CDC/Src/usbd_cdc.o
                0x00000000080098ec                USBD_CDC_RegisterInterface
 .text.USBD_CDC_SetTxBuffer
                0x00000000080098fa       0x10 Middlewares/ST/STM32_USB_Device_Library/Class/CDC/Src/usbd_cdc.o
                0x00000000080098fa                USBD_CDC_SetTxBuffer
 .text.USBD_CDC_SetRxBuffer
                0x000000000800990a        0xc Middlewares/ST/STM32_USB_Device_Library/Class/CDC/Src/usbd_cdc.o
                0x000000000800990a                USBD_CDC_SetRxBuffer
 *fill*         0x0000000008009916        0x2 
 .text.USBD_CDC_TransmitPacket
                0x0000000008009918       0x40 Middlewares/ST/STM32_USB_Device_Library/Class/CDC/Src/usbd_cdc.o
                0x0000000008009918                USBD_CDC_TransmitPacket
 .text.USBD_CDC_ReceivePacket
                0x0000000008009958       0x26 Middlewares/ST/STM32_USB_Device_Library/Class/CDC/Src/usbd_cdc.o
                0x0000000008009958                USBD_CDC_ReceivePacket
 .text.USBD_Init
                0x000000000800997e       0x2a Middlewares/ST/STM32_USB_Device_Library/Core/Src/usbd_core.o
                0x000000000800997e                USBD_Init
 .text.USBD_RegisterClass
                0x00000000080099a8        0xe Middlewares/ST/STM32_USB_Device_Library/Core/Src/usbd_core.o
                0x00000000080099a8                USBD_RegisterClass
 .text.USBD_Start
                0x00000000080099b6        0xa Middlewares/ST/STM32_USB_Device_Library/Core/Src/usbd_core.o
                0x00000000080099b6                USBD_Start
 .text.USBD_SetClassConfig
                0x00000000080099c0       0x16 Middlewares/ST/STM32_USB_Device_Library/Core/Src/usbd_core.o
                0x00000000080099c0                USBD_SetClassConfig
 .text.USBD_ClrClassConfig
                0x00000000080099d6        0xe Middlewares/ST/STM32_USB_Device_Library/Core/Src/usbd_core.o
                0x00000000080099d6                USBD_ClrClassConfig
 .text.USBD_LL_SetupStage
                0x00000000080099e4       0x5a Middlewares/ST/STM32_USB_Device_Library/Core/Src/usbd_core.o
                0x00000000080099e4                USBD_LL_SetupStage
 .text.USBD_LL_DataOutStage
                0x0000000008009a3e       0x74 Middlewares/ST/STM32_USB_Device_Library/Core/Src/usbd_core.o
                0x0000000008009a3e                USBD_LL_DataOutStage
 .text.USBD_LL_DataInStage
                0x0000000008009ab2       0xb8 Middlewares/ST/STM32_USB_Device_Library/Core/Src/usbd_core.o
                0x0000000008009ab2                USBD_LL_DataInStage
 .text.USBD_LL_Reset
                0x0000000008009b6a       0x4e Middlewares/ST/STM32_USB_Device_Library/Core/Src/usbd_core.o
                0x0000000008009b6a                USBD_LL_Reset
 .text.USBD_LL_SetSpeed
                0x0000000008009bb8        0x6 Middlewares/ST/STM32_USB_Device_Library/Core/Src/usbd_core.o
                0x0000000008009bb8                USBD_LL_SetSpeed
 .text.USBD_LL_Suspend
                0x0000000008009bbe       0x12 Middlewares/ST/STM32_USB_Device_Library/Core/Src/usbd_core.o
                0x0000000008009bbe                USBD_LL_Suspend
 .text.USBD_LL_Resume
                0x0000000008009bd0       0x14 Middlewares/ST/STM32_USB_Device_Library/Core/Src/usbd_core.o
                0x0000000008009bd0                USBD_LL_Resume
 .text.USBD_LL_SOF
                0x0000000008009be4       0x18 Middlewares/ST/STM32_USB_Device_Library/Core/Src/usbd_core.o
                0x0000000008009be4                USBD_LL_SOF
 .text.USBD_CtlError.constprop.1
                0x0000000008009bfc       0x16 Middlewares/ST/STM32_USB_Device_Library/Core/Src/usbd_ctlreq.o
 *fill*         0x0000000008009c12        0x2 
 .text.USBD_StdDevReq
                0x0000000008009c14      0x258 Middlewares/ST/STM32_USB_Device_Library/Core/Src/usbd_ctlreq.o
                0x0000000008009c14                USBD_StdDevReq
 .text.USBD_StdItfReq
                0x0000000008009e6c       0x4a Middlewares/ST/STM32_USB_Device_Library/Core/Src/usbd_ctlreq.o
                0x0000000008009e6c                USBD_StdItfReq
 .text.USBD_StdEPReq
                0x0000000008009eb6      0x10e Middlewares/ST/STM32_USB_Device_Library/Core/Src/usbd_ctlreq.o
                0x0000000008009eb6                USBD_StdEPReq
 .text.USBD_ParseSetupRequest
                0x0000000008009fc4       0x28 Middlewares/ST/STM32_USB_Device_Library/Core/Src/usbd_ctlreq.o
                0x0000000008009fc4                USBD_ParseSetupRequest
 .text.USBD_CtlError
                0x0000000008009fec       0x16 Middlewares/ST/STM32_USB_Device_Library/Core/Src/usbd_ctlreq.o
                0x0000000008009fec                USBD_CtlError
 .text.USBD_GetString
                0x000000000800a002       0x38 Middlewares/ST/STM32_USB_Device_Library/Core/Src/usbd_ctlreq.o
                0x000000000800a002                USBD_GetString
 .text.USBD_CtlSendData
                0x000000000800a03a       0x1a Middlewares/ST/STM32_USB_Device_Library/Core/Src/usbd_ioreq.o
                0x000000000800a03a                USBD_CtlSendData
 .text.USBD_CtlContinueSendData
                0x000000000800a054       0x10 Middlewares/ST/STM32_USB_Device_Library/Core/Src/usbd_ioreq.o
                0x000000000800a054                USBD_CtlContinueSendData
 .text.USBD_CtlPrepareRx
                0x000000000800a064       0x1e Middlewares/ST/STM32_USB_Device_Library/Core/Src/usbd_ioreq.o
                0x000000000800a064                USBD_CtlPrepareRx
 .text.USBD_CtlContinueRx
                0x000000000800a082       0x10 Middlewares/ST/STM32_USB_Device_Library/Core/Src/usbd_ioreq.o
                0x000000000800a082                USBD_CtlContinueRx
 .text.USBD_CtlSendStatus
                0x000000000800a092       0x16 Middlewares/ST/STM32_USB_Device_Library/Core/Src/usbd_ioreq.o
                0x000000000800a092                USBD_CtlSendStatus
 .text.USBD_CtlReceiveStatus
                0x000000000800a0a8       0x16 Middlewares/ST/STM32_USB_Device_Library/Core/Src/usbd_ioreq.o
                0x000000000800a0a8                USBD_CtlReceiveStatus
 *fill*         0x000000000800a0be        0x2 
 .text.aci_gap_set_non_discoverable
                0x000000000800a0c0       0x3c Middlewares/ST/STM32_WPAN/ble/core/auto/ble_gap_aci.o
                0x000000000800a0c0                aci_gap_set_non_discoverable
 .text.aci_gap_set_discoverable
                0x000000000800a0fc       0xb8 Middlewares/ST/STM32_WPAN/ble/core/auto/ble_gap_aci.o
                0x000000000800a0fc                aci_gap_set_discoverable
 .text.aci_gap_set_io_capability
                0x000000000800a1b4       0x44 Middlewares/ST/STM32_WPAN/ble/core/auto/ble_gap_aci.o
                0x000000000800a1b4                aci_gap_set_io_capability
 .text.aci_gap_set_authentication_requirement
                0x000000000800a1f8       0x78 Middlewares/ST/STM32_WPAN/ble/core/auto/ble_gap_aci.o
                0x000000000800a1f8                aci_gap_set_authentication_requirement
 .text.aci_gap_init
                0x000000000800a270       0x84 Middlewares/ST/STM32_WPAN/ble/core/auto/ble_gap_aci.o
                0x000000000800a270                aci_gap_init
 .text.aci_gap_update_adv_data
                0x000000000800a2f4       0x54 Middlewares/ST/STM32_WPAN/ble/core/auto/ble_gap_aci.o
                0x000000000800a2f4                aci_gap_update_adv_data
 .text.aci_gap_configure_whitelist
                0x000000000800a348       0x3c Middlewares/ST/STM32_WPAN/ble/core/auto/ble_gap_aci.o
                0x000000000800a348                aci_gap_configure_whitelist
 .text.aci_gatt_init
                0x000000000800a384       0x3c Middlewares/ST/STM32_WPAN/ble/core/auto/ble_gatt_aci.o
                0x000000000800a384                aci_gatt_init
 .text.aci_gatt_add_service
                0x000000000800a3c0       0x9c Middlewares/ST/STM32_WPAN/ble/core/auto/ble_gatt_aci.o
                0x000000000800a3c0                aci_gatt_add_service
 .text.aci_gatt_add_char
                0x000000000800a45c       0xb4 Middlewares/ST/STM32_WPAN/ble/core/auto/ble_gatt_aci.o
                0x000000000800a45c                aci_gatt_add_char
 .text.aci_gatt_update_char_value
                0x000000000800a510       0x60 Middlewares/ST/STM32_WPAN/ble/core/auto/ble_gatt_aci.o
                0x000000000800a510                aci_gatt_update_char_value
 .text.aci_gatt_write_resp
                0x000000000800a570       0x68 Middlewares/ST/STM32_WPAN/ble/core/auto/ble_gatt_aci.o
                0x000000000800a570                aci_gatt_write_resp
 .text.aci_hal_write_config_data
                0x000000000800a5d8       0x58 Middlewares/ST/STM32_WPAN/ble/core/auto/ble_hal_aci.o
                0x000000000800a5d8                aci_hal_write_config_data
 .text.aci_hal_set_tx_power_level
                0x000000000800a630       0x4c Middlewares/ST/STM32_WPAN/ble/core/auto/ble_hal_aci.o
                0x000000000800a630                aci_hal_set_tx_power_level
 .text.hci_reset
                0x000000000800a67c       0x3a Middlewares/ST/STM32_WPAN/ble/core/auto/ble_hci_le.o
                0x000000000800a67c                hci_reset
 *fill*         0x000000000800a6b6        0x2 
 .text.hci_le_read_phy
                0x000000000800a6b8       0x60 Middlewares/ST/STM32_WPAN/ble/core/auto/ble_hci_le.o
                0x000000000800a6b8                hci_le_read_phy
 .text.hci_le_set_default_phy
                0x000000000800a718       0x50 Middlewares/ST/STM32_WPAN/ble/core/auto/ble_hci_le.o
                0x000000000800a718                hci_le_set_default_phy
 .text.Osal_MemCpy
                0x000000000800a768        0x4 Middlewares/ST/STM32_WPAN/ble/core/template/osal.o
                0x000000000800a768                Osal_MemCpy
 .text.Osal_MemSet
                0x000000000800a76c        0x4 Middlewares/ST/STM32_WPAN/ble/core/template/osal.o
                0x000000000800a76c                Osal_MemSet
 .text.DIS_Init
                0x000000000800a770      0x13c Middlewares/ST/STM32_WPAN/ble/svc/Src/dis.o
                0x000000000800a770                DIS_Init
 .text.HearRate_Event_Handler
                0x000000000800a8ac       0x94 Middlewares/ST/STM32_WPAN/ble/svc/Src/hrs.o
 .text.HRS_Init
                0x000000000800a940       0xb0 Middlewares/ST/STM32_WPAN/ble/svc/Src/hrs.o
                0x000000000800a940                HRS_Init
 .text.BLS_Init
                0x000000000800a9f0        0x2 Middlewares/ST/STM32_WPAN/ble/svc/Src/svc_ctl.o
                0x000000000800a9f0                BLS_Init
 .text.CRS_STM_Init
                0x000000000800a9f2        0x2 Middlewares/ST/STM32_WPAN/ble/svc/Src/svc_ctl.o
                0x000000000800a9f2                CRS_STM_Init
 .text.EDS_STM_Init
                0x000000000800a9f4        0x2 Middlewares/ST/STM32_WPAN/ble/svc/Src/svc_ctl.o
                0x000000000800a9f4                EDS_STM_Init
 .text.HIDS_Init
                0x000000000800a9f6        0x2 Middlewares/ST/STM32_WPAN/ble/svc/Src/svc_ctl.o
                0x000000000800a9f6                HIDS_Init
 .text.HTS_Init
                0x000000000800a9f8        0x2 Middlewares/ST/STM32_WPAN/ble/svc/Src/svc_ctl.o
                0x000000000800a9f8                HTS_Init
 .text.IAS_Init
                0x000000000800a9fa        0x2 Middlewares/ST/STM32_WPAN/ble/svc/Src/svc_ctl.o
                0x000000000800a9fa                IAS_Init
 .text.LLS_Init
                0x000000000800a9fc        0x2 Middlewares/ST/STM32_WPAN/ble/svc/Src/svc_ctl.o
                0x000000000800a9fc                LLS_Init
 .text.TPS_Init
                0x000000000800a9fe        0x2 Middlewares/ST/STM32_WPAN/ble/svc/Src/svc_ctl.o
                0x000000000800a9fe                TPS_Init
 .text.MOTENV_STM_Init
                0x000000000800aa00        0x2 Middlewares/ST/STM32_WPAN/ble/svc/Src/svc_ctl.o
                0x000000000800aa00                MOTENV_STM_Init
 .text.P2PS_STM_Init
                0x000000000800aa02        0x2 Middlewares/ST/STM32_WPAN/ble/svc/Src/svc_ctl.o
                0x000000000800aa02                P2PS_STM_Init
 .text.OTAS_STM_Init
                0x000000000800aa04        0x2 Middlewares/ST/STM32_WPAN/ble/svc/Src/svc_ctl.o
                0x000000000800aa04                OTAS_STM_Init
 .text.MESH_Init
                0x000000000800aa06        0x2 Middlewares/ST/STM32_WPAN/ble/svc/Src/svc_ctl.o
                0x000000000800aa06                MESH_Init
 .text.BVOPUS_STM_Init
                0x000000000800aa08        0x2 Middlewares/ST/STM32_WPAN/ble/svc/Src/svc_ctl.o
                0x000000000800aa08                BVOPUS_STM_Init
 .text.SVCCTL_InitCustomSvc
                0x000000000800aa0a        0x2 Middlewares/ST/STM32_WPAN/ble/svc/Src/svc_ctl.o
                0x000000000800aa0a                SVCCTL_InitCustomSvc
 .text.SVCCTL_SvcInit
                0x000000000800aa0c       0x44 Middlewares/ST/STM32_WPAN/ble/svc/Src/svc_ctl.o
                0x000000000800aa0c                SVCCTL_SvcInit
 .text.SVCCTL_Init
                0x000000000800aa50       0x18 Middlewares/ST/STM32_WPAN/ble/svc/Src/svc_ctl.o
                0x000000000800aa50                SVCCTL_Init
 .text.SVCCTL_RegisterSvcHandler
                0x000000000800aa68       0x14 Middlewares/ST/STM32_WPAN/ble/svc/Src/svc_ctl.o
                0x000000000800aa68                SVCCTL_RegisterSvcHandler
 .text.SVCCTL_UserEvtRx
                0x000000000800aa7c       0x48 Middlewares/ST/STM32_WPAN/ble/svc/Src/svc_ctl.o
                0x000000000800aa7c                SVCCTL_UserEvtRx
 .text.SHCI_C2_BLE_Init
                0x000000000800aac4       0x1c Middlewares/ST/STM32_WPAN/interface/patterns/ble_thread/shci/shci.o
                0x000000000800aac4                SHCI_C2_BLE_Init
 .text.SHCI_C2_DEBUG_Init
                0x000000000800aae0       0x1c Middlewares/ST/STM32_WPAN/interface/patterns/ble_thread/shci/shci.o
                0x000000000800aae0                SHCI_C2_DEBUG_Init
 .text.hci_init
                0x000000000800aafc       0x54 Middlewares/ST/STM32_WPAN/interface/patterns/ble_thread/tl/hci_tl.o
                0x000000000800aafc                hci_init
 .text.hci_user_evt_proc
                0x000000000800ab50       0x68 Middlewares/ST/STM32_WPAN/interface/patterns/ble_thread/tl/hci_tl.o
                0x000000000800ab50                hci_user_evt_proc
 .text.hci_send_req
                0x000000000800abb8       0xcc Middlewares/ST/STM32_WPAN/interface/patterns/ble_thread/tl/hci_tl.o
                0x000000000800abb8                hci_send_req
 .text.TlEvtReceived
                0x000000000800ac84       0x34 Middlewares/ST/STM32_WPAN/interface/patterns/ble_thread/tl/hci_tl.o
 .text.hci_register_io_bus
                0x000000000800acb8       0x14 Middlewares/ST/STM32_WPAN/interface/patterns/ble_thread/tl/hci_tl_if.o
                0x000000000800acb8                hci_register_io_bus
 .text.TlUserEvtReceived
                0x000000000800accc       0x1c Middlewares/ST/STM32_WPAN/interface/patterns/ble_thread/tl/shci_tl.o
 .text.Cmd_SetStatus.constprop.1
                0x000000000800ace8       0x18 Middlewares/ST/STM32_WPAN/interface/patterns/ble_thread/tl/shci_tl.o
 .text.shci_init
                0x000000000800ad00       0x54 Middlewares/ST/STM32_WPAN/interface/patterns/ble_thread/tl/shci_tl.o
                0x000000000800ad00                shci_init
 .text.shci_user_evt_proc
                0x000000000800ad54       0x64 Middlewares/ST/STM32_WPAN/interface/patterns/ble_thread/tl/shci_tl.o
                0x000000000800ad54                shci_user_evt_proc
 .text.shci_send
                0x000000000800adb8       0x64 Middlewares/ST/STM32_WPAN/interface/patterns/ble_thread/tl/shci_tl.o
                0x000000000800adb8                shci_send
 .text.TlCmdEvtReceived
                0x000000000800ae1c        0xa Middlewares/ST/STM32_WPAN/interface/patterns/ble_thread/tl/shci_tl.o
 *fill*         0x000000000800ae26        0x2 
 .text.shci_register_io_bus
                0x000000000800ae28       0x14 Middlewares/ST/STM32_WPAN/interface/patterns/ble_thread/tl/shci_tl_if.o
                0x000000000800ae28                shci_register_io_bus
 .text.SendFreeBuf
                0x000000000800ae3c       0x30 Middlewares/ST/STM32_WPAN/interface/patterns/ble_thread/tl/tl_mbox.o
 .text.TL_Enable
                0x000000000800ae6c        0x4 Middlewares/ST/STM32_WPAN/interface/patterns/ble_thread/tl/tl_mbox.o
                0x000000000800ae6c                TL_Enable
 .text.TL_Init  0x000000000800ae70       0x40 Middlewares/ST/STM32_WPAN/interface/patterns/ble_thread/tl/tl_mbox.o
                0x000000000800ae70                TL_Init
 .text.TL_BLE_Init
                0x000000000800aeb0       0x44 Middlewares/ST/STM32_WPAN/interface/patterns/ble_thread/tl/tl_mbox.o
                0x000000000800aeb0                TL_BLE_Init
 .text.TL_BLE_SendCmd
                0x000000000800aef4       0x18 Middlewares/ST/STM32_WPAN/interface/patterns/ble_thread/tl/tl_mbox.o
                0x000000000800aef4                TL_BLE_SendCmd
 .text.HW_IPCC_BLE_RxEvtNot
                0x000000000800af0c       0x2c Middlewares/ST/STM32_WPAN/interface/patterns/ble_thread/tl/tl_mbox.o
                0x000000000800af0c                HW_IPCC_BLE_RxEvtNot
 .text.HW_IPCC_BLE_AclDataAckNot
                0x000000000800af38        0xc Middlewares/ST/STM32_WPAN/interface/patterns/ble_thread/tl/tl_mbox.o
                0x000000000800af38                HW_IPCC_BLE_AclDataAckNot
 .text.TL_SYS_Init
                0x000000000800af44       0x3c Middlewares/ST/STM32_WPAN/interface/patterns/ble_thread/tl/tl_mbox.o
                0x000000000800af44                TL_SYS_Init
 .text.TL_SYS_SendCmd
                0x000000000800af80       0x18 Middlewares/ST/STM32_WPAN/interface/patterns/ble_thread/tl/tl_mbox.o
                0x000000000800af80                TL_SYS_SendCmd
 .text.HW_IPCC_SYS_CmdEvtNot
                0x000000000800af98       0x14 Middlewares/ST/STM32_WPAN/interface/patterns/ble_thread/tl/tl_mbox.o
                0x000000000800af98                HW_IPCC_SYS_CmdEvtNot
 .text.HW_IPCC_SYS_EvtNot
                0x000000000800afac       0x2c Middlewares/ST/STM32_WPAN/interface/patterns/ble_thread/tl/tl_mbox.o
                0x000000000800afac                HW_IPCC_SYS_EvtNot
 .text.TL_MM_Init
                0x000000000800afd8       0x40 Middlewares/ST/STM32_WPAN/interface/patterns/ble_thread/tl/tl_mbox.o
                0x000000000800afd8                TL_MM_Init
 .text.TL_MM_EvtDone
                0x000000000800b018       0x1c Middlewares/ST/STM32_WPAN/interface/patterns/ble_thread/tl/tl_mbox.o
                0x000000000800b018                TL_MM_EvtDone
 .text.TL_TRACES_Init
                0x000000000800b034       0x20 Middlewares/ST/STM32_WPAN/interface/patterns/ble_thread/tl/tl_mbox.o
                0x000000000800b034                TL_TRACES_Init
 .text.TL_TRACES_EvtReceived
                0x000000000800b054        0x2 Middlewares/ST/STM32_WPAN/interface/patterns/ble_thread/tl/tl_mbox.o
                0x000000000800b054                TL_TRACES_EvtReceived
 *fill*         0x000000000800b056        0x2 
 .text.HW_IPCC_TRACES_EvtNot
                0x000000000800b058       0x24 Middlewares/ST/STM32_WPAN/interface/patterns/ble_thread/tl/tl_mbox.o
                0x000000000800b058                HW_IPCC_TRACES_EvtNot
 .text.OTP_Read
                0x000000000800b07c       0x20 Middlewares/ST/STM32_WPAN/utilities/otp.o
                0x000000000800b07c                OTP_Read
 .text.LST_init_head
                0x000000000800b09c        0x6 Middlewares/ST/STM32_WPAN/utilities/stm_list.o
                0x000000000800b09c                LST_init_head
 .text.LST_is_empty
                0x000000000800b0a2       0x14 Middlewares/ST/STM32_WPAN/utilities/stm_list.o
                0x000000000800b0a2                LST_is_empty
 .text.LST_insert_head
                0x000000000800b0b6       0x18 Middlewares/ST/STM32_WPAN/utilities/stm_list.o
                0x000000000800b0b6                LST_insert_head
 .text.LST_insert_tail
                0x000000000800b0ce       0x18 Middlewares/ST/STM32_WPAN/utilities/stm_list.o
                0x000000000800b0ce                LST_insert_tail
 .text.LST_remove_node
                0x000000000800b0e6       0x16 Middlewares/ST/STM32_WPAN/utilities/stm_list.o
                0x000000000800b0e6                LST_remove_node
 .text.LST_remove_head
                0x000000000800b0fc       0x18 Middlewares/ST/STM32_WPAN/utilities/stm_list.o
                0x000000000800b0fc                LST_remove_head
 .text.TimerCallback
                0x000000000800b114       0x14 Middlewares/Third_Party/FreeRTOS/Source/CMSIS_RTOS_V2/cmsis_os2.o
 .text.osKernelInitialize
                0x000000000800b128       0x34 Middlewares/Third_Party/FreeRTOS/Source/CMSIS_RTOS_V2/cmsis_os2.o
                0x000000000800b128                osKernelInitialize
 .text.osKernelStart
                0x000000000800b15c       0x40 Middlewares/Third_Party/FreeRTOS/Source/CMSIS_RTOS_V2/cmsis_os2.o
                0x000000000800b15c                osKernelStart
 .text.osKernelGetTickCount
                0x000000000800b19c       0x28 Middlewares/Third_Party/FreeRTOS/Source/CMSIS_RTOS_V2/cmsis_os2.o
                0x000000000800b19c                osKernelGetTickCount
 .text.osKernelGetTickFreq
                0x000000000800b1c4        0x6 Middlewares/Third_Party/FreeRTOS/Source/CMSIS_RTOS_V2/cmsis_os2.o
                0x000000000800b1c4                osKernelGetTickFreq
 *fill*         0x000000000800b1ca        0x2 
 .text.osKernelGetSysTimerCount
                0x000000000800b1cc       0x34 Middlewares/Third_Party/FreeRTOS/Source/CMSIS_RTOS_V2/cmsis_os2.o
                0x000000000800b1cc                osKernelGetSysTimerCount
 .text.osKernelGetSysTimerFreq
                0x000000000800b200        0xc Middlewares/Third_Party/FreeRTOS/Source/CMSIS_RTOS_V2/cmsis_os2.o
                0x000000000800b200                osKernelGetSysTimerFreq
 .text.osThreadNew
                0x000000000800b20c       0xb0 Middlewares/Third_Party/FreeRTOS/Source/CMSIS_RTOS_V2/cmsis_os2.o
                0x000000000800b20c                osThreadNew
 .text.osThreadGetId
                0x000000000800b2bc        0x4 Middlewares/Third_Party/FreeRTOS/Source/CMSIS_RTOS_V2/cmsis_os2.o
                0x000000000800b2bc                osThreadGetId
 .text.osThreadGetState
                0x000000000800b2c0       0x4c Middlewares/Third_Party/FreeRTOS/Source/CMSIS_RTOS_V2/cmsis_os2.o
                0x000000000800b2c0                osThreadGetState
 .text.osThreadGetStackSpace
                0x000000000800b30c       0x28 Middlewares/Third_Party/FreeRTOS/Source/CMSIS_RTOS_V2/cmsis_os2.o
                0x000000000800b30c                osThreadGetStackSpace
 .text.osThreadSetPriority
                0x000000000800b334       0x3c Middlewares/Third_Party/FreeRTOS/Source/CMSIS_RTOS_V2/cmsis_os2.o
                0x000000000800b334                osThreadSetPriority
 .text.osThreadGetPriority
                0x000000000800b370       0x2c Middlewares/Third_Party/FreeRTOS/Source/CMSIS_RTOS_V2/cmsis_os2.o
                0x000000000800b370                osThreadGetPriority
 .text.osThreadYield
                0x000000000800b39c       0x3c Middlewares/Third_Party/FreeRTOS/Source/CMSIS_RTOS_V2/cmsis_os2.o
                0x000000000800b39c                osThreadYield
 .text.osThreadSuspend
                0x000000000800b3d8       0x38 Middlewares/Third_Party/FreeRTOS/Source/CMSIS_RTOS_V2/cmsis_os2.o
                0x000000000800b3d8                osThreadSuspend
 .text.osThreadResume
                0x000000000800b410       0x38 Middlewares/Third_Party/FreeRTOS/Source/CMSIS_RTOS_V2/cmsis_os2.o
                0x000000000800b410                osThreadResume
 .text.osThreadExit
                0x000000000800b448        0xa Middlewares/Third_Party/FreeRTOS/Source/CMSIS_RTOS_V2/cmsis_os2.o
                0x000000000800b448                osThreadExit
 *fill*         0x000000000800b452        0x2 
 .text.osThreadTerminate
                0x000000000800b454       0x4c Middlewares/Third_Party/FreeRTOS/Source/CMSIS_RTOS_V2/cmsis_os2.o
                0x000000000800b454                osThreadTerminate
 .text.osThreadGetCount
                0x000000000800b4a0       0x28 Middlewares/Third_Party/FreeRTOS/Source/CMSIS_RTOS_V2/cmsis_os2.o
                0x000000000800b4a0                osThreadGetCount
 .text.osThreadEnumerate
                0x000000000800b4c8       0x7c Middlewares/Third_Party/FreeRTOS/Source/CMSIS_RTOS_V2/cmsis_os2.o
                0x000000000800b4c8                osThreadEnumerate
 .text.osThreadFlagsSet
                0x000000000800b544       0x94 Middlewares/Third_Party/FreeRTOS/Source/CMSIS_RTOS_V2/cmsis_os2.o
                0x000000000800b544                osThreadFlagsSet
 .text.osThreadFlagsWait
                0x000000000800b5d8       0xac Middlewares/Third_Party/FreeRTOS/Source/CMSIS_RTOS_V2/cmsis_os2.o
                0x000000000800b5d8                osThreadFlagsWait
 .text.osDelay  0x000000000800b684       0x34 Middlewares/Third_Party/FreeRTOS/Source/CMSIS_RTOS_V2/cmsis_os2.o
                0x000000000800b684                osDelay
 .text.osTimerNew
                0x000000000800b6b8       0x7c Middlewares/Third_Party/FreeRTOS/Source/CMSIS_RTOS_V2/cmsis_os2.o
                0x000000000800b6b8                osTimerNew
 .text.osTimerGetName
                0x000000000800b734       0x28 Middlewares/Third_Party/FreeRTOS/Source/CMSIS_RTOS_V2/cmsis_os2.o
                0x000000000800b734                osTimerGetName
 .text.osTimerStart
                0x000000000800b75c       0x4c Middlewares/Third_Party/FreeRTOS/Source/CMSIS_RTOS_V2/cmsis_os2.o
                0x000000000800b75c                osTimerStart
 .text.osTimerStop
                0x000000000800b7a8       0x5c Middlewares/Third_Party/FreeRTOS/Source/CMSIS_RTOS_V2/cmsis_os2.o
                0x000000000800b7a8                osTimerStop
 .text.osTimerIsRunning
                0x000000000800b804       0x28 Middlewares/Third_Party/FreeRTOS/Source/CMSIS_RTOS_V2/cmsis_os2.o
                0x000000000800b804                osTimerIsRunning
 .text.osTimerDelete
                0x000000000800b82c       0x60 Middlewares/Third_Party/FreeRTOS/Source/CMSIS_RTOS_V2/cmsis_os2.o
                0x000000000800b82c                osTimerDelete
 .text.osEventFlagsNew
                0x000000000800b88c       0x3c Middlewares/Third_Party/FreeRTOS/Source/CMSIS_RTOS_V2/cmsis_os2.o
                0x000000000800b88c                osEventFlagsNew
 .text.osEventFlagsSet
                0x000000000800b8c8       0x70 Middlewares/Third_Party/FreeRTOS/Source/CMSIS_RTOS_V2/cmsis_os2.o
                0x000000000800b8c8                osEventFlagsSet
 .text.osEventFlagsClear
                0x000000000800b938       0x5c Middlewares/Third_Party/FreeRTOS/Source/CMSIS_RTOS_V2/cmsis_os2.o
                0x000000000800b938                osEventFlagsClear
 .text.osEventFlagsGet
                0x000000000800b994       0x34 Middlewares/Third_Party/FreeRTOS/Source/CMSIS_RTOS_V2/cmsis_os2.o
                0x000000000800b994                osEventFlagsGet
 .text.osEventFlagsWait
                0x000000000800b9c8       0x6c Middlewares/Third_Party/FreeRTOS/Source/CMSIS_RTOS_V2/cmsis_os2.o
                0x000000000800b9c8                osEventFlagsWait
 .text.osEventFlagsDelete
                0x000000000800ba34       0x38 Middlewares/Third_Party/FreeRTOS/Source/CMSIS_RTOS_V2/cmsis_os2.o
                0x000000000800ba34                osEventFlagsDelete
 .text.osMutexNew
                0x000000000800ba6c       0x84 Middlewares/Third_Party/FreeRTOS/Source/CMSIS_RTOS_V2/cmsis_os2.o
                0x000000000800ba6c                osMutexNew
 .text.osMutexAcquire
                0x000000000800baf0       0x60 Middlewares/Third_Party/FreeRTOS/Source/CMSIS_RTOS_V2/cmsis_os2.o
                0x000000000800baf0                osMutexAcquire
 .text.osMutexRelease
                0x000000000800bb50       0x54 Middlewares/Third_Party/FreeRTOS/Source/CMSIS_RTOS_V2/cmsis_os2.o
                0x000000000800bb50                osMutexRelease
 .text.osMutexGetOwner
                0x000000000800bba4       0x2c Middlewares/Third_Party/FreeRTOS/Source/CMSIS_RTOS_V2/cmsis_os2.o
                0x000000000800bba4                osMutexGetOwner
 .text.osMutexDelete
                0x000000000800bbd0       0x44 Middlewares/Third_Party/FreeRTOS/Source/CMSIS_RTOS_V2/cmsis_os2.o
                0x000000000800bbd0                osMutexDelete
 .text.osSemaphoreNew
                0x000000000800bc14       0xac Middlewares/Third_Party/FreeRTOS/Source/CMSIS_RTOS_V2/cmsis_os2.o
                0x000000000800bc14                osSemaphoreNew
 .text.osSemaphoreAcquire
                0x000000000800bcc0       0x78 Middlewares/Third_Party/FreeRTOS/Source/CMSIS_RTOS_V2/cmsis_os2.o
                0x000000000800bcc0                osSemaphoreAcquire
 .text.osSemaphoreRelease
                0x000000000800bd38       0x70 Middlewares/Third_Party/FreeRTOS/Source/CMSIS_RTOS_V2/cmsis_os2.o
                0x000000000800bd38                osSemaphoreRelease
 .text.osSemaphoreGetCount
                0x000000000800bda8       0x30 Middlewares/Third_Party/FreeRTOS/Source/CMSIS_RTOS_V2/cmsis_os2.o
                0x000000000800bda8                osSemaphoreGetCount
 .text.osSemaphoreDelete
                0x000000000800bdd8       0x40 Middlewares/Third_Party/FreeRTOS/Source/CMSIS_RTOS_V2/cmsis_os2.o
                0x000000000800bdd8                osSemaphoreDelete
 .text.osMessageQueueNew
                0x000000000800be18       0x8c Middlewares/Third_Party/FreeRTOS/Source/CMSIS_RTOS_V2/cmsis_os2.o
                0x000000000800be18                osMessageQueueNew
 .text.osMessageQueuePut
                0x000000000800bea4       0x84 Middlewares/Third_Party/FreeRTOS/Source/CMSIS_RTOS_V2/cmsis_os2.o
                0x000000000800bea4                osMessageQueuePut
 .text.osMessageQueueGet
                0x000000000800bf28       0x80 Middlewares/Third_Party/FreeRTOS/Source/CMSIS_RTOS_V2/cmsis_os2.o
                0x000000000800bf28                osMessageQueueGet
 .text.osMessageQueueGetCapacity
                0x000000000800bfa8        0x6 Middlewares/Third_Party/FreeRTOS/Source/CMSIS_RTOS_V2/cmsis_os2.o
                0x000000000800bfa8                osMessageQueueGetCapacity
 .text.osMessageQueueGetMsgSize
                0x000000000800bfae        0x6 Middlewares/Third_Party/FreeRTOS/Source/CMSIS_RTOS_V2/cmsis_os2.o
                0x000000000800bfae                osMessageQueueGetMsgSize
 .text.osMessageQueueGetCount
                0x000000000800bfb4        0x4 Middlewares/Third_Party/FreeRTOS/Source/CMSIS_RTOS_V2/cmsis_os2.o
                0x000000000800bfb4                osMessageQueueGetCount
 .text.osMessageQueueGetSpace
                0x000000000800bfb8       0x48 Middlewares/Third_Party/FreeRTOS/Source/CMSIS_RTOS_V2/cmsis_os2.o
                0x000000000800bfb8                osMessageQueueGetSpace
 .text.osMessageQueueReset
                0x000000000800c000       0x38 Middlewares/Third_Party/FreeRTOS/Source/CMSIS_RTOS_V2/cmsis_os2.o
                0x000000000800c000                osMessageQueueReset
 .text.osMessageQueueDelete
                0x000000000800c038        0x4 Middlewares/Third_Party/FreeRTOS/Source/CMSIS_RTOS_V2/cmsis_os2.o
                0x000000000800c038                osMessageQueueDelete
 .text.vApplicationGetIdleTaskMemory
                0x000000000800c03c       0x18 Middlewares/Third_Party/FreeRTOS/Source/CMSIS_RTOS_V2/cmsis_os2.o
                0x000000000800c03c                vApplicationGetIdleTaskMemory
 .text.vApplicationGetTimerTaskMemory
                0x000000000800c054       0x18 Middlewares/Third_Party/FreeRTOS/Source/CMSIS_RTOS_V2/cmsis_os2.o
                0x000000000800c054                vApplicationGetTimerTaskMemory
 .text.xEventGroupCreateStatic
                0x000000000800c06c       0x48 Middlewares/Third_Party/FreeRTOS/Source/event_groups.o
                0x000000000800c06c                xEventGroupCreateStatic
 .text.xEventGroupCreate
                0x000000000800c0b4       0x1c Middlewares/Third_Party/FreeRTOS/Source/event_groups.o
                0x000000000800c0b4                xEventGroupCreate
 .text.xEventGroupWaitBits
                0x000000000800c0d0      0x114 Middlewares/Third_Party/FreeRTOS/Source/event_groups.o
                0x000000000800c0d0                xEventGroupWaitBits
 .text.xEventGroupClearBits
                0x000000000800c1e4       0x46 Middlewares/Third_Party/FreeRTOS/Source/event_groups.o
                0x000000000800c1e4                xEventGroupClearBits
 .text.vEventGroupClearBitsCallback
                0x000000000800c22a        0x4 Middlewares/Third_Party/FreeRTOS/Source/event_groups.o
                0x000000000800c22a                vEventGroupClearBitsCallback
 *fill*         0x000000000800c22e        0x2 
 .text.xEventGroupClearBitsFromISR
                0x000000000800c230       0x10 Middlewares/Third_Party/FreeRTOS/Source/event_groups.o
                0x000000000800c230                xEventGroupClearBitsFromISR
 .text.xEventGroupGetBitsFromISR
                0x000000000800c240       0x1c Middlewares/Third_Party/FreeRTOS/Source/event_groups.o
                0x000000000800c240                xEventGroupGetBitsFromISR
 .text.xEventGroupSetBits
                0x000000000800c25c       0x86 Middlewares/Third_Party/FreeRTOS/Source/event_groups.o
                0x000000000800c25c                xEventGroupSetBits
 .text.vEventGroupSetBitsCallback
                0x000000000800c2e2        0x4 Middlewares/Third_Party/FreeRTOS/Source/event_groups.o
                0x000000000800c2e2                vEventGroupSetBitsCallback
 .text.vEventGroupDelete
                0x000000000800c2e6       0x44 Middlewares/Third_Party/FreeRTOS/Source/event_groups.o
                0x000000000800c2e6                vEventGroupDelete
 *fill*         0x000000000800c32a        0x2 
 .text.xEventGroupSetBitsFromISR
                0x000000000800c32c       0x10 Middlewares/Third_Party/FreeRTOS/Source/event_groups.o
                0x000000000800c32c                xEventGroupSetBitsFromISR
 .text.vListInitialise
                0x000000000800c33c       0x16 Middlewares/Third_Party/FreeRTOS/Source/list.o
                0x000000000800c33c                vListInitialise
 .text.vListInitialiseItem
                0x000000000800c352        0x6 Middlewares/Third_Party/FreeRTOS/Source/list.o
                0x000000000800c352                vListInitialiseItem
 .text.vListInsertEnd
                0x000000000800c358       0x18 Middlewares/Third_Party/FreeRTOS/Source/list.o
                0x000000000800c358                vListInsertEnd
 .text.vListInsert
                0x000000000800c370       0x2e Middlewares/Third_Party/FreeRTOS/Source/list.o
                0x000000000800c370                vListInsert
 .text.uxListRemove
                0x000000000800c39e       0x22 Middlewares/Third_Party/FreeRTOS/Source/list.o
                0x000000000800c39e                uxListRemove
 .text.prvIsQueueEmpty
                0x000000000800c3c0       0x16 Middlewares/Third_Party/FreeRTOS/Source/queue.o
 .text.prvCopyDataToQueue
                0x000000000800c3d6       0x66 Middlewares/Third_Party/FreeRTOS/Source/queue.o
 .text.prvCopyDataFromQueue
                0x000000000800c43c       0x2a Middlewares/Third_Party/FreeRTOS/Source/queue.o
 .text.prvUnlockQueue
                0x000000000800c466       0x70 Middlewares/Third_Party/FreeRTOS/Source/queue.o
 *fill*         0x000000000800c4d6        0x2 
 .text.xQueueGenericReset
                0x000000000800c4d8       0x80 Middlewares/Third_Party/FreeRTOS/Source/queue.o
                0x000000000800c4d8                xQueueGenericReset
 .text.xQueueGenericCreateStatic
                0x000000000800c558       0x9c Middlewares/Third_Party/FreeRTOS/Source/queue.o
                0x000000000800c558                xQueueGenericCreateStatic
 .text.xQueueGenericCreate
                0x000000000800c5f4       0x4e Middlewares/Third_Party/FreeRTOS/Source/queue.o
                0x000000000800c5f4                xQueueGenericCreate
 .text.xQueueGetMutexHolder
                0x000000000800c642       0x1a Middlewares/Third_Party/FreeRTOS/Source/queue.o
                0x000000000800c642                xQueueGetMutexHolder
 .text.xQueueCreateCountingSemaphoreStatic
                0x000000000800c65c       0x44 Middlewares/Third_Party/FreeRTOS/Source/queue.o
                0x000000000800c65c                xQueueCreateCountingSemaphoreStatic
 .text.xQueueCreateCountingSemaphore
                0x000000000800c6a0       0x3c Middlewares/Third_Party/FreeRTOS/Source/queue.o
                0x000000000800c6a0                xQueueCreateCountingSemaphore
 .text.xQueueGenericSend
                0x000000000800c6dc      0x164 Middlewares/Third_Party/FreeRTOS/Source/queue.o
                0x000000000800c6dc                xQueueGenericSend
 .text.xQueueCreateMutexStatic
                0x000000000800c840       0x2a Middlewares/Third_Party/FreeRTOS/Source/queue.o
                0x000000000800c840                xQueueCreateMutexStatic
 .text.xQueueGiveMutexRecursive
                0x000000000800c86a       0x3c Middlewares/Third_Party/FreeRTOS/Source/queue.o
                0x000000000800c86a                xQueueGiveMutexRecursive
 .text.xQueueCreateMutex
                0x000000000800c8a6       0x24 Middlewares/Third_Party/FreeRTOS/Source/queue.o
                0x000000000800c8a6                xQueueCreateMutex
 .text.xQueueGenericSendFromISR
                0x000000000800c8ca       0xc2 Middlewares/Third_Party/FreeRTOS/Source/queue.o
                0x000000000800c8ca                xQueueGenericSendFromISR
 .text.xQueueGiveFromISR
                0x000000000800c98c       0xa8 Middlewares/Third_Party/FreeRTOS/Source/queue.o
                0x000000000800c98c                xQueueGiveFromISR
 .text.xQueueReceive
                0x000000000800ca34      0x140 Middlewares/Third_Party/FreeRTOS/Source/queue.o
                0x000000000800ca34                xQueueReceive
 .text.xQueueSemaphoreTake
                0x000000000800cb74      0x184 Middlewares/Third_Party/FreeRTOS/Source/queue.o
                0x000000000800cb74                xQueueSemaphoreTake
 .text.xQueueTakeMutexRecursive
                0x000000000800ccf8       0x42 Middlewares/Third_Party/FreeRTOS/Source/queue.o
                0x000000000800ccf8                xQueueTakeMutexRecursive
 .text.xQueueReceiveFromISR
                0x000000000800cd3a       0x9e Middlewares/Third_Party/FreeRTOS/Source/queue.o
                0x000000000800cd3a                xQueueReceiveFromISR
 .text.uxQueueMessagesWaiting
                0x000000000800cdd8       0x26 Middlewares/Third_Party/FreeRTOS/Source/queue.o
                0x000000000800cdd8                uxQueueMessagesWaiting
 .text.uxQueueSpacesAvailable
                0x000000000800cdfe       0x2a Middlewares/Third_Party/FreeRTOS/Source/queue.o
                0x000000000800cdfe                uxQueueSpacesAvailable
 .text.uxQueueMessagesWaitingFromISR
                0x000000000800ce28       0x18 Middlewares/Third_Party/FreeRTOS/Source/queue.o
                0x000000000800ce28                uxQueueMessagesWaitingFromISR
 .text.vQueueAddToRegistry
                0x000000000800ce40       0x24 Middlewares/Third_Party/FreeRTOS/Source/queue.o
                0x000000000800ce40                vQueueAddToRegistry
 .text.vQueueUnregisterQueue
                0x000000000800ce64       0x28 Middlewares/Third_Party/FreeRTOS/Source/queue.o
                0x000000000800ce64                vQueueUnregisterQueue
 .text.vQueueDelete
                0x000000000800ce8c       0x2e Middlewares/Third_Party/FreeRTOS/Source/queue.o
                0x000000000800ce8c                vQueueDelete
 .text.vQueueWaitForMessageRestricted
                0x000000000800ceba       0x46 Middlewares/Third_Party/FreeRTOS/Source/queue.o
                0x000000000800ceba                vQueueWaitForMessageRestricted
 .text.prvAddNewTaskToReadyList
                0x000000000800cf00      0x100 Middlewares/Third_Party/FreeRTOS/Source/tasks.o
 .text.prvDeleteTCB
                0x000000000800d000       0x36 Middlewares/Third_Party/FreeRTOS/Source/tasks.o
 *fill*         0x000000000800d036        0x2 
 .text.prvIdleTask
                0x000000000800d038       0x64 Middlewares/Third_Party/FreeRTOS/Source/tasks.o
 .text.prvTaskIsTaskSuspended
                0x000000000800d09c       0x38 Middlewares/Third_Party/FreeRTOS/Source/tasks.o
 .text.prvResetNextTaskUnblockTime
                0x000000000800d0d4       0x24 Middlewares/Third_Party/FreeRTOS/Source/tasks.o
 .text.prvInitialiseNewTask.isra.2
                0x000000000800d0f8       0x96 Middlewares/Third_Party/FreeRTOS/Source/tasks.o
 *fill*         0x000000000800d18e        0x2 
 .text.prvAddCurrentTaskToDelayedList
                0x000000000800d190       0x74 Middlewares/Third_Party/FreeRTOS/Source/tasks.o
 .text.xTaskCreateStatic
                0x000000000800d204       0x70 Middlewares/Third_Party/FreeRTOS/Source/tasks.o
                0x000000000800d204                xTaskCreateStatic
 .text.xTaskCreate
                0x000000000800d274       0x5a Middlewares/Third_Party/FreeRTOS/Source/tasks.o
                0x000000000800d274                xTaskCreate
 *fill*         0x000000000800d2ce        0x2 
 .text.vTaskDelete
                0x000000000800d2d0       0xb0 Middlewares/Third_Party/FreeRTOS/Source/tasks.o
                0x000000000800d2d0                vTaskDelete
 .text.eTaskGetState
                0x000000000800d380       0x84 Middlewares/Third_Party/FreeRTOS/Source/tasks.o
                0x000000000800d380                eTaskGetState
 .text.uxTaskPriorityGet
                0x000000000800d404       0x1c Middlewares/Third_Party/FreeRTOS/Source/tasks.o
                0x000000000800d404                uxTaskPriorityGet